  Welcome to Space Defender Version 1.
->play(8,16,9,5)
  state:1.0, ok
      1  2  3  4  5  6  7  8  9 10 11 12 13 14 15 16
    A _  _  _  _  _  _  _  _  _  _  _  _  _  _  _  _
    B _  _  _  _  _  _  _  _  _  _  _  _  _  _  _  _
    C _  _  _  _  _  _  _  _  _  _  _  _  _  _  _  _
    D S  _  _  _  _  _  _  _  _  _  _  _  _  _  _  _
    E _  _  _  _  _  _  _  _  _  _  _  _  _  _  _  _
    F _  _  _  _  _  _  _  _  _  _  _  _  _  _  _  _
    G _  _  _  _  _  _  _  _  _  _  _  _  _  _  _  _
    H _  _  _  _  _  _  _  _  _  _  _  _  _  _  _  _
->fire
  state:2.0, ok
  The Starfighter fires a projectile at: [D,1]
      1  2  3  4  5  6  7  8  9 10 11 12 13 14 15 16
    A _  _  _  _  _  _  _  _  _  _  _  _  _  _  _  _
    B _  _  _  _  _  _  _  _  _  _  _  _  _  _  _  _
    C _  _  _  _  _  _  _  _  _  _  _  _  _  _  _  _
    D S  *  _  _  _  _  _  _  _  _  _  _  _  _  _  _
    E _  _  _  _  _  _  _  _  _  _  _  _  _  _  _  _
    F _  _  _  _  _  _  _  _  _  _  _  _  _  _  _  _
    G _  _  _  _  _  _  _  _  _  _  _  _  _  _  _  _
    H _  _  _  _  _  _  _  _  _  _  _  _  _  _  _  _
->move(A,1)
  state:3.0, ok
  A projectile moves: [D,2] -> [D,7]
  The Starfighter moves: [D,1] -> [A,1]
      1  2  3  4  5  6  7  8  9 10 11 12 13 14 15 16
    A S  _  _  _  _  _  _  _  _  _  _  _  _  _  _  _
    B _  _  _  _  _  _  _  _  _  _  _  _  _  _  _  _
    C _  _  _  _  _  _  _  _  _  _  _  _  _  _  _  _
    D _  _  _  _  _  _  *  _  _  _  _  _  _  _  _  _
    E _  _  _  _  _  _  _  _  _  _  _  _  _  _  _  _
    F _  _  _  _  _  _  _  _  _  _  _  _  _  _  _  _
    G _  _  _  _  _  _  _  _  _  _  _  _  _  _  _  _
    H _  _  _  _  _  _  _  _  _  _  _  _  _  _  _  _
->fire
  state:4.0, ok
  A projectile moves: [D,7] -> [D,12]
  The Starfighter fires a projectile at: [A,1]
      1  2  3  4  5  6  7  8  9 10 11 12 13 14 15 16
    A S  *  _  _  _  _  _  _  _  _  _  _  _  _  _  _
    B _  _  _  _  _  _  _  _  _  _  _  _  _  _  _  _
    C _  _  _  _  _  _  _  _  _  _  _  _  _  _  _  _
    D _  _  _  _  _  _  _  _  _  _  _  *  _  _  _  _
    E _  _  _  _  _  _  _  _  _  _  _  _  _  _  _  _
    F _  _  _  _  _  _  _  _  _  _  _  _  _  _  _  _
    G _  _  _  _  _  _  _  _  _  _  _  _  _  _  _  _
    H _  _  _  _  _  _  _  _  _  _  _  _  _  _  _  _
->fire
  state:5.0, ok
  A projectile moves: [D,12] -> out of the board
  A projectile moves: [A,2] -> [A,7]
  The Starfighter fires a projectile at: [A,1]
      1  2  3  4  5  6  7  8  9 10 11 12 13 14 15 16
    A S  *  _  _  _  _  *  _  _  _  _  _  _  _  _  _
    B _  _  _  _  _  _  _  _  _  _  _  _  _  _  _  _
    C _  _  _  _  _  _  _  _  _  _  _  _  _  _  _  _
    D _  _  _  _  _  _  _  _  _  _  _  _  _  _  _  _
    E _  _  _  _  _  _  _  _  _  _  _  _  _  _  _  _
    F _  _  _  _  _  _  _  _  _  _  _  _  _  _  _  _
    G _  _  _  _  _  _  _  _  _  _  _  _  _  _  _  _
    H _  _  _  _  _  _  _  _  _  _  _  _  _  _  _  _
->pass
  state:6.0, ok
  A projectile moves: [A,7] -> [A,12]
  A projectile moves: [A,2] -> [A,7]
  The Starfighter stays at: [A,1]
      1  2  3  4  5  6  7  8  9 10 11 12 13 14 15 16
    A S  _  _  _  _  _  *  _  _  _  _  *  _  _  _  _
    B _  _  _  _  _  _  _  _  _  _  _  _  _  _  _  _
    C _  _  _  _  _  _  _  _  _  _  _  _  _  _  _  _
    D _  _  _  _  _  _  _  _  _  _  _  _  _  _  _  _
    E _  _  _  _  _  _  _  _  _  _  _  _  _  _  _  _
    F _  _  _  _  _  _  _  _  _  _  _  _  _  _  _  _
    G _  _  _  _  _  _  _  _  _  _  _  _  _  _  _  _
    H _  _  _  _  _  _  _  _  _  _  _  _  _  _  _  _
->move(H,4)
  state:6.1, error
  The location to move to is out of the Starfighter's movement range.
->move(C,12)
  state:6.2, error
  The location to move to is out of the Starfighter's movement range.
->pass
  state:7.0, ok
  A projectile moves: [A,12] -> out of the board
  A projectile moves: [A,7] -> [A,12]
  The Starfighter stays at: [A,1]
      1  2  3  4  5  6  7  8  9 10 11 12 13 14 15 16
    A S  _  _  _  _  _  _  _  _  _  _  *  _  _  _  _
    B _  _  _  _  _  _  _  _  _  _  _  _  _  _  _  _
    C _  _  _  _  _  _  _  _  _  _  _  _  _  _  _  _
    D _  _  _  _  _  _  _  _  _  _  _  _  _  _  _  _
    E _  _  _  _  _  _  _  _  _  _  _  _  _  _  _  _
    F _  _  _  _  _  _  _  _  _  _  _  _  _  _  _  _
    G _  _  _  _  _  _  _  _  _  _  _  _  _  _  _  _
    H _  _  _  _  _  _  _  _  _  _  _  _  _  _  _  _
->move(C,8)
  state:8.0, ok
  A projectile moves: [A,12] -> out of the board
  The Starfighter moves: [A,1] -> [C,8]
      1  2  3  4  5  6  7  8  9 10 11 12 13 14 15 16
    A _  _  _  _  _  _  _  _  _  _  _  _  _  _  _  _
    B _  _  _  _  _  _  _  _  _  _  _  _  _  _  _  _
    C _  _  _  _  _  _  _  S  _  _  _  _  _  _  _  _
    D _  _  _  _  _  _  _  _  _  _  _  _  _  _  _  _
    E _  _  _  _  _  _  _  _  _  _  _  _  _  _  _  _
    F _  _  _  _  _  _  _  _  _  _  _  _  _  _  _  _
    G _  _  _  _  _  _  _  _  _  _  _  _  _  _  _  _
    H _  _  _  _  _  _  _  _  _  _  _  _  _  _  _  _
->fire
  state:9.0, ok
  The Starfighter fires a projectile at: [C,8]
      1  2  3  4  5  6  7  8  9 10 11 12 13 14 15 16
    A _  _  _  _  _  _  _  _  _  _  _  _  _  _  _  _
    B _  _  _  _  _  _  _  _  _  _  _  _  _  _  _  _
    C _  _  _  _  _  _  _  S  *  _  _  _  _  _  _  _
    D _  _  _  _  _  _  _  _  _  _  _  _  _  _  _  _
    E _  _  _  _  _  _  _  _  _  _  _  _  _  _  _  _
    F _  _  _  _  _  _  _  _  _  _  _  _  _  _  _  _
    G _  _  _  _  _  _  _  _  _  _  _  _  _  _  _  _
    H _  _  _  _  _  _  _  _  _  _  _  _  _  _  _  _
->pass
  state:10.0, ok
  A projectile moves: [C,9] -> [C,14]
  The Starfighter stays at: [C,8]
      1  2  3  4  5  6  7  8  9 10 11 12 13 14 15 16
    A _  _  _  _  _  _  _  _  _  _  _  _  _  _  _  _
    B _  _  _  _  _  _  _  _  _  _  _  _  _  _  _  _
    C _  _  _  _  _  _  _  S  _  _  _  _  _  *  _  _
    D _  _  _  _  _  _  _  _  _  _  _  _  _  _  _  _
    E _  _  _  _  _  _  _  _  _  _  _  _  _  _  _  _
    F _  _  _  _  _  _  _  _  _  _  _  _  _  _  _  _
    G _  _  _  _  _  _  _  _  _  _  _  _  _  _  _  _
    H _  _  _  _  _  _  _  _  _  _  _  _  _  _  _  _
->fire
  state:11.0, ok
  A projectile moves: [C,14] -> out of the board
  The Starfighter fires a projectile at: [C,8]
      1  2  3  4  5  6  7  8  9 10 11 12 13 14 15 16
    A _  _  _  _  _  _  _  _  _  _  _  _  _  _  _  _
    B _  _  _  _  _  _  _  _  _  _  _  _  _  _  _  _
    C _  _  _  _  _  _  _  S  *  _  _  _  _  _  _  _
    D _  _  _  _  _  _  _  _  _  _  _  _  _  _  _  _
    E _  _  _  _  _  _  _  _  _  _  _  _  _  _  _  _
    F _  _  _  _  _  _  _  _  _  _  _  _  _  _  _  _
    G _  _  _  _  _  _  _  _  _  _  _  _  _  _  _  _
    H _  _  _  _  _  _  _  _  _  _  _  _  _  _  _  _
->undo
  state:10.0, ok
  A projectile moves: [C,9] -> [C,14]
  The Starfighter stays at: [C,8]
      1  2  3  4  5  6  7  8  9 10 11 12 13 14 15 16
    A _  _  _  _  _  _  _  _  _  _  _  _  _  _  _  _
    B _  _  _  _  _  _  _  _  _  _  _  _  _  _  _  _
    C _  _  _  _  _  _  _  S  _  _  _  _  _  *  _  _
    D _  _  _  _  _  _  _  _  _  _  _  _  _  _  _  _
    E _  _  _  _  _  _  _  _  _  _  _  _  _  _  _  _
    F _  _  _  _  _  _  _  _  _  _  _  _  _  _  _  _
    G _  _  _  _  _  _  _  _  _  _  _  _  _  _  _  _
    H _  _  _  _  _  _  _  _  _  _  _  _  _  _  _  _
->undo
  state:9.0, ok
  The Starfighter fires a projectile at: [C,8]
      1  2  3  4  5  6  7  8  9 10 11 12 13 14 15 16
    A _  _  _  _  _  _  _  _  _  _  _  _  _  _  _  _
    B _  _  _  _  _  _  _  _  _  _  _  _  _  _  _  _
    C _  _  _  _  _  _  _  S  *  _  _  _  _  _  _  _
    D _  _  _  _  _  _  _  _  _  _  _  _  _  _  _  _
    E _  _  _  _  _  _  _  _  _  _  _  _  _  _  _  _
    F _  _  _  _  _  _  _  _  _  _  _  _  _  _  _  _
    G _  _  _  _  _  _  _  _  _  _  _  _  _  _  _  _
    H _  _  _  _  _  _  _  _  _  _  _  _  _  _  _  _
->pass
  state:10.0, ok
  A projectile moves: [C,9] -> [C,14]
  The Starfighter stays at: [C,8]
      1  2  3  4  5  6  7  8  9 10 11 12 13 14 15 16
    A _  _  _  _  _  _  _  _  _  _  _  _  _  _  _  _
    B _  _  _  _  _  _  _  _  _  _  _  _  _  _  _  _
    C _  _  _  _  _  _  _  S  _  _  _  _  _  *  _  _
    D _  _  _  _  _  _  _  _  _  _  _  _  _  _  _  _
    E _  _  _  _  _  _  _  _  _  _  _  _  _  _  _  _
    F _  _  _  _  _  _  _  _  _  _  _  _  _  _  _  _
    G _  _  _  _  _  _  _  _  _  _  _  _  _  _  _  _
    H _  _  _  _  _  _  _  _  _  _  _  _  _  _  _  _
->pass
  state:11.0, ok
  A projectile moves: [C,14] -> out of the board
  The Starfighter stays at: [C,8]
      1  2  3  4  5  6  7  8  9 10 11 12 13 14 15 16
    A _  _  _  _  _  _  _  _  _  _  _  _  _  _  _  _
    B _  _  _  _  _  _  _  _  _  _  _  _  _  _  _  _
    C _  _  _  _  _  _  _  S  _  _  _  _  _  _  _  _
    D _  _  _  _  _  _  _  _  _  _  _  _  _  _  _  _
    E _  _  _  _  _  _  _  _  _  _  _  _  _  _  _  _
    F _  _  _  _  _  _  _  _  _  _  _  _  _  _  _  _
    G _  _  _  _  _  _  _  _  _  _  _  _  _  _  _  _
    H _  _  _  _  _  _  _  _  _  _  _  _  _  _  _  _
->move(D,7)
  state:12.0, ok
  The Starfighter moves: [C,8] -> [D,7]
      1  2  3  4  5  6  7  8  9 10 11 12 13 14 15 16
    A _  _  _  _  _  _  _  _  _  _  _  _  _  _  _  _
    B _  _  _  _  _  _  _  _  _  _  _  _  _  _  _  _
    C _  _  _  _  _  _  _  _  _  _  _  _  _  _  _  _
    D _  _  _  _  _  _  S  _  _  _  _  _  _  _  _  _
    E _  _  _  _  _  _  _  _  _  _  _  _  _  _  _  _
    F _  _  _  _  _  _  _  _  _  _  _  _  _  _  _  _
    G _  _  _  _  _  _  _  _  _  _  _  _  _  _  _  _
    H _  _  _  _  _  _  _  _  _  _  _  _  _  _  _  _
->undo
  state:11.0, ok
  A projectile moves: [C,14] -> out of the board
  The Starfighter stays at: [C,8]
      1  2  3  4  5  6  7  8  9 10 11 12 13 14 15 16
    A _  _  _  _  _  _  _  _  _  _  _  _  _  _  _  _
    B _  _  _  _  _  _  _  _  _  _  _  _  _  _  _  _
    C _  _  _  _  _  _  _  S  _  _  _  _  _  _  _  _
    D _  _  _  _  _  _  _  _  _  _  _  _  _  _  _  _
    E _  _  _  _  _  _  _  _  _  _  _  _  _  _  _  _
    F _  _  _  _  _  _  _  _  _  _  _  _  _  _  _  _
    G _  _  _  _  _  _  _  _  _  _  _  _  _  _  _  _
    H _  _  _  _  _  _  _  _  _  _  _  _  _  _  _  _
->pass
  state:12.0, ok
  The Starfighter stays at: [C,8]
      1  2  3  4  5  6  7  8  9 10 11 12 13 14 15 16
    A _  _  _  _  _  _  _  _  _  _  _  _  _  _  _  _
    B _  _  _  _  _  _  _  _  _  _  _  _  _  _  _  _
    C _  _  _  _  _  _  _  S  _  _  _  _  _  _  _  _
    D _  _  _  _  _  _  _  _  _  _  _  _  _  _  _  _
    E _  _  _  _  _  _  _  _  _  _  _  _  _  _  _  _
    F _  _  _  _  _  _  _  _  _  _  _  _  _  _  _  _
    G _  _  _  _  _  _  _  _  _  _  _  _  _  _  _  _
    H _  _  _  _  _  _  _  _  _  _  _  _  _  _  _  _
->pass
  state:13.0, ok
  The Starfighter stays at: [C,8]
      1  2  3  4  5  6  7  8  9 10 11 12 13 14 15 16
    A _  _  _  _  _  _  _  _  _  _  _  _  _  _  _  _
    B _  _  _  _  _  _  _  _  _  _  _  _  _  _  _  _
    C _  _  _  _  _  _  _  S  _  _  _  _  _  _  _  _
    D _  _  _  _  _  _  _  _  _  _  _  _  _  _  _  _
    E _  _  _  _  _  _  _  _  _  _  _  _  _  _  _  _
    F _  _  _  _  _  _  _  _  _  _  _  _  _  _  _  _
    G _  _  _  _  _  _  _  _  _  _  _  _  _  _  _  _
    H _  _  _  _  _  _  _  _  _  _  _  _  _  _  _  _
->move(G,3)
  state:14.0, ok
  The Starfighter moves: [C,8] -> [G,3]
      1  2  3  4  5  6  7  8  9 10 11 12 13 14 15 16
    A _  _  _  _  _  _  _  _  _  _  _  _  _  _  _  _
    B _  _  _  _  _  _  _  _  _  _  _  _  _  _  _  _
    C _  _  _  _  _  _  _  _  _  _  _  _  _  _  _  _
    D _  _  _  _  _  _  _  _  _  _  _  _  _  _  _  _
    E _  _  _  _  _  _  _  _  _  _  _  _  _  _  _  _
    F _  _  _  _  _  _  _  _  _  _  _  _  _  _  _  _
    G _  _  S  _  _  _  _  _  _  _  _  _  _  _  _  _
    H _  _  _  _  _  _  _  _  _  _  _  _  _  _  _  _
->move(D,13)
  state:14.1, error
  The location to move to is out of the Starfighter's movement range.
->fire
  state:15.0, ok
  The Starfighter fires a projectile at: [G,3]
      1  2  3  4  5  6  7  8  9 10 11 12 13 14 15 16
    A _  _  _  _  _  _  _  _  _  _  _  _  _  _  _  _
    B _  _  _  _  _  _  _  _  _  _  _  _  _  _  _  _
    C _  _  _  _  _  _  _  _  _  _  _  _  _  _  _  _
    D _  _  _  _  _  _  _  _  _  _  _  _  _  _  _  _
    E _  _  _  _  _  _  _  _  _  _  _  _  _  _  _  _
    F _  _  _  _  _  _  _  _  _  _  _  _  _  _  _  _
    G _  _  S  *  _  _  _  _  _  _  _  _  _  _  _  _
    H _  _  _  _  _  _  _  _  _  _  _  _  _  _  _  _
->pass
  state:16.0, ok
  A projectile moves: [G,4] -> [G,9]
  The Starfighter stays at: [G,3]
      1  2  3  4  5  6  7  8  9 10 11 12 13 14 15 16
    A _  _  _  _  _  _  _  _  _  _  _  _  _  _  _  _
    B _  _  _  _  _  _  _  _  _  _  _  _  _  _  _  _
    C _  _  _  _  _  _  _  _  _  _  _  _  _  _  _  _
    D _  _  _  _  _  _  _  _  _  _  _  _  _  _  _  _
    E _  _  _  _  _  _  _  _  _  _  _  _  _  _  _  _
    F _  _  _  _  _  _  _  _  _  _  _  _  _  _  _  _
    G _  _  S  _  _  _  _  _  *  _  _  _  _  _  _  _
    H _  _  _  _  _  _  _  _  _  _  _  _  _  _  _  _
->pass
  state:17.0, ok
  A projectile moves: [G,9] -> [G,14]
  The Starfighter stays at: [G,3]
      1  2  3  4  5  6  7  8  9 10 11 12 13 14 15 16
    A _  _  _  _  _  _  _  _  _  _  _  _  _  _  _  _
    B _  _  _  _  _  _  _  _  _  _  _  _  _  _  _  _
    C _  _  _  _  _  _  _  _  _  _  _  _  _  _  _  _
    D _  _  _  _  _  _  _  _  _  _  _  _  _  _  _  _
    E _  _  _  _  _  _  _  _  _  _  _  _  _  _  _  _
    F _  _  _  _  _  _  _  _  _  _  _  _  _  _  _  _
    G _  _  S  _  _  _  _  _  _  _  _  _  _  *  _  _
    H _  _  _  _  _  _  _  _  _  _  _  _  _  _  _  _
->fire
  state:18.0, ok
  A projectile moves: [G,14] -> out of the board
  The Starfighter fires a projectile at: [G,3]
      1  2  3  4  5  6  7  8  9 10 11 12 13 14 15 16
    A _  _  _  _  _  _  _  _  _  _  _  _  _  _  _  _
    B _  _  _  _  _  _  _  _  _  _  _  _  _  _  _  _
    C _  _  _  _  _  _  _  _  _  _  _  _  _  _  _  _
    D _  _  _  _  _  _  _  _  _  _  _  _  _  _  _  _
    E _  _  _  _  _  _  _  _  _  _  _  _  _  _  _  _
    F _  _  _  _  _  _  _  _  _  _  _  _  _  _  _  _
    G _  _  S  *  _  _  _  _  _  _  _  _  _  _  _  _
    H _  _  _  _  _  _  _  _  _  _  _  _  _  _  _  _
->move(C,6)
  state:19.0, ok
  A projectile moves: [G,4] -> [G,9]
  The Starfighter moves: [G,3] -> [C,6]
      1  2  3  4  5  6  7  8  9 10 11 12 13 14 15 16
    A _  _  _  _  _  _  _  _  _  _  _  _  _  _  _  _
    B _  _  _  _  _  _  _  _  _  _  _  _  _  _  _  _
    C _  _  _  _  _  S  _  _  _  _  _  _  _  _  _  _
    D _  _  _  _  _  _  _  _  _  _  _  _  _  _  _  _
    E _  _  _  _  _  _  _  _  _  _  _  _  _  _  _  _
    F _  _  _  _  _  _  _  _  _  _  _  _  _  _  _  _
    G _  _  _  _  _  _  _  _  *  _  _  _  _  _  _  _
    H _  _  _  _  _  _  _  _  _  _  _  _  _  _  _  _
->fire
  state:20.0, ok
  A projectile moves: [G,9] -> [G,14]
  The Starfighter fires a projectile at: [C,6]
      1  2  3  4  5  6  7  8  9 10 11 12 13 14 15 16
    A _  _  _  _  _  _  _  _  _  _  _  _  _  _  _  _
    B _  _  _  _  _  _  _  _  _  _  _  _  _  _  _  _
    C _  _  _  _  _  S  *  _  _  _  _  _  _  _  _  _
    D _  _  _  _  _  _  _  _  _  _  _  _  _  _  _  _
    E _  _  _  _  _  _  _  _  _  _  _  _  _  _  _  _
    F _  _  _  _  _  _  _  _  _  _  _  _  _  _  _  _
    G _  _  _  _  _  _  _  _  _  _  _  _  _  *  _  _
    H _  _  _  _  _  _  _  _  _  _  _  _  _  _  _  _
->move(E,16)
  state:20.1, error
  The location to move to is out of the Starfighter's movement range.
->abort
  state:21.0, ok
  Game has been exited.
->fire
  state:21.1, error
  Not in game.
->fire
  state:21.2, error
  Not in game.
->fire
  state:21.3, error
  Not in game.
->pass
  state:21.4, error
  Not in game.
->fire
  state:21.5, error
  Not in game.
->pass
  state:21.6, error
  Not in game.
->move(E,5)
  state:21.7, error
  Not in game.
->pass
  state:21.8, error
  Not in game.
->undo
  state:21.9, error
  Not in game.
->pass
  state:21.10, error
  Not in game.
->pass
  state:21.11, error
  Not in game.
->pass
  state:21.12, error
  Not in game.
->undo
  state:21.13, error
  Not in game.
->pass
  state:21.14, error
  Not in game.
->pass
  state:21.15, error
  Not in game.
->fire
  state:21.16, error
  Not in game.
->fire
  state:21.17, error
  Not in game.
->undo
  state:21.18, error
  Not in game.
->move(H,2)
  state:21.19, error
  Not in game.
->pass
  state:21.20, error
  Not in game.
->pass
  state:21.21, error
  Not in game.
->fire
  state:21.22, error
  Not in game.
->pass
  state:21.23, error
  Not in game.
->pass
  state:21.24, error
  Not in game.
->move(B,8)
  state:21.25, error
  Not in game.
->fire
  state:21.26, error
  Not in game.
->fire
  state:21.27, error
  Not in game.
->fire
  state:21.28, error
  Not in game.
->fire
  state:21.29, error
  Not in game.
->fire
  state:21.30, error
  Not in game.
->redo
  state:21.31, error
  Not in game.
->undo
  state:21.32, error
  Not in game.
->abort
  state:21.33, error
  Not in game.
->pass
  state:21.34, error
  Not in game.
->fire
  state:21.35, error
  Not in game.
->pass
  state:21.36, error
  Not in game.
->fire
  state:21.37, error
  Not in game.
->pass
  state:21.38, error
  Not in game.
->redo
  state:21.39, error
  Not in game.
->move(E,8)
  state:21.40, error
  Not in game.
->pass
  state:21.41, error
  Not in game.
->fire
  state:21.42, error
  Not in game.
->undo
  state:21.43, error
  Not in game.
->move(D,1)
  state:21.44, error
  Not in game.
->undo
  state:21.45, error
  Not in game.
->undo
  state:21.46, error
  Not in game.
->fire
  state:21.47, error
  Not in game.
->fire
  state:21.48, error
  Not in game.
->pass
  state:21.49, error
  Not in game.
->fire
  state:21.50, error
  Not in game.
->fire
  state:21.51, error
  Not in game.
->move(C,4)
  state:21.52, error
  Not in game.
->move(F,7)
  state:21.53, error
  Not in game.
->move(F,5)
  state:21.54, error
  Not in game.
->move(G,13)
  state:21.55, error
  Not in game.
->fire
  state:21.56, error
  Not in game.
->fire
  state:21.57, error
  Not in game.
->fire
  state:21.58, error
  Not in game.
->pass
  state:21.59, error
  Not in game.
->undo
  state:21.60, error
  Not in game.
->move(G,12)
  state:21.61, error
  Not in game.
->fire
  state:21.62, error
  Not in game.
->fire
  state:21.63, error
  Not in game.
->undo
  state:21.64, error
  Not in game.
->undo
  state:21.65, error
  Not in game.
->undo
  state:21.66, error
  Not in game.
->undo
  state:21.67, error
  Not in game.
->abort
  state:21.68, error
  Not in game.
