  Welcome to Space Defender Version 1.
->play(4,14,16,3)
  state:1.0, ok
      1  2  3  4  5  6  7  8  9 10 11 12 13 14
    A _  _  _  _  _  _  _  _  _  _  _  _  _  _
    B S  _  _  _  _  _  _  _  _  _  _  _  _  _
    C _  _  _  _  _  _  _  _  _  _  _  _  _  _
    D _  _  _  _  _  _  _  _  _  _  _  _  _  _
->pass
  state:2.0, ok
  The Starfighter stays at: [B,1]
      1  2  3  4  5  6  7  8  9 10 11 12 13 14
    A _  _  _  _  _  _  _  _  _  _  _  _  _  _
    B S  _  _  _  _  _  _  _  _  _  _  _  _  _
    C _  _  _  _  _  _  _  _  _  _  _  _  _  _
    D _  _  _  _  _  _  _  _  _  _  _  _  _  _
->pass
  state:3.0, ok
  The Starfighter stays at: [B,1]
      1  2  3  4  5  6  7  8  9 10 11 12 13 14
    A _  _  _  _  _  _  _  _  _  _  _  _  _  _
    B S  _  _  _  _  _  _  _  _  _  _  _  _  _
    C _  _  _  _  _  _  _  _  _  _  _  _  _  _
    D _  _  _  _  _  _  _  _  _  _  _  _  _  _
->fire
  state:4.0, ok
  The Starfighter fires a projectile at: [B,1]
      1  2  3  4  5  6  7  8  9 10 11 12 13 14
    A _  _  _  _  _  _  _  _  _  _  _  _  _  _
    B S  *  _  _  _  _  _  _  _  _  _  _  _  _
    C _  _  _  _  _  _  _  _  _  _  _  _  _  _
    D _  _  _  _  _  _  _  _  _  _  _  _  _  _
->abort
  state:5.0, ok
  Game has been exited.
->play(4,11,8,1)
  state:6.0, ok
      1  2  3  4  5  6  7  8  9 10 11
    A _  _  _  _  _  _  _  _  _  _  _
    B S  _  _  _  _  _  _  _  _  _  _
    C _  _  _  _  _  _  _  _  _  _  _
    D _  _  _  _  _  _  _  _  _  _  _
->move(B,7)
  state:7.0, ok
  The Starfighter moves: [B,1] -> [B,7]
      1  2  3  4  5  6  7  8  9 10 11
    A _  _  _  _  _  _  _  _  _  _  _
    B _  _  _  _  _  _  S  _  _  _  _
    C _  _  _  _  _  _  _  _  _  _  _
    D _  _  _  _  _  _  _  _  _  _  _
->pass
  state:8.0, ok
  The Starfighter stays at: [B,7]
      1  2  3  4  5  6  7  8  9 10 11
    A _  _  _  _  _  _  _  _  _  _  _
    B _  _  _  _  _  _  S  _  _  _  _
    C _  _  _  _  _  _  _  _  _  _  _
    D _  _  _  _  _  _  _  _  _  _  _
->fire
  state:9.0, ok
  The Starfighter fires a projectile at: [B,7]
      1  2  3  4  5  6  7  8  9 10 11
    A _  _  _  _  _  _  _  _  _  _  _
    B _  _  _  _  _  _  S  *  _  _  _
    C _  _  _  _  _  _  _  _  _  _  _
    D _  _  _  _  _  _  _  _  _  _  _
->abort
  state:10.0, ok
  Game has been exited.
