  Welcome to Space Defender Version 1.
->play(9,22,36,2)
  state:0.1, error
  Starfighter movement should not exceed row - 1 + column - 1 size of the board.
->pass
  state:0.2, error
  Not in game.
->fire
  state:0.3, error
  Not in game.
->abort
  state:0.4, error
  Not in game.
->play(8,10,22,4)
  state:0.5, error
  Starfighter movement should not exceed row - 1 + column - 1 size of the board.
->fire
  state:0.6, error
  Not in game.
->move(G,6)
  state:0.7, error
  Not in game.
->pass
  state:0.8, error
  Not in game.
->fire
  state:0.9, error
  Not in game.
->fire
  state:0.10, error
  Not in game.
->pass
  state:0.11, error
  Not in game.
->fire
  state:0.12, error
  Not in game.
->fire
  state:0.13, error
  Not in game.
->move(H,6)
  state:0.14, error
  Not in game.
->fire
  state:0.15, error
  Not in game.
->fire
  state:0.16, error
  Not in game.
->pass
  state:0.17, error
  Not in game.
->pass
  state:0.18, error
  Not in game.
->fire
  state:0.19, error
  Not in game.
->move(E,2)
  state:0.20, error
  Not in game.
->undo
  state:0.21, error
  Not in game.
->fire
  state:0.22, error
  Not in game.
->fire
  state:0.23, error
  Not in game.
->pass
  state:0.24, error
  Not in game.
->fire
  state:0.25, error
  Not in game.
->move(F,1)
  state:0.26, error
  Not in game.
->undo
  state:0.27, error
  Not in game.
->move(F,2)
  state:0.28, error
  Not in game.
->fire
  state:0.29, error
  Not in game.
->fire
  state:0.30, error
  Not in game.
->move(E,2)
  state:0.31, error
  Not in game.
->pass
  state:0.32, error
  Not in game.
->pass
  state:0.33, error
  Not in game.
->move(F,2)
  state:0.34, error
  Not in game.
->fire
  state:0.35, error
  Not in game.
->pass
  state:0.36, error
  Not in game.
->fire
  state:0.37, error
  Not in game.
->pass
  state:0.38, error
  Not in game.
->pass
  state:0.39, error
  Not in game.
->move(G,2)
  state:0.40, error
  Not in game.
->move(B,8)
  state:0.41, error
  Not in game.
->pass
  state:0.42, error
  Not in game.
->pass
  state:0.43, error
  Not in game.
->fire
  state:0.44, error
  Not in game.
->pass
  state:0.45, error
  Not in game.
->pass
  state:0.46, error
  Not in game.
->move(C,9)
  state:0.47, error
  Not in game.
->move(F,7)
  state:0.48, error
  Not in game.
->fire
  state:0.49, error
  Not in game.
->fire
  state:0.50, error
  Not in game.
->move(E,2)
  state:0.51, error
  Not in game.
->pass
  state:0.52, error
  Not in game.
->fire
  state:0.53, error
  Not in game.
->fire
  state:0.54, error
  Not in game.
->fire
  state:0.55, error
  Not in game.
->fire
  state:0.56, error
  Not in game.
->pass
  state:0.57, error
  Not in game.
->move(C,10)
  state:0.58, error
  Not in game.
->move(B,6)
  state:0.59, error
  Not in game.
->fire
  state:0.60, error
  Not in game.
->fire
  state:0.61, error
  Not in game.
->undo
  state:0.62, error
  Not in game.
->move(D,3)
  state:0.63, error
  Not in game.
->pass
  state:0.64, error
  Not in game.
->fire
  state:0.65, error
  Not in game.
->move(D,7)
  state:0.66, error
  Not in game.
->undo
  state:0.67, error
  Not in game.
->fire
  state:0.68, error
  Not in game.
->pass
  state:0.69, error
  Not in game.
->fire
  state:0.70, error
  Not in game.
->fire
  state:0.71, error
  Not in game.
->pass
  state:0.72, error
  Not in game.
->pass
  state:0.73, error
  Not in game.
->fire
  state:0.74, error
  Not in game.
->fire
  state:0.75, error
  Not in game.
->pass
  state:0.76, error
  Not in game.
->fire
  state:0.77, error
  Not in game.
->move(H,7)
  state:0.78, error
  Not in game.
->fire
  state:0.79, error
  Not in game.
->fire
  state:0.80, error
  Not in game.
->move(D,2)
  state:0.81, error
  Not in game.
->undo
  state:0.82, error
  Not in game.
->redo
  state:0.83, error
  Not in game.
->pass
  state:0.84, error
  Not in game.
->fire
  state:0.85, error
  Not in game.
->fire
  state:0.86, error
  Not in game.
->pass
  state:0.87, error
  Not in game.
->move(D,2)
  state:0.88, error
  Not in game.
->pass
  state:0.89, error
  Not in game.
->pass
  state:0.90, error
  Not in game.
->move(H,7)
  state:0.91, error
  Not in game.
->fire
  state:0.92, error
  Not in game.
->undo
  state:0.93, error
  Not in game.
->move(E,9)
  state:0.94, error
  Not in game.
->fire
  state:0.95, error
  Not in game.
->move(B,1)
  state:0.96, error
  Not in game.
->fire
  state:0.97, error
  Not in game.
->move(F,4)
  state:0.98, error
  Not in game.
->move(E,3)
  state:0.99, error
  Not in game.
->pass
  state:0.100, error
  Not in game.
->fire
  state:0.101, error
  Not in game.
->fire
  state:0.102, error
  Not in game.
->pass
  state:0.103, error
  Not in game.
->pass
  state:0.104, error
  Not in game.
->undo
  state:0.105, error
  Not in game.
->move(A,8)
  state:0.106, error
  Not in game.
->fire
  state:0.107, error
  Not in game.
->undo
  state:0.108, error
  Not in game.
->move(G,3)
  state:0.109, error
  Not in game.
->undo
  state:0.110, error
  Not in game.
->move(G,1)
  state:0.111, error
  Not in game.
->pass
  state:0.112, error
  Not in game.
->move(F,6)
  state:0.113, error
  Not in game.
->abort
  state:0.114, error
  Not in game.
->play(3,23,32,3)
  state:0.115, error
  Starfighter movement should not exceed row - 1 + column - 1 size of the board.
->fire
  state:0.116, error
  Not in game.
->move(C,19)
  state:0.117, error
  Not in game.
->fire
  state:0.118, error
  Not in game.
->pass
  state:0.119, error
  Not in game.
->undo
  state:0.120, error
  Not in game.
->redo
  state:0.121, error
  Not in game.
->move(A,11)
  state:0.122, error
  Not in game.
->pass
  state:0.123, error
  Not in game.
->fire
  state:0.124, error
  Not in game.
->move(A,16)
  state:0.125, error
  Not in game.
->move(C,15)
  state:0.126, error
  Not in game.
->fire
  state:0.127, error
  Not in game.
->fire
  state:0.128, error
  Not in game.
->pass
  state:0.129, error
  Not in game.
->fire
  state:0.130, error
  Not in game.
->fire
  state:0.131, error
  Not in game.
->move(A,19)
  state:0.132, error
  Not in game.
->pass
  state:0.133, error
  Not in game.
->fire
  state:0.134, error
  Not in game.
->fire
  state:0.135, error
  Not in game.
->fire
  state:0.136, error
  Not in game.
->undo
  state:0.137, error
  Not in game.
->move(B,2)
  state:0.138, error
  Not in game.
->fire
  state:0.139, error
  Not in game.
->pass
  state:0.140, error
  Not in game.
->undo
  state:0.141, error
  Not in game.
->fire
  state:0.142, error
  Not in game.
->undo
  state:0.143, error
  Not in game.
->redo
  state:0.144, error
  Not in game.
->undo
  state:0.145, error
  Not in game.
->undo
  state:0.146, error
  Not in game.
->fire
  state:0.147, error
  Not in game.
->pass
  state:0.148, error
  Not in game.
->undo
  state:0.149, error
  Not in game.
->fire
  state:0.150, error
  Not in game.
->pass
  state:0.151, error
  Not in game.
->undo
  state:0.152, error
  Not in game.
->fire
  state:0.153, error
  Not in game.
->fire
  state:0.154, error
  Not in game.
->fire
  state:0.155, error
  Not in game.
->move(A,3)
  state:0.156, error
  Not in game.
->fire
  state:0.157, error
  Not in game.
->fire
  state:0.158, error
  Not in game.
->fire
  state:0.159, error
  Not in game.
->pass
  state:0.160, error
  Not in game.
->fire
  state:0.161, error
  Not in game.
->fire
  state:0.162, error
  Not in game.
->undo
  state:0.163, error
  Not in game.
->undo
  state:0.164, error
  Not in game.
->undo
  state:0.165, error
  Not in game.
->abort
  state:0.166, error
  Not in game.
->undo
  state:0.167, error
  Not in game.
->pass
  state:0.168, error
  Not in game.
->fire
  state:0.169, error
  Not in game.
->fire
  state:0.170, error
  Not in game.
->move(C,7)
  state:0.171, error
  Not in game.
->pass
  state:0.172, error
  Not in game.
->fire
  state:0.173, error
  Not in game.
->pass
  state:0.174, error
  Not in game.
->move(C,7)
  state:0.175, error
  Not in game.
->fire
  state:0.176, error
  Not in game.
->move(B,1)
  state:0.177, error
  Not in game.
->fire
  state:0.178, error
  Not in game.
->fire
  state:0.179, error
  Not in game.
->pass
  state:0.180, error
  Not in game.
->pass
  state:0.181, error
  Not in game.
->undo
  state:0.182, error
  Not in game.
->fire
  state:0.183, error
  Not in game.
->undo
  state:0.184, error
  Not in game.
->fire
  state:0.185, error
  Not in game.
->fire
  state:0.186, error
  Not in game.
->undo
  state:0.187, error
  Not in game.
->undo
  state:0.188, error
  Not in game.
->fire
  state:0.189, error
  Not in game.
->fire
  state:0.190, error
  Not in game.
->pass
  state:0.191, error
  Not in game.
->fire
  state:0.192, error
  Not in game.
->undo
  state:0.193, error
  Not in game.
->fire
  state:0.194, error
  Not in game.
->move(B,4)
  state:0.195, error
  Not in game.
->fire
  state:0.196, error
  Not in game.
->fire
  state:0.197, error
  Not in game.
->fire
  state:0.198, error
  Not in game.
->fire
  state:0.199, error
  Not in game.
->fire
  state:0.200, error
  Not in game.
->move(C,18)
  state:0.201, error
  Not in game.
->pass
  state:0.202, error
  Not in game.
->pass
  state:0.203, error
  Not in game.
->fire
  state:0.204, error
  Not in game.
->move(C,21)
  state:0.205, error
  Not in game.
->undo
  state:0.206, error
  Not in game.
->fire
  state:0.207, error
  Not in game.
->undo
  state:0.208, error
  Not in game.
->redo
  state:0.209, error
  Not in game.
->move(B,10)
  state:0.210, error
  Not in game.
->fire
  state:0.211, error
  Not in game.
->fire
  state:0.212, error
  Not in game.
->abort
  state:0.213, error
  Not in game.
->pass
  state:0.214, error
  Not in game.
->pass
  state:0.215, error
  Not in game.
->pass
  state:0.216, error
  Not in game.
->pass
  state:0.217, error
  Not in game.
->pass
  state:0.218, error
  Not in game.
->move(B,17)
  state:0.219, error
  Not in game.
->pass
  state:0.220, error
  Not in game.
->move(C,7)
  state:0.221, error
  Not in game.
->pass
  state:0.222, error
  Not in game.
->undo
  state:0.223, error
  Not in game.
->fire
  state:0.224, error
  Not in game.
->pass
  state:0.225, error
  Not in game.
->move(A,4)
  state:0.226, error
  Not in game.
->fire
  state:0.227, error
  Not in game.
->fire
  state:0.228, error
  Not in game.
->fire
  state:0.229, error
  Not in game.
->pass
  state:0.230, error
  Not in game.
->fire
  state:0.231, error
  Not in game.
->fire
  state:0.232, error
  Not in game.
->fire
  state:0.233, error
  Not in game.
->fire
  state:0.234, error
  Not in game.
->move(C,8)
  state:0.235, error
  Not in game.
->fire
  state:0.236, error
  Not in game.
->undo
  state:0.237, error
  Not in game.
->pass
  state:0.238, error
  Not in game.
->abort
  state:0.239, error
  Not in game.
->play(7,17,36,1)
  state:0.240, error
  Starfighter movement should not exceed row - 1 + column - 1 size of the board.
->move(G,6)
  state:0.241, error
  Not in game.
->fire
  state:0.242, error
  Not in game.
->fire
  state:0.243, error
  Not in game.
->undo
  state:0.244, error
  Not in game.
->redo
  state:0.245, error
  Not in game.
->fire
  state:0.246, error
  Not in game.
->redo
  state:0.247, error
  Not in game.
->move(G,15)
  state:0.248, error
  Not in game.
->fire
  state:0.249, error
  Not in game.
->pass
  state:0.250, error
  Not in game.
->undo
  state:0.251, error
  Not in game.
->pass
  state:0.252, error
  Not in game.
->move(A,2)
  state:0.253, error
  Not in game.
->fire
  state:0.254, error
  Not in game.
->undo
  state:0.255, error
  Not in game.
->fire
  state:0.256, error
  Not in game.
->pass
  state:0.257, error
  Not in game.
->fire
  state:0.258, error
  Not in game.
->pass
  state:0.259, error
  Not in game.
->undo
  state:0.260, error
  Not in game.
->move(C,15)
  state:0.261, error
  Not in game.
->pass
  state:0.262, error
  Not in game.
->fire
  state:0.263, error
  Not in game.
->fire
  state:0.264, error
  Not in game.
->fire
  state:0.265, error
  Not in game.
->pass
  state:0.266, error
  Not in game.
->fire
  state:0.267, error
  Not in game.
->fire
  state:0.268, error
  Not in game.
->move(E,15)
  state:0.269, error
  Not in game.
->fire
  state:0.270, error
  Not in game.
->move(E,11)
  state:0.271, error
  Not in game.
->move(F,3)
  state:0.272, error
  Not in game.
->fire
  state:0.273, error
  Not in game.
->move(D,6)
  state:0.274, error
  Not in game.
->pass
  state:0.275, error
  Not in game.
->pass
  state:0.276, error
  Not in game.
->pass
  state:0.277, error
  Not in game.
->undo
  state:0.278, error
  Not in game.
->redo
  state:0.279, error
  Not in game.
->pass
  state:0.280, error
  Not in game.
->pass
  state:0.281, error
  Not in game.
->pass
  state:0.282, error
  Not in game.
->move(G,2)
  state:0.283, error
  Not in game.
->undo
  state:0.284, error
  Not in game.
->fire
  state:0.285, error
  Not in game.
->fire
  state:0.286, error
  Not in game.
->pass
  state:0.287, error
  Not in game.
->fire
  state:0.288, error
  Not in game.
->pass
  state:0.289, error
  Not in game.
->move(A,14)
  state:0.290, error
  Not in game.
->pass
  state:0.291, error
  Not in game.
->pass
  state:0.292, error
  Not in game.
->move(B,16)
  state:0.293, error
  Not in game.
->fire
  state:0.294, error
  Not in game.
->move(E,1)
  state:0.295, error
  Not in game.
->fire
  state:0.296, error
  Not in game.
->fire
  state:0.297, error
  Not in game.
->fire
  state:0.298, error
  Not in game.
->fire
  state:0.299, error
  Not in game.
->move(F,6)
  state:0.300, error
  Not in game.
->fire
  state:0.301, error
  Not in game.
->fire
  state:0.302, error
  Not in game.
->pass
  state:0.303, error
  Not in game.
->undo
  state:0.304, error
  Not in game.
->pass
  state:0.305, error
  Not in game.
->fire
  state:0.306, error
  Not in game.
->pass
  state:0.307, error
  Not in game.
->move(E,10)
  state:0.308, error
  Not in game.
->move(B,16)
  state:0.309, error
  Not in game.
->move(C,15)
  state:0.310, error
  Not in game.
->move(F,11)
  state:0.311, error
  Not in game.
->fire
  state:0.312, error
  Not in game.
->undo
  state:0.313, error
  Not in game.
->move(C,13)
  state:0.314, error
  Not in game.
->pass
  state:0.315, error
  Not in game.
->fire
  state:0.316, error
  Not in game.
->fire
  state:0.317, error
  Not in game.
->move(A,14)
  state:0.318, error
  Not in game.
->move(C,9)
  state:0.319, error
  Not in game.
->move(D,1)
  state:0.320, error
  Not in game.
->move(G,14)
  state:0.321, error
  Not in game.
->move(E,9)
  state:0.322, error
  Not in game.
->pass
  state:0.323, error
  Not in game.
->pass
  state:0.324, error
  Not in game.
->abort
  state:0.325, error
  Not in game.
->fire
  state:0.326, error
  Not in game.
->fire
  state:0.327, error
  Not in game.
->pass
  state:0.328, error
  Not in game.
->pass
  state:0.329, error
  Not in game.
->pass
  state:0.330, error
  Not in game.
->pass
  state:0.331, error
  Not in game.
->pass
  state:0.332, error
  Not in game.
->pass
  state:0.333, error
  Not in game.
->fire
  state:0.334, error
  Not in game.
->fire
  state:0.335, error
  Not in game.
->pass
  state:0.336, error
  Not in game.
->move(C,14)
  state:0.337, error
  Not in game.
->move(E,7)
  state:0.338, error
  Not in game.
->undo
  state:0.339, error
  Not in game.
->fire
  state:0.340, error
  Not in game.
->move(E,12)
  state:0.341, error
  Not in game.
->fire
  state:0.342, error
  Not in game.
->move(C,12)
  state:0.343, error
  Not in game.
->move(D,1)
  state:0.344, error
  Not in game.
->fire
  state:0.345, error
  Not in game.
->pass
  state:0.346, error
  Not in game.
->pass
  state:0.347, error
  Not in game.
->pass
  state:0.348, error
  Not in game.
->move(D,10)
  state:0.349, error
  Not in game.
->undo
  state:0.350, error
  Not in game.
->pass
  state:0.351, error
  Not in game.
->fire
  state:0.352, error
  Not in game.
->undo
  state:0.353, error
  Not in game.
->pass
  state:0.354, error
  Not in game.
->pass
  state:0.355, error
  Not in game.
->undo
  state:0.356, error
  Not in game.
->redo
  state:0.357, error
  Not in game.
->pass
  state:0.358, error
  Not in game.
->undo
  state:0.359, error
  Not in game.
->fire
  state:0.360, error
  Not in game.
->fire
  state:0.361, error
  Not in game.
->undo
  state:0.362, error
  Not in game.
->pass
  state:0.363, error
  Not in game.
->fire
  state:0.364, error
  Not in game.
->move(F,10)
  state:0.365, error
  Not in game.
->move(C,8)
  state:0.366, error
  Not in game.
->fire
  state:0.367, error
  Not in game.
->pass
  state:0.368, error
  Not in game.
->move(G,4)
  state:0.369, error
  Not in game.
->fire
  state:0.370, error
  Not in game.
->move(B,6)
  state:0.371, error
  Not in game.
->fire
  state:0.372, error
  Not in game.
->pass
  state:0.373, error
  Not in game.
->undo
  state:0.374, error
  Not in game.
->move(B,17)
  state:0.375, error
  Not in game.
->pass
  state:0.376, error
  Not in game.
->undo
  state:0.377, error
  Not in game.
->move(B,2)
  state:0.378, error
  Not in game.
->fire
  state:0.379, error
  Not in game.
->pass
  state:0.380, error
  Not in game.
->move(A,15)
  state:0.381, error
  Not in game.
->abort
  state:0.382, error
  Not in game.
->fire
  state:0.383, error
  Not in game.
->fire
  state:0.384, error
  Not in game.
->fire
  state:0.385, error
  Not in game.
->move(F,9)
  state:0.386, error
  Not in game.
->pass
  state:0.387, error
  Not in game.
->move(A,8)
  state:0.388, error
  Not in game.
->move(F,3)
  state:0.389, error
  Not in game.
->fire
  state:0.390, error
  Not in game.
->move(B,10)
  state:0.391, error
  Not in game.
->fire
  state:0.392, error
  Not in game.
->fire
  state:0.393, error
  Not in game.
->fire
  state:0.394, error
  Not in game.
->fire
  state:0.395, error
  Not in game.
->pass
  state:0.396, error
  Not in game.
->move(G,9)
  state:0.397, error
  Not in game.
->undo
  state:0.398, error
  Not in game.
->move(A,8)
  state:0.399, error
  Not in game.
->fire
  state:0.400, error
  Not in game.
->fire
  state:0.401, error
  Not in game.
->pass
  state:0.402, error
  Not in game.
->pass
  state:0.403, error
  Not in game.
->pass
  state:0.404, error
  Not in game.
->pass
  state:0.405, error
  Not in game.
->redo
  state:0.406, error
  Not in game.
->fire
  state:0.407, error
  Not in game.
->move(D,7)
  state:0.408, error
  Not in game.
->fire
  state:0.409, error
  Not in game.
->undo
  state:0.410, error
  Not in game.
->pass
  state:0.411, error
  Not in game.
->move(F,16)
  state:0.412, error
  Not in game.
->move(G,11)
  state:0.413, error
  Not in game.
->fire
  state:0.414, error
  Not in game.
->fire
  state:0.415, error
  Not in game.
->fire
  state:0.416, error
  Not in game.
->fire
  state:0.417, error
  Not in game.
->abort
  state:0.418, error
  Not in game.
->play(4,29,23,5)
  state:1.0, ok
      1  2  3  4  5  6  7  8  9 10 11 12 13 14 15 16 17 18 19 20 21 22 23 24 25 26 27 28 29
    A _  _  _  _  _  _  _  _  _  _  _  _  _  _  _  _  _  _  _  _  _  _  _  _  _  _  _  _  _
    B S  _  _  _  _  _  _  _  _  _  _  _  _  _  _  _  _  _  _  _  _  _  _  _  _  _  _  _  _
    C _  _  _  _  _  _  _  _  _  _  _  _  _  _  _  _  _  _  _  _  _  _  _  _  _  _  _  _  _
    D _  _  _  _  _  _  _  _  _  _  _  _  _  _  _  _  _  _  _  _  _  _  _  _  _  _  _  _  _
->fire
  state:2.0, ok
  The Starfighter fires a projectile at: [B,1]
      1  2  3  4  5  6  7  8  9 10 11 12 13 14 15 16 17 18 19 20 21 22 23 24 25 26 27 28 29
    A _  _  _  _  _  _  _  _  _  _  _  _  _  _  _  _  _  _  _  _  _  _  _  _  _  _  _  _  _
    B S  *  _  _  _  _  _  _  _  _  _  _  _  _  _  _  _  _  _  _  _  _  _  _  _  _  _  _  _
    C _  _  _  _  _  _  _  _  _  _  _  _  _  _  _  _  _  _  _  _  _  _  _  _  _  _  _  _  _
    D _  _  _  _  _  _  _  _  _  _  _  _  _  _  _  _  _  _  _  _  _  _  _  _  _  _  _  _  _
->fire
  state:3.0, ok
  A projectile moves: [B,2] -> [B,7]
  The Starfighter fires a projectile at: [B,1]
      1  2  3  4  5  6  7  8  9 10 11 12 13 14 15 16 17 18 19 20 21 22 23 24 25 26 27 28 29
    A _  _  _  _  _  _  _  _  _  _  _  _  _  _  _  _  _  _  _  _  _  _  _  _  _  _  _  _  _
    B S  *  _  _  _  _  *  _  _  _  _  _  _  _  _  _  _  _  _  _  _  _  _  _  _  _  _  _  _
    C _  _  _  _  _  _  _  _  _  _  _  _  _  _  _  _  _  _  _  _  _  _  _  _  _  _  _  _  _
    D _  _  _  _  _  _  _  _  _  _  _  _  _  _  _  _  _  _  _  _  _  _  _  _  _  _  _  _  _
->fire
  state:4.0, ok
  A projectile moves: [B,7] -> [B,12]
  A projectile moves: [B,2] -> [B,7]
  The Starfighter fires a projectile at: [B,1]
      1  2  3  4  5  6  7  8  9 10 11 12 13 14 15 16 17 18 19 20 21 22 23 24 25 26 27 28 29
    A _  _  _  _  _  _  _  _  _  _  _  _  _  _  _  _  _  _  _  _  _  _  _  _  _  _  _  _  _
    B S  *  _  _  _  _  *  _  _  _  _  *  _  _  _  _  _  _  _  _  _  _  _  _  _  _  _  _  _
    C _  _  _  _  _  _  _  _  _  _  _  _  _  _  _  _  _  _  _  _  _  _  _  _  _  _  _  _  _
    D _  _  _  _  _  _  _  _  _  _  _  _  _  _  _  _  _  _  _  _  _  _  _  _  _  _  _  _  _
->pass
  state:5.0, ok
  A projectile moves: [B,12] -> [B,17]
  A projectile moves: [B,7] -> [B,12]
  A projectile moves: [B,2] -> [B,7]
  The Starfighter stays at: [B,1]
      1  2  3  4  5  6  7  8  9 10 11 12 13 14 15 16 17 18 19 20 21 22 23 24 25 26 27 28 29
    A _  _  _  _  _  _  _  _  _  _  _  _  _  _  _  _  _  _  _  _  _  _  _  _  _  _  _  _  _
    B S  _  _  _  _  _  *  _  _  _  _  *  _  _  _  _  *  _  _  _  _  _  _  _  _  _  _  _  _
    C _  _  _  _  _  _  _  _  _  _  _  _  _  _  _  _  _  _  _  _  _  _  _  _  _  _  _  _  _
    D _  _  _  _  _  _  _  _  _  _  _  _  _  _  _  _  _  _  _  _  _  _  _  _  _  _  _  _  _
->move(D,15)
  state:6.0, ok
  A projectile moves: [B,17] -> [B,22]
  A projectile moves: [B,12] -> [B,17]
  A projectile moves: [B,7] -> [B,12]
  The Starfighter moves: [B,1] -> [D,15]
      1  2  3  4  5  6  7  8  9 10 11 12 13 14 15 16 17 18 19 20 21 22 23 24 25 26 27 28 29
    A _  _  _  _  _  _  _  _  _  _  _  _  _  _  _  _  _  _  _  _  _  _  _  _  _  _  _  _  _
    B _  _  _  _  _  _  _  _  _  _  _  *  _  _  _  _  *  _  _  _  _  *  _  _  _  _  _  _  _
    C _  _  _  _  _  _  _  _  _  _  _  _  _  _  _  _  _  _  _  _  _  _  _  _  _  _  _  _  _
    D _  _  _  _  _  _  _  _  _  _  _  _  _  _  S  _  _  _  _  _  _  _  _  _  _  _  _  _  _
->undo
  state:5.0, ok
  A projectile moves: [B,12] -> [B,17]
  A projectile moves: [B,7] -> [B,12]
  A projectile moves: [B,2] -> [B,7]
  The Starfighter stays at: [B,1]
      1  2  3  4  5  6  7  8  9 10 11 12 13 14 15 16 17 18 19 20 21 22 23 24 25 26 27 28 29
    A _  _  _  _  _  _  _  _  _  _  _  _  _  _  _  _  _  _  _  _  _  _  _  _  _  _  _  _  _
    B S  _  _  _  _  _  *  _  _  _  _  *  _  _  _  _  *  _  _  _  _  _  _  _  _  _  _  _  _
    C _  _  _  _  _  _  _  _  _  _  _  _  _  _  _  _  _  _  _  _  _  _  _  _  _  _  _  _  _
    D _  _  _  _  _  _  _  _  _  _  _  _  _  _  _  _  _  _  _  _  _  _  _  _  _  _  _  _  _
->fire
  state:6.0, ok
  A projectile moves: [B,17] -> [B,22]
  A projectile moves: [B,12] -> [B,17]
  A projectile moves: [B,7] -> [B,12]
  The Starfighter fires a projectile at: [B,1]
      1  2  3  4  5  6  7  8  9 10 11 12 13 14 15 16 17 18 19 20 21 22 23 24 25 26 27 28 29
    A _  _  _  _  _  _  _  _  _  _  _  _  _  _  _  _  _  _  _  _  _  _  _  _  _  _  _  _  _
    B S  *  _  _  _  _  _  _  _  _  _  *  _  _  _  _  *  _  _  _  _  *  _  _  _  _  _  _  _
    C _  _  _  _  _  _  _  _  _  _  _  _  _  _  _  _  _  _  _  _  _  _  _  _  _  _  _  _  _
    D _  _  _  _  _  _  _  _  _  _  _  _  _  _  _  _  _  _  _  _  _  _  _  _  _  _  _  _  _
->pass
  state:7.0, ok
  A projectile moves: [B,22] -> [B,27]
  A projectile moves: [B,17] -> [B,22]
  A projectile moves: [B,12] -> [B,17]
  A projectile moves: [B,2] -> [B,7]
  The Starfighter stays at: [B,1]
      1  2  3  4  5  6  7  8  9 10 11 12 13 14 15 16 17 18 19 20 21 22 23 24 25 26 27 28 29
    A _  _  _  _  _  _  _  _  _  _  _  _  _  _  _  _  _  _  _  _  _  _  _  _  _  _  _  _  _
    B S  _  _  _  _  _  *  _  _  _  _  _  _  _  _  _  *  _  _  _  _  *  _  _  _  _  *  _  _
    C _  _  _  _  _  _  _  _  _  _  _  _  _  _  _  _  _  _  _  _  _  _  _  _  _  _  _  _  _
    D _  _  _  _  _  _  _  _  _  _  _  _  _  _  _  _  _  _  _  _  _  _  _  _  _  _  _  _  _
->move(A,11)
  state:8.0, ok
  A projectile moves: [B,27] -> out of the board
  A projectile moves: [B,22] -> [B,27]
  A projectile moves: [B,17] -> [B,22]
  A projectile moves: [B,7] -> [B,12]
  The Starfighter moves: [B,1] -> [A,11]
      1  2  3  4  5  6  7  8  9 10 11 12 13 14 15 16 17 18 19 20 21 22 23 24 25 26 27 28 29
    A _  _  _  _  _  _  _  _  _  _  S  _  _  _  _  _  _  _  _  _  _  _  _  _  _  _  _  _  _
    B _  _  _  _  _  _  _  _  _  _  _  *  _  _  _  _  _  _  _  _  _  *  _  _  _  _  *  _  _
    C _  _  _  _  _  _  _  _  _  _  _  _  _  _  _  _  _  _  _  _  _  _  _  _  _  _  _  _  _
    D _  _  _  _  _  _  _  _  _  _  _  _  _  _  _  _  _  _  _  _  _  _  _  _  _  _  _  _  _
->pass
  state:9.0, ok
  A projectile moves: [B,27] -> out of the board
  A projectile moves: [B,22] -> [B,27]
  A projectile moves: [B,12] -> [B,17]
  The Starfighter stays at: [A,11]
      1  2  3  4  5  6  7  8  9 10 11 12 13 14 15 16 17 18 19 20 21 22 23 24 25 26 27 28 29
    A _  _  _  _  _  _  _  _  _  _  S  _  _  _  _  _  _  _  _  _  _  _  _  _  _  _  _  _  _
    B _  _  _  _  _  _  _  _  _  _  _  _  _  _  _  _  *  _  _  _  _  _  _  _  _  _  *  _  _
    C _  _  _  _  _  _  _  _  _  _  _  _  _  _  _  _  _  _  _  _  _  _  _  _  _  _  _  _  _
    D _  _  _  _  _  _  _  _  _  _  _  _  _  _  _  _  _  _  _  _  _  _  _  _  _  _  _  _  _
->fire
  state:10.0, ok
  A projectile moves: [B,27] -> out of the board
  A projectile moves: [B,17] -> [B,22]
  The Starfighter fires a projectile at: [A,11]
      1  2  3  4  5  6  7  8  9 10 11 12 13 14 15 16 17 18 19 20 21 22 23 24 25 26 27 28 29
    A _  _  _  _  _  _  _  _  _  _  S  *  _  _  _  _  _  _  _  _  _  _  _  _  _  _  _  _  _
    B _  _  _  _  _  _  _  _  _  _  _  _  _  _  _  _  _  _  _  _  _  *  _  _  _  _  _  _  _
    C _  _  _  _  _  _  _  _  _  _  _  _  _  _  _  _  _  _  _  _  _  _  _  _  _  _  _  _  _
    D _  _  _  _  _  _  _  _  _  _  _  _  _  _  _  _  _  _  _  _  _  _  _  _  _  _  _  _  _
->fire
  state:11.0, ok
  A projectile moves: [B,22] -> [B,27]
  A projectile moves: [A,12] -> [A,17]
  The Starfighter fires a projectile at: [A,11]
      1  2  3  4  5  6  7  8  9 10 11 12 13 14 15 16 17 18 19 20 21 22 23 24 25 26 27 28 29
    A _  _  _  _  _  _  _  _  _  _  S  *  _  _  _  _  *  _  _  _  _  _  _  _  _  _  _  _  _
    B _  _  _  _  _  _  _  _  _  _  _  _  _  _  _  _  _  _  _  _  _  _  _  _  _  _  *  _  _
    C _  _  _  _  _  _  _  _  _  _  _  _  _  _  _  _  _  _  _  _  _  _  _  _  _  _  _  _  _
    D _  _  _  _  _  _  _  _  _  _  _  _  _  _  _  _  _  _  _  _  _  _  _  _  _  _  _  _  _
->fire
  state:12.0, ok
  A projectile moves: [B,27] -> out of the board
  A projectile moves: [A,17] -> [A,22]
  A projectile moves: [A,12] -> [A,17]
  The Starfighter fires a projectile at: [A,11]
      1  2  3  4  5  6  7  8  9 10 11 12 13 14 15 16 17 18 19 20 21 22 23 24 25 26 27 28 29
    A _  _  _  _  _  _  _  _  _  _  S  *  _  _  _  _  *  _  _  _  _  *  _  _  _  _  _  _  _
    B _  _  _  _  _  _  _  _  _  _  _  _  _  _  _  _  _  _  _  _  _  _  _  _  _  _  _  _  _
    C _  _  _  _  _  _  _  _  _  _  _  _  _  _  _  _  _  _  _  _  _  _  _  _  _  _  _  _  _
    D _  _  _  _  _  _  _  _  _  _  _  _  _  _  _  _  _  _  _  _  _  _  _  _  _  _  _  _  _
->fire
  state:13.0, ok
  A projectile moves: [A,22] -> [A,27]
  A projectile moves: [A,17] -> [A,22]
  A projectile moves: [A,12] -> [A,17]
  The Starfighter fires a projectile at: [A,11]
      1  2  3  4  5  6  7  8  9 10 11 12 13 14 15 16 17 18 19 20 21 22 23 24 25 26 27 28 29
    A _  _  _  _  _  _  _  _  _  _  S  *  _  _  _  _  *  _  _  _  _  *  _  _  _  _  *  _  _
    B _  _  _  _  _  _  _  _  _  _  _  _  _  _  _  _  _  _  _  _  _  _  _  _  _  _  _  _  _
    C _  _  _  _  _  _  _  _  _  _  _  _  _  _  _  _  _  _  _  _  _  _  _  _  _  _  _  _  _
    D _  _  _  _  _  _  _  _  _  _  _  _  _  _  _  _  _  _  _  _  _  _  _  _  _  _  _  _  _
->move(B,16)
  state:14.0, ok
  A projectile moves: [A,27] -> out of the board
  A projectile moves: [A,22] -> [A,27]
  A projectile moves: [A,17] -> [A,22]
  A projectile moves: [A,12] -> [A,17]
  The Starfighter moves: [A,11] -> [B,16]
      1  2  3  4  5  6  7  8  9 10 11 12 13 14 15 16 17 18 19 20 21 22 23 24 25 26 27 28 29
    A _  _  _  _  _  _  _  _  _  _  _  _  _  _  _  _  *  _  _  _  _  *  _  _  _  _  *  _  _
    B _  _  _  _  _  _  _  _  _  _  _  _  _  _  _  S  _  _  _  _  _  _  _  _  _  _  _  _  _
    C _  _  _  _  _  _  _  _  _  _  _  _  _  _  _  _  _  _  _  _  _  _  _  _  _  _  _  _  _
    D _  _  _  _  _  _  _  _  _  _  _  _  _  _  _  _  _  _  _  _  _  _  _  _  _  _  _  _  _
->abort
  state:15.0, ok
  Game has been exited.
->play(9,13,22,1)
  state:15.1, error
  Starfighter movement should not exceed row - 1 + column - 1 size of the board.
->fire
  state:15.2, error
  Not in game.
->fire
  state:15.3, error
  Not in game.
->move(H,3)
  state:15.4, error
  Not in game.
->fire
  state:15.5, error
  Not in game.
->pass
  state:15.6, error
  Not in game.
->undo
  state:15.7, error
  Not in game.
->fire
  state:15.8, error
  Not in game.
->move(G,9)
  state:15.9, error
  Not in game.
->redo
  state:15.10, error
  Not in game.
->move(C,6)
  state:15.11, error
  Not in game.
->fire
  state:15.12, error
  Not in game.
->pass
  state:15.13, error
  Not in game.
->pass
  state:15.14, error
  Not in game.
->move(F,11)
  state:15.15, error
  Not in game.
->fire
  state:15.16, error
  Not in game.
->pass
  state:15.17, error
  Not in game.
->fire
  state:15.18, error
  Not in game.
->move(I,5)
  state:15.19, error
  Not in game.
->fire
  state:15.20, error
  Not in game.
->fire
  state:15.21, error
  Not in game.
->fire
  state:15.22, error
  Not in game.
->fire
  state:15.23, error
  Not in game.
->move(F,1)
  state:15.24, error
  Not in game.
->fire
  state:15.25, error
  Not in game.
->fire
  state:15.26, error
  Not in game.
->pass
  state:15.27, error
  Not in game.
->fire
  state:15.28, error
  Not in game.
->fire
  state:15.29, error
  Not in game.
->fire
  state:15.30, error
  Not in game.
->undo
  state:15.31, error
  Not in game.
->pass
  state:15.32, error
  Not in game.
->fire
  state:15.33, error
  Not in game.
->pass
  state:15.34, error
  Not in game.
->move(I,12)
  state:15.35, error
  Not in game.
->fire
  state:15.36, error
  Not in game.
->pass
  state:15.37, error
  Not in game.
->pass
  state:15.38, error
  Not in game.
->pass
  state:15.39, error
  Not in game.
->fire
  state:15.40, error
  Not in game.
->move(C,3)
  state:15.41, error
  Not in game.
->fire
  state:15.42, error
  Not in game.
->pass
  state:15.43, error
  Not in game.
->fire
  state:15.44, error
  Not in game.
->abort
  state:15.45, error
  Not in game.
