  Welcome to Space Defender Version 1.
->play(3,22,11,2)
  state:1.0, ok
      1  2  3  4  5  6  7  8  9 10 11 12 13 14 15 16 17 18 19 20 21 22
    A _  _  _  _  _  _  _  _  _  _  _  _  _  _  _  _  _  _  _  _  _  _
    B S  _  _  _  _  _  _  _  _  _  _  _  _  _  _  _  _  _  _  _  _  _
    C _  _  _  _  _  _  _  _  _  _  _  _  _  _  _  _  _  _  _  _  _  _
->move(B,13)
  state:1.1, error
  The location to move to is out of the Starfighter's movement range.
->fire
  state:2.0, ok
  The Starfighter fires a projectile at: [B,1]
      1  2  3  4  5  6  7  8  9 10 11 12 13 14 15 16 17 18 19 20 21 22
    A _  _  _  _  _  _  _  _  _  _  _  _  _  _  _  _  _  _  _  _  _  _
    B S  *  _  _  _  _  _  _  _  _  _  _  _  _  _  _  _  _  _  _  _  _
    C _  _  _  _  _  _  _  _  _  _  _  _  _  _  _  _  _  _  _  _  _  _
->fire
  state:3.0, ok
  A projectile moves: [B,2] -> [B,4]
  The Starfighter fires a projectile at: [B,1]
      1  2  3  4  5  6  7  8  9 10 11 12 13 14 15 16 17 18 19 20 21 22
    A _  _  _  _  _  _  _  _  _  _  _  _  _  _  _  _  _  _  _  _  _  _
    B S  *  _  *  _  _  _  _  _  _  _  _  _  _  _  _  _  _  _  _  _  _
    C _  _  _  _  _  _  _  _  _  _  _  _  _  _  _  _  _  _  _  _  _  _
->fire
  state:4.0, ok
  A projectile moves: [B,4] -> [B,6]
  A projectile moves: [B,2] -> [B,4]
  The Starfighter fires a projectile at: [B,1]
      1  2  3  4  5  6  7  8  9 10 11 12 13 14 15 16 17 18 19 20 21 22
    A _  _  _  _  _  _  _  _  _  _  _  _  _  _  _  _  _  _  _  _  _  _
    B S  *  _  *  _  *  _  _  _  _  _  _  _  _  _  _  _  _  _  _  _  _
    C _  _  _  _  _  _  _  _  _  _  _  _  _  _  _  _  _  _  _  _  _  _
->move(A,12)
  state:4.1, error
  The location to move to is out of the Starfighter's movement range.
->move(A,5)
  state:5.0, ok
  A projectile moves: [B,6] -> [B,8]
  A projectile moves: [B,4] -> [B,6]
  A projectile moves: [B,2] -> [B,4]
  The Starfighter moves: [B,1] -> [A,5]
      1  2  3  4  5  6  7  8  9 10 11 12 13 14 15 16 17 18 19 20 21 22
    A _  _  _  _  S  _  _  _  _  _  _  _  _  _  _  _  _  _  _  _  _  _
    B _  _  _  *  _  *  _  *  _  _  _  _  _  _  _  _  _  _  _  _  _  _
    C _  _  _  _  _  _  _  _  _  _  _  _  _  _  _  _  _  _  _  _  _  _
->move(C,19)
  state:5.1, error
  The location to move to is out of the Starfighter's movement range.
->pass
  state:6.0, ok
  A projectile moves: [B,8] -> [B,10]
  A projectile moves: [B,6] -> [B,8]
  A projectile moves: [B,4] -> [B,6]
  The Starfighter stays at: [A,5]
      1  2  3  4  5  6  7  8  9 10 11 12 13 14 15 16 17 18 19 20 21 22
    A _  _  _  _  S  _  _  _  _  _  _  _  _  _  _  _  _  _  _  _  _  _
    B _  _  _  _  _  *  _  *  _  *  _  _  _  _  _  _  _  _  _  _  _  _
    C _  _  _  _  _  _  _  _  _  _  _  _  _  _  _  _  _  _  _  _  _  _
->move(C,12)
  state:7.0, ok
  A projectile moves: [B,10] -> [B,12]
  A projectile moves: [B,8] -> [B,10]
  A projectile moves: [B,6] -> [B,8]
  The Starfighter moves: [A,5] -> [C,12]
      1  2  3  4  5  6  7  8  9 10 11 12 13 14 15 16 17 18 19 20 21 22
    A _  _  _  _  _  _  _  _  _  _  _  _  _  _  _  _  _  _  _  _  _  _
    B _  _  _  _  _  _  _  *  _  *  _  *  _  _  _  _  _  _  _  _  _  _
    C _  _  _  _  _  _  _  _  _  _  _  S  _  _  _  _  _  _  _  _  _  _
->fire
  state:8.0, ok
  A projectile moves: [B,12] -> [B,14]
  A projectile moves: [B,10] -> [B,12]
  A projectile moves: [B,8] -> [B,10]
  The Starfighter fires a projectile at: [C,12]
      1  2  3  4  5  6  7  8  9 10 11 12 13 14 15 16 17 18 19 20 21 22
    A _  _  _  _  _  _  _  _  _  _  _  _  _  _  _  _  _  _  _  _  _  _
    B _  _  _  _  _  _  _  _  _  *  _  *  _  *  _  _  _  _  _  _  _  _
    C _  _  _  _  _  _  _  _  _  _  _  S  *  _  _  _  _  _  _  _  _  _
->move(C,14)
  state:9.0, ok
  A projectile moves: [B,14] -> [B,16]
  A projectile moves: [B,12] -> [B,14]
  A projectile moves: [B,10] -> [B,12]
  A projectile moves: [C,13] -> [C,15]
  The Starfighter moves: [C,12] -> [C,14]
      1  2  3  4  5  6  7  8  9 10 11 12 13 14 15 16 17 18 19 20 21 22
    A _  _  _  _  _  _  _  _  _  _  _  _  _  _  _  _  _  _  _  _  _  _
    B _  _  _  _  _  _  _  _  _  _  _  *  _  *  _  *  _  _  _  _  _  _
    C _  _  _  _  _  _  _  _  _  _  _  _  _  S  *  _  _  _  _  _  _  _
->move(C,22)
  state:10.0, ok
  A projectile moves: [B,16] -> [B,18]
  A projectile moves: [B,14] -> [B,16]
  A projectile moves: [B,12] -> [B,14]
  A projectile moves: [C,15] -> [C,17]
  The Starfighter moves and collides with a projectile: [C,14] -> [C,17]
      1  2  3  4  5  6  7  8  9 10 11 12 13 14 15 16 17 18 19 20 21 22
    A _  _  _  _  _  _  _  _  _  _  _  _  _  _  _  _  _  _  _  _  _  _
    B _  _  _  _  _  _  _  _  _  _  _  _  _  *  _  *  _  *  _  _  _  _
    C _  _  _  _  _  _  _  _  _  _  _  _  _  _  _  _  X  _  _  _  _  _
  The game is over. Better luck next time!
->move(A,2)
  state:10.1, error
  Not in game.
->pass
  state:10.2, error
  Not in game.
->move(B,10)
  state:10.3, error
  Not in game.
->move(C,2)
  state:10.4, error
  Not in game.
->fire
  state:10.5, error
  Not in game.
->pass
  state:10.6, error
  Not in game.
->fire
  state:10.7, error
  Not in game.
->move(A,4)
  state:10.8, error
  Not in game.
->fire
  state:10.9, error
  Not in game.
->undo
  state:10.10, error
  Not in game.
->move(B,14)
  state:10.11, error
  Not in game.
->pass
  state:10.12, error
  Not in game.
->fire
  state:10.13, error
  Not in game.
->undo
  state:10.14, error
  Not in game.
->pass
  state:10.15, error
  Not in game.
->pass
  state:10.16, error
  Not in game.
->undo
  state:10.17, error
  Not in game.
->pass
  state:10.18, error
  Not in game.
->undo
  state:10.19, error
  Not in game.
->fire
  state:10.20, error
  Not in game.
->pass
  state:10.21, error
  Not in game.
->undo
  state:10.22, error
  Not in game.
->move(B,19)
  state:10.23, error
  Not in game.
->move(B,21)
  state:10.24, error
  Not in game.
->pass
  state:10.25, error
  Not in game.
->fire
  state:10.26, error
  Not in game.
->move(A,20)
  state:10.27, error
  Not in game.
->pass
  state:10.28, error
  Not in game.
->fire
  state:10.29, error
  Not in game.
->move(A,2)
  state:10.30, error
  Not in game.
->fire
  state:10.31, error
  Not in game.
->move(A,11)
  state:10.32, error
  Not in game.
->undo
  state:10.33, error
  Not in game.
->pass
  state:10.34, error
  Not in game.
->pass
  state:10.35, error
  Not in game.
->pass
  state:10.36, error
  Not in game.
->pass
  state:10.37, error
  Not in game.
->move(A,11)
  state:10.38, error
  Not in game.
->pass
  state:10.39, error
  Not in game.
->fire
  state:10.40, error
  Not in game.
->move(A,10)
  state:10.41, error
  Not in game.
->fire
  state:10.42, error
  Not in game.
->fire
  state:10.43, error
  Not in game.
->move(B,15)
  state:10.44, error
  Not in game.
->move(A,7)
  state:10.45, error
  Not in game.
->redo
  state:10.46, error
  Not in game.
->undo
  state:10.47, error
  Not in game.
->pass
  state:10.48, error
  Not in game.
->fire
  state:10.49, error
  Not in game.
->fire
  state:10.50, error
  Not in game.
->pass
  state:10.51, error
  Not in game.
->undo
  state:10.52, error
  Not in game.
->move(A,18)
  state:10.53, error
  Not in game.
->pass
  state:10.54, error
  Not in game.
->fire
  state:10.55, error
  Not in game.
->fire
  state:10.56, error
  Not in game.
->fire
  state:10.57, error
  Not in game.
->pass
  state:10.58, error
  Not in game.
->undo
  state:10.59, error
  Not in game.
->move(C,8)
  state:10.60, error
  Not in game.
->move(C,3)
  state:10.61, error
  Not in game.
->fire
  state:10.62, error
  Not in game.
->move(A,17)
  state:10.63, error
  Not in game.
->pass
  state:10.64, error
  Not in game.
->fire
  state:10.65, error
  Not in game.
->abort
  state:10.66, error
  Not in game.
