  Welcome to Space Defender Version 1.
->play(4,8,9,5)
  state:1.0, ok
      1  2  3  4  5  6  7  8
    A _  _  _  _  _  _  _  _
    B S  _  _  _  _  _  _  _
    C _  _  _  _  _  _  _  _
    D _  _  _  _  _  _  _  _
->undo
  state:1.1, error
  Nothing left to undo.
->pass
  state:2.0, ok
  The Starfighter stays at: [B,1]
      1  2  3  4  5  6  7  8
    A _  _  _  _  _  _  _  _
    B S  _  _  _  _  _  _  _
    C _  _  _  _  _  _  _  _
    D _  _  _  _  _  _  _  _
->move(D,4)
  state:3.0, ok
  The Starfighter moves: [B,1] -> [D,4]
      1  2  3  4  5  6  7  8
    A _  _  _  _  _  _  _  _
    B _  _  _  _  _  _  _  _
    C _  _  _  _  _  _  _  _
    D _  _  _  S  _  _  _  _
->undo
  state:2.0, ok
  The Starfighter stays at: [B,1]
      1  2  3  4  5  6  7  8
    A _  _  _  _  _  _  _  _
    B S  _  _  _  _  _  _  _
    C _  _  _  _  _  _  _  _
    D _  _  _  _  _  _  _  _
->undo
  state:1.0, ok
      1  2  3  4  5  6  7  8
    A _  _  _  _  _  _  _  _
    B S  _  _  _  _  _  _  _
    C _  _  _  _  _  _  _  _
    D _  _  _  _  _  _  _  _
->fire
  state:2.0, ok
  The Starfighter fires a projectile at: [B,1]
      1  2  3  4  5  6  7  8
    A _  _  _  _  _  _  _  _
    B S  *  _  _  _  _  _  _
    C _  _  _  _  _  _  _  _
    D _  _  _  _  _  _  _  _
->move(C,8)
  state:3.0, ok
  A projectile moves: [B,2] -> [B,7]
  The Starfighter moves: [B,1] -> [C,8]
      1  2  3  4  5  6  7  8
    A _  _  _  _  _  _  _  _
    B _  _  _  _  _  _  *  _
    C _  _  _  _  _  _  _  S
    D _  _  _  _  _  _  _  _
->move(B,7)
  state:4.0, ok
  A projectile moves: [B,7] -> out of the board
  The Starfighter moves: [C,8] -> [B,7]
      1  2  3  4  5  6  7  8
    A _  _  _  _  _  _  _  _
    B _  _  _  _  _  _  S  _
    C _  _  _  _  _  _  _  _
    D _  _  _  _  _  _  _  _
->undo
  state:3.0, ok
  A projectile moves: [B,2] -> [B,7]
  The Starfighter moves: [B,1] -> [C,8]
      1  2  3  4  5  6  7  8
    A _  _  _  _  _  _  _  _
    B _  _  _  _  _  _  *  _
    C _  _  _  _  _  _  _  S
    D _  _  _  _  _  _  _  _
->move(A,5)
  state:4.0, ok
  A projectile moves: [B,7] -> out of the board
  The Starfighter moves: [C,8] -> [A,5]
      1  2  3  4  5  6  7  8
    A _  _  _  _  S  _  _  _
    B _  _  _  _  _  _  _  _
    C _  _  _  _  _  _  _  _
    D _  _  _  _  _  _  _  _
->move(B,6)
  state:5.0, ok
  The Starfighter moves: [A,5] -> [B,6]
      1  2  3  4  5  6  7  8
    A _  _  _  _  _  _  _  _
    B _  _  _  _  _  S  _  _
    C _  _  _  _  _  _  _  _
    D _  _  _  _  _  _  _  _
->fire
  state:6.0, ok
  The Starfighter fires a projectile at: [B,6]
      1  2  3  4  5  6  7  8
    A _  _  _  _  _  _  _  _
    B _  _  _  _  _  S  *  _
    C _  _  _  _  _  _  _  _
    D _  _  _  _  _  _  _  _
->pass
  state:7.0, ok
  A projectile moves: [B,7] -> out of the board
  The Starfighter stays at: [B,6]
      1  2  3  4  5  6  7  8
    A _  _  _  _  _  _  _  _
    B _  _  _  _  _  S  _  _
    C _  _  _  _  _  _  _  _
    D _  _  _  _  _  _  _  _
->fire
  state:8.0, ok
  The Starfighter fires a projectile at: [B,6]
      1  2  3  4  5  6  7  8
    A _  _  _  _  _  _  _  _
    B _  _  _  _  _  S  *  _
    C _  _  _  _  _  _  _  _
    D _  _  _  _  _  _  _  _
->pass
  state:9.0, ok
  A projectile moves: [B,7] -> out of the board
  The Starfighter stays at: [B,6]
      1  2  3  4  5  6  7  8
    A _  _  _  _  _  _  _  _
    B _  _  _  _  _  S  _  _
    C _  _  _  _  _  _  _  _
    D _  _  _  _  _  _  _  _
->pass
  state:10.0, ok
  The Starfighter stays at: [B,6]
      1  2  3  4  5  6  7  8
    A _  _  _  _  _  _  _  _
    B _  _  _  _  _  S  _  _
    C _  _  _  _  _  _  _  _
    D _  _  _  _  _  _  _  _
->fire
  state:11.0, ok
  The Starfighter fires a projectile at: [B,6]
      1  2  3  4  5  6  7  8
    A _  _  _  _  _  _  _  _
    B _  _  _  _  _  S  *  _
    C _  _  _  _  _  _  _  _
    D _  _  _  _  _  _  _  _
->move(D,4)
  state:12.0, ok
  A projectile moves: [B,7] -> out of the board
  The Starfighter moves: [B,6] -> [D,4]
      1  2  3  4  5  6  7  8
    A _  _  _  _  _  _  _  _
    B _  _  _  _  _  _  _  _
    C _  _  _  _  _  _  _  _
    D _  _  _  S  _  _  _  _
->fire
  state:13.0, ok
  The Starfighter fires a projectile at: [D,4]
      1  2  3  4  5  6  7  8
    A _  _  _  _  _  _  _  _
    B _  _  _  _  _  _  _  _
    C _  _  _  _  _  _  _  _
    D _  _  _  S  *  _  _  _
->fire
  state:14.0, ok
  A projectile moves: [D,5] -> out of the board
  The Starfighter fires a projectile at: [D,4]
      1  2  3  4  5  6  7  8
    A _  _  _  _  _  _  _  _
    B _  _  _  _  _  _  _  _
    C _  _  _  _  _  _  _  _
    D _  _  _  S  *  _  _  _
->pass
  state:15.0, ok
  A projectile moves: [D,5] -> out of the board
  The Starfighter stays at: [D,4]
      1  2  3  4  5  6  7  8
    A _  _  _  _  _  _  _  _
    B _  _  _  _  _  _  _  _
    C _  _  _  _  _  _  _  _
    D _  _  _  S  _  _  _  _
->undo
  state:14.0, ok
  A projectile moves: [D,5] -> out of the board
  The Starfighter fires a projectile at: [D,4]
      1  2  3  4  5  6  7  8
    A _  _  _  _  _  _  _  _
    B _  _  _  _  _  _  _  _
    C _  _  _  _  _  _  _  _
    D _  _  _  S  *  _  _  _
->fire
  state:15.0, ok
  A projectile moves: [D,5] -> out of the board
  The Starfighter fires a projectile at: [D,4]
      1  2  3  4  5  6  7  8
    A _  _  _  _  _  _  _  _
    B _  _  _  _  _  _  _  _
    C _  _  _  _  _  _  _  _
    D _  _  _  S  *  _  _  _
->undo
  state:14.0, ok
  A projectile moves: [D,5] -> out of the board
  The Starfighter fires a projectile at: [D,4]
      1  2  3  4  5  6  7  8
    A _  _  _  _  _  _  _  _
    B _  _  _  _  _  _  _  _
    C _  _  _  _  _  _  _  _
    D _  _  _  S  *  _  _  _
->undo
  state:13.0, ok
  The Starfighter fires a projectile at: [D,4]
      1  2  3  4  5  6  7  8
    A _  _  _  _  _  _  _  _
    B _  _  _  _  _  _  _  _
    C _  _  _  _  _  _  _  _
    D _  _  _  S  *  _  _  _
->move(B,1)
  state:14.0, ok
  A projectile moves: [D,5] -> out of the board
  The Starfighter moves: [D,4] -> [B,1]
      1  2  3  4  5  6  7  8
    A _  _  _  _  _  _  _  _
    B S  _  _  _  _  _  _  _
    C _  _  _  _  _  _  _  _
    D _  _  _  _  _  _  _  _
->pass
  state:15.0, ok
  The Starfighter stays at: [B,1]
      1  2  3  4  5  6  7  8
    A _  _  _  _  _  _  _  _
    B S  _  _  _  _  _  _  _
    C _  _  _  _  _  _  _  _
    D _  _  _  _  _  _  _  _
->undo
  state:14.0, ok
  A projectile moves: [D,5] -> out of the board
  The Starfighter moves: [D,4] -> [B,1]
      1  2  3  4  5  6  7  8
    A _  _  _  _  _  _  _  _
    B S  _  _  _  _  _  _  _
    C _  _  _  _  _  _  _  _
    D _  _  _  _  _  _  _  _
->redo
  state:15.0, ok
  The Starfighter stays at: [B,1]
      1  2  3  4  5  6  7  8
    A _  _  _  _  _  _  _  _
    B S  _  _  _  _  _  _  _
    C _  _  _  _  _  _  _  _
    D _  _  _  _  _  _  _  _
->fire
  state:16.0, ok
  The Starfighter fires a projectile at: [B,1]
      1  2  3  4  5  6  7  8
    A _  _  _  _  _  _  _  _
    B S  *  _  _  _  _  _  _
    C _  _  _  _  _  _  _  _
    D _  _  _  _  _  _  _  _
->abort
  state:17.0, ok
  Game has been exited.
