  Welcome to Space Defender Version 1.
->play(6,12,1,4)
  state:1.0, ok
      1  2  3  4  5  6  7  8  9 10 11 12
    A _  _  _  _  _  _  _  _  _  _  _  _
    B _  _  _  _  _  _  _  _  _  _  _  _
    C S  _  _  _  _  _  _  _  _  _  _  _
    D _  _  _  _  _  _  _  _  _  _  _  _
    E _  _  _  _  _  _  _  _  _  _  _  _
    F _  _  _  _  _  _  _  _  _  _  _  _
->fire
  state:2.0, ok
  The Starfighter fires a projectile at: [C,1]
      1  2  3  4  5  6  7  8  9 10 11 12
    A _  _  _  _  _  _  _  _  _  _  _  _
    B _  _  _  _  _  _  _  _  _  _  _  _
    C S  *  _  _  _  _  _  _  _  _  _  _
    D _  _  _  _  _  _  _  _  _  _  _  _
    E _  _  _  _  _  _  _  _  _  _  _  _
    F _  _  _  _  _  _  _  _  _  _  _  _
->fire
  state:3.0, ok
  A projectile moves: [C,2] -> [C,6]
  The Starfighter fires a projectile at: [C,1]
      1  2  3  4  5  6  7  8  9 10 11 12
    A _  _  _  _  _  _  _  _  _  _  _  _
    B _  _  _  _  _  _  _  _  _  _  _  _
    C S  *  _  _  _  *  _  _  _  _  _  _
    D _  _  _  _  _  _  _  _  _  _  _  _
    E _  _  _  _  _  _  _  _  _  _  _  _
    F _  _  _  _  _  _  _  _  _  _  _  _
->undo
  state:2.0, ok
  The Starfighter fires a projectile at: [C,1]
      1  2  3  4  5  6  7  8  9 10 11 12
    A _  _  _  _  _  _  _  _  _  _  _  _
    B _  _  _  _  _  _  _  _  _  _  _  _
    C S  *  _  _  _  _  _  _  _  _  _  _
    D _  _  _  _  _  _  _  _  _  _  _  _
    E _  _  _  _  _  _  _  _  _  _  _  _
    F _  _  _  _  _  _  _  _  _  _  _  _
->move(B,7)
  state:2.1, error
  The location to move to is out of the Starfighter's movement range.
->fire
  state:3.0, ok
  A projectile moves: [C,2] -> [C,6]
  The Starfighter fires a projectile at: [C,1]
      1  2  3  4  5  6  7  8  9 10 11 12
    A _  _  _  _  _  _  _  _  _  _  _  _
    B _  _  _  _  _  _  _  _  _  _  _  _
    C S  *  _  _  _  *  _  _  _  _  _  _
    D _  _  _  _  _  _  _  _  _  _  _  _
    E _  _  _  _  _  _  _  _  _  _  _  _
    F _  _  _  _  _  _  _  _  _  _  _  _
->pass
  state:4.0, ok
  A projectile moves: [C,6] -> [C,10]
  A projectile moves: [C,2] -> [C,6]
  The Starfighter stays at: [C,1]
      1  2  3  4  5  6  7  8  9 10 11 12
    A _  _  _  _  _  _  _  _  _  _  _  _
    B _  _  _  _  _  _  _  _  _  _  _  _
    C S  _  _  _  _  *  _  _  _  *  _  _
    D _  _  _  _  _  _  _  _  _  _  _  _
    E _  _  _  _  _  _  _  _  _  _  _  _
    F _  _  _  _  _  _  _  _  _  _  _  _
->fire
  state:5.0, ok
  A projectile moves: [C,10] -> out of the board
  A projectile moves: [C,6] -> [C,10]
  The Starfighter fires a projectile at: [C,1]
      1  2  3  4  5  6  7  8  9 10 11 12
    A _  _  _  _  _  _  _  _  _  _  _  _
    B _  _  _  _  _  _  _  _  _  _  _  _
    C S  *  _  _  _  _  _  _  _  *  _  _
    D _  _  _  _  _  _  _  _  _  _  _  _
    E _  _  _  _  _  _  _  _  _  _  _  _
    F _  _  _  _  _  _  _  _  _  _  _  _
->move(C,12)
  state:5.1, error
  The location to move to is out of the Starfighter's movement range.
->undo
  state:4.0, ok
  A projectile moves: [C,6] -> [C,10]
  A projectile moves: [C,2] -> [C,6]
  The Starfighter stays at: [C,1]
      1  2  3  4  5  6  7  8  9 10 11 12
    A _  _  _  _  _  _  _  _  _  _  _  _
    B _  _  _  _  _  _  _  _  _  _  _  _
    C S  _  _  _  _  *  _  _  _  *  _  _
    D _  _  _  _  _  _  _  _  _  _  _  _
    E _  _  _  _  _  _  _  _  _  _  _  _
    F _  _  _  _  _  _  _  _  _  _  _  _
->fire
  state:5.0, ok
  A projectile moves: [C,10] -> out of the board
  A projectile moves: [C,6] -> [C,10]
  The Starfighter fires a projectile at: [C,1]
      1  2  3  4  5  6  7  8  9 10 11 12
    A _  _  _  _  _  _  _  _  _  _  _  _
    B _  _  _  _  _  _  _  _  _  _  _  _
    C S  *  _  _  _  _  _  _  _  *  _  _
    D _  _  _  _  _  _  _  _  _  _  _  _
    E _  _  _  _  _  _  _  _  _  _  _  _
    F _  _  _  _  _  _  _  _  _  _  _  _
->fire
  state:6.0, ok
  A projectile moves: [C,10] -> out of the board
  A projectile moves: [C,2] -> [C,6]
  The Starfighter fires a projectile at: [C,1]
      1  2  3  4  5  6  7  8  9 10 11 12
    A _  _  _  _  _  _  _  _  _  _  _  _
    B _  _  _  _  _  _  _  _  _  _  _  _
    C S  *  _  _  _  *  _  _  _  _  _  _
    D _  _  _  _  _  _  _  _  _  _  _  _
    E _  _  _  _  _  _  _  _  _  _  _  _
    F _  _  _  _  _  _  _  _  _  _  _  _
->move(F,2)
  state:6.1, error
  The location to move to is out of the Starfighter's movement range.
->fire
  state:7.0, ok
  A projectile moves: [C,6] -> [C,10]
  A projectile moves: [C,2] -> [C,6]
  The Starfighter fires a projectile at: [C,1]
      1  2  3  4  5  6  7  8  9 10 11 12
    A _  _  _  _  _  _  _  _  _  _  _  _
    B _  _  _  _  _  _  _  _  _  _  _  _
    C S  *  _  _  _  *  _  _  _  *  _  _
    D _  _  _  _  _  _  _  _  _  _  _  _
    E _  _  _  _  _  _  _  _  _  _  _  _
    F _  _  _  _  _  _  _  _  _  _  _  _
->pass
  state:8.0, ok
  A projectile moves: [C,10] -> out of the board
  A projectile moves: [C,6] -> [C,10]
  A projectile moves: [C,2] -> [C,6]
  The Starfighter stays at: [C,1]
      1  2  3  4  5  6  7  8  9 10 11 12
    A _  _  _  _  _  _  _  _  _  _  _  _
    B _  _  _  _  _  _  _  _  _  _  _  _
    C S  _  _  _  _  *  _  _  _  *  _  _
    D _  _  _  _  _  _  _  _  _  _  _  _
    E _  _  _  _  _  _  _  _  _  _  _  _
    F _  _  _  _  _  _  _  _  _  _  _  _
->pass
  state:9.0, ok
  A projectile moves: [C,10] -> out of the board
  A projectile moves: [C,6] -> [C,10]
  The Starfighter stays at: [C,1]
      1  2  3  4  5  6  7  8  9 10 11 12
    A _  _  _  _  _  _  _  _  _  _  _  _
    B _  _  _  _  _  _  _  _  _  _  _  _
    C S  _  _  _  _  _  _  _  _  *  _  _
    D _  _  _  _  _  _  _  _  _  _  _  _
    E _  _  _  _  _  _  _  _  _  _  _  _
    F _  _  _  _  _  _  _  _  _  _  _  _
->pass
  state:10.0, ok
  A projectile moves: [C,10] -> out of the board
  The Starfighter stays at: [C,1]
      1  2  3  4  5  6  7  8  9 10 11 12
    A _  _  _  _  _  _  _  _  _  _  _  _
    B _  _  _  _  _  _  _  _  _  _  _  _
    C S  _  _  _  _  _  _  _  _  _  _  _
    D _  _  _  _  _  _  _  _  _  _  _  _
    E _  _  _  _  _  _  _  _  _  _  _  _
    F _  _  _  _  _  _  _  _  _  _  _  _
->fire
  state:11.0, ok
  The Starfighter fires a projectile at: [C,1]
      1  2  3  4  5  6  7  8  9 10 11 12
    A _  _  _  _  _  _  _  _  _  _  _  _
    B _  _  _  _  _  _  _  _  _  _  _  _
    C S  *  _  _  _  _  _  _  _  _  _  _
    D _  _  _  _  _  _  _  _  _  _  _  _
    E _  _  _  _  _  _  _  _  _  _  _  _
    F _  _  _  _  _  _  _  _  _  _  _  _
->undo
  state:10.0, ok
  A projectile moves: [C,10] -> out of the board
  The Starfighter stays at: [C,1]
      1  2  3  4  5  6  7  8  9 10 11 12
    A _  _  _  _  _  _  _  _  _  _  _  _
    B _  _  _  _  _  _  _  _  _  _  _  _
    C S  _  _  _  _  _  _  _  _  _  _  _
    D _  _  _  _  _  _  _  _  _  _  _  _
    E _  _  _  _  _  _  _  _  _  _  _  _
    F _  _  _  _  _  _  _  _  _  _  _  _
->undo
  state:9.0, ok
  A projectile moves: [C,10] -> out of the board
  A projectile moves: [C,6] -> [C,10]
  The Starfighter stays at: [C,1]
      1  2  3  4  5  6  7  8  9 10 11 12
    A _  _  _  _  _  _  _  _  _  _  _  _
    B _  _  _  _  _  _  _  _  _  _  _  _
    C S  _  _  _  _  _  _  _  _  *  _  _
    D _  _  _  _  _  _  _  _  _  _  _  _
    E _  _  _  _  _  _  _  _  _  _  _  _
    F _  _  _  _  _  _  _  _  _  _  _  _
->move(F,12)
  state:9.1, error
  The location to move to is out of the Starfighter's movement range.
->undo
  state:8.0, ok
  A projectile moves: [C,10] -> out of the board
  A projectile moves: [C,6] -> [C,10]
  A projectile moves: [C,2] -> [C,6]
  The Starfighter stays at: [C,1]
      1  2  3  4  5  6  7  8  9 10 11 12
    A _  _  _  _  _  _  _  _  _  _  _  _
    B _  _  _  _  _  _  _  _  _  _  _  _
    C S  _  _  _  _  *  _  _  _  *  _  _
    D _  _  _  _  _  _  _  _  _  _  _  _
    E _  _  _  _  _  _  _  _  _  _  _  _
    F _  _  _  _  _  _  _  _  _  _  _  _
->pass
  state:9.0, ok
  A projectile moves: [C,10] -> out of the board
  A projectile moves: [C,6] -> [C,10]
  The Starfighter stays at: [C,1]
      1  2  3  4  5  6  7  8  9 10 11 12
    A _  _  _  _  _  _  _  _  _  _  _  _
    B _  _  _  _  _  _  _  _  _  _  _  _
    C S  _  _  _  _  _  _  _  _  *  _  _
    D _  _  _  _  _  _  _  _  _  _  _  _
    E _  _  _  _  _  _  _  _  _  _  _  _
    F _  _  _  _  _  _  _  _  _  _  _  _
->move(C,4)
  state:9.1, error
  The location to move to is out of the Starfighter's movement range.
->undo
  state:8.0, ok
  A projectile moves: [C,10] -> out of the board
  A projectile moves: [C,6] -> [C,10]
  A projectile moves: [C,2] -> [C,6]
  The Starfighter stays at: [C,1]
      1  2  3  4  5  6  7  8  9 10 11 12
    A _  _  _  _  _  _  _  _  _  _  _  _
    B _  _  _  _  _  _  _  _  _  _  _  _
    C S  _  _  _  _  *  _  _  _  *  _  _
    D _  _  _  _  _  _  _  _  _  _  _  _
    E _  _  _  _  _  _  _  _  _  _  _  _
    F _  _  _  _  _  _  _  _  _  _  _  _
->redo
  state:9.0, ok
  A projectile moves: [C,10] -> out of the board
  A projectile moves: [C,6] -> [C,10]
  The Starfighter stays at: [C,1]
      1  2  3  4  5  6  7  8  9 10 11 12
    A _  _  _  _  _  _  _  _  _  _  _  _
    B _  _  _  _  _  _  _  _  _  _  _  _
    C S  _  _  _  _  _  _  _  _  *  _  _
    D _  _  _  _  _  _  _  _  _  _  _  _
    E _  _  _  _  _  _  _  _  _  _  _  _
    F _  _  _  _  _  _  _  _  _  _  _  _
->fire
  state:10.0, ok
  A projectile moves: [C,10] -> out of the board
  The Starfighter fires a projectile at: [C,1]
      1  2  3  4  5  6  7  8  9 10 11 12
    A _  _  _  _  _  _  _  _  _  _  _  _
    B _  _  _  _  _  _  _  _  _  _  _  _
    C S  *  _  _  _  _  _  _  _  _  _  _
    D _  _  _  _  _  _  _  _  _  _  _  _
    E _  _  _  _  _  _  _  _  _  _  _  _
    F _  _  _  _  _  _  _  _  _  _  _  _
->pass
  state:11.0, ok
  A projectile moves: [C,2] -> [C,6]
  The Starfighter stays at: [C,1]
      1  2  3  4  5  6  7  8  9 10 11 12
    A _  _  _  _  _  _  _  _  _  _  _  _
    B _  _  _  _  _  _  _  _  _  _  _  _
    C S  _  _  _  _  *  _  _  _  _  _  _
    D _  _  _  _  _  _  _  _  _  _  _  _
    E _  _  _  _  _  _  _  _  _  _  _  _
    F _  _  _  _  _  _  _  _  _  _  _  _
->fire
  state:12.0, ok
  A projectile moves: [C,6] -> [C,10]
  The Starfighter fires a projectile at: [C,1]
      1  2  3  4  5  6  7  8  9 10 11 12
    A _  _  _  _  _  _  _  _  _  _  _  _
    B _  _  _  _  _  _  _  _  _  _  _  _
    C S  *  _  _  _  _  _  _  _  *  _  _
    D _  _  _  _  _  _  _  _  _  _  _  _
    E _  _  _  _  _  _  _  _  _  _  _  _
    F _  _  _  _  _  _  _  _  _  _  _  _
->pass
  state:13.0, ok
  A projectile moves: [C,10] -> out of the board
  A projectile moves: [C,2] -> [C,6]
  The Starfighter stays at: [C,1]
      1  2  3  4  5  6  7  8  9 10 11 12
    A _  _  _  _  _  _  _  _  _  _  _  _
    B _  _  _  _  _  _  _  _  _  _  _  _
    C S  _  _  _  _  *  _  _  _  _  _  _
    D _  _  _  _  _  _  _  _  _  _  _  _
    E _  _  _  _  _  _  _  _  _  _  _  _
    F _  _  _  _  _  _  _  _  _  _  _  _
->fire
  state:14.0, ok
  A projectile moves: [C,6] -> [C,10]
  The Starfighter fires a projectile at: [C,1]
      1  2  3  4  5  6  7  8  9 10 11 12
    A _  _  _  _  _  _  _  _  _  _  _  _
    B _  _  _  _  _  _  _  _  _  _  _  _
    C S  *  _  _  _  _  _  _  _  *  _  _
    D _  _  _  _  _  _  _  _  _  _  _  _
    E _  _  _  _  _  _  _  _  _  _  _  _
    F _  _  _  _  _  _  _  _  _  _  _  _
->move(B,6)
  state:14.1, error
  The location to move to is out of the Starfighter's movement range.
->move(D,4)
  state:14.2, error
  The location to move to is out of the Starfighter's movement range.
->fire
  state:15.0, ok
  A projectile moves: [C,10] -> out of the board
  A projectile moves: [C,2] -> [C,6]
  The Starfighter fires a projectile at: [C,1]
      1  2  3  4  5  6  7  8  9 10 11 12
    A _  _  _  _  _  _  _  _  _  _  _  _
    B _  _  _  _  _  _  _  _  _  _  _  _
    C S  *  _  _  _  *  _  _  _  _  _  _
    D _  _  _  _  _  _  _  _  _  _  _  _
    E _  _  _  _  _  _  _  _  _  _  _  _
    F _  _  _  _  _  _  _  _  _  _  _  _
->pass
  state:16.0, ok
  A projectile moves: [C,6] -> [C,10]
  A projectile moves: [C,2] -> [C,6]
  The Starfighter stays at: [C,1]
      1  2  3  4  5  6  7  8  9 10 11 12
    A _  _  _  _  _  _  _  _  _  _  _  _
    B _  _  _  _  _  _  _  _  _  _  _  _
    C S  _  _  _  _  *  _  _  _  *  _  _
    D _  _  _  _  _  _  _  _  _  _  _  _
    E _  _  _  _  _  _  _  _  _  _  _  _
    F _  _  _  _  _  _  _  _  _  _  _  _
->fire
  state:17.0, ok
  A projectile moves: [C,10] -> out of the board
  A projectile moves: [C,6] -> [C,10]
  The Starfighter fires a projectile at: [C,1]
      1  2  3  4  5  6  7  8  9 10 11 12
    A _  _  _  _  _  _  _  _  _  _  _  _
    B _  _  _  _  _  _  _  _  _  _  _  _
    C S  *  _  _  _  _  _  _  _  *  _  _
    D _  _  _  _  _  _  _  _  _  _  _  _
    E _  _  _  _  _  _  _  _  _  _  _  _
    F _  _  _  _  _  _  _  _  _  _  _  _
->redo
  state:17.1, error
  Nothing left to redo.
->pass
  state:18.0, ok
  A projectile moves: [C,10] -> out of the board
  A projectile moves: [C,2] -> [C,6]
  The Starfighter stays at: [C,1]
      1  2  3  4  5  6  7  8  9 10 11 12
    A _  _  _  _  _  _  _  _  _  _  _  _
    B _  _  _  _  _  _  _  _  _  _  _  _
    C S  _  _  _  _  *  _  _  _  _  _  _
    D _  _  _  _  _  _  _  _  _  _  _  _
    E _  _  _  _  _  _  _  _  _  _  _  _
    F _  _  _  _  _  _  _  _  _  _  _  _
->undo
  state:17.0, ok
  A projectile moves: [C,10] -> out of the board
  A projectile moves: [C,6] -> [C,10]
  The Starfighter fires a projectile at: [C,1]
      1  2  3  4  5  6  7  8  9 10 11 12
    A _  _  _  _  _  _  _  _  _  _  _  _
    B _  _  _  _  _  _  _  _  _  _  _  _
    C S  *  _  _  _  _  _  _  _  *  _  _
    D _  _  _  _  _  _  _  _  _  _  _  _
    E _  _  _  _  _  _  _  _  _  _  _  _
    F _  _  _  _  _  _  _  _  _  _  _  _
->move(E,12)
  state:17.1, error
  The location to move to is out of the Starfighter's movement range.
->pass
  state:18.0, ok
  A projectile moves: [C,10] -> out of the board
  A projectile moves: [C,2] -> [C,6]
  The Starfighter stays at: [C,1]
      1  2  3  4  5  6  7  8  9 10 11 12
    A _  _  _  _  _  _  _  _  _  _  _  _
    B _  _  _  _  _  _  _  _  _  _  _  _
    C S  _  _  _  _  *  _  _  _  _  _  _
    D _  _  _  _  _  _  _  _  _  _  _  _
    E _  _  _  _  _  _  _  _  _  _  _  _
    F _  _  _  _  _  _  _  _  _  _  _  _
->undo
  state:17.0, ok
  A projectile moves: [C,10] -> out of the board
  A projectile moves: [C,6] -> [C,10]
  The Starfighter fires a projectile at: [C,1]
      1  2  3  4  5  6  7  8  9 10 11 12
    A _  _  _  _  _  _  _  _  _  _  _  _
    B _  _  _  _  _  _  _  _  _  _  _  _
    C S  *  _  _  _  _  _  _  _  *  _  _
    D _  _  _  _  _  _  _  _  _  _  _  _
    E _  _  _  _  _  _  _  _  _  _  _  _
    F _  _  _  _  _  _  _  _  _  _  _  _
->fire
  state:18.0, ok
  A projectile moves: [C,10] -> out of the board
  A projectile moves: [C,2] -> [C,6]
  The Starfighter fires a projectile at: [C,1]
      1  2  3  4  5  6  7  8  9 10 11 12
    A _  _  _  _  _  _  _  _  _  _  _  _
    B _  _  _  _  _  _  _  _  _  _  _  _
    C S  *  _  _  _  *  _  _  _  _  _  _
    D _  _  _  _  _  _  _  _  _  _  _  _
    E _  _  _  _  _  _  _  _  _  _  _  _
    F _  _  _  _  _  _  _  _  _  _  _  _
->fire
  state:19.0, ok
  A projectile moves: [C,6] -> [C,10]
  A projectile moves: [C,2] -> [C,6]
  The Starfighter fires a projectile at: [C,1]
      1  2  3  4  5  6  7  8  9 10 11 12
    A _  _  _  _  _  _  _  _  _  _  _  _
    B _  _  _  _  _  _  _  _  _  _  _  _
    C S  *  _  _  _  *  _  _  _  *  _  _
    D _  _  _  _  _  _  _  _  _  _  _  _
    E _  _  _  _  _  _  _  _  _  _  _  _
    F _  _  _  _  _  _  _  _  _  _  _  _
->move(C,8)
  state:19.1, error
  The location to move to is out of the Starfighter's movement range.
->pass
  state:20.0, ok
  A projectile moves: [C,10] -> out of the board
  A projectile moves: [C,6] -> [C,10]
  A projectile moves: [C,2] -> [C,6]
  The Starfighter stays at: [C,1]
      1  2  3  4  5  6  7  8  9 10 11 12
    A _  _  _  _  _  _  _  _  _  _  _  _
    B _  _  _  _  _  _  _  _  _  _  _  _
    C S  _  _  _  _  *  _  _  _  *  _  _
    D _  _  _  _  _  _  _  _  _  _  _  _
    E _  _  _  _  _  _  _  _  _  _  _  _
    F _  _  _  _  _  _  _  _  _  _  _  _
->redo
  state:20.1, error
  Nothing left to redo.
->fire
  state:21.0, ok
  A projectile moves: [C,10] -> out of the board
  A projectile moves: [C,6] -> [C,10]
  The Starfighter fires a projectile at: [C,1]
      1  2  3  4  5  6  7  8  9 10 11 12
    A _  _  _  _  _  _  _  _  _  _  _  _
    B _  _  _  _  _  _  _  _  _  _  _  _
    C S  *  _  _  _  _  _  _  _  *  _  _
    D _  _  _  _  _  _  _  _  _  _  _  _
    E _  _  _  _  _  _  _  _  _  _  _  _
    F _  _  _  _  _  _  _  _  _  _  _  _
->pass
  state:22.0, ok
  A projectile moves: [C,10] -> out of the board
  A projectile moves: [C,2] -> [C,6]
  The Starfighter stays at: [C,1]
      1  2  3  4  5  6  7  8  9 10 11 12
    A _  _  _  _  _  _  _  _  _  _  _  _
    B _  _  _  _  _  _  _  _  _  _  _  _
    C S  _  _  _  _  *  _  _  _  _  _  _
    D _  _  _  _  _  _  _  _  _  _  _  _
    E _  _  _  _  _  _  _  _  _  _  _  _
    F _  _  _  _  _  _  _  _  _  _  _  _
->fire
  state:23.0, ok
  A projectile moves: [C,6] -> [C,10]
  The Starfighter fires a projectile at: [C,1]
      1  2  3  4  5  6  7  8  9 10 11 12
    A _  _  _  _  _  _  _  _  _  _  _  _
    B _  _  _  _  _  _  _  _  _  _  _  _
    C S  *  _  _  _  _  _  _  _  *  _  _
    D _  _  _  _  _  _  _  _  _  _  _  _
    E _  _  _  _  _  _  _  _  _  _  _  _
    F _  _  _  _  _  _  _  _  _  _  _  _
->pass
  state:24.0, ok
  A projectile moves: [C,10] -> out of the board
  A projectile moves: [C,2] -> [C,6]
  The Starfighter stays at: [C,1]
      1  2  3  4  5  6  7  8  9 10 11 12
    A _  _  _  _  _  _  _  _  _  _  _  _
    B _  _  _  _  _  _  _  _  _  _  _  _
    C S  _  _  _  _  *  _  _  _  _  _  _
    D _  _  _  _  _  _  _  _  _  _  _  _
    E _  _  _  _  _  _  _  _  _  _  _  _
    F _  _  _  _  _  _  _  _  _  _  _  _
->move(C,12)
  state:24.1, error
  The location to move to is out of the Starfighter's movement range.
->pass
  state:25.0, ok
  A projectile moves: [C,6] -> [C,10]
  The Starfighter stays at: [C,1]
      1  2  3  4  5  6  7  8  9 10 11 12
    A _  _  _  _  _  _  _  _  _  _  _  _
    B _  _  _  _  _  _  _  _  _  _  _  _
    C S  _  _  _  _  _  _  _  _  *  _  _
    D _  _  _  _  _  _  _  _  _  _  _  _
    E _  _  _  _  _  _  _  _  _  _  _  _
    F _  _  _  _  _  _  _  _  _  _  _  _
->pass
  state:26.0, ok
  A projectile moves: [C,10] -> out of the board
  The Starfighter stays at: [C,1]
      1  2  3  4  5  6  7  8  9 10 11 12
    A _  _  _  _  _  _  _  _  _  _  _  _
    B _  _  _  _  _  _  _  _  _  _  _  _
    C S  _  _  _  _  _  _  _  _  _  _  _
    D _  _  _  _  _  _  _  _  _  _  _  _
    E _  _  _  _  _  _  _  _  _  _  _  _
    F _  _  _  _  _  _  _  _  _  _  _  _
->fire
  state:27.0, ok
  The Starfighter fires a projectile at: [C,1]
      1  2  3  4  5  6  7  8  9 10 11 12
    A _  _  _  _  _  _  _  _  _  _  _  _
    B _  _  _  _  _  _  _  _  _  _  _  _
    C S  *  _  _  _  _  _  _  _  _  _  _
    D _  _  _  _  _  _  _  _  _  _  _  _
    E _  _  _  _  _  _  _  _  _  _  _  _
    F _  _  _  _  _  _  _  _  _  _  _  _
->fire
  state:28.0, ok
  A projectile moves: [C,2] -> [C,6]
  The Starfighter fires a projectile at: [C,1]
      1  2  3  4  5  6  7  8  9 10 11 12
    A _  _  _  _  _  _  _  _  _  _  _  _
    B _  _  _  _  _  _  _  _  _  _  _  _
    C S  *  _  _  _  *  _  _  _  _  _  _
    D _  _  _  _  _  _  _  _  _  _  _  _
    E _  _  _  _  _  _  _  _  _  _  _  _
    F _  _  _  _  _  _  _  _  _  _  _  _
->fire
  state:29.0, ok
  A projectile moves: [C,6] -> [C,10]
  A projectile moves: [C,2] -> [C,6]
  The Starfighter fires a projectile at: [C,1]
      1  2  3  4  5  6  7  8  9 10 11 12
    A _  _  _  _  _  _  _  _  _  _  _  _
    B _  _  _  _  _  _  _  _  _  _  _  _
    C S  *  _  _  _  *  _  _  _  *  _  _
    D _  _  _  _  _  _  _  _  _  _  _  _
    E _  _  _  _  _  _  _  _  _  _  _  _
    F _  _  _  _  _  _  _  _  _  _  _  _
->undo
  state:28.0, ok
  A projectile moves: [C,2] -> [C,6]
  The Starfighter fires a projectile at: [C,1]
      1  2  3  4  5  6  7  8  9 10 11 12
    A _  _  _  _  _  _  _  _  _  _  _  _
    B _  _  _  _  _  _  _  _  _  _  _  _
    C S  *  _  _  _  *  _  _  _  _  _  _
    D _  _  _  _  _  _  _  _  _  _  _  _
    E _  _  _  _  _  _  _  _  _  _  _  _
    F _  _  _  _  _  _  _  _  _  _  _  _
->pass
  state:29.0, ok
  A projectile moves: [C,6] -> [C,10]
  A projectile moves: [C,2] -> [C,6]
  The Starfighter stays at: [C,1]
      1  2  3  4  5  6  7  8  9 10 11 12
    A _  _  _  _  _  _  _  _  _  _  _  _
    B _  _  _  _  _  _  _  _  _  _  _  _
    C S  _  _  _  _  *  _  _  _  *  _  _
    D _  _  _  _  _  _  _  _  _  _  _  _
    E _  _  _  _  _  _  _  _  _  _  _  _
    F _  _  _  _  _  _  _  _  _  _  _  _
->pass
  state:30.0, ok
  A projectile moves: [C,10] -> out of the board
  A projectile moves: [C,6] -> [C,10]
  The Starfighter stays at: [C,1]
      1  2  3  4  5  6  7  8  9 10 11 12
    A _  _  _  _  _  _  _  _  _  _  _  _
    B _  _  _  _  _  _  _  _  _  _  _  _
    C S  _  _  _  _  _  _  _  _  *  _  _
    D _  _  _  _  _  _  _  _  _  _  _  _
    E _  _  _  _  _  _  _  _  _  _  _  _
    F _  _  _  _  _  _  _  _  _  _  _  _
->pass
  state:31.0, ok
  A projectile moves: [C,10] -> out of the board
  The Starfighter stays at: [C,1]
      1  2  3  4  5  6  7  8  9 10 11 12
    A _  _  _  _  _  _  _  _  _  _  _  _
    B _  _  _  _  _  _  _  _  _  _  _  _
    C S  _  _  _  _  _  _  _  _  _  _  _
    D _  _  _  _  _  _  _  _  _  _  _  _
    E _  _  _  _  _  _  _  _  _  _  _  _
    F _  _  _  _  _  _  _  _  _  _  _  _
->pass
  state:32.0, ok
  The Starfighter stays at: [C,1]
      1  2  3  4  5  6  7  8  9 10 11 12
    A _  _  _  _  _  _  _  _  _  _  _  _
    B _  _  _  _  _  _  _  _  _  _  _  _
    C S  _  _  _  _  _  _  _  _  _  _  _
    D _  _  _  _  _  _  _  _  _  _  _  _
    E _  _  _  _  _  _  _  _  _  _  _  _
    F _  _  _  _  _  _  _  _  _  _  _  _
->pass
  state:33.0, ok
  The Starfighter stays at: [C,1]
      1  2  3  4  5  6  7  8  9 10 11 12
    A _  _  _  _  _  _  _  _  _  _  _  _
    B _  _  _  _  _  _  _  _  _  _  _  _
    C S  _  _  _  _  _  _  _  _  _  _  _
    D _  _  _  _  _  _  _  _  _  _  _  _
    E _  _  _  _  _  _  _  _  _  _  _  _
    F _  _  _  _  _  _  _  _  _  _  _  _
->pass
  state:34.0, ok
  The Starfighter stays at: [C,1]
      1  2  3  4  5  6  7  8  9 10 11 12
    A _  _  _  _  _  _  _  _  _  _  _  _
    B _  _  _  _  _  _  _  _  _  _  _  _
    C S  _  _  _  _  _  _  _  _  _  _  _
    D _  _  _  _  _  _  _  _  _  _  _  _
    E _  _  _  _  _  _  _  _  _  _  _  _
    F _  _  _  _  _  _  _  _  _  _  _  _
->undo
  state:33.0, ok
  The Starfighter stays at: [C,1]
      1  2  3  4  5  6  7  8  9 10 11 12
    A _  _  _  _  _  _  _  _  _  _  _  _
    B _  _  _  _  _  _  _  _  _  _  _  _
    C S  _  _  _  _  _  _  _  _  _  _  _
    D _  _  _  _  _  _  _  _  _  _  _  _
    E _  _  _  _  _  _  _  _  _  _  _  _
    F _  _  _  _  _  _  _  _  _  _  _  _
->move(D,3)
  state:33.1, error
  The location to move to is out of the Starfighter's movement range.
->move(D,5)
  state:33.2, error
  The location to move to is out of the Starfighter's movement range.
->fire
  state:34.0, ok
  The Starfighter fires a projectile at: [C,1]
      1  2  3  4  5  6  7  8  9 10 11 12
    A _  _  _  _  _  _  _  _  _  _  _  _
    B _  _  _  _  _  _  _  _  _  _  _  _
    C S  *  _  _  _  _  _  _  _  _  _  _
    D _  _  _  _  _  _  _  _  _  _  _  _
    E _  _  _  _  _  _  _  _  _  _  _  _
    F _  _  _  _  _  _  _  _  _  _  _  _
->fire
  state:35.0, ok
  A projectile moves: [C,2] -> [C,6]
  The Starfighter fires a projectile at: [C,1]
      1  2  3  4  5  6  7  8  9 10 11 12
    A _  _  _  _  _  _  _  _  _  _  _  _
    B _  _  _  _  _  _  _  _  _  _  _  _
    C S  *  _  _  _  *  _  _  _  _  _  _
    D _  _  _  _  _  _  _  _  _  _  _  _
    E _  _  _  _  _  _  _  _  _  _  _  _
    F _  _  _  _  _  _  _  _  _  _  _  _
->fire
  state:36.0, ok
  A projectile moves: [C,6] -> [C,10]
  A projectile moves: [C,2] -> [C,6]
  The Starfighter fires a projectile at: [C,1]
      1  2  3  4  5  6  7  8  9 10 11 12
    A _  _  _  _  _  _  _  _  _  _  _  _
    B _  _  _  _  _  _  _  _  _  _  _  _
    C S  *  _  _  _  *  _  _  _  *  _  _
    D _  _  _  _  _  _  _  _  _  _  _  _
    E _  _  _  _  _  _  _  _  _  _  _  _
    F _  _  _  _  _  _  _  _  _  _  _  _
->move(E,7)
  state:36.1, error
  The location to move to is out of the Starfighter's movement range.
->move(E,5)
  state:36.2, error
  The location to move to is out of the Starfighter's movement range.
->undo
  state:35.0, ok
  A projectile moves: [C,2] -> [C,6]
  The Starfighter fires a projectile at: [C,1]
      1  2  3  4  5  6  7  8  9 10 11 12
    A _  _  _  _  _  _  _  _  _  _  _  _
    B _  _  _  _  _  _  _  _  _  _  _  _
    C S  *  _  _  _  *  _  _  _  _  _  _
    D _  _  _  _  _  _  _  _  _  _  _  _
    E _  _  _  _  _  _  _  _  _  _  _  _
    F _  _  _  _  _  _  _  _  _  _  _  _
->redo
  state:36.0, ok
  A projectile moves: [C,6] -> [C,10]
  A projectile moves: [C,2] -> [C,6]
  The Starfighter fires a projectile at: [C,1]
      1  2  3  4  5  6  7  8  9 10 11 12
    A _  _  _  _  _  _  _  _  _  _  _  _
    B _  _  _  _  _  _  _  _  _  _  _  _
    C S  *  _  _  _  *  _  _  _  *  _  _
    D _  _  _  _  _  _  _  _  _  _  _  _
    E _  _  _  _  _  _  _  _  _  _  _  _
    F _  _  _  _  _  _  _  _  _  _  _  _
->undo
  state:35.0, ok
  A projectile moves: [C,2] -> [C,6]
  The Starfighter fires a projectile at: [C,1]
      1  2  3  4  5  6  7  8  9 10 11 12
    A _  _  _  _  _  _  _  _  _  _  _  _
    B _  _  _  _  _  _  _  _  _  _  _  _
    C S  *  _  _  _  *  _  _  _  _  _  _
    D _  _  _  _  _  _  _  _  _  _  _  _
    E _  _  _  _  _  _  _  _  _  _  _  _
    F _  _  _  _  _  _  _  _  _  _  _  _
->pass
  state:36.0, ok
  A projectile moves: [C,6] -> [C,10]
  A projectile moves: [C,2] -> [C,6]
  The Starfighter stays at: [C,1]
      1  2  3  4  5  6  7  8  9 10 11 12
    A _  _  _  _  _  _  _  _  _  _  _  _
    B _  _  _  _  _  _  _  _  _  _  _  _
    C S  _  _  _  _  *  _  _  _  *  _  _
    D _  _  _  _  _  _  _  _  _  _  _  _
    E _  _  _  _  _  _  _  _  _  _  _  _
    F _  _  _  _  _  _  _  _  _  _  _  _
->fire
  state:37.0, ok
  A projectile moves: [C,10] -> out of the board
  A projectile moves: [C,6] -> [C,10]
  The Starfighter fires a projectile at: [C,1]
      1  2  3  4  5  6  7  8  9 10 11 12
    A _  _  _  _  _  _  _  _  _  _  _  _
    B _  _  _  _  _  _  _  _  _  _  _  _
    C S  *  _  _  _  _  _  _  _  *  _  _
    D _  _  _  _  _  _  _  _  _  _  _  _
    E _  _  _  _  _  _  _  _  _  _  _  _
    F _  _  _  _  _  _  _  _  _  _  _  _
->undo
  state:36.0, ok
  A projectile moves: [C,6] -> [C,10]
  A projectile moves: [C,2] -> [C,6]
  The Starfighter stays at: [C,1]
      1  2  3  4  5  6  7  8  9 10 11 12
    A _  _  _  _  _  _  _  _  _  _  _  _
    B _  _  _  _  _  _  _  _  _  _  _  _
    C S  _  _  _  _  *  _  _  _  *  _  _
    D _  _  _  _  _  _  _  _  _  _  _  _
    E _  _  _  _  _  _  _  _  _  _  _  _
    F _  _  _  _  _  _  _  _  _  _  _  _
->undo
  state:35.0, ok
  A projectile moves: [C,2] -> [C,6]
  The Starfighter fires a projectile at: [C,1]
      1  2  3  4  5  6  7  8  9 10 11 12
    A _  _  _  _  _  _  _  _  _  _  _  _
    B _  _  _  _  _  _  _  _  _  _  _  _
    C S  *  _  _  _  *  _  _  _  _  _  _
    D _  _  _  _  _  _  _  _  _  _  _  _
    E _  _  _  _  _  _  _  _  _  _  _  _
    F _  _  _  _  _  _  _  _  _  _  _  _
->fire
  state:36.0, ok
  A projectile moves: [C,6] -> [C,10]
  A projectile moves: [C,2] -> [C,6]
  The Starfighter fires a projectile at: [C,1]
      1  2  3  4  5  6  7  8  9 10 11 12
    A _  _  _  _  _  _  _  _  _  _  _  _
    B _  _  _  _  _  _  _  _  _  _  _  _
    C S  *  _  _  _  *  _  _  _  *  _  _
    D _  _  _  _  _  _  _  _  _  _  _  _
    E _  _  _  _  _  _  _  _  _  _  _  _
    F _  _  _  _  _  _  _  _  _  _  _  _
->pass
  state:37.0, ok
  A projectile moves: [C,10] -> out of the board
  A projectile moves: [C,6] -> [C,10]
  A projectile moves: [C,2] -> [C,6]
  The Starfighter stays at: [C,1]
      1  2  3  4  5  6  7  8  9 10 11 12
    A _  _  _  _  _  _  _  _  _  _  _  _
    B _  _  _  _  _  _  _  _  _  _  _  _
    C S  _  _  _  _  *  _  _  _  *  _  _
    D _  _  _  _  _  _  _  _  _  _  _  _
    E _  _  _  _  _  _  _  _  _  _  _  _
    F _  _  _  _  _  _  _  _  _  _  _  _
->fire
  state:38.0, ok
  A projectile moves: [C,10] -> out of the board
  A projectile moves: [C,6] -> [C,10]
  The Starfighter fires a projectile at: [C,1]
      1  2  3  4  5  6  7  8  9 10 11 12
    A _  _  _  _  _  _  _  _  _  _  _  _
    B _  _  _  _  _  _  _  _  _  _  _  _
    C S  *  _  _  _  _  _  _  _  *  _  _
    D _  _  _  _  _  _  _  _  _  _  _  _
    E _  _  _  _  _  _  _  _  _  _  _  _
    F _  _  _  _  _  _  _  _  _  _  _  _
->move(A,12)
  state:38.1, error
  The location to move to is out of the Starfighter's movement range.
->pass
  state:39.0, ok
  A projectile moves: [C,10] -> out of the board
  A projectile moves: [C,2] -> [C,6]
  The Starfighter stays at: [C,1]
      1  2  3  4  5  6  7  8  9 10 11 12
    A _  _  _  _  _  _  _  _  _  _  _  _
    B _  _  _  _  _  _  _  _  _  _  _  _
    C S  _  _  _  _  *  _  _  _  _  _  _
    D _  _  _  _  _  _  _  _  _  _  _  _
    E _  _  _  _  _  _  _  _  _  _  _  _
    F _  _  _  _  _  _  _  _  _  _  _  _
->move(D,5)
  state:39.1, error
  The location to move to is out of the Starfighter's movement range.
->move(A,1)
  state:39.2, error
  The location to move to is out of the Starfighter's movement range.
->abort
  state:40.0, ok
  Game has been exited.
->move(C,11)
  state:40.1, error
  Not in game.
->move(D,11)
  state:40.2, error
  Not in game.
->pass
  state:40.3, error
  Not in game.
->pass
  state:40.4, error
  Not in game.
->fire
  state:40.5, error
  Not in game.
->move(A,11)
  state:40.6, error
  Not in game.
->fire
  state:40.7, error
  Not in game.
->undo
  state:40.8, error
  Not in game.
->fire
  state:40.9, error
  Not in game.
->pass
  state:40.10, error
  Not in game.
->undo
  state:40.11, error
  Not in game.
->pass
  state:40.12, error
  Not in game.
->pass
  state:40.13, error
  Not in game.
->pass
  state:40.14, error
  Not in game.
->move(D,3)
  state:40.15, error
  Not in game.
->move(E,8)
  state:40.16, error
  Not in game.
->undo
  state:40.17, error
  Not in game.
->fire
  state:40.18, error
  Not in game.
->fire
  state:40.19, error
  Not in game.
->fire
  state:40.20, error
  Not in game.
->undo
  state:40.21, error
  Not in game.
->fire
  state:40.22, error
  Not in game.
->move(F,6)
  state:40.23, error
  Not in game.
->fire
  state:40.24, error
  Not in game.
->pass
  state:40.25, error
  Not in game.
->move(D,5)
  state:40.26, error
  Not in game.
->pass
  state:40.27, error
  Not in game.
->fire
  state:40.28, error
  Not in game.
->undo
  state:40.29, error
  Not in game.
->pass
  state:40.30, error
  Not in game.
->undo
  state:40.31, error
  Not in game.
->fire
  state:40.32, error
  Not in game.
->move(D,5)
  state:40.33, error
  Not in game.
->pass
  state:40.34, error
  Not in game.
->fire
  state:40.35, error
  Not in game.
->fire
  state:40.36, error
  Not in game.
->pass
  state:40.37, error
  Not in game.
->fire
  state:40.38, error
  Not in game.
->undo
  state:40.39, error
  Not in game.
->abort
  state:40.40, error
  Not in game.
->play(6,11,33,1)
  state:40.41, error
  Starfighter movement should not exceed row - 1 + column - 1 size of the board.
->fire
  state:40.42, error
  Not in game.
->fire
  state:40.43, error
  Not in game.
->fire
  state:40.44, error
  Not in game.
->pass
  state:40.45, error
  Not in game.
->fire
  state:40.46, error
  Not in game.
->move(D,3)
  state:40.47, error
  Not in game.
->undo
  state:40.48, error
  Not in game.
->fire
  state:40.49, error
  Not in game.
->fire
  state:40.50, error
  Not in game.
->pass
  state:40.51, error
  Not in game.
->pass
  state:40.52, error
  Not in game.
->move(A,9)
  state:40.53, error
  Not in game.
->fire
  state:40.54, error
  Not in game.
->move(C,11)
  state:40.55, error
  Not in game.
->move(D,9)
  state:40.56, error
  Not in game.
->move(E,9)
  state:40.57, error
  Not in game.
->fire
  state:40.58, error
  Not in game.
->undo
  state:40.59, error
  Not in game.
->abort
  state:40.60, error
  Not in game.
