  Welcome to Space Defender Version 1.
->play(3,26,35,2)
  state:0.1, error
  Starfighter movement should not exceed row - 1 + column - 1 size of the board.
->fire
  state:0.2, error
  Not in game.
->undo
  state:0.3, error
  Not in game.
->fire
  state:0.4, error
  Not in game.
->fire
  state:0.5, error
  Not in game.
->move(C,2)
  state:0.6, error
  Not in game.
->pass
  state:0.7, error
  Not in game.
->undo
  state:0.8, error
  Not in game.
->undo
  state:0.9, error
  Not in game.
->undo
  state:0.10, error
  Not in game.
->fire
  state:0.11, error
  Not in game.
->pass
  state:0.12, error
  Not in game.
->fire
  state:0.13, error
  Not in game.
->pass
  state:0.14, error
  Not in game.
->undo
  state:0.15, error
  Not in game.
->fire
  state:0.16, error
  Not in game.
->pass
  state:0.17, error
  Not in game.
->pass
  state:0.18, error
  Not in game.
->pass
  state:0.19, error
  Not in game.
->pass
  state:0.20, error
  Not in game.
->fire
  state:0.21, error
  Not in game.
->move(A,5)
  state:0.22, error
  Not in game.
->move(A,11)
  state:0.23, error
  Not in game.
->pass
  state:0.24, error
  Not in game.
->pass
  state:0.25, error
  Not in game.
->move(B,12)
  state:0.26, error
  Not in game.
->move(C,19)
  state:0.27, error
  Not in game.
->pass
  state:0.28, error
  Not in game.
->move(C,25)
  state:0.29, error
  Not in game.
->move(A,14)
  state:0.30, error
  Not in game.
->abort
  state:0.31, error
  Not in game.
->play(8,19,24,2)
  state:1.0, ok
      1  2  3  4  5  6  7  8  9 10 11 12 13 14 15 16 17 18 19
    A _  _  _  _  _  _  _  _  _  _  _  _  _  _  _  _  _  _  _
    B _  _  _  _  _  _  _  _  _  _  _  _  _  _  _  _  _  _  _
    C _  _  _  _  _  _  _  _  _  _  _  _  _  _  _  _  _  _  _
    D S  _  _  _  _  _  _  _  _  _  _  _  _  _  _  _  _  _  _
    E _  _  _  _  _  _  _  _  _  _  _  _  _  _  _  _  _  _  _
    F _  _  _  _  _  _  _  _  _  _  _  _  _  _  _  _  _  _  _
    G _  _  _  _  _  _  _  _  _  _  _  _  _  _  _  _  _  _  _
    H _  _  _  _  _  _  _  _  _  _  _  _  _  _  _  _  _  _  _
->fire
  state:2.0, ok
  The Starfighter fires a projectile at: [D,1]
      1  2  3  4  5  6  7  8  9 10 11 12 13 14 15 16 17 18 19
    A _  _  _  _  _  _  _  _  _  _  _  _  _  _  _  _  _  _  _
    B _  _  _  _  _  _  _  _  _  _  _  _  _  _  _  _  _  _  _
    C _  _  _  _  _  _  _  _  _  _  _  _  _  _  _  _  _  _  _
    D S  *  _  _  _  _  _  _  _  _  _  _  _  _  _  _  _  _  _
    E _  _  _  _  _  _  _  _  _  _  _  _  _  _  _  _  _  _  _
    F _  _  _  _  _  _  _  _  _  _  _  _  _  _  _  _  _  _  _
    G _  _  _  _  _  _  _  _  _  _  _  _  _  _  _  _  _  _  _
    H _  _  _  _  _  _  _  _  _  _  _  _  _  _  _  _  _  _  _
->fire
  state:3.0, ok
  A projectile moves: [D,2] -> [D,4]
  The Starfighter fires a projectile at: [D,1]
      1  2  3  4  5  6  7  8  9 10 11 12 13 14 15 16 17 18 19
    A _  _  _  _  _  _  _  _  _  _  _  _  _  _  _  _  _  _  _
    B _  _  _  _  _  _  _  _  _  _  _  _  _  _  _  _  _  _  _
    C _  _  _  _  _  _  _  _  _  _  _  _  _  _  _  _  _  _  _
    D S  *  _  *  _  _  _  _  _  _  _  _  _  _  _  _  _  _  _
    E _  _  _  _  _  _  _  _  _  _  _  _  _  _  _  _  _  _  _
    F _  _  _  _  _  _  _  _  _  _  _  _  _  _  _  _  _  _  _
    G _  _  _  _  _  _  _  _  _  _  _  _  _  _  _  _  _  _  _
    H _  _  _  _  _  _  _  _  _  _  _  _  _  _  _  _  _  _  _
->fire
  state:4.0, ok
  A projectile moves: [D,4] -> [D,6]
  A projectile moves: [D,2] -> [D,4]
  The Starfighter fires a projectile at: [D,1]
      1  2  3  4  5  6  7  8  9 10 11 12 13 14 15 16 17 18 19
    A _  _  _  _  _  _  _  _  _  _  _  _  _  _  _  _  _  _  _
    B _  _  _  _  _  _  _  _  _  _  _  _  _  _  _  _  _  _  _
    C _  _  _  _  _  _  _  _  _  _  _  _  _  _  _  _  _  _  _
    D S  *  _  *  _  *  _  _  _  _  _  _  _  _  _  _  _  _  _
    E _  _  _  _  _  _  _  _  _  _  _  _  _  _  _  _  _  _  _
    F _  _  _  _  _  _  _  _  _  _  _  _  _  _  _  _  _  _  _
    G _  _  _  _  _  _  _  _  _  _  _  _  _  _  _  _  _  _  _
    H _  _  _  _  _  _  _  _  _  _  _  _  _  _  _  _  _  _  _
->pass
  state:5.0, ok
  A projectile moves: [D,6] -> [D,8]
  A projectile moves: [D,4] -> [D,6]
  A projectile moves: [D,2] -> [D,4]
  The Starfighter stays at: [D,1]
      1  2  3  4  5  6  7  8  9 10 11 12 13 14 15 16 17 18 19
    A _  _  _  _  _  _  _  _  _  _  _  _  _  _  _  _  _  _  _
    B _  _  _  _  _  _  _  _  _  _  _  _  _  _  _  _  _  _  _
    C _  _  _  _  _  _  _  _  _  _  _  _  _  _  _  _  _  _  _
    D S  _  _  *  _  *  _  *  _  _  _  _  _  _  _  _  _  _  _
    E _  _  _  _  _  _  _  _  _  _  _  _  _  _  _  _  _  _  _
    F _  _  _  _  _  _  _  _  _  _  _  _  _  _  _  _  _  _  _
    G _  _  _  _  _  _  _  _  _  _  _  _  _  _  _  _  _  _  _
    H _  _  _  _  _  _  _  _  _  _  _  _  _  _  _  _  _  _  _
->fire
  state:6.0, ok
  A projectile moves: [D,8] -> [D,10]
  A projectile moves: [D,6] -> [D,8]
  A projectile moves: [D,4] -> [D,6]
  The Starfighter fires a projectile at: [D,1]
      1  2  3  4  5  6  7  8  9 10 11 12 13 14 15 16 17 18 19
    A _  _  _  _  _  _  _  _  _  _  _  _  _  _  _  _  _  _  _
    B _  _  _  _  _  _  _  _  _  _  _  _  _  _  _  _  _  _  _
    C _  _  _  _  _  _  _  _  _  _  _  _  _  _  _  _  _  _  _
    D S  *  _  _  _  *  _  *  _  *  _  _  _  _  _  _  _  _  _
    E _  _  _  _  _  _  _  _  _  _  _  _  _  _  _  _  _  _  _
    F _  _  _  _  _  _  _  _  _  _  _  _  _  _  _  _  _  _  _
    G _  _  _  _  _  _  _  _  _  _  _  _  _  _  _  _  _  _  _
    H _  _  _  _  _  _  _  _  _  _  _  _  _  _  _  _  _  _  _
->fire
  state:7.0, ok
  A projectile moves: [D,10] -> [D,12]
  A projectile moves: [D,8] -> [D,10]
  A projectile moves: [D,6] -> [D,8]
  A projectile moves: [D,2] -> [D,4]
  The Starfighter fires a projectile at: [D,1]
      1  2  3  4  5  6  7  8  9 10 11 12 13 14 15 16 17 18 19
    A _  _  _  _  _  _  _  _  _  _  _  _  _  _  _  _  _  _  _
    B _  _  _  _  _  _  _  _  _  _  _  _  _  _  _  _  _  _  _
    C _  _  _  _  _  _  _  _  _  _  _  _  _  _  _  _  _  _  _
    D S  *  _  *  _  _  _  *  _  *  _  *  _  _  _  _  _  _  _
    E _  _  _  _  _  _  _  _  _  _  _  _  _  _  _  _  _  _  _
    F _  _  _  _  _  _  _  _  _  _  _  _  _  _  _  _  _  _  _
    G _  _  _  _  _  _  _  _  _  _  _  _  _  _  _  _  _  _  _
    H _  _  _  _  _  _  _  _  _  _  _  _  _  _  _  _  _  _  _
->fire
  state:8.0, ok
  A projectile moves: [D,12] -> [D,14]
  A projectile moves: [D,10] -> [D,12]
  A projectile moves: [D,8] -> [D,10]
  A projectile moves: [D,4] -> [D,6]
  A projectile moves: [D,2] -> [D,4]
  The Starfighter fires a projectile at: [D,1]
      1  2  3  4  5  6  7  8  9 10 11 12 13 14 15 16 17 18 19
    A _  _  _  _  _  _  _  _  _  _  _  _  _  _  _  _  _  _  _
    B _  _  _  _  _  _  _  _  _  _  _  _  _  _  _  _  _  _  _
    C _  _  _  _  _  _  _  _  _  _  _  _  _  _  _  _  _  _  _
    D S  *  _  *  _  *  _  _  _  *  _  *  _  *  _  _  _  _  _
    E _  _  _  _  _  _  _  _  _  _  _  _  _  _  _  _  _  _  _
    F _  _  _  _  _  _  _  _  _  _  _  _  _  _  _  _  _  _  _
    G _  _  _  _  _  _  _  _  _  _  _  _  _  _  _  _  _  _  _
    H _  _  _  _  _  _  _  _  _  _  _  _  _  _  _  _  _  _  _
->pass
  state:9.0, ok
  A projectile moves: [D,14] -> [D,16]
  A projectile moves: [D,12] -> [D,14]
  A projectile moves: [D,10] -> [D,12]
  A projectile moves: [D,6] -> [D,8]
  A projectile moves: [D,4] -> [D,6]
  A projectile moves: [D,2] -> [D,4]
  The Starfighter stays at: [D,1]
      1  2  3  4  5  6  7  8  9 10 11 12 13 14 15 16 17 18 19
    A _  _  _  _  _  _  _  _  _  _  _  _  _  _  _  _  _  _  _
    B _  _  _  _  _  _  _  _  _  _  _  _  _  _  _  _  _  _  _
    C _  _  _  _  _  _  _  _  _  _  _  _  _  _  _  _  _  _  _
    D S  _  _  *  _  *  _  *  _  _  _  *  _  *  _  *  _  _  _
    E _  _  _  _  _  _  _  _  _  _  _  _  _  _  _  _  _  _  _
    F _  _  _  _  _  _  _  _  _  _  _  _  _  _  _  _  _  _  _
    G _  _  _  _  _  _  _  _  _  _  _  _  _  _  _  _  _  _  _
    H _  _  _  _  _  _  _  _  _  _  _  _  _  _  _  _  _  _  _
->undo
  state:8.0, ok
  A projectile moves: [D,12] -> [D,14]
  A projectile moves: [D,10] -> [D,12]
  A projectile moves: [D,8] -> [D,10]
  A projectile moves: [D,4] -> [D,6]
  A projectile moves: [D,2] -> [D,4]
  The Starfighter fires a projectile at: [D,1]
      1  2  3  4  5  6  7  8  9 10 11 12 13 14 15 16 17 18 19
    A _  _  _  _  _  _  _  _  _  _  _  _  _  _  _  _  _  _  _
    B _  _  _  _  _  _  _  _  _  _  _  _  _  _  _  _  _  _  _
    C _  _  _  _  _  _  _  _  _  _  _  _  _  _  _  _  _  _  _
    D S  *  _  *  _  *  _  _  _  *  _  *  _  *  _  _  _  _  _
    E _  _  _  _  _  _  _  _  _  _  _  _  _  _  _  _  _  _  _
    F _  _  _  _  _  _  _  _  _  _  _  _  _  _  _  _  _  _  _
    G _  _  _  _  _  _  _  _  _  _  _  _  _  _  _  _  _  _  _
    H _  _  _  _  _  _  _  _  _  _  _  _  _  _  _  _  _  _  _
->abort
  state:9.0, ok
  Game has been exited.
->play(7,17,11,3)
  state:10.0, ok
      1  2  3  4  5  6  7  8  9 10 11 12 13 14 15 16 17
    A _  _  _  _  _  _  _  _  _  _  _  _  _  _  _  _  _
    B _  _  _  _  _  _  _  _  _  _  _  _  _  _  _  _  _
    C _  _  _  _  _  _  _  _  _  _  _  _  _  _  _  _  _
    D S  _  _  _  _  _  _  _  _  _  _  _  _  _  _  _  _
    E _  _  _  _  _  _  _  _  _  _  _  _  _  _  _  _  _
    F _  _  _  _  _  _  _  _  _  _  _  _  _  _  _  _  _
    G _  _  _  _  _  _  _  _  _  _  _  _  _  _  _  _  _
->undo
  state:10.1, error
  Nothing left to undo.
->fire
  state:11.0, ok
  The Starfighter fires a projectile at: [D,1]
      1  2  3  4  5  6  7  8  9 10 11 12 13 14 15 16 17
    A _  _  _  _  _  _  _  _  _  _  _  _  _  _  _  _  _
    B _  _  _  _  _  _  _  _  _  _  _  _  _  _  _  _  _
    C _  _  _  _  _  _  _  _  _  _  _  _  _  _  _  _  _
    D S  *  _  _  _  _  _  _  _  _  _  _  _  _  _  _  _
    E _  _  _  _  _  _  _  _  _  _  _  _  _  _  _  _  _
    F _  _  _  _  _  _  _  _  _  _  _  _  _  _  _  _  _
    G _  _  _  _  _  _  _  _  _  _  _  _  _  _  _  _  _
->fire
  state:12.0, ok
  A projectile moves: [D,2] -> [D,5]
  The Starfighter fires a projectile at: [D,1]
      1  2  3  4  5  6  7  8  9 10 11 12 13 14 15 16 17
    A _  _  _  _  _  _  _  _  _  _  _  _  _  _  _  _  _
    B _  _  _  _  _  _  _  _  _  _  _  _  _  _  _  _  _
    C _  _  _  _  _  _  _  _  _  _  _  _  _  _  _  _  _
    D S  *  _  _  *  _  _  _  _  _  _  _  _  _  _  _  _
    E _  _  _  _  _  _  _  _  _  _  _  _  _  _  _  _  _
    F _  _  _  _  _  _  _  _  _  _  _  _  _  _  _  _  _
    G _  _  _  _  _  _  _  _  _  _  _  _  _  _  _  _  _
->abort
  state:13.0, ok
  Game has been exited.
->pass
  state:13.1, error
  Not in game.
->fire
  state:13.2, error
  Not in game.
->move(D,15)
  state:13.3, error
  Not in game.
->pass
  state:13.4, error
  Not in game.
->undo
  state:13.5, error
  Not in game.
->redo
  state:13.6, error
  Not in game.
->pass
  state:13.7, error
  Not in game.
->fire
  state:13.8, error
  Not in game.
->pass
  state:13.9, error
  Not in game.
->fire
  state:13.10, error
  Not in game.
->move(C,3)
  state:13.11, error
  Not in game.
->fire
  state:13.12, error
  Not in game.
->pass
  state:13.13, error
  Not in game.
->move(F,17)
  state:13.14, error
  Not in game.
->pass
  state:13.15, error
  Not in game.
->redo
  state:13.16, error
  Not in game.
->fire
  state:13.17, error
  Not in game.
->move(F,9)
  state:13.18, error
  Not in game.
->pass
  state:13.19, error
  Not in game.
->pass
  state:13.20, error
  Not in game.
->fire
  state:13.21, error
  Not in game.
->fire
  state:13.22, error
  Not in game.
->undo
  state:13.23, error
  Not in game.
->fire
  state:13.24, error
  Not in game.
->fire
  state:13.25, error
  Not in game.
->move(C,1)
  state:13.26, error
  Not in game.
->fire
  state:13.27, error
  Not in game.
->fire
  state:13.28, error
  Not in game.
->fire
  state:13.29, error
  Not in game.
->fire
  state:13.30, error
  Not in game.
->fire
  state:13.31, error
  Not in game.
->move(B,3)
  state:13.32, error
  Not in game.
->fire
  state:13.33, error
  Not in game.
->move(D,9)
  state:13.34, error
  Not in game.
->move(B,2)
  state:13.35, error
  Not in game.
->move(D,12)
  state:13.36, error
  Not in game.
->fire
  state:13.37, error
  Not in game.
->move(F,8)
  state:13.38, error
  Not in game.
->fire
  state:13.39, error
  Not in game.
->undo
  state:13.40, error
  Not in game.
->pass
  state:13.41, error
  Not in game.
->fire
  state:13.42, error
  Not in game.
->fire
  state:13.43, error
  Not in game.
->pass
  state:13.44, error
  Not in game.
->pass
  state:13.45, error
  Not in game.
->abort
  state:13.46, error
  Not in game.
