  Welcome to Space Defender Version 1.
->play(7,13,16,4)
  state:1.0, ok
      1  2  3  4  5  6  7  8  9 10 11 12 13
    A _  _  _  _  _  _  _  _  _  _  _  _  _
    B _  _  _  _  _  _  _  _  _  _  _  _  _
    C _  _  _  _  _  _  _  _  _  _  _  _  _
    D S  _  _  _  _  _  _  _  _  _  _  _  _
    E _  _  _  _  _  _  _  _  _  _  _  _  _
    F _  _  _  _  _  _  _  _  _  _  _  _  _
    G _  _  _  _  _  _  _  _  _  _  _  _  _
->pass
  state:2.0, ok
  The Starfighter stays at: [D,1]
      1  2  3  4  5  6  7  8  9 10 11 12 13
    A _  _  _  _  _  _  _  _  _  _  _  _  _
    B _  _  _  _  _  _  _  _  _  _  _  _  _
    C _  _  _  _  _  _  _  _  _  _  _  _  _
    D S  _  _  _  _  _  _  _  _  _  _  _  _
    E _  _  _  _  _  _  _  _  _  _  _  _  _
    F _  _  _  _  _  _  _  _  _  _  _  _  _
    G _  _  _  _  _  _  _  _  _  _  _  _  _
->undo
  state:1.0, ok
      1  2  3  4  5  6  7  8  9 10 11 12 13
    A _  _  _  _  _  _  _  _  _  _  _  _  _
    B _  _  _  _  _  _  _  _  _  _  _  _  _
    C _  _  _  _  _  _  _  _  _  _  _  _  _
    D S  _  _  _  _  _  _  _  _  _  _  _  _
    E _  _  _  _  _  _  _  _  _  _  _  _  _
    F _  _  _  _  _  _  _  _  _  _  _  _  _
    G _  _  _  _  _  _  _  _  _  _  _  _  _
->undo
  state:1.1, error
  Nothing left to undo.
->fire
  state:2.0, ok
  The Starfighter fires a projectile at: [D,1]
      1  2  3  4  5  6  7  8  9 10 11 12 13
    A _  _  _  _  _  _  _  _  _  _  _  _  _
    B _  _  _  _  _  _  _  _  _  _  _  _  _
    C _  _  _  _  _  _  _  _  _  _  _  _  _
    D S  *  _  _  _  _  _  _  _  _  _  _  _
    E _  _  _  _  _  _  _  _  _  _  _  _  _
    F _  _  _  _  _  _  _  _  _  _  _  _  _
    G _  _  _  _  _  _  _  _  _  _  _  _  _
->fire
  state:3.0, ok
  A projectile moves: [D,2] -> [D,6]
  The Starfighter fires a projectile at: [D,1]
      1  2  3  4  5  6  7  8  9 10 11 12 13
    A _  _  _  _  _  _  _  _  _  _  _  _  _
    B _  _  _  _  _  _  _  _  _  _  _  _  _
    C _  _  _  _  _  _  _  _  _  _  _  _  _
    D S  *  _  _  _  *  _  _  _  _  _  _  _
    E _  _  _  _  _  _  _  _  _  _  _  _  _
    F _  _  _  _  _  _  _  _  _  _  _  _  _
    G _  _  _  _  _  _  _  _  _  _  _  _  _
->move(B,2)
  state:4.0, ok
  A projectile moves: [D,6] -> [D,10]
  A projectile moves: [D,2] -> [D,6]
  The Starfighter moves: [D,1] -> [B,2]
      1  2  3  4  5  6  7  8  9 10 11 12 13
    A _  _  _  _  _  _  _  _  _  _  _  _  _
    B _  S  _  _  _  _  _  _  _  _  _  _  _
    C _  _  _  _  _  _  _  _  _  _  _  _  _
    D _  _  _  _  _  *  _  _  _  *  _  _  _
    E _  _  _  _  _  _  _  _  _  _  _  _  _
    F _  _  _  _  _  _  _  _  _  _  _  _  _
    G _  _  _  _  _  _  _  _  _  _  _  _  _
->fire
  state:5.0, ok
  A projectile moves: [D,10] -> out of the board
  A projectile moves: [D,6] -> [D,10]
  The Starfighter fires a projectile at: [B,2]
      1  2  3  4  5  6  7  8  9 10 11 12 13
    A _  _  _  _  _  _  _  _  _  _  _  _  _
    B _  S  *  _  _  _  _  _  _  _  _  _  _
    C _  _  _  _  _  _  _  _  _  _  _  _  _
    D _  _  _  _  _  _  _  _  _  *  _  _  _
    E _  _  _  _  _  _  _  _  _  _  _  _  _
    F _  _  _  _  _  _  _  _  _  _  _  _  _
    G _  _  _  _  _  _  _  _  _  _  _  _  _
->undo
  state:4.0, ok
  A projectile moves: [D,6] -> [D,10]
  A projectile moves: [D,2] -> [D,6]
  The Starfighter moves: [D,1] -> [B,2]
      1  2  3  4  5  6  7  8  9 10 11 12 13
    A _  _  _  _  _  _  _  _  _  _  _  _  _
    B _  S  _  _  _  _  _  _  _  _  _  _  _
    C _  _  _  _  _  _  _  _  _  _  _  _  _
    D _  _  _  _  _  *  _  _  _  *  _  _  _
    E _  _  _  _  _  _  _  _  _  _  _  _  _
    F _  _  _  _  _  _  _  _  _  _  _  _  _
    G _  _  _  _  _  _  _  _  _  _  _  _  _
->fire
  state:5.0, ok
  A projectile moves: [D,10] -> out of the board
  A projectile moves: [D,6] -> [D,10]
  The Starfighter fires a projectile at: [B,2]
      1  2  3  4  5  6  7  8  9 10 11 12 13
    A _  _  _  _  _  _  _  _  _  _  _  _  _
    B _  S  *  _  _  _  _  _  _  _  _  _  _
    C _  _  _  _  _  _  _  _  _  _  _  _  _
    D _  _  _  _  _  _  _  _  _  *  _  _  _
    E _  _  _  _  _  _  _  _  _  _  _  _  _
    F _  _  _  _  _  _  _  _  _  _  _  _  _
    G _  _  _  _  _  _  _  _  _  _  _  _  _
->pass
  state:6.0, ok
  A projectile moves: [D,10] -> out of the board
  A projectile moves: [B,3] -> [B,7]
  The Starfighter stays at: [B,2]
      1  2  3  4  5  6  7  8  9 10 11 12 13
    A _  _  _  _  _  _  _  _  _  _  _  _  _
    B _  S  _  _  _  _  *  _  _  _  _  _  _
    C _  _  _  _  _  _  _  _  _  _  _  _  _
    D _  _  _  _  _  _  _  _  _  _  _  _  _
    E _  _  _  _  _  _  _  _  _  _  _  _  _
    F _  _  _  _  _  _  _  _  _  _  _  _  _
    G _  _  _  _  _  _  _  _  _  _  _  _  _
->fire
  state:7.0, ok
  A projectile moves: [B,7] -> [B,11]
  The Starfighter fires a projectile at: [B,2]
      1  2  3  4  5  6  7  8  9 10 11 12 13
    A _  _  _  _  _  _  _  _  _  _  _  _  _
    B _  S  *  _  _  _  _  _  _  _  *  _  _
    C _  _  _  _  _  _  _  _  _  _  _  _  _
    D _  _  _  _  _  _  _  _  _  _  _  _  _
    E _  _  _  _  _  _  _  _  _  _  _  _  _
    F _  _  _  _  _  _  _  _  _  _  _  _  _
    G _  _  _  _  _  _  _  _  _  _  _  _  _
->move(B,3)
  state:8.0, ok
  A projectile moves: [B,11] -> out of the board
  A projectile moves: [B,3] -> [B,7]
  The Starfighter moves: [B,2] -> [B,3]
      1  2  3  4  5  6  7  8  9 10 11 12 13
    A _  _  _  _  _  _  _  _  _  _  _  _  _
    B _  _  S  _  _  _  *  _  _  _  _  _  _
    C _  _  _  _  _  _  _  _  _  _  _  _  _
    D _  _  _  _  _  _  _  _  _  _  _  _  _
    E _  _  _  _  _  _  _  _  _  _  _  _  _
    F _  _  _  _  _  _  _  _  _  _  _  _  _
    G _  _  _  _  _  _  _  _  _  _  _  _  _
->redo
  state:8.1, error
  Nothing left to redo.
->fire
  state:9.0, ok
  A projectile moves: [B,7] -> [B,11]
  The Starfighter fires a projectile at: [B,3]
      1  2  3  4  5  6  7  8  9 10 11 12 13
    A _  _  _  _  _  _  _  _  _  _  _  _  _
    B _  _  S  *  _  _  _  _  _  _  *  _  _
    C _  _  _  _  _  _  _  _  _  _  _  _  _
    D _  _  _  _  _  _  _  _  _  _  _  _  _
    E _  _  _  _  _  _  _  _  _  _  _  _  _
    F _  _  _  _  _  _  _  _  _  _  _  _  _
    G _  _  _  _  _  _  _  _  _  _  _  _  _
->move(D,5)
  state:10.0, ok
  A projectile moves: [B,11] -> out of the board
  A projectile moves: [B,4] -> [B,8]
  The Starfighter moves: [B,3] -> [D,5]
      1  2  3  4  5  6  7  8  9 10 11 12 13
    A _  _  _  _  _  _  _  _  _  _  _  _  _
    B _  _  _  _  _  _  _  *  _  _  _  _  _
    C _  _  _  _  _  _  _  _  _  _  _  _  _
    D _  _  _  _  S  _  _  _  _  _  _  _  _
    E _  _  _  _  _  _  _  _  _  _  _  _  _
    F _  _  _  _  _  _  _  _  _  _  _  _  _
    G _  _  _  _  _  _  _  _  _  _  _  _  _
->move(F,5)
  state:11.0, ok
  A projectile moves: [B,8] -> [B,12]
  The Starfighter moves: [D,5] -> [F,5]
      1  2  3  4  5  6  7  8  9 10 11 12 13
    A _  _  _  _  _  _  _  _  _  _  _  _  _
    B _  _  _  _  _  _  _  _  _  _  _  *  _
    C _  _  _  _  _  _  _  _  _  _  _  _  _
    D _  _  _  _  _  _  _  _  _  _  _  _  _
    E _  _  _  _  _  _  _  _  _  _  _  _  _
    F _  _  _  _  S  _  _  _  _  _  _  _  _
    G _  _  _  _  _  _  _  _  _  _  _  _  _
->move(G,5)
  state:12.0, ok
  A projectile moves: [B,12] -> out of the board
  The Starfighter moves: [F,5] -> [G,5]
      1  2  3  4  5  6  7  8  9 10 11 12 13
    A _  _  _  _  _  _  _  _  _  _  _  _  _
    B _  _  _  _  _  _  _  _  _  _  _  _  _
    C _  _  _  _  _  _  _  _  _  _  _  _  _
    D _  _  _  _  _  _  _  _  _  _  _  _  _
    E _  _  _  _  _  _  _  _  _  _  _  _  _
    F _  _  _  _  _  _  _  _  _  _  _  _  _
    G _  _  _  _  S  _  _  _  _  _  _  _  _
->fire
  state:13.0, ok
  The Starfighter fires a projectile at: [G,5]
      1  2  3  4  5  6  7  8  9 10 11 12 13
    A _  _  _  _  _  _  _  _  _  _  _  _  _
    B _  _  _  _  _  _  _  _  _  _  _  _  _
    C _  _  _  _  _  _  _  _  _  _  _  _  _
    D _  _  _  _  _  _  _  _  _  _  _  _  _
    E _  _  _  _  _  _  _  _  _  _  _  _  _
    F _  _  _  _  _  _  _  _  _  _  _  _  _
    G _  _  _  _  S  *  _  _  _  _  _  _  _
->fire
  state:14.0, ok
  A projectile moves: [G,6] -> [G,10]
  The Starfighter fires a projectile at: [G,5]
      1  2  3  4  5  6  7  8  9 10 11 12 13
    A _  _  _  _  _  _  _  _  _  _  _  _  _
    B _  _  _  _  _  _  _  _  _  _  _  _  _
    C _  _  _  _  _  _  _  _  _  _  _  _  _
    D _  _  _  _  _  _  _  _  _  _  _  _  _
    E _  _  _  _  _  _  _  _  _  _  _  _  _
    F _  _  _  _  _  _  _  _  _  _  _  _  _
    G _  _  _  _  S  *  _  _  _  *  _  _  _
->fire
  state:15.0, ok
  A projectile moves: [G,10] -> out of the board
  A projectile moves: [G,6] -> [G,10]
  The Starfighter fires a projectile at: [G,5]
      1  2  3  4  5  6  7  8  9 10 11 12 13
    A _  _  _  _  _  _  _  _  _  _  _  _  _
    B _  _  _  _  _  _  _  _  _  _  _  _  _
    C _  _  _  _  _  _  _  _  _  _  _  _  _
    D _  _  _  _  _  _  _  _  _  _  _  _  _
    E _  _  _  _  _  _  _  _  _  _  _  _  _
    F _  _  _  _  _  _  _  _  _  _  _  _  _
    G _  _  _  _  S  *  _  _  _  *  _  _  _
->fire
  state:16.0, ok
  A projectile moves: [G,10] -> out of the board
  A projectile moves: [G,6] -> [G,10]
  The Starfighter fires a projectile at: [G,5]
      1  2  3  4  5  6  7  8  9 10 11 12 13
    A _  _  _  _  _  _  _  _  _  _  _  _  _
    B _  _  _  _  _  _  _  _  _  _  _  _  _
    C _  _  _  _  _  _  _  _  _  _  _  _  _
    D _  _  _  _  _  _  _  _  _  _  _  _  _
    E _  _  _  _  _  _  _  _  _  _  _  _  _
    F _  _  _  _  _  _  _  _  _  _  _  _  _
    G _  _  _  _  S  *  _  _  _  *  _  _  _
->abort
  state:17.0, ok
  Game has been exited.
->pass
  state:17.1, error
  Not in game.
->redo
  state:17.2, error
  Not in game.
->pass
  state:17.3, error
  Not in game.
->pass
  state:17.4, error
  Not in game.
->fire
  state:17.5, error
  Not in game.
->fire
  state:17.6, error
  Not in game.
->move(F,11)
  state:17.7, error
  Not in game.
->fire
  state:17.8, error
  Not in game.
->pass
  state:17.9, error
  Not in game.
->pass
  state:17.10, error
  Not in game.
->fire
  state:17.11, error
  Not in game.
->fire
  state:17.12, error
  Not in game.
->undo
  state:17.13, error
  Not in game.
->undo
  state:17.14, error
  Not in game.
->pass
  state:17.15, error
  Not in game.
->fire
  state:17.16, error
  Not in game.
->undo
  state:17.17, error
  Not in game.
->fire
  state:17.18, error
  Not in game.
->fire
  state:17.19, error
  Not in game.
->pass
  state:17.20, error
  Not in game.
->undo
  state:17.21, error
  Not in game.
->pass
  state:17.22, error
  Not in game.
->pass
  state:17.23, error
  Not in game.
->move(E,10)
  state:17.24, error
  Not in game.
->pass
  state:17.25, error
  Not in game.
->fire
  state:17.26, error
  Not in game.
->pass
  state:17.27, error
  Not in game.
->move(B,2)
  state:17.28, error
  Not in game.
->move(B,12)
  state:17.29, error
  Not in game.
->move(F,3)
  state:17.30, error
  Not in game.
->pass
  state:17.31, error
  Not in game.
->undo
  state:17.32, error
  Not in game.
->pass
  state:17.33, error
  Not in game.
->pass
  state:17.34, error
  Not in game.
->fire
  state:17.35, error
  Not in game.
->move(A,9)
  state:17.36, error
  Not in game.
->fire
  state:17.37, error
  Not in game.
->fire
  state:17.38, error
  Not in game.
->fire
  state:17.39, error
  Not in game.
->fire
  state:17.40, error
  Not in game.
->pass
  state:17.41, error
  Not in game.
->fire
  state:17.42, error
  Not in game.
->pass
  state:17.43, error
  Not in game.
->pass
  state:17.44, error
  Not in game.
->fire
  state:17.45, error
  Not in game.
->move(B,7)
  state:17.46, error
  Not in game.
->pass
  state:17.47, error
  Not in game.
->fire
  state:17.48, error
  Not in game.
->move(F,6)
  state:17.49, error
  Not in game.
->pass
  state:17.50, error
  Not in game.
->fire
  state:17.51, error
  Not in game.
->fire
  state:17.52, error
  Not in game.
->abort
  state:17.53, error
  Not in game.
