  Welcome to Space Defender Version 1.
->play(6,5,29,1)
  state:0.1, error
  Starfighter movement should not exceed row - 1 + column - 1 size of the board.
->fire
  state:0.2, error
  Not in game.
->fire
  state:0.3, error
  Not in game.
->fire
  state:0.4, error
  Not in game.
->move(D,5)
  state:0.5, error
  Not in game.
->move(F,1)
  state:0.6, error
  Not in game.
->move(E,3)
  state:0.7, error
  Not in game.
->fire
  state:0.8, error
  Not in game.
->move(C,4)
  state:0.9, error
  Not in game.
->move(F,1)
  state:0.10, error
  Not in game.
->move(E,3)
  state:0.11, error
  Not in game.
->fire
  state:0.12, error
  Not in game.
->fire
  state:0.13, error
  Not in game.
->pass
  state:0.14, error
  Not in game.
->move(C,1)
  state:0.15, error
  Not in game.
->move(B,5)
  state:0.16, error
  Not in game.
->move(E,3)
  state:0.17, error
  Not in game.
->move(C,3)
  state:0.18, error
  Not in game.
->fire
  state:0.19, error
  Not in game.
->fire
  state:0.20, error
  Not in game.
->move(A,3)
  state:0.21, error
  Not in game.
->fire
  state:0.22, error
  Not in game.
->pass
  state:0.23, error
  Not in game.
->move(F,4)
  state:0.24, error
  Not in game.
->fire
  state:0.25, error
  Not in game.
->fire
  state:0.26, error
  Not in game.
->move(D,1)
  state:0.27, error
  Not in game.
->move(B,2)
  state:0.28, error
  Not in game.
->pass
  state:0.29, error
  Not in game.
->pass
  state:0.30, error
  Not in game.
->pass
  state:0.31, error
  Not in game.
->fire
  state:0.32, error
  Not in game.
->move(F,5)
  state:0.33, error
  Not in game.
->fire
  state:0.34, error
  Not in game.
->fire
  state:0.35, error
  Not in game.
->fire
  state:0.36, error
  Not in game.
->pass
  state:0.37, error
  Not in game.
->fire
  state:0.38, error
  Not in game.
->pass
  state:0.39, error
  Not in game.
->fire
  state:0.40, error
  Not in game.
->fire
  state:0.41, error
  Not in game.
->fire
  state:0.42, error
  Not in game.
->fire
  state:0.43, error
  Not in game.
->pass
  state:0.44, error
  Not in game.
->pass
  state:0.45, error
  Not in game.
->fire
  state:0.46, error
  Not in game.
->move(F,5)
  state:0.47, error
  Not in game.
->move(E,3)
  state:0.48, error
  Not in game.
->undo
  state:0.49, error
  Not in game.
->fire
  state:0.50, error
  Not in game.
->abort
  state:0.51, error
  Not in game.
->play(4,9,8,4)
  state:1.0, ok
      1  2  3  4  5  6  7  8  9
    A _  _  _  _  _  _  _  _  _
    B S  _  _  _  _  _  _  _  _
    C _  _  _  _  _  _  _  _  _
    D _  _  _  _  _  _  _  _  _
->fire
  state:2.0, ok
  The Starfighter fires a projectile at: [B,1]
      1  2  3  4  5  6  7  8  9
    A _  _  _  _  _  _  _  _  _
    B S  *  _  _  _  _  _  _  _
    C _  _  _  _  _  _  _  _  _
    D _  _  _  _  _  _  _  _  _
->pass
  state:3.0, ok
  A projectile moves: [B,2] -> [B,6]
  The Starfighter stays at: [B,1]
      1  2  3  4  5  6  7  8  9
    A _  _  _  _  _  _  _  _  _
    B S  _  _  _  _  *  _  _  _
    C _  _  _  _  _  _  _  _  _
    D _  _  _  _  _  _  _  _  _
->pass
  state:4.0, ok
  A projectile moves: [B,6] -> out of the board
  The Starfighter stays at: [B,1]
      1  2  3  4  5  6  7  8  9
    A _  _  _  _  _  _  _  _  _
    B S  _  _  _  _  _  _  _  _
    C _  _  _  _  _  _  _  _  _
    D _  _  _  _  _  _  _  _  _
->pass
  state:5.0, ok
  The Starfighter stays at: [B,1]
      1  2  3  4  5  6  7  8  9
    A _  _  _  _  _  _  _  _  _
    B S  _  _  _  _  _  _  _  _
    C _  _  _  _  _  _  _  _  _
    D _  _  _  _  _  _  _  _  _
->move(C,3)
  state:6.0, ok
  The Starfighter moves: [B,1] -> [C,3]
      1  2  3  4  5  6  7  8  9
    A _  _  _  _  _  _  _  _  _
    B _  _  _  _  _  _  _  _  _
    C _  _  S  _  _  _  _  _  _
    D _  _  _  _  _  _  _  _  _
->fire
  state:7.0, ok
  The Starfighter fires a projectile at: [C,3]
      1  2  3  4  5  6  7  8  9
    A _  _  _  _  _  _  _  _  _
    B _  _  _  _  _  _  _  _  _
    C _  _  S  *  _  _  _  _  _
    D _  _  _  _  _  _  _  _  _
->undo
  state:6.0, ok
  The Starfighter moves: [B,1] -> [C,3]
      1  2  3  4  5  6  7  8  9
    A _  _  _  _  _  _  _  _  _
    B _  _  _  _  _  _  _  _  _
    C _  _  S  _  _  _  _  _  _
    D _  _  _  _  _  _  _  _  _
->pass
  state:7.0, ok
  The Starfighter stays at: [C,3]
      1  2  3  4  5  6  7  8  9
    A _  _  _  _  _  _  _  _  _
    B _  _  _  _  _  _  _  _  _
    C _  _  S  _  _  _  _  _  _
    D _  _  _  _  _  _  _  _  _
->move(B,9)
  state:8.0, ok
  The Starfighter moves: [C,3] -> [B,9]
      1  2  3  4  5  6  7  8  9
    A _  _  _  _  _  _  _  _  _
    B _  _  _  _  _  _  _  _  S
    C _  _  _  _  _  _  _  _  _
    D _  _  _  _  _  _  _  _  _
->move(C,1)
  state:8.1, error
  The location to move to is out of the Starfighter's movement range.
->undo
  state:7.0, ok
  The Starfighter stays at: [C,3]
      1  2  3  4  5  6  7  8  9
    A _  _  _  _  _  _  _  _  _
    B _  _  _  _  _  _  _  _  _
    C _  _  S  _  _  _  _  _  _
    D _  _  _  _  _  _  _  _  _
->fire
  state:8.0, ok
  The Starfighter fires a projectile at: [C,3]
      1  2  3  4  5  6  7  8  9
    A _  _  _  _  _  _  _  _  _
    B _  _  _  _  _  _  _  _  _
    C _  _  S  *  _  _  _  _  _
    D _  _  _  _  _  _  _  _  _
->fire
  state:9.0, ok
  A projectile moves: [C,4] -> [C,8]
  The Starfighter fires a projectile at: [C,3]
      1  2  3  4  5  6  7  8  9
    A _  _  _  _  _  _  _  _  _
    B _  _  _  _  _  _  _  _  _
    C _  _  S  *  _  _  _  *  _
    D _  _  _  _  _  _  _  _  _
->fire
  state:10.0, ok
  A projectile moves: [C,8] -> out of the board
  A projectile moves: [C,4] -> [C,8]
  The Starfighter fires a projectile at: [C,3]
      1  2  3  4  5  6  7  8  9
    A _  _  _  _  _  _  _  _  _
    B _  _  _  _  _  _  _  _  _
    C _  _  S  *  _  _  _  *  _
    D _  _  _  _  _  _  _  _  _
->fire
  state:11.0, ok
  A projectile moves: [C,8] -> out of the board
  A projectile moves: [C,4] -> [C,8]
  The Starfighter fires a projectile at: [C,3]
      1  2  3  4  5  6  7  8  9
    A _  _  _  _  _  _  _  _  _
    B _  _  _  _  _  _  _  _  _
    C _  _  S  *  _  _  _  *  _
    D _  _  _  _  _  _  _  _  _
->undo
  state:10.0, ok
  A projectile moves: [C,8] -> out of the board
  A projectile moves: [C,4] -> [C,8]
  The Starfighter fires a projectile at: [C,3]
      1  2  3  4  5  6  7  8  9
    A _  _  _  _  _  _  _  _  _
    B _  _  _  _  _  _  _  _  _
    C _  _  S  *  _  _  _  *  _
    D _  _  _  _  _  _  _  _  _
->move(D,5)
  state:11.0, ok
  A projectile moves: [C,8] -> out of the board
  A projectile moves: [C,4] -> [C,8]
  The Starfighter moves: [C,3] -> [D,5]
      1  2  3  4  5  6  7  8  9
    A _  _  _  _  _  _  _  _  _
    B _  _  _  _  _  _  _  _  _
    C _  _  _  _  _  _  _  *  _
    D _  _  _  _  S  _  _  _  _
->pass
  state:12.0, ok
  A projectile moves: [C,8] -> out of the board
  The Starfighter stays at: [D,5]
      1  2  3  4  5  6  7  8  9
    A _  _  _  _  _  _  _  _  _
    B _  _  _  _  _  _  _  _  _
    C _  _  _  _  _  _  _  _  _
    D _  _  _  _  S  _  _  _  _
->move(C,8)
  state:13.0, ok
  The Starfighter moves: [D,5] -> [C,8]
      1  2  3  4  5  6  7  8  9
    A _  _  _  _  _  _  _  _  _
    B _  _  _  _  _  _  _  _  _
    C _  _  _  _  _  _  _  S  _
    D _  _  _  _  _  _  _  _  _
->fire
  state:14.0, ok
  The Starfighter fires a projectile at: [C,8]
      1  2  3  4  5  6  7  8  9
    A _  _  _  _  _  _  _  _  _
    B _  _  _  _  _  _  _  _  _
    C _  _  _  _  _  _  _  S  *
    D _  _  _  _  _  _  _  _  _
->fire
  state:15.0, ok
  A projectile moves: [C,9] -> out of the board
  The Starfighter fires a projectile at: [C,8]
      1  2  3  4  5  6  7  8  9
    A _  _  _  _  _  _  _  _  _
    B _  _  _  _  _  _  _  _  _
    C _  _  _  _  _  _  _  S  *
    D _  _  _  _  _  _  _  _  _
->move(D,5)
  state:16.0, ok
  A projectile moves: [C,9] -> out of the board
  The Starfighter moves: [C,8] -> [D,5]
      1  2  3  4  5  6  7  8  9
    A _  _  _  _  _  _  _  _  _
    B _  _  _  _  _  _  _  _  _
    C _  _  _  _  _  _  _  _  _
    D _  _  _  _  S  _  _  _  _
->fire
  state:17.0, ok
  The Starfighter fires a projectile at: [D,5]
      1  2  3  4  5  6  7  8  9
    A _  _  _  _  _  _  _  _  _
    B _  _  _  _  _  _  _  _  _
    C _  _  _  _  _  _  _  _  _
    D _  _  _  _  S  *  _  _  _
->redo
  state:17.1, error
  Nothing left to redo.
->fire
  state:18.0, ok
  A projectile moves: [D,6] -> out of the board
  The Starfighter fires a projectile at: [D,5]
      1  2  3  4  5  6  7  8  9
    A _  _  _  _  _  _  _  _  _
    B _  _  _  _  _  _  _  _  _
    C _  _  _  _  _  _  _  _  _
    D _  _  _  _  S  *  _  _  _
->move(D,7)
  state:19.0, ok
  A projectile moves: [D,6] -> out of the board
  The Starfighter moves: [D,5] -> [D,7]
      1  2  3  4  5  6  7  8  9
    A _  _  _  _  _  _  _  _  _
    B _  _  _  _  _  _  _  _  _
    C _  _  _  _  _  _  _  _  _
    D _  _  _  _  _  _  S  _  _
->undo
  state:18.0, ok
  A projectile moves: [D,6] -> out of the board
  The Starfighter fires a projectile at: [D,5]
      1  2  3  4  5  6  7  8  9
    A _  _  _  _  _  _  _  _  _
    B _  _  _  _  _  _  _  _  _
    C _  _  _  _  _  _  _  _  _
    D _  _  _  _  S  *  _  _  _
->redo
  state:19.0, ok
  A projectile moves: [D,6] -> out of the board
  The Starfighter moves: [D,5] -> [D,7]
      1  2  3  4  5  6  7  8  9
    A _  _  _  _  _  _  _  _  _
    B _  _  _  _  _  _  _  _  _
    C _  _  _  _  _  _  _  _  _
    D _  _  _  _  _  _  S  _  _
->move(A,3)
  state:20.0, ok
  The Starfighter moves: [D,7] -> [A,3]
      1  2  3  4  5  6  7  8  9
    A _  _  S  _  _  _  _  _  _
    B _  _  _  _  _  _  _  _  _
    C _  _  _  _  _  _  _  _  _
    D _  _  _  _  _  _  _  _  _
->pass
  state:21.0, ok
  The Starfighter stays at: [A,3]
      1  2  3  4  5  6  7  8  9
    A _  _  S  _  _  _  _  _  _
    B _  _  _  _  _  _  _  _  _
    C _  _  _  _  _  _  _  _  _
    D _  _  _  _  _  _  _  _  _
->abort
  state:22.0, ok
  Game has been exited.
->play(6,28,34,4)
  state:22.1, error
  Starfighter movement should not exceed row - 1 + column - 1 size of the board.
->pass
  state:22.2, error
  Not in game.
->move(A,19)
  state:22.3, error
  Not in game.
->pass
  state:22.4, error
  Not in game.
->pass
  state:22.5, error
  Not in game.
->pass
  state:22.6, error
  Not in game.
->move(F,21)
  state:22.7, error
  Not in game.
->fire
  state:22.8, error
  Not in game.
->redo
  state:22.9, error
  Not in game.
->pass
  state:22.10, error
  Not in game.
->pass
  state:22.11, error
  Not in game.
->move(B,23)
  state:22.12, error
  Not in game.
->fire
  state:22.13, error
  Not in game.
->fire
  state:22.14, error
  Not in game.
->pass
  state:22.15, error
  Not in game.
->fire
  state:22.16, error
  Not in game.
->pass
  state:22.17, error
  Not in game.
->fire
  state:22.18, error
  Not in game.
->undo
  state:22.19, error
  Not in game.
->move(E,18)
  state:22.20, error
  Not in game.
->move(B,19)
  state:22.21, error
  Not in game.
->fire
  state:22.22, error
  Not in game.
->fire
  state:22.23, error
  Not in game.
->fire
  state:22.24, error
  Not in game.
->fire
  state:22.25, error
  Not in game.
->fire
  state:22.26, error
  Not in game.
->pass
  state:22.27, error
  Not in game.
->fire
  state:22.28, error
  Not in game.
->pass
  state:22.29, error
  Not in game.
->abort
  state:22.30, error
  Not in game.
