  Welcome to Space Defender Version 1.
->play(7,18,4,3)
  state:1.0, ok
      1  2  3  4  5  6  7  8  9 10 11 12 13 14 15 16 17 18
    A _  _  _  _  _  _  _  _  _  _  _  _  _  _  _  _  _  _
    B _  _  _  _  _  _  _  _  _  _  _  _  _  _  _  _  _  _
    C _  _  _  _  _  _  _  _  _  _  _  _  _  _  _  _  _  _
    D S  _  _  _  _  _  _  _  _  _  _  _  _  _  _  _  _  _
    E _  _  _  _  _  _  _  _  _  _  _  _  _  _  _  _  _  _
    F _  _  _  _  _  _  _  _  _  _  _  _  _  _  _  _  _  _
    G _  _  _  _  _  _  _  _  _  _  _  _  _  _  _  _  _  _
->fire
  state:2.0, ok
  The Starfighter fires a projectile at: [D,1]
      1  2  3  4  5  6  7  8  9 10 11 12 13 14 15 16 17 18
    A _  _  _  _  _  _  _  _  _  _  _  _  _  _  _  _  _  _
    B _  _  _  _  _  _  _  _  _  _  _  _  _  _  _  _  _  _
    C _  _  _  _  _  _  _  _  _  _  _  _  _  _  _  _  _  _
    D S  *  _  _  _  _  _  _  _  _  _  _  _  _  _  _  _  _
    E _  _  _  _  _  _  _  _  _  _  _  _  _  _  _  _  _  _
    F _  _  _  _  _  _  _  _  _  _  _  _  _  _  _  _  _  _
    G _  _  _  _  _  _  _  _  _  _  _  _  _  _  _  _  _  _
->move(B,15)
  state:2.1, error
  The location to move to is out of the Starfighter's movement range.
->fire
  state:3.0, ok
  A projectile moves: [D,2] -> [D,5]
  The Starfighter fires a projectile at: [D,1]
      1  2  3  4  5  6  7  8  9 10 11 12 13 14 15 16 17 18
    A _  _  _  _  _  _  _  _  _  _  _  _  _  _  _  _  _  _
    B _  _  _  _  _  _  _  _  _  _  _  _  _  _  _  _  _  _
    C _  _  _  _  _  _  _  _  _  _  _  _  _  _  _  _  _  _
    D S  *  _  _  *  _  _  _  _  _  _  _  _  _  _  _  _  _
    E _  _  _  _  _  _  _  _  _  _  _  _  _  _  _  _  _  _
    F _  _  _  _  _  _  _  _  _  _  _  _  _  _  _  _  _  _
    G _  _  _  _  _  _  _  _  _  _  _  _  _  _  _  _  _  _
->pass
  state:4.0, ok
  A projectile moves: [D,5] -> [D,8]
  A projectile moves: [D,2] -> [D,5]
  The Starfighter stays at: [D,1]
      1  2  3  4  5  6  7  8  9 10 11 12 13 14 15 16 17 18
    A _  _  _  _  _  _  _  _  _  _  _  _  _  _  _  _  _  _
    B _  _  _  _  _  _  _  _  _  _  _  _  _  _  _  _  _  _
    C _  _  _  _  _  _  _  _  _  _  _  _  _  _  _  _  _  _
    D S  _  _  _  *  _  _  *  _  _  _  _  _  _  _  _  _  _
    E _  _  _  _  _  _  _  _  _  _  _  _  _  _  _  _  _  _
    F _  _  _  _  _  _  _  _  _  _  _  _  _  _  _  _  _  _
    G _  _  _  _  _  _  _  _  _  _  _  _  _  _  _  _  _  _
->fire
  state:5.0, ok
  A projectile moves: [D,8] -> [D,11]
  A projectile moves: [D,5] -> [D,8]
  The Starfighter fires a projectile at: [D,1]
      1  2  3  4  5  6  7  8  9 10 11 12 13 14 15 16 17 18
    A _  _  _  _  _  _  _  _  _  _  _  _  _  _  _  _  _  _
    B _  _  _  _  _  _  _  _  _  _  _  _  _  _  _  _  _  _
    C _  _  _  _  _  _  _  _  _  _  _  _  _  _  _  _  _  _
    D S  *  _  _  _  _  _  *  _  _  *  _  _  _  _  _  _  _
    E _  _  _  _  _  _  _  _  _  _  _  _  _  _  _  _  _  _
    F _  _  _  _  _  _  _  _  _  _  _  _  _  _  _  _  _  _
    G _  _  _  _  _  _  _  _  _  _  _  _  _  _  _  _  _  _
->move(C,2)
  state:6.0, ok
  A projectile moves: [D,11] -> [D,14]
  A projectile moves: [D,8] -> [D,11]
  A projectile moves: [D,2] -> [D,5]
  The Starfighter moves: [D,1] -> [C,2]
      1  2  3  4  5  6  7  8  9 10 11 12 13 14 15 16 17 18
    A _  _  _  _  _  _  _  _  _  _  _  _  _  _  _  _  _  _
    B _  _  _  _  _  _  _  _  _  _  _  _  _  _  _  _  _  _
    C _  S  _  _  _  _  _  _  _  _  _  _  _  _  _  _  _  _
    D _  _  _  _  *  _  _  _  _  _  *  _  _  *  _  _  _  _
    E _  _  _  _  _  _  _  _  _  _  _  _  _  _  _  _  _  _
    F _  _  _  _  _  _  _  _  _  _  _  _  _  _  _  _  _  _
    G _  _  _  _  _  _  _  _  _  _  _  _  _  _  _  _  _  _
->move(C,2)
  state:6.1, error
  The Starfighter is already at that location.
->move(E,15)
  state:6.2, error
  The location to move to is out of the Starfighter's movement range.
->pass
  state:7.0, ok
  A projectile moves: [D,14] -> [D,17]
  A projectile moves: [D,11] -> [D,14]
  A projectile moves: [D,5] -> [D,8]
  The Starfighter stays at: [C,2]
      1  2  3  4  5  6  7  8  9 10 11 12 13 14 15 16 17 18
    A _  _  _  _  _  _  _  _  _  _  _  _  _  _  _  _  _  _
    B _  _  _  _  _  _  _  _  _  _  _  _  _  _  _  _  _  _
    C _  S  _  _  _  _  _  _  _  _  _  _  _  _  _  _  _  _
    D _  _  _  _  _  _  _  *  _  _  _  _  _  *  _  _  *  _
    E _  _  _  _  _  _  _  _  _  _  _  _  _  _  _  _  _  _
    F _  _  _  _  _  _  _  _  _  _  _  _  _  _  _  _  _  _
    G _  _  _  _  _  _  _  _  _  _  _  _  _  _  _  _  _  _
->move(D,16)
  state:7.1, error
  The location to move to is out of the Starfighter's movement range.
->pass
  state:8.0, ok
  A projectile moves: [D,17] -> out of the board
  A projectile moves: [D,14] -> [D,17]
  A projectile moves: [D,8] -> [D,11]
  The Starfighter stays at: [C,2]
      1  2  3  4  5  6  7  8  9 10 11 12 13 14 15 16 17 18
    A _  _  _  _  _  _  _  _  _  _  _  _  _  _  _  _  _  _
    B _  _  _  _  _  _  _  _  _  _  _  _  _  _  _  _  _  _
    C _  S  _  _  _  _  _  _  _  _  _  _  _  _  _  _  _  _
    D _  _  _  _  _  _  _  _  _  _  *  _  _  _  _  _  *  _
    E _  _  _  _  _  _  _  _  _  _  _  _  _  _  _  _  _  _
    F _  _  _  _  _  _  _  _  _  _  _  _  _  _  _  _  _  _
    G _  _  _  _  _  _  _  _  _  _  _  _  _  _  _  _  _  _
->fire
  state:9.0, ok
  A projectile moves: [D,17] -> out of the board
  A projectile moves: [D,11] -> [D,14]
  The Starfighter fires a projectile at: [C,2]
      1  2  3  4  5  6  7  8  9 10 11 12 13 14 15 16 17 18
    A _  _  _  _  _  _  _  _  _  _  _  _  _  _  _  _  _  _
    B _  _  _  _  _  _  _  _  _  _  _  _  _  _  _  _  _  _
    C _  S  *  _  _  _  _  _  _  _  _  _  _  _  _  _  _  _
    D _  _  _  _  _  _  _  _  _  _  _  _  _  *  _  _  _  _
    E _  _  _  _  _  _  _  _  _  _  _  _  _  _  _  _  _  _
    F _  _  _  _  _  _  _  _  _  _  _  _  _  _  _  _  _  _
    G _  _  _  _  _  _  _  _  _  _  _  _  _  _  _  _  _  _
->fire
  state:10.0, ok
  A projectile moves: [D,14] -> [D,17]
  A projectile moves: [C,3] -> [C,6]
  The Starfighter fires a projectile at: [C,2]
      1  2  3  4  5  6  7  8  9 10 11 12 13 14 15 16 17 18
    A _  _  _  _  _  _  _  _  _  _  _  _  _  _  _  _  _  _
    B _  _  _  _  _  _  _  _  _  _  _  _  _  _  _  _  _  _
    C _  S  *  _  _  *  _  _  _  _  _  _  _  _  _  _  _  _
    D _  _  _  _  _  _  _  _  _  _  _  _  _  _  _  _  *  _
    E _  _  _  _  _  _  _  _  _  _  _  _  _  _  _  _  _  _
    F _  _  _  _  _  _  _  _  _  _  _  _  _  _  _  _  _  _
    G _  _  _  _  _  _  _  _  _  _  _  _  _  _  _  _  _  _
->undo
  state:9.0, ok
  A projectile moves: [D,17] -> out of the board
  A projectile moves: [D,11] -> [D,14]
  The Starfighter fires a projectile at: [C,2]
      1  2  3  4  5  6  7  8  9 10 11 12 13 14 15 16 17 18
    A _  _  _  _  _  _  _  _  _  _  _  _  _  _  _  _  _  _
    B _  _  _  _  _  _  _  _  _  _  _  _  _  _  _  _  _  _
    C _  S  *  _  _  _  _  _  _  _  _  _  _  _  _  _  _  _
    D _  _  _  _  _  _  _  _  _  _  _  _  _  *  _  _  _  _
    E _  _  _  _  _  _  _  _  _  _  _  _  _  _  _  _  _  _
    F _  _  _  _  _  _  _  _  _  _  _  _  _  _  _  _  _  _
    G _  _  _  _  _  _  _  _  _  _  _  _  _  _  _  _  _  _
->move(A,16)
  state:9.1, error
  The location to move to is out of the Starfighter's movement range.
->move(D,5)
  state:10.0, ok
  A projectile moves: [D,14] -> [D,17]
  A projectile moves: [C,3] -> [C,6]
  The Starfighter moves: [C,2] -> [D,5]
      1  2  3  4  5  6  7  8  9 10 11 12 13 14 15 16 17 18
    A _  _  _  _  _  _  _  _  _  _  _  _  _  _  _  _  _  _
    B _  _  _  _  _  _  _  _  _  _  _  _  _  _  _  _  _  _
    C _  _  _  _  _  *  _  _  _  _  _  _  _  _  _  _  _  _
    D _  _  _  _  S  _  _  _  _  _  _  _  _  _  _  _  *  _
    E _  _  _  _  _  _  _  _  _  _  _  _  _  _  _  _  _  _
    F _  _  _  _  _  _  _  _  _  _  _  _  _  _  _  _  _  _
    G _  _  _  _  _  _  _  _  _  _  _  _  _  _  _  _  _  _
->fire
  state:11.0, ok
  A projectile moves: [D,17] -> out of the board
  A projectile moves: [C,6] -> [C,9]
  The Starfighter fires a projectile at: [D,5]
      1  2  3  4  5  6  7  8  9 10 11 12 13 14 15 16 17 18
    A _  _  _  _  _  _  _  _  _  _  _  _  _  _  _  _  _  _
    B _  _  _  _  _  _  _  _  _  _  _  _  _  _  _  _  _  _
    C _  _  _  _  _  _  _  _  *  _  _  _  _  _  _  _  _  _
    D _  _  _  _  S  *  _  _  _  _  _  _  _  _  _  _  _  _
    E _  _  _  _  _  _  _  _  _  _  _  _  _  _  _  _  _  _
    F _  _  _  _  _  _  _  _  _  _  _  _  _  _  _  _  _  _
    G _  _  _  _  _  _  _  _  _  _  _  _  _  _  _  _  _  _
->pass
  state:12.0, ok
  A projectile moves: [C,9] -> [C,12]
  A projectile moves: [D,6] -> [D,9]
  The Starfighter stays at: [D,5]
      1  2  3  4  5  6  7  8  9 10 11 12 13 14 15 16 17 18
    A _  _  _  _  _  _  _  _  _  _  _  _  _  _  _  _  _  _
    B _  _  _  _  _  _  _  _  _  _  _  _  _  _  _  _  _  _
    C _  _  _  _  _  _  _  _  _  _  _  *  _  _  _  _  _  _
    D _  _  _  _  S  _  _  _  *  _  _  _  _  _  _  _  _  _
    E _  _  _  _  _  _  _  _  _  _  _  _  _  _  _  _  _  _
    F _  _  _  _  _  _  _  _  _  _  _  _  _  _  _  _  _  _
    G _  _  _  _  _  _  _  _  _  _  _  _  _  _  _  _  _  _
->pass
  state:13.0, ok
  A projectile moves: [C,12] -> [C,15]
  A projectile moves: [D,9] -> [D,12]
  The Starfighter stays at: [D,5]
      1  2  3  4  5  6  7  8  9 10 11 12 13 14 15 16 17 18
    A _  _  _  _  _  _  _  _  _  _  _  _  _  _  _  _  _  _
    B _  _  _  _  _  _  _  _  _  _  _  _  _  _  _  _  _  _
    C _  _  _  _  _  _  _  _  _  _  _  _  _  _  *  _  _  _
    D _  _  _  _  S  _  _  _  _  _  _  *  _  _  _  _  _  _
    E _  _  _  _  _  _  _  _  _  _  _  _  _  _  _  _  _  _
    F _  _  _  _  _  _  _  _  _  _  _  _  _  _  _  _  _  _
    G _  _  _  _  _  _  _  _  _  _  _  _  _  _  _  _  _  _
->fire
  state:14.0, ok
  A projectile moves: [C,15] -> [C,18]
  A projectile moves: [D,12] -> [D,15]
  The Starfighter fires a projectile at: [D,5]
      1  2  3  4  5  6  7  8  9 10 11 12 13 14 15 16 17 18
    A _  _  _  _  _  _  _  _  _  _  _  _  _  _  _  _  _  _
    B _  _  _  _  _  _  _  _  _  _  _  _  _  _  _  _  _  _
    C _  _  _  _  _  _  _  _  _  _  _  _  _  _  _  _  _  *
    D _  _  _  _  S  *  _  _  _  _  _  _  _  _  *  _  _  _
    E _  _  _  _  _  _  _  _  _  _  _  _  _  _  _  _  _  _
    F _  _  _  _  _  _  _  _  _  _  _  _  _  _  _  _  _  _
    G _  _  _  _  _  _  _  _  _  _  _  _  _  _  _  _  _  _
->move(B,12)
  state:14.1, error
  The location to move to is out of the Starfighter's movement range.
->fire
  state:15.0, ok
  A projectile moves: [C,18] -> out of the board
  A projectile moves: [D,15] -> [D,18]
  A projectile moves: [D,6] -> [D,9]
  The Starfighter fires a projectile at: [D,5]
      1  2  3  4  5  6  7  8  9 10 11 12 13 14 15 16 17 18
    A _  _  _  _  _  _  _  _  _  _  _  _  _  _  _  _  _  _
    B _  _  _  _  _  _  _  _  _  _  _  _  _  _  _  _  _  _
    C _  _  _  _  _  _  _  _  _  _  _  _  _  _  _  _  _  _
    D _  _  _  _  S  *  _  _  *  _  _  _  _  _  _  _  _  *
    E _  _  _  _  _  _  _  _  _  _  _  _  _  _  _  _  _  _
    F _  _  _  _  _  _  _  _  _  _  _  _  _  _  _  _  _  _
    G _  _  _  _  _  _  _  _  _  _  _  _  _  _  _  _  _  _
->pass
  state:16.0, ok
  A projectile moves: [D,18] -> out of the board
  A projectile moves: [D,9] -> [D,12]
  A projectile moves: [D,6] -> [D,9]
  The Starfighter stays at: [D,5]
      1  2  3  4  5  6  7  8  9 10 11 12 13 14 15 16 17 18
    A _  _  _  _  _  _  _  _  _  _  _  _  _  _  _  _  _  _
    B _  _  _  _  _  _  _  _  _  _  _  _  _  _  _  _  _  _
    C _  _  _  _  _  _  _  _  _  _  _  _  _  _  _  _  _  _
    D _  _  _  _  S  _  _  _  *  _  _  *  _  _  _  _  _  _
    E _  _  _  _  _  _  _  _  _  _  _  _  _  _  _  _  _  _
    F _  _  _  _  _  _  _  _  _  _  _  _  _  _  _  _  _  _
    G _  _  _  _  _  _  _  _  _  _  _  _  _  _  _  _  _  _
->undo
  state:15.0, ok
  A projectile moves: [C,18] -> out of the board
  A projectile moves: [D,15] -> [D,18]
  A projectile moves: [D,6] -> [D,9]
  The Starfighter fires a projectile at: [D,5]
      1  2  3  4  5  6  7  8  9 10 11 12 13 14 15 16 17 18
    A _  _  _  _  _  _  _  _  _  _  _  _  _  _  _  _  _  _
    B _  _  _  _  _  _  _  _  _  _  _  _  _  _  _  _  _  _
    C _  _  _  _  _  _  _  _  _  _  _  _  _  _  _  _  _  _
    D _  _  _  _  S  *  _  _  *  _  _  _  _  _  _  _  _  *
    E _  _  _  _  _  _  _  _  _  _  _  _  _  _  _  _  _  _
    F _  _  _  _  _  _  _  _  _  _  _  _  _  _  _  _  _  _
    G _  _  _  _  _  _  _  _  _  _  _  _  _  _  _  _  _  _
->redo
  state:16.0, ok
  A projectile moves: [D,18] -> out of the board
  A projectile moves: [D,9] -> [D,12]
  A projectile moves: [D,6] -> [D,9]
  The Starfighter stays at: [D,5]
      1  2  3  4  5  6  7  8  9 10 11 12 13 14 15 16 17 18
    A _  _  _  _  _  _  _  _  _  _  _  _  _  _  _  _  _  _
    B _  _  _  _  _  _  _  _  _  _  _  _  _  _  _  _  _  _
    C _  _  _  _  _  _  _  _  _  _  _  _  _  _  _  _  _  _
    D _  _  _  _  S  _  _  _  *  _  _  *  _  _  _  _  _  _
    E _  _  _  _  _  _  _  _  _  _  _  _  _  _  _  _  _  _
    F _  _  _  _  _  _  _  _  _  _  _  _  _  _  _  _  _  _
    G _  _  _  _  _  _  _  _  _  _  _  _  _  _  _  _  _  _
->pass
  state:17.0, ok
  A projectile moves: [D,12] -> [D,15]
  A projectile moves: [D,9] -> [D,12]
  The Starfighter stays at: [D,5]
      1  2  3  4  5  6  7  8  9 10 11 12 13 14 15 16 17 18
    A _  _  _  _  _  _  _  _  _  _  _  _  _  _  _  _  _  _
    B _  _  _  _  _  _  _  _  _  _  _  _  _  _  _  _  _  _
    C _  _  _  _  _  _  _  _  _  _  _  _  _  _  _  _  _  _
    D _  _  _  _  S  _  _  _  _  _  _  *  _  _  *  _  _  _
    E _  _  _  _  _  _  _  _  _  _  _  _  _  _  _  _  _  _
    F _  _  _  _  _  _  _  _  _  _  _  _  _  _  _  _  _  _
    G _  _  _  _  _  _  _  _  _  _  _  _  _  _  _  _  _  _
->abort
  state:18.0, ok
  Game has been exited.
->fire
  state:18.1, error
  Not in game.
->pass
  state:18.2, error
  Not in game.
->fire
  state:18.3, error
  Not in game.
->move(B,2)
  state:18.4, error
  Not in game.
->undo
  state:18.5, error
  Not in game.
->fire
  state:18.6, error
  Not in game.
->fire
  state:18.7, error
  Not in game.
->pass
  state:18.8, error
  Not in game.
->fire
  state:18.9, error
  Not in game.
->undo
  state:18.10, error
  Not in game.
->redo
  state:18.11, error
  Not in game.
->fire
  state:18.12, error
  Not in game.
->undo
  state:18.13, error
  Not in game.
->move(C,18)
  state:18.14, error
  Not in game.
->move(G,7)
  state:18.15, error
  Not in game.
->undo
  state:18.16, error
  Not in game.
->pass
  state:18.17, error
  Not in game.
->fire
  state:18.18, error
  Not in game.
->fire
  state:18.19, error
  Not in game.
->fire
  state:18.20, error
  Not in game.
->pass
  state:18.21, error
  Not in game.
->fire
  state:18.22, error
  Not in game.
->move(C,15)
  state:18.23, error
  Not in game.
->move(F,2)
  state:18.24, error
  Not in game.
->fire
  state:18.25, error
  Not in game.
->fire
  state:18.26, error
  Not in game.
->undo
  state:18.27, error
  Not in game.
->redo
  state:18.28, error
  Not in game.
->fire
  state:18.29, error
  Not in game.
->move(B,18)
  state:18.30, error
  Not in game.
->fire
  state:18.31, error
  Not in game.
->fire
  state:18.32, error
  Not in game.
->pass
  state:18.33, error
  Not in game.
->move(E,1)
  state:18.34, error
  Not in game.
->move(C,1)
  state:18.35, error
  Not in game.
->move(D,3)
  state:18.36, error
  Not in game.
->undo
  state:18.37, error
  Not in game.
->redo
  state:18.38, error
  Not in game.
->fire
  state:18.39, error
  Not in game.
->pass
  state:18.40, error
  Not in game.
->fire
  state:18.41, error
  Not in game.
->abort
  state:18.42, error
  Not in game.
->play(8,14,9,1)
  state:19.0, ok
      1  2  3  4  5  6  7  8  9 10 11 12 13 14
    A _  _  _  _  _  _  _  _  _  _  _  _  _  _
    B _  _  _  _  _  _  _  _  _  _  _  _  _  _
    C _  _  _  _  _  _  _  _  _  _  _  _  _  _
    D S  _  _  _  _  _  _  _  _  _  _  _  _  _
    E _  _  _  _  _  _  _  _  _  _  _  _  _  _
    F _  _  _  _  _  _  _  _  _  _  _  _  _  _
    G _  _  _  _  _  _  _  _  _  _  _  _  _  _
    H _  _  _  _  _  _  _  _  _  _  _  _  _  _
->fire
  state:20.0, ok
  The Starfighter fires a projectile at: [D,1]
      1  2  3  4  5  6  7  8  9 10 11 12 13 14
    A _  _  _  _  _  _  _  _  _  _  _  _  _  _
    B _  _  _  _  _  _  _  _  _  _  _  _  _  _
    C _  _  _  _  _  _  _  _  _  _  _  _  _  _
    D S  *  _  _  _  _  _  _  _  _  _  _  _  _
    E _  _  _  _  _  _  _  _  _  _  _  _  _  _
    F _  _  _  _  _  _  _  _  _  _  _  _  _  _
    G _  _  _  _  _  _  _  _  _  _  _  _  _  _
    H _  _  _  _  _  _  _  _  _  _  _  _  _  _
->undo
  state:19.0, ok
      1  2  3  4  5  6  7  8  9 10 11 12 13 14
    A _  _  _  _  _  _  _  _  _  _  _  _  _  _
    B _  _  _  _  _  _  _  _  _  _  _  _  _  _
    C _  _  _  _  _  _  _  _  _  _  _  _  _  _
    D S  _  _  _  _  _  _  _  _  _  _  _  _  _
    E _  _  _  _  _  _  _  _  _  _  _  _  _  _
    F _  _  _  _  _  _  _  _  _  _  _  _  _  _
    G _  _  _  _  _  _  _  _  _  _  _  _  _  _
    H _  _  _  _  _  _  _  _  _  _  _  _  _  _
->pass
  state:20.0, ok
  The Starfighter stays at: [D,1]
      1  2  3  4  5  6  7  8  9 10 11 12 13 14
    A _  _  _  _  _  _  _  _  _  _  _  _  _  _
    B _  _  _  _  _  _  _  _  _  _  _  _  _  _
    C _  _  _  _  _  _  _  _  _  _  _  _  _  _
    D S  _  _  _  _  _  _  _  _  _  _  _  _  _
    E _  _  _  _  _  _  _  _  _  _  _  _  _  _
    F _  _  _  _  _  _  _  _  _  _  _  _  _  _
    G _  _  _  _  _  _  _  _  _  _  _  _  _  _
    H _  _  _  _  _  _  _  _  _  _  _  _  _  _
->pass
  state:21.0, ok
  The Starfighter stays at: [D,1]
      1  2  3  4  5  6  7  8  9 10 11 12 13 14
    A _  _  _  _  _  _  _  _  _  _  _  _  _  _
    B _  _  _  _  _  _  _  _  _  _  _  _  _  _
    C _  _  _  _  _  _  _  _  _  _  _  _  _  _
    D S  _  _  _  _  _  _  _  _  _  _  _  _  _
    E _  _  _  _  _  _  _  _  _  _  _  _  _  _
    F _  _  _  _  _  _  _  _  _  _  _  _  _  _
    G _  _  _  _  _  _  _  _  _  _  _  _  _  _
    H _  _  _  _  _  _  _  _  _  _  _  _  _  _
->fire
  state:22.0, ok
  The Starfighter fires a projectile at: [D,1]
      1  2  3  4  5  6  7  8  9 10 11 12 13 14
    A _  _  _  _  _  _  _  _  _  _  _  _  _  _
    B _  _  _  _  _  _  _  _  _  _  _  _  _  _
    C _  _  _  _  _  _  _  _  _  _  _  _  _  _
    D S  *  _  _  _  _  _  _  _  _  _  _  _  _
    E _  _  _  _  _  _  _  _  _  _  _  _  _  _
    F _  _  _  _  _  _  _  _  _  _  _  _  _  _
    G _  _  _  _  _  _  _  _  _  _  _  _  _  _
    H _  _  _  _  _  _  _  _  _  _  _  _  _  _
->move(G,13)
  state:22.1, error
  The location to move to is out of the Starfighter's movement range.
->fire
  state:23.0, ok
  A projectile moves: [D,2] -> [D,3]
  The Starfighter fires a projectile at: [D,1]
      1  2  3  4  5  6  7  8  9 10 11 12 13 14
    A _  _  _  _  _  _  _  _  _  _  _  _  _  _
    B _  _  _  _  _  _  _  _  _  _  _  _  _  _
    C _  _  _  _  _  _  _  _  _  _  _  _  _  _
    D S  *  *  _  _  _  _  _  _  _  _  _  _  _
    E _  _  _  _  _  _  _  _  _  _  _  _  _  _
    F _  _  _  _  _  _  _  _  _  _  _  _  _  _
    G _  _  _  _  _  _  _  _  _  _  _  _  _  _
    H _  _  _  _  _  _  _  _  _  _  _  _  _  _
->fire
  state:24.0, ok
  A projectile moves: [D,3] -> [D,4]
  A projectile moves: [D,2] -> [D,3]
  The Starfighter fires a projectile at: [D,1]
      1  2  3  4  5  6  7  8  9 10 11 12 13 14
    A _  _  _  _  _  _  _  _  _  _  _  _  _  _
    B _  _  _  _  _  _  _  _  _  _  _  _  _  _
    C _  _  _  _  _  _  _  _  _  _  _  _  _  _
    D S  *  *  *  _  _  _  _  _  _  _  _  _  _
    E _  _  _  _  _  _  _  _  _  _  _  _  _  _
    F _  _  _  _  _  _  _  _  _  _  _  _  _  _
    G _  _  _  _  _  _  _  _  _  _  _  _  _  _
    H _  _  _  _  _  _  _  _  _  _  _  _  _  _
->move(E,2)
  state:25.0, ok
  A projectile moves: [D,4] -> [D,5]
  A projectile moves: [D,3] -> [D,4]
  A projectile moves: [D,2] -> [D,3]
  The Starfighter moves: [D,1] -> [E,2]
      1  2  3  4  5  6  7  8  9 10 11 12 13 14
    A _  _  _  _  _  _  _  _  _  _  _  _  _  _
    B _  _  _  _  _  _  _  _  _  _  _  _  _  _
    C _  _  _  _  _  _  _  _  _  _  _  _  _  _
    D _  _  *  *  *  _  _  _  _  _  _  _  _  _
    E _  S  _  _  _  _  _  _  _  _  _  _  _  _
    F _  _  _  _  _  _  _  _  _  _  _  _  _  _
    G _  _  _  _  _  _  _  _  _  _  _  _  _  _
    H _  _  _  _  _  _  _  _  _  _  _  _  _  _
->undo
  state:24.0, ok
  A projectile moves: [D,3] -> [D,4]
  A projectile moves: [D,2] -> [D,3]
  The Starfighter fires a projectile at: [D,1]
      1  2  3  4  5  6  7  8  9 10 11 12 13 14
    A _  _  _  _  _  _  _  _  _  _  _  _  _  _
    B _  _  _  _  _  _  _  _  _  _  _  _  _  _
    C _  _  _  _  _  _  _  _  _  _  _  _  _  _
    D S  *  *  *  _  _  _  _  _  _  _  _  _  _
    E _  _  _  _  _  _  _  _  _  _  _  _  _  _
    F _  _  _  _  _  _  _  _  _  _  _  _  _  _
    G _  _  _  _  _  _  _  _  _  _  _  _  _  _
    H _  _  _  _  _  _  _  _  _  _  _  _  _  _
->fire
  state:25.0, ok
  A projectile moves: [D,4] -> [D,5]
  A projectile moves: [D,3] -> [D,4]
  A projectile moves: [D,2] -> [D,3]
  The Starfighter fires a projectile at: [D,1]
      1  2  3  4  5  6  7  8  9 10 11 12 13 14
    A _  _  _  _  _  _  _  _  _  _  _  _  _  _
    B _  _  _  _  _  _  _  _  _  _  _  _  _  _
    C _  _  _  _  _  _  _  _  _  _  _  _  _  _
    D S  *  *  *  *  _  _  _  _  _  _  _  _  _
    E _  _  _  _  _  _  _  _  _  _  _  _  _  _
    F _  _  _  _  _  _  _  _  _  _  _  _  _  _
    G _  _  _  _  _  _  _  _  _  _  _  _  _  _
    H _  _  _  _  _  _  _  _  _  _  _  _  _  _
->redo
  state:25.1, error
  Nothing left to redo.
->undo
  state:24.0, ok
  A projectile moves: [D,3] -> [D,4]
  A projectile moves: [D,2] -> [D,3]
  The Starfighter fires a projectile at: [D,1]
      1  2  3  4  5  6  7  8  9 10 11 12 13 14
    A _  _  _  _  _  _  _  _  _  _  _  _  _  _
    B _  _  _  _  _  _  _  _  _  _  _  _  _  _
    C _  _  _  _  _  _  _  _  _  _  _  _  _  _
    D S  *  *  *  _  _  _  _  _  _  _  _  _  _
    E _  _  _  _  _  _  _  _  _  _  _  _  _  _
    F _  _  _  _  _  _  _  _  _  _  _  _  _  _
    G _  _  _  _  _  _  _  _  _  _  _  _  _  _
    H _  _  _  _  _  _  _  _  _  _  _  _  _  _
->pass
  state:25.0, ok
  A projectile moves: [D,4] -> [D,5]
  A projectile moves: [D,3] -> [D,4]
  A projectile moves: [D,2] -> [D,3]
  The Starfighter stays at: [D,1]
      1  2  3  4  5  6  7  8  9 10 11 12 13 14
    A _  _  _  _  _  _  _  _  _  _  _  _  _  _
    B _  _  _  _  _  _  _  _  _  _  _  _  _  _
    C _  _  _  _  _  _  _  _  _  _  _  _  _  _
    D S  _  *  *  *  _  _  _  _  _  _  _  _  _
    E _  _  _  _  _  _  _  _  _  _  _  _  _  _
    F _  _  _  _  _  _  _  _  _  _  _  _  _  _
    G _  _  _  _  _  _  _  _  _  _  _  _  _  _
    H _  _  _  _  _  _  _  _  _  _  _  _  _  _
->undo
  state:24.0, ok
  A projectile moves: [D,3] -> [D,4]
  A projectile moves: [D,2] -> [D,3]
  The Starfighter fires a projectile at: [D,1]
      1  2  3  4  5  6  7  8  9 10 11 12 13 14
    A _  _  _  _  _  _  _  _  _  _  _  _  _  _
    B _  _  _  _  _  _  _  _  _  _  _  _  _  _
    C _  _  _  _  _  _  _  _  _  _  _  _  _  _
    D S  *  *  *  _  _  _  _  _  _  _  _  _  _
    E _  _  _  _  _  _  _  _  _  _  _  _  _  _
    F _  _  _  _  _  _  _  _  _  _  _  _  _  _
    G _  _  _  _  _  _  _  _  _  _  _  _  _  _
    H _  _  _  _  _  _  _  _  _  _  _  _  _  _
->move(D,2)
  state:25.0, ok
  A projectile moves: [D,4] -> [D,5]
  A projectile moves: [D,3] -> [D,4]
  A projectile moves: [D,2] -> [D,3]
  The Starfighter moves: [D,1] -> [D,2]
      1  2  3  4  5  6  7  8  9 10 11 12 13 14
    A _  _  _  _  _  _  _  _  _  _  _  _  _  _
    B _  _  _  _  _  _  _  _  _  _  _  _  _  _
    C _  _  _  _  _  _  _  _  _  _  _  _  _  _
    D _  S  *  *  *  _  _  _  _  _  _  _  _  _
    E _  _  _  _  _  _  _  _  _  _  _  _  _  _
    F _  _  _  _  _  _  _  _  _  _  _  _  _  _
    G _  _  _  _  _  _  _  _  _  _  _  _  _  _
    H _  _  _  _  _  _  _  _  _  _  _  _  _  _
->move(D,2)
  state:25.1, error
  The Starfighter is already at that location.
->undo
  state:24.0, ok
  A projectile moves: [D,3] -> [D,4]
  A projectile moves: [D,2] -> [D,3]
  The Starfighter fires a projectile at: [D,1]
      1  2  3  4  5  6  7  8  9 10 11 12 13 14
    A _  _  _  _  _  _  _  _  _  _  _  _  _  _
    B _  _  _  _  _  _  _  _  _  _  _  _  _  _
    C _  _  _  _  _  _  _  _  _  _  _  _  _  _
    D S  *  *  *  _  _  _  _  _  _  _  _  _  _
    E _  _  _  _  _  _  _  _  _  _  _  _  _  _
    F _  _  _  _  _  _  _  _  _  _  _  _  _  _
    G _  _  _  _  _  _  _  _  _  _  _  _  _  _
    H _  _  _  _  _  _  _  _  _  _  _  _  _  _
->undo
  state:23.0, ok
  A projectile moves: [D,2] -> [D,3]
  The Starfighter fires a projectile at: [D,1]
      1  2  3  4  5  6  7  8  9 10 11 12 13 14
    A _  _  _  _  _  _  _  _  _  _  _  _  _  _
    B _  _  _  _  _  _  _  _  _  _  _  _  _  _
    C _  _  _  _  _  _  _  _  _  _  _  _  _  _
    D S  *  *  _  _  _  _  _  _  _  _  _  _  _
    E _  _  _  _  _  _  _  _  _  _  _  _  _  _
    F _  _  _  _  _  _  _  _  _  _  _  _  _  _
    G _  _  _  _  _  _  _  _  _  _  _  _  _  _
    H _  _  _  _  _  _  _  _  _  _  _  _  _  _
->move(C,10)
  state:23.1, error
  The location to move to is out of the Starfighter's movement range.
->pass
  state:24.0, ok
  A projectile moves: [D,3] -> [D,4]
  A projectile moves: [D,2] -> [D,3]
  The Starfighter stays at: [D,1]
      1  2  3  4  5  6  7  8  9 10 11 12 13 14
    A _  _  _  _  _  _  _  _  _  _  _  _  _  _
    B _  _  _  _  _  _  _  _  _  _  _  _  _  _
    C _  _  _  _  _  _  _  _  _  _  _  _  _  _
    D S  _  *  *  _  _  _  _  _  _  _  _  _  _
    E _  _  _  _  _  _  _  _  _  _  _  _  _  _
    F _  _  _  _  _  _  _  _  _  _  _  _  _  _
    G _  _  _  _  _  _  _  _  _  _  _  _  _  _
    H _  _  _  _  _  _  _  _  _  _  _  _  _  _
->pass
  state:25.0, ok
  A projectile moves: [D,4] -> [D,5]
  A projectile moves: [D,3] -> [D,4]
  The Starfighter stays at: [D,1]
      1  2  3  4  5  6  7  8  9 10 11 12 13 14
    A _  _  _  _  _  _  _  _  _  _  _  _  _  _
    B _  _  _  _  _  _  _  _  _  _  _  _  _  _
    C _  _  _  _  _  _  _  _  _  _  _  _  _  _
    D S  _  _  *  *  _  _  _  _  _  _  _  _  _
    E _  _  _  _  _  _  _  _  _  _  _  _  _  _
    F _  _  _  _  _  _  _  _  _  _  _  _  _  _
    G _  _  _  _  _  _  _  _  _  _  _  _  _  _
    H _  _  _  _  _  _  _  _  _  _  _  _  _  _
->undo
  state:24.0, ok
  A projectile moves: [D,3] -> [D,4]
  A projectile moves: [D,2] -> [D,3]
  The Starfighter stays at: [D,1]
      1  2  3  4  5  6  7  8  9 10 11 12 13 14
    A _  _  _  _  _  _  _  _  _  _  _  _  _  _
    B _  _  _  _  _  _  _  _  _  _  _  _  _  _
    C _  _  _  _  _  _  _  _  _  _  _  _  _  _
    D S  _  *  *  _  _  _  _  _  _  _  _  _  _
    E _  _  _  _  _  _  _  _  _  _  _  _  _  _
    F _  _  _  _  _  _  _  _  _  _  _  _  _  _
    G _  _  _  _  _  _  _  _  _  _  _  _  _  _
    H _  _  _  _  _  _  _  _  _  _  _  _  _  _
->fire
  state:25.0, ok
  A projectile moves: [D,4] -> [D,5]
  A projectile moves: [D,3] -> [D,4]
  The Starfighter fires a projectile at: [D,1]
      1  2  3  4  5  6  7  8  9 10 11 12 13 14
    A _  _  _  _  _  _  _  _  _  _  _  _  _  _
    B _  _  _  _  _  _  _  _  _  _  _  _  _  _
    C _  _  _  _  _  _  _  _  _  _  _  _  _  _
    D S  *  _  *  *  _  _  _  _  _  _  _  _  _
    E _  _  _  _  _  _  _  _  _  _  _  _  _  _
    F _  _  _  _  _  _  _  _  _  _  _  _  _  _
    G _  _  _  _  _  _  _  _  _  _  _  _  _  _
    H _  _  _  _  _  _  _  _  _  _  _  _  _  _
->fire
  state:26.0, ok
  A projectile moves: [D,5] -> [D,6]
  A projectile moves: [D,4] -> [D,5]
  A projectile moves: [D,2] -> [D,3]
  The Starfighter fires a projectile at: [D,1]
      1  2  3  4  5  6  7  8  9 10 11 12 13 14
    A _  _  _  _  _  _  _  _  _  _  _  _  _  _
    B _  _  _  _  _  _  _  _  _  _  _  _  _  _
    C _  _  _  _  _  _  _  _  _  _  _  _  _  _
    D S  *  *  _  *  *  _  _  _  _  _  _  _  _
    E _  _  _  _  _  _  _  _  _  _  _  _  _  _
    F _  _  _  _  _  _  _  _  _  _  _  _  _  _
    G _  _  _  _  _  _  _  _  _  _  _  _  _  _
    H _  _  _  _  _  _  _  _  _  _  _  _  _  _
->move(B,12)
  state:26.1, error
  The location to move to is out of the Starfighter's movement range.
->fire
  state:27.0, ok
  A projectile moves: [D,6] -> [D,7]
  A projectile moves: [D,5] -> [D,6]
  A projectile moves: [D,3] -> [D,4]
  A projectile moves: [D,2] -> [D,3]
  The Starfighter fires a projectile at: [D,1]
      1  2  3  4  5  6  7  8  9 10 11 12 13 14
    A _  _  _  _  _  _  _  _  _  _  _  _  _  _
    B _  _  _  _  _  _  _  _  _  _  _  _  _  _
    C _  _  _  _  _  _  _  _  _  _  _  _  _  _
    D S  *  *  *  _  *  *  _  _  _  _  _  _  _
    E _  _  _  _  _  _  _  _  _  _  _  _  _  _
    F _  _  _  _  _  _  _  _  _  _  _  _  _  _
    G _  _  _  _  _  _  _  _  _  _  _  _  _  _
    H _  _  _  _  _  _  _  _  _  _  _  _  _  _
->fire
  state:28.0, ok
  A projectile moves: [D,7] -> [D,8]
  A projectile moves: [D,6] -> [D,7]
  A projectile moves: [D,4] -> [D,5]
  A projectile moves: [D,3] -> [D,4]
  A projectile moves: [D,2] -> [D,3]
  The Starfighter fires a projectile at: [D,1]
      1  2  3  4  5  6  7  8  9 10 11 12 13 14
    A _  _  _  _  _  _  _  _  _  _  _  _  _  _
    B _  _  _  _  _  _  _  _  _  _  _  _  _  _
    C _  _  _  _  _  _  _  _  _  _  _  _  _  _
    D S  *  *  *  *  _  *  *  _  _  _  _  _  _
    E _  _  _  _  _  _  _  _  _  _  _  _  _  _
    F _  _  _  _  _  _  _  _  _  _  _  _  _  _
    G _  _  _  _  _  _  _  _  _  _  _  _  _  _
    H _  _  _  _  _  _  _  _  _  _  _  _  _  _
->pass
  state:29.0, ok
  A projectile moves: [D,8] -> [D,9]
  A projectile moves: [D,7] -> [D,8]
  A projectile moves: [D,5] -> [D,6]
  A projectile moves: [D,4] -> [D,5]
  A projectile moves: [D,3] -> [D,4]
  A projectile moves: [D,2] -> [D,3]
  The Starfighter stays at: [D,1]
      1  2  3  4  5  6  7  8  9 10 11 12 13 14
    A _  _  _  _  _  _  _  _  _  _  _  _  _  _
    B _  _  _  _  _  _  _  _  _  _  _  _  _  _
    C _  _  _  _  _  _  _  _  _  _  _  _  _  _
    D S  _  *  *  *  *  _  *  *  _  _  _  _  _
    E _  _  _  _  _  _  _  _  _  _  _  _  _  _
    F _  _  _  _  _  _  _  _  _  _  _  _  _  _
    G _  _  _  _  _  _  _  _  _  _  _  _  _  _
    H _  _  _  _  _  _  _  _  _  _  _  _  _  _
->undo
  state:28.0, ok
  A projectile moves: [D,7] -> [D,8]
  A projectile moves: [D,6] -> [D,7]
  A projectile moves: [D,4] -> [D,5]
  A projectile moves: [D,3] -> [D,4]
  A projectile moves: [D,2] -> [D,3]
  The Starfighter fires a projectile at: [D,1]
      1  2  3  4  5  6  7  8  9 10 11 12 13 14
    A _  _  _  _  _  _  _  _  _  _  _  _  _  _
    B _  _  _  _  _  _  _  _  _  _  _  _  _  _
    C _  _  _  _  _  _  _  _  _  _  _  _  _  _
    D S  *  *  *  *  _  *  *  _  _  _  _  _  _
    E _  _  _  _  _  _  _  _  _  _  _  _  _  _
    F _  _  _  _  _  _  _  _  _  _  _  _  _  _
    G _  _  _  _  _  _  _  _  _  _  _  _  _  _
    H _  _  _  _  _  _  _  _  _  _  _  _  _  _
->fire
  state:29.0, ok
  A projectile moves: [D,8] -> [D,9]
  A projectile moves: [D,7] -> [D,8]
  A projectile moves: [D,5] -> [D,6]
  A projectile moves: [D,4] -> [D,5]
  A projectile moves: [D,3] -> [D,4]
  A projectile moves: [D,2] -> [D,3]
  The Starfighter fires a projectile at: [D,1]
      1  2  3  4  5  6  7  8  9 10 11 12 13 14
    A _  _  _  _  _  _  _  _  _  _  _  _  _  _
    B _  _  _  _  _  _  _  _  _  _  _  _  _  _
    C _  _  _  _  _  _  _  _  _  _  _  _  _  _
    D S  *  *  *  *  *  _  *  *  _  _  _  _  _
    E _  _  _  _  _  _  _  _  _  _  _  _  _  _
    F _  _  _  _  _  _  _  _  _  _  _  _  _  _
    G _  _  _  _  _  _  _  _  _  _  _  _  _  _
    H _  _  _  _  _  _  _  _  _  _  _  _  _  _
->pass
  state:30.0, ok
  A projectile moves: [D,9] -> [D,10]
  A projectile moves: [D,8] -> [D,9]
  A projectile moves: [D,6] -> [D,7]
  A projectile moves: [D,5] -> [D,6]
  A projectile moves: [D,4] -> [D,5]
  A projectile moves: [D,3] -> [D,4]
  A projectile moves: [D,2] -> [D,3]
  The Starfighter stays at: [D,1]
      1  2  3  4  5  6  7  8  9 10 11 12 13 14
    A _  _  _  _  _  _  _  _  _  _  _  _  _  _
    B _  _  _  _  _  _  _  _  _  _  _  _  _  _
    C _  _  _  _  _  _  _  _  _  _  _  _  _  _
    D S  _  *  *  *  *  *  _  *  *  _  _  _  _
    E _  _  _  _  _  _  _  _  _  _  _  _  _  _
    F _  _  _  _  _  _  _  _  _  _  _  _  _  _
    G _  _  _  _  _  _  _  _  _  _  _  _  _  _
    H _  _  _  _  _  _  _  _  _  _  _  _  _  _
->move(D,9)
  state:31.0, ok
  A projectile moves: [D,10] -> [D,11]
  A projectile moves: [D,9] -> [D,10]
  A projectile moves: [D,7] -> [D,8]
  A projectile moves: [D,6] -> [D,7]
  A projectile moves: [D,5] -> [D,6]
  A projectile moves: [D,4] -> [D,5]
  A projectile moves: [D,3] -> [D,4]
  The Starfighter moves and collides with a projectile: [D,1] -> [D,4]
      1  2  3  4  5  6  7  8  9 10 11 12 13 14
    A _  _  _  _  _  _  _  _  _  _  _  _  _  _
    B _  _  _  _  _  _  _  _  _  _  _  _  _  _
    C _  _  _  _  _  _  _  _  _  _  _  _  _  _
    D _  _  _  X  *  *  *  *  _  *  *  _  _  _
    E _  _  _  _  _  _  _  _  _  _  _  _  _  _
    F _  _  _  _  _  _  _  _  _  _  _  _  _  _
    G _  _  _  _  _  _  _  _  _  _  _  _  _  _
    H _  _  _  _  _  _  _  _  _  _  _  _  _  _
  The game is over. Better luck next time!
->fire
  state:31.1, error
  Not in game.
->move(E,10)
  state:31.2, error
  Not in game.
->move(B,2)
  state:31.3, error
  Not in game.
->pass
  state:31.4, error
  Not in game.
->move(D,2)
  state:31.5, error
  Not in game.
->pass
  state:31.6, error
  Not in game.
->move(G,10)
  state:31.7, error
  Not in game.
->fire
  state:31.8, error
  Not in game.
->pass
  state:31.9, error
  Not in game.
->undo
  state:31.10, error
  Not in game.
->fire
  state:31.11, error
  Not in game.
->abort
  state:31.12, error
  Not in game.
->play(7,6,24,2)
  state:31.13, error
  Starfighter movement should not exceed row - 1 + column - 1 size of the board.
->fire
  state:31.14, error
  Not in game.
->fire
  state:31.15, error
  Not in game.
->move(B,6)
  state:31.16, error
  Not in game.
->move(F,3)
  state:31.17, error
  Not in game.
->fire
  state:31.18, error
  Not in game.
->undo
  state:31.19, error
  Not in game.
->redo
  state:31.20, error
  Not in game.
->pass
  state:31.21, error
  Not in game.
->fire
  state:31.22, error
  Not in game.
->undo
  state:31.23, error
  Not in game.
->redo
  state:31.24, error
  Not in game.
->undo
  state:31.25, error
  Not in game.
->redo
  state:31.26, error
  Not in game.
->fire
  state:31.27, error
  Not in game.
->fire
  state:31.28, error
  Not in game.
->fire
  state:31.29, error
  Not in game.
->fire
  state:31.30, error
  Not in game.
->fire
  state:31.31, error
  Not in game.
->pass
  state:31.32, error
  Not in game.
->fire
  state:31.33, error
  Not in game.
->fire
  state:31.34, error
  Not in game.
->fire
  state:31.35, error
  Not in game.
->fire
  state:31.36, error
  Not in game.
->fire
  state:31.37, error
  Not in game.
->pass
  state:31.38, error
  Not in game.
->fire
  state:31.39, error
  Not in game.
->pass
  state:31.40, error
  Not in game.
->move(G,5)
  state:31.41, error
  Not in game.
->move(F,6)
  state:31.42, error
  Not in game.
->fire
  state:31.43, error
  Not in game.
->fire
  state:31.44, error
  Not in game.
->move(D,2)
  state:31.45, error
  Not in game.
->pass
  state:31.46, error
  Not in game.
->pass
  state:31.47, error
  Not in game.
->undo
  state:31.48, error
  Not in game.
->fire
  state:31.49, error
  Not in game.
->move(E,1)
  state:31.50, error
  Not in game.
->pass
  state:31.51, error
  Not in game.
->pass
  state:31.52, error
  Not in game.
->move(E,6)
  state:31.53, error
  Not in game.
->pass
  state:31.54, error
  Not in game.
->undo
  state:31.55, error
  Not in game.
->fire
  state:31.56, error
  Not in game.
->abort
  state:31.57, error
  Not in game.
->fire
  state:31.58, error
  Not in game.
->move(G,1)
  state:31.59, error
  Not in game.
->move(F,1)
  state:31.60, error
  Not in game.
->move(D,6)
  state:31.61, error
  Not in game.
->fire
  state:31.62, error
  Not in game.
->move(B,4)
  state:31.63, error
  Not in game.
->fire
  state:31.64, error
  Not in game.
->fire
  state:31.65, error
  Not in game.
->pass
  state:31.66, error
  Not in game.
->move(D,4)
  state:31.67, error
  Not in game.
->move(C,6)
  state:31.68, error
  Not in game.
->undo
  state:31.69, error
  Not in game.
->fire
  state:31.70, error
  Not in game.
->fire
  state:31.71, error
  Not in game.
->pass
  state:31.72, error
  Not in game.
->undo
  state:31.73, error
  Not in game.
->pass
  state:31.74, error
  Not in game.
->fire
  state:31.75, error
  Not in game.
->undo
  state:31.76, error
  Not in game.
->move(A,2)
  state:31.77, error
  Not in game.
->fire
  state:31.78, error
  Not in game.
->fire
  state:31.79, error
  Not in game.
->fire
  state:31.80, error
  Not in game.
->move(D,5)
  state:31.81, error
  Not in game.
->move(E,2)
  state:31.82, error
  Not in game.
->pass
  state:31.83, error
  Not in game.
->move(C,4)
  state:31.84, error
  Not in game.
->move(C,1)
  state:31.85, error
  Not in game.
->pass
  state:31.86, error
  Not in game.
->abort
  state:31.87, error
  Not in game.
