  Welcome to Space Defender Version 1.
->play(7,15,11,3)
  state:1.0, ok
      1  2  3  4  5  6  7  8  9 10 11 12 13 14 15
    A _  _  _  _  _  _  _  _  _  _  _  _  _  _  _
    B _  _  _  _  _  _  _  _  _  _  _  _  _  _  _
    C _  _  _  _  _  _  _  _  _  _  _  _  _  _  _
    D S  _  _  _  _  _  _  _  _  _  _  _  _  _  _
    E _  _  _  _  _  _  _  _  _  _  _  _  _  _  _
    F _  _  _  _  _  _  _  _  _  _  _  _  _  _  _
    G _  _  _  _  _  _  _  _  _  _  _  _  _  _  _
->fire
  state:2.0, ok
  The Starfighter fires a projectile at: [D,1]
      1  2  3  4  5  6  7  8  9 10 11 12 13 14 15
    A _  _  _  _  _  _  _  _  _  _  _  _  _  _  _
    B _  _  _  _  _  _  _  _  _  _  _  _  _  _  _
    C _  _  _  _  _  _  _  _  _  _  _  _  _  _  _
    D S  *  _  _  _  _  _  _  _  _  _  _  _  _  _
    E _  _  _  _  _  _  _  _  _  _  _  _  _  _  _
    F _  _  _  _  _  _  _  _  _  _  _  _  _  _  _
    G _  _  _  _  _  _  _  _  _  _  _  _  _  _  _
->undo
  state:1.0, ok
      1  2  3  4  5  6  7  8  9 10 11 12 13 14 15
    A _  _  _  _  _  _  _  _  _  _  _  _  _  _  _
    B _  _  _  _  _  _  _  _  _  _  _  _  _  _  _
    C _  _  _  _  _  _  _  _  _  _  _  _  _  _  _
    D S  _  _  _  _  _  _  _  _  _  _  _  _  _  _
    E _  _  _  _  _  _  _  _  _  _  _  _  _  _  _
    F _  _  _  _  _  _  _  _  _  _  _  _  _  _  _
    G _  _  _  _  _  _  _  _  _  _  _  _  _  _  _
->move(G,4)
  state:2.0, ok
  The Starfighter moves: [D,1] -> [G,4]
      1  2  3  4  5  6  7  8  9 10 11 12 13 14 15
    A _  _  _  _  _  _  _  _  _  _  _  _  _  _  _
    B _  _  _  _  _  _  _  _  _  _  _  _  _  _  _
    C _  _  _  _  _  _  _  _  _  _  _  _  _  _  _
    D _  _  _  _  _  _  _  _  _  _  _  _  _  _  _
    E _  _  _  _  _  _  _  _  _  _  _  _  _  _  _
    F _  _  _  _  _  _  _  _  _  _  _  _  _  _  _
    G _  _  _  S  _  _  _  _  _  _  _  _  _  _  _
->pass
  state:3.0, ok
  The Starfighter stays at: [G,4]
      1  2  3  4  5  6  7  8  9 10 11 12 13 14 15
    A _  _  _  _  _  _  _  _  _  _  _  _  _  _  _
    B _  _  _  _  _  _  _  _  _  _  _  _  _  _  _
    C _  _  _  _  _  _  _  _  _  _  _  _  _  _  _
    D _  _  _  _  _  _  _  _  _  _  _  _  _  _  _
    E _  _  _  _  _  _  _  _  _  _  _  _  _  _  _
    F _  _  _  _  _  _  _  _  _  _  _  _  _  _  _
    G _  _  _  S  _  _  _  _  _  _  _  _  _  _  _
->pass
  state:4.0, ok
  The Starfighter stays at: [G,4]
      1  2  3  4  5  6  7  8  9 10 11 12 13 14 15
    A _  _  _  _  _  _  _  _  _  _  _  _  _  _  _
    B _  _  _  _  _  _  _  _  _  _  _  _  _  _  _
    C _  _  _  _  _  _  _  _  _  _  _  _  _  _  _
    D _  _  _  _  _  _  _  _  _  _  _  _  _  _  _
    E _  _  _  _  _  _  _  _  _  _  _  _  _  _  _
    F _  _  _  _  _  _  _  _  _  _  _  _  _  _  _
    G _  _  _  S  _  _  _  _  _  _  _  _  _  _  _
->abort
  state:5.0, ok
  Game has been exited.
->play(10,19,40,2)
  state:5.1, error
  Starfighter movement should not exceed row - 1 + column - 1 size of the board.
->fire
  state:5.2, error
  Not in game.
->pass
  state:5.3, error
  Not in game.
->pass
  state:5.4, error
  Not in game.
->fire
  state:5.5, error
  Not in game.
->fire
  state:5.6, error
  Not in game.
->fire
  state:5.7, error
  Not in game.
->undo
  state:5.8, error
  Not in game.
->pass
  state:5.9, error
  Not in game.
->pass
  state:5.10, error
  Not in game.
->fire
  state:5.11, error
  Not in game.
->pass
  state:5.12, error
  Not in game.
->fire
  state:5.13, error
  Not in game.
->fire
  state:5.14, error
  Not in game.
->move(D,15)
  state:5.15, error
  Not in game.
->pass
  state:5.16, error
  Not in game.
->fire
  state:5.17, error
  Not in game.
->undo
  state:5.18, error
  Not in game.
->fire
  state:5.19, error
  Not in game.
->pass
  state:5.20, error
  Not in game.
->move(F,18)
  state:5.21, error
  Not in game.
->abort
  state:5.22, error
  Not in game.
->move(D,7)
  state:5.23, error
  Not in game.
->fire
  state:5.24, error
  Not in game.
->pass
  state:5.25, error
  Not in game.
->move(F,17)
  state:5.26, error
  Not in game.
->fire
  state:5.27, error
  Not in game.
->fire
  state:5.28, error
  Not in game.
->fire
  state:5.29, error
  Not in game.
->fire
  state:5.30, error
  Not in game.
->pass
  state:5.31, error
  Not in game.
->move(I,5)
  state:5.32, error
  Not in game.
->fire
  state:5.33, error
  Not in game.
->fire
  state:5.34, error
  Not in game.
->move(J,5)
  state:5.35, error
  Not in game.
->move(A,12)
  state:5.36, error
  Not in game.
->undo
  state:5.37, error
  Not in game.
->fire
  state:5.38, error
  Not in game.
->pass
  state:5.39, error
  Not in game.
->pass
  state:5.40, error
  Not in game.
->move(E,1)
  state:5.41, error
  Not in game.
->abort
  state:5.42, error
  Not in game.
->pass
  state:5.43, error
  Not in game.
->fire
  state:5.44, error
  Not in game.
->fire
  state:5.45, error
  Not in game.
->pass
  state:5.46, error
  Not in game.
->fire
  state:5.47, error
  Not in game.
->fire
  state:5.48, error
  Not in game.
->fire
  state:5.49, error
  Not in game.
->fire
  state:5.50, error
  Not in game.
->pass
  state:5.51, error
  Not in game.
->abort
  state:5.52, error
  Not in game.
->play(8,9,34,5)
  state:5.53, error
  Starfighter movement should not exceed row - 1 + column - 1 size of the board.
->pass
  state:5.54, error
  Not in game.
->undo
  state:5.55, error
  Not in game.
->fire
  state:5.56, error
  Not in game.
->undo
  state:5.57, error
  Not in game.
->move(D,3)
  state:5.58, error
  Not in game.
->undo
  state:5.59, error
  Not in game.
->move(D,1)
  state:5.60, error
  Not in game.
->undo
  state:5.61, error
  Not in game.
->undo
  state:5.62, error
  Not in game.
->pass
  state:5.63, error
  Not in game.
->undo
  state:5.64, error
  Not in game.
->move(G,6)
  state:5.65, error
  Not in game.
->undo
  state:5.66, error
  Not in game.
->pass
  state:5.67, error
  Not in game.
->fire
  state:5.68, error
  Not in game.
->undo
  state:5.69, error
  Not in game.
->fire
  state:5.70, error
  Not in game.
->move(G,1)
  state:5.71, error
  Not in game.
->pass
  state:5.72, error
  Not in game.
->fire
  state:5.73, error
  Not in game.
->fire
  state:5.74, error
  Not in game.
->pass
  state:5.75, error
  Not in game.
->move(F,4)
  state:5.76, error
  Not in game.
->move(A,5)
  state:5.77, error
  Not in game.
->fire
  state:5.78, error
  Not in game.
->move(C,9)
  state:5.79, error
  Not in game.
->move(C,2)
  state:5.80, error
  Not in game.
->move(H,2)
  state:5.81, error
  Not in game.
->pass
  state:5.82, error
  Not in game.
->fire
  state:5.83, error
  Not in game.
->abort
  state:5.84, error
  Not in game.
