  Welcome to Space Defender Version 1.
->play(7,26,27,1)
  state:1.0, ok
      1  2  3  4  5  6  7  8  9 10 11 12 13 14 15 16 17 18 19 20 21 22 23 24 25 26
    A _  _  _  _  _  _  _  _  _  _  _  _  _  _  _  _  _  _  _  _  _  _  _  _  _  _
    B _  _  _  _  _  _  _  _  _  _  _  _  _  _  _  _  _  _  _  _  _  _  _  _  _  _
    C _  _  _  _  _  _  _  _  _  _  _  _  _  _  _  _  _  _  _  _  _  _  _  _  _  _
    D S  _  _  _  _  _  _  _  _  _  _  _  _  _  _  _  _  _  _  _  _  _  _  _  _  _
    E _  _  _  _  _  _  _  _  _  _  _  _  _  _  _  _  _  _  _  _  _  _  _  _  _  _
    F _  _  _  _  _  _  _  _  _  _  _  _  _  _  _  _  _  _  _  _  _  _  _  _  _  _
    G _  _  _  _  _  _  _  _  _  _  _  _  _  _  _  _  _  _  _  _  _  _  _  _  _  _
->move(G,24)
  state:2.0, ok
  The Starfighter moves: [D,1] -> [G,24]
      1  2  3  4  5  6  7  8  9 10 11 12 13 14 15 16 17 18 19 20 21 22 23 24 25 26
    A _  _  _  _  _  _  _  _  _  _  _  _  _  _  _  _  _  _  _  _  _  _  _  _  _  _
    B _  _  _  _  _  _  _  _  _  _  _  _  _  _  _  _  _  _  _  _  _  _  _  _  _  _
    C _  _  _  _  _  _  _  _  _  _  _  _  _  _  _  _  _  _  _  _  _  _  _  _  _  _
    D _  _  _  _  _  _  _  _  _  _  _  _  _  _  _  _  _  _  _  _  _  _  _  _  _  _
    E _  _  _  _  _  _  _  _  _  _  _  _  _  _  _  _  _  _  _  _  _  _  _  _  _  _
    F _  _  _  _  _  _  _  _  _  _  _  _  _  _  _  _  _  _  _  _  _  _  _  _  _  _
    G _  _  _  _  _  _  _  _  _  _  _  _  _  _  _  _  _  _  _  _  _  _  _  S  _  _
->undo
  state:1.0, ok
      1  2  3  4  5  6  7  8  9 10 11 12 13 14 15 16 17 18 19 20 21 22 23 24 25 26
    A _  _  _  _  _  _  _  _  _  _  _  _  _  _  _  _  _  _  _  _  _  _  _  _  _  _
    B _  _  _  _  _  _  _  _  _  _  _  _  _  _  _  _  _  _  _  _  _  _  _  _  _  _
    C _  _  _  _  _  _  _  _  _  _  _  _  _  _  _  _  _  _  _  _  _  _  _  _  _  _
    D S  _  _  _  _  _  _  _  _  _  _  _  _  _  _  _  _  _  _  _  _  _  _  _  _  _
    E _  _  _  _  _  _  _  _  _  _  _  _  _  _  _  _  _  _  _  _  _  _  _  _  _  _
    F _  _  _  _  _  _  _  _  _  _  _  _  _  _  _  _  _  _  _  _  _  _  _  _  _  _
    G _  _  _  _  _  _  _  _  _  _  _  _  _  _  _  _  _  _  _  _  _  _  _  _  _  _
->fire
  state:2.0, ok
  The Starfighter fires a projectile at: [D,1]
      1  2  3  4  5  6  7  8  9 10 11 12 13 14 15 16 17 18 19 20 21 22 23 24 25 26
    A _  _  _  _  _  _  _  _  _  _  _  _  _  _  _  _  _  _  _  _  _  _  _  _  _  _
    B _  _  _  _  _  _  _  _  _  _  _  _  _  _  _  _  _  _  _  _  _  _  _  _  _  _
    C _  _  _  _  _  _  _  _  _  _  _  _  _  _  _  _  _  _  _  _  _  _  _  _  _  _
    D S  *  _  _  _  _  _  _  _  _  _  _  _  _  _  _  _  _  _  _  _  _  _  _  _  _
    E _  _  _  _  _  _  _  _  _  _  _  _  _  _  _  _  _  _  _  _  _  _  _  _  _  _
    F _  _  _  _  _  _  _  _  _  _  _  _  _  _  _  _  _  _  _  _  _  _  _  _  _  _
    G _  _  _  _  _  _  _  _  _  _  _  _  _  _  _  _  _  _  _  _  _  _  _  _  _  _
->fire
  state:3.0, ok
  A projectile moves: [D,2] -> [D,3]
  The Starfighter fires a projectile at: [D,1]
      1  2  3  4  5  6  7  8  9 10 11 12 13 14 15 16 17 18 19 20 21 22 23 24 25 26
    A _  _  _  _  _  _  _  _  _  _  _  _  _  _  _  _  _  _  _  _  _  _  _  _  _  _
    B _  _  _  _  _  _  _  _  _  _  _  _  _  _  _  _  _  _  _  _  _  _  _  _  _  _
    C _  _  _  _  _  _  _  _  _  _  _  _  _  _  _  _  _  _  _  _  _  _  _  _  _  _
    D S  *  *  _  _  _  _  _  _  _  _  _  _  _  _  _  _  _  _  _  _  _  _  _  _  _
    E _  _  _  _  _  _  _  _  _  _  _  _  _  _  _  _  _  _  _  _  _  _  _  _  _  _
    F _  _  _  _  _  _  _  _  _  _  _  _  _  _  _  _  _  _  _  _  _  _  _  _  _  _
    G _  _  _  _  _  _  _  _  _  _  _  _  _  _  _  _  _  _  _  _  _  _  _  _  _  _
->fire
  state:4.0, ok
  A projectile moves: [D,3] -> [D,4]
  A projectile moves: [D,2] -> [D,3]
  The Starfighter fires a projectile at: [D,1]
      1  2  3  4  5  6  7  8  9 10 11 12 13 14 15 16 17 18 19 20 21 22 23 24 25 26
    A _  _  _  _  _  _  _  _  _  _  _  _  _  _  _  _  _  _  _  _  _  _  _  _  _  _
    B _  _  _  _  _  _  _  _  _  _  _  _  _  _  _  _  _  _  _  _  _  _  _  _  _  _
    C _  _  _  _  _  _  _  _  _  _  _  _  _  _  _  _  _  _  _  _  _  _  _  _  _  _
    D S  *  *  *  _  _  _  _  _  _  _  _  _  _  _  _  _  _  _  _  _  _  _  _  _  _
    E _  _  _  _  _  _  _  _  _  _  _  _  _  _  _  _  _  _  _  _  _  _  _  _  _  _
    F _  _  _  _  _  _  _  _  _  _  _  _  _  _  _  _  _  _  _  _  _  _  _  _  _  _
    G _  _  _  _  _  _  _  _  _  _  _  _  _  _  _  _  _  _  _  _  _  _  _  _  _  _
->pass
  state:5.0, ok
  A projectile moves: [D,4] -> [D,5]
  A projectile moves: [D,3] -> [D,4]
  A projectile moves: [D,2] -> [D,3]
  The Starfighter stays at: [D,1]
      1  2  3  4  5  6  7  8  9 10 11 12 13 14 15 16 17 18 19 20 21 22 23 24 25 26
    A _  _  _  _  _  _  _  _  _  _  _  _  _  _  _  _  _  _  _  _  _  _  _  _  _  _
    B _  _  _  _  _  _  _  _  _  _  _  _  _  _  _  _  _  _  _  _  _  _  _  _  _  _
    C _  _  _  _  _  _  _  _  _  _  _  _  _  _  _  _  _  _  _  _  _  _  _  _  _  _
    D S  _  *  *  *  _  _  _  _  _  _  _  _  _  _  _  _  _  _  _  _  _  _  _  _  _
    E _  _  _  _  _  _  _  _  _  _  _  _  _  _  _  _  _  _  _  _  _  _  _  _  _  _
    F _  _  _  _  _  _  _  _  _  _  _  _  _  _  _  _  _  _  _  _  _  _  _  _  _  _
    G _  _  _  _  _  _  _  _  _  _  _  _  _  _  _  _  _  _  _  _  _  _  _  _  _  _
->fire
  state:6.0, ok
  A projectile moves: [D,5] -> [D,6]
  A projectile moves: [D,4] -> [D,5]
  A projectile moves: [D,3] -> [D,4]
  The Starfighter fires a projectile at: [D,1]
      1  2  3  4  5  6  7  8  9 10 11 12 13 14 15 16 17 18 19 20 21 22 23 24 25 26
    A _  _  _  _  _  _  _  _  _  _  _  _  _  _  _  _  _  _  _  _  _  _  _  _  _  _
    B _  _  _  _  _  _  _  _  _  _  _  _  _  _  _  _  _  _  _  _  _  _  _  _  _  _
    C _  _  _  _  _  _  _  _  _  _  _  _  _  _  _  _  _  _  _  _  _  _  _  _  _  _
    D S  *  _  *  *  *  _  _  _  _  _  _  _  _  _  _  _  _  _  _  _  _  _  _  _  _
    E _  _  _  _  _  _  _  _  _  _  _  _  _  _  _  _  _  _  _  _  _  _  _  _  _  _
    F _  _  _  _  _  _  _  _  _  _  _  _  _  _  _  _  _  _  _  _  _  _  _  _  _  _
    G _  _  _  _  _  _  _  _  _  _  _  _  _  _  _  _  _  _  _  _  _  _  _  _  _  _
->move(F,10)
  state:7.0, ok
  A projectile moves: [D,6] -> [D,7]
  A projectile moves: [D,5] -> [D,6]
  A projectile moves: [D,4] -> [D,5]
  A projectile moves: [D,2] -> [D,3]
  The Starfighter moves: [D,1] -> [F,10]
      1  2  3  4  5  6  7  8  9 10 11 12 13 14 15 16 17 18 19 20 21 22 23 24 25 26
    A _  _  _  _  _  _  _  _  _  _  _  _  _  _  _  _  _  _  _  _  _  _  _  _  _  _
    B _  _  _  _  _  _  _  _  _  _  _  _  _  _  _  _  _  _  _  _  _  _  _  _  _  _
    C _  _  _  _  _  _  _  _  _  _  _  _  _  _  _  _  _  _  _  _  _  _  _  _  _  _
    D _  _  *  _  *  *  *  _  _  _  _  _  _  _  _  _  _  _  _  _  _  _  _  _  _  _
    E _  _  _  _  _  _  _  _  _  _  _  _  _  _  _  _  _  _  _  _  _  _  _  _  _  _
    F _  _  _  _  _  _  _  _  _  S  _  _  _  _  _  _  _  _  _  _  _  _  _  _  _  _
    G _  _  _  _  _  _  _  _  _  _  _  _  _  _  _  _  _  _  _  _  _  _  _  _  _  _
->pass
  state:8.0, ok
  A projectile moves: [D,7] -> [D,8]
  A projectile moves: [D,6] -> [D,7]
  A projectile moves: [D,5] -> [D,6]
  A projectile moves: [D,3] -> [D,4]
  The Starfighter stays at: [F,10]
      1  2  3  4  5  6  7  8  9 10 11 12 13 14 15 16 17 18 19 20 21 22 23 24 25 26
    A _  _  _  _  _  _  _  _  _  _  _  _  _  _  _  _  _  _  _  _  _  _  _  _  _  _
    B _  _  _  _  _  _  _  _  _  _  _  _  _  _  _  _  _  _  _  _  _  _  _  _  _  _
    C _  _  _  _  _  _  _  _  _  _  _  _  _  _  _  _  _  _  _  _  _  _  _  _  _  _
    D _  _  _  *  _  *  *  *  _  _  _  _  _  _  _  _  _  _  _  _  _  _  _  _  _  _
    E _  _  _  _  _  _  _  _  _  _  _  _  _  _  _  _  _  _  _  _  _  _  _  _  _  _
    F _  _  _  _  _  _  _  _  _  S  _  _  _  _  _  _  _  _  _  _  _  _  _  _  _  _
    G _  _  _  _  _  _  _  _  _  _  _  _  _  _  _  _  _  _  _  _  _  _  _  _  _  _
->fire
  state:9.0, ok
  A projectile moves: [D,8] -> [D,9]
  A projectile moves: [D,7] -> [D,8]
  A projectile moves: [D,6] -> [D,7]
  A projectile moves: [D,4] -> [D,5]
  The Starfighter fires a projectile at: [F,10]
      1  2  3  4  5  6  7  8  9 10 11 12 13 14 15 16 17 18 19 20 21 22 23 24 25 26
    A _  _  _  _  _  _  _  _  _  _  _  _  _  _  _  _  _  _  _  _  _  _  _  _  _  _
    B _  _  _  _  _  _  _  _  _  _  _  _  _  _  _  _  _  _  _  _  _  _  _  _  _  _
    C _  _  _  _  _  _  _  _  _  _  _  _  _  _  _  _  _  _  _  _  _  _  _  _  _  _
    D _  _  _  _  *  _  *  *  *  _  _  _  _  _  _  _  _  _  _  _  _  _  _  _  _  _
    E _  _  _  _  _  _  _  _  _  _  _  _  _  _  _  _  _  _  _  _  _  _  _  _  _  _
    F _  _  _  _  _  _  _  _  _  S  *  _  _  _  _  _  _  _  _  _  _  _  _  _  _  _
    G _  _  _  _  _  _  _  _  _  _  _  _  _  _  _  _  _  _  _  _  _  _  _  _  _  _
->fire
  state:10.0, ok
  A projectile moves: [D,9] -> [D,10]
  A projectile moves: [D,8] -> [D,9]
  A projectile moves: [D,7] -> [D,8]
  A projectile moves: [D,5] -> [D,6]
  A projectile moves: [F,11] -> [F,12]
  The Starfighter fires a projectile at: [F,10]
      1  2  3  4  5  6  7  8  9 10 11 12 13 14 15 16 17 18 19 20 21 22 23 24 25 26
    A _  _  _  _  _  _  _  _  _  _  _  _  _  _  _  _  _  _  _  _  _  _  _  _  _  _
    B _  _  _  _  _  _  _  _  _  _  _  _  _  _  _  _  _  _  _  _  _  _  _  _  _  _
    C _  _  _  _  _  _  _  _  _  _  _  _  _  _  _  _  _  _  _  _  _  _  _  _  _  _
    D _  _  _  _  _  *  _  *  *  *  _  _  _  _  _  _  _  _  _  _  _  _  _  _  _  _
    E _  _  _  _  _  _  _  _  _  _  _  _  _  _  _  _  _  _  _  _  _  _  _  _  _  _
    F _  _  _  _  _  _  _  _  _  S  *  *  _  _  _  _  _  _  _  _  _  _  _  _  _  _
    G _  _  _  _  _  _  _  _  _  _  _  _  _  _  _  _  _  _  _  _  _  _  _  _  _  _
->fire
  state:11.0, ok
  A projectile moves: [D,10] -> [D,11]
  A projectile moves: [D,9] -> [D,10]
  A projectile moves: [D,8] -> [D,9]
  A projectile moves: [D,6] -> [D,7]
  A projectile moves: [F,12] -> [F,13]
  A projectile moves: [F,11] -> [F,12]
  The Starfighter fires a projectile at: [F,10]
      1  2  3  4  5  6  7  8  9 10 11 12 13 14 15 16 17 18 19 20 21 22 23 24 25 26
    A _  _  _  _  _  _  _  _  _  _  _  _  _  _  _  _  _  _  _  _  _  _  _  _  _  _
    B _  _  _  _  _  _  _  _  _  _  _  _  _  _  _  _  _  _  _  _  _  _  _  _  _  _
    C _  _  _  _  _  _  _  _  _  _  _  _  _  _  _  _  _  _  _  _  _  _  _  _  _  _
    D _  _  _  _  _  _  *  _  *  *  *  _  _  _  _  _  _  _  _  _  _  _  _  _  _  _
    E _  _  _  _  _  _  _  _  _  _  _  _  _  _  _  _  _  _  _  _  _  _  _  _  _  _
    F _  _  _  _  _  _  _  _  _  S  *  *  *  _  _  _  _  _  _  _  _  _  _  _  _  _
    G _  _  _  _  _  _  _  _  _  _  _  _  _  _  _  _  _  _  _  _  _  _  _  _  _  _
->fire
  state:12.0, ok
  A projectile moves: [D,11] -> [D,12]
  A projectile moves: [D,10] -> [D,11]
  A projectile moves: [D,9] -> [D,10]
  A projectile moves: [D,7] -> [D,8]
  A projectile moves: [F,13] -> [F,14]
  A projectile moves: [F,12] -> [F,13]
  A projectile moves: [F,11] -> [F,12]
  The Starfighter fires a projectile at: [F,10]
      1  2  3  4  5  6  7  8  9 10 11 12 13 14 15 16 17 18 19 20 21 22 23 24 25 26
    A _  _  _  _  _  _  _  _  _  _  _  _  _  _  _  _  _  _  _  _  _  _  _  _  _  _
    B _  _  _  _  _  _  _  _  _  _  _  _  _  _  _  _  _  _  _  _  _  _  _  _  _  _
    C _  _  _  _  _  _  _  _  _  _  _  _  _  _  _  _  _  _  _  _  _  _  _  _  _  _
    D _  _  _  _  _  _  _  *  _  *  *  *  _  _  _  _  _  _  _  _  _  _  _  _  _  _
    E _  _  _  _  _  _  _  _  _  _  _  _  _  _  _  _  _  _  _  _  _  _  _  _  _  _
    F _  _  _  _  _  _  _  _  _  S  *  *  *  *  _  _  _  _  _  _  _  _  _  _  _  _
    G _  _  _  _  _  _  _  _  _  _  _  _  _  _  _  _  _  _  _  _  _  _  _  _  _  _
->fire
  state:13.0, ok
  A projectile moves: [D,12] -> [D,13]
  A projectile moves: [D,11] -> [D,12]
  A projectile moves: [D,10] -> [D,11]
  A projectile moves: [D,8] -> [D,9]
  A projectile moves: [F,14] -> [F,15]
  A projectile moves: [F,13] -> [F,14]
  A projectile moves: [F,12] -> [F,13]
  A projectile moves: [F,11] -> [F,12]
  The Starfighter fires a projectile at: [F,10]
      1  2  3  4  5  6  7  8  9 10 11 12 13 14 15 16 17 18 19 20 21 22 23 24 25 26
    A _  _  _  _  _  _  _  _  _  _  _  _  _  _  _  _  _  _  _  _  _  _  _  _  _  _
    B _  _  _  _  _  _  _  _  _  _  _  _  _  _  _  _  _  _  _  _  _  _  _  _  _  _
    C _  _  _  _  _  _  _  _  _  _  _  _  _  _  _  _  _  _  _  _  _  _  _  _  _  _
    D _  _  _  _  _  _  _  _  *  _  *  *  *  _  _  _  _  _  _  _  _  _  _  _  _  _
    E _  _  _  _  _  _  _  _  _  _  _  _  _  _  _  _  _  _  _  _  _  _  _  _  _  _
    F _  _  _  _  _  _  _  _  _  S  *  *  *  *  *  _  _  _  _  _  _  _  _  _  _  _
    G _  _  _  _  _  _  _  _  _  _  _  _  _  _  _  _  _  _  _  _  _  _  _  _  _  _
->pass
  state:14.0, ok
  A projectile moves: [D,13] -> [D,14]
  A projectile moves: [D,12] -> [D,13]
  A projectile moves: [D,11] -> [D,12]
  A projectile moves: [D,9] -> [D,10]
  A projectile moves: [F,15] -> [F,16]
  A projectile moves: [F,14] -> [F,15]
  A projectile moves: [F,13] -> [F,14]
  A projectile moves: [F,12] -> [F,13]
  A projectile moves: [F,11] -> [F,12]
  The Starfighter stays at: [F,10]
      1  2  3  4  5  6  7  8  9 10 11 12 13 14 15 16 17 18 19 20 21 22 23 24 25 26
    A _  _  _  _  _  _  _  _  _  _  _  _  _  _  _  _  _  _  _  _  _  _  _  _  _  _
    B _  _  _  _  _  _  _  _  _  _  _  _  _  _  _  _  _  _  _  _  _  _  _  _  _  _
    C _  _  _  _  _  _  _  _  _  _  _  _  _  _  _  _  _  _  _  _  _  _  _  _  _  _
    D _  _  _  _  _  _  _  _  _  *  _  *  *  *  _  _  _  _  _  _  _  _  _  _  _  _
    E _  _  _  _  _  _  _  _  _  _  _  _  _  _  _  _  _  _  _  _  _  _  _  _  _  _
    F _  _  _  _  _  _  _  _  _  S  _  *  *  *  *  *  _  _  _  _  _  _  _  _  _  _
    G _  _  _  _  _  _  _  _  _  _  _  _  _  _  _  _  _  _  _  _  _  _  _  _  _  _
->pass
  state:15.0, ok
  A projectile moves: [D,14] -> [D,15]
  A projectile moves: [D,13] -> [D,14]
  A projectile moves: [D,12] -> [D,13]
  A projectile moves: [D,10] -> [D,11]
  A projectile moves: [F,16] -> [F,17]
  A projectile moves: [F,15] -> [F,16]
  A projectile moves: [F,14] -> [F,15]
  A projectile moves: [F,13] -> [F,14]
  A projectile moves: [F,12] -> [F,13]
  The Starfighter stays at: [F,10]
      1  2  3  4  5  6  7  8  9 10 11 12 13 14 15 16 17 18 19 20 21 22 23 24 25 26
    A _  _  _  _  _  _  _  _  _  _  _  _  _  _  _  _  _  _  _  _  _  _  _  _  _  _
    B _  _  _  _  _  _  _  _  _  _  _  _  _  _  _  _  _  _  _  _  _  _  _  _  _  _
    C _  _  _  _  _  _  _  _  _  _  _  _  _  _  _  _  _  _  _  _  _  _  _  _  _  _
    D _  _  _  _  _  _  _  _  _  _  *  _  *  *  *  _  _  _  _  _  _  _  _  _  _  _
    E _  _  _  _  _  _  _  _  _  _  _  _  _  _  _  _  _  _  _  _  _  _  _  _  _  _
    F _  _  _  _  _  _  _  _  _  S  _  _  *  *  *  *  *  _  _  _  _  _  _  _  _  _
    G _  _  _  _  _  _  _  _  _  _  _  _  _  _  _  _  _  _  _  _  _  _  _  _  _  _
->pass
  state:16.0, ok
  A projectile moves: [D,15] -> [D,16]
  A projectile moves: [D,14] -> [D,15]
  A projectile moves: [D,13] -> [D,14]
  A projectile moves: [D,11] -> [D,12]
  A projectile moves: [F,17] -> [F,18]
  A projectile moves: [F,16] -> [F,17]
  A projectile moves: [F,15] -> [F,16]
  A projectile moves: [F,14] -> [F,15]
  A projectile moves: [F,13] -> [F,14]
  The Starfighter stays at: [F,10]
      1  2  3  4  5  6  7  8  9 10 11 12 13 14 15 16 17 18 19 20 21 22 23 24 25 26
    A _  _  _  _  _  _  _  _  _  _  _  _  _  _  _  _  _  _  _  _  _  _  _  _  _  _
    B _  _  _  _  _  _  _  _  _  _  _  _  _  _  _  _  _  _  _  _  _  _  _  _  _  _
    C _  _  _  _  _  _  _  _  _  _  _  _  _  _  _  _  _  _  _  _  _  _  _  _  _  _
    D _  _  _  _  _  _  _  _  _  _  _  *  _  *  *  *  _  _  _  _  _  _  _  _  _  _
    E _  _  _  _  _  _  _  _  _  _  _  _  _  _  _  _  _  _  _  _  _  _  _  _  _  _
    F _  _  _  _  _  _  _  _  _  S  _  _  _  *  *  *  *  *  _  _  _  _  _  _  _  _
    G _  _  _  _  _  _  _  _  _  _  _  _  _  _  _  _  _  _  _  _  _  _  _  _  _  _
->fire
  state:17.0, ok
  A projectile moves: [D,16] -> [D,17]
  A projectile moves: [D,15] -> [D,16]
  A projectile moves: [D,14] -> [D,15]
  A projectile moves: [D,12] -> [D,13]
  A projectile moves: [F,18] -> [F,19]
  A projectile moves: [F,17] -> [F,18]
  A projectile moves: [F,16] -> [F,17]
  A projectile moves: [F,15] -> [F,16]
  A projectile moves: [F,14] -> [F,15]
  The Starfighter fires a projectile at: [F,10]
      1  2  3  4  5  6  7  8  9 10 11 12 13 14 15 16 17 18 19 20 21 22 23 24 25 26
    A _  _  _  _  _  _  _  _  _  _  _  _  _  _  _  _  _  _  _  _  _  _  _  _  _  _
    B _  _  _  _  _  _  _  _  _  _  _  _  _  _  _  _  _  _  _  _  _  _  _  _  _  _
    C _  _  _  _  _  _  _  _  _  _  _  _  _  _  _  _  _  _  _  _  _  _  _  _  _  _
    D _  _  _  _  _  _  _  _  _  _  _  _  *  _  *  *  *  _  _  _  _  _  _  _  _  _
    E _  _  _  _  _  _  _  _  _  _  _  _  _  _  _  _  _  _  _  _  _  _  _  _  _  _
    F _  _  _  _  _  _  _  _  _  S  *  _  _  _  *  *  *  *  *  _  _  _  _  _  _  _
    G _  _  _  _  _  _  _  _  _  _  _  _  _  _  _  _  _  _  _  _  _  _  _  _  _  _
->undo
  state:16.0, ok
  A projectile moves: [D,15] -> [D,16]
  A projectile moves: [D,14] -> [D,15]
  A projectile moves: [D,13] -> [D,14]
  A projectile moves: [D,11] -> [D,12]
  A projectile moves: [F,17] -> [F,18]
  A projectile moves: [F,16] -> [F,17]
  A projectile moves: [F,15] -> [F,16]
  A projectile moves: [F,14] -> [F,15]
  A projectile moves: [F,13] -> [F,14]
  The Starfighter stays at: [F,10]
      1  2  3  4  5  6  7  8  9 10 11 12 13 14 15 16 17 18 19 20 21 22 23 24 25 26
    A _  _  _  _  _  _  _  _  _  _  _  _  _  _  _  _  _  _  _  _  _  _  _  _  _  _
    B _  _  _  _  _  _  _  _  _  _  _  _  _  _  _  _  _  _  _  _  _  _  _  _  _  _
    C _  _  _  _  _  _  _  _  _  _  _  _  _  _  _  _  _  _  _  _  _  _  _  _  _  _
    D _  _  _  _  _  _  _  _  _  _  _  *  _  *  *  *  _  _  _  _  _  _  _  _  _  _
    E _  _  _  _  _  _  _  _  _  _  _  _  _  _  _  _  _  _  _  _  _  _  _  _  _  _
    F _  _  _  _  _  _  _  _  _  S  _  _  _  *  *  *  *  *  _  _  _  _  _  _  _  _
    G _  _  _  _  _  _  _  _  _  _  _  _  _  _  _  _  _  _  _  _  _  _  _  _  _  _
->fire
  state:17.0, ok
  A projectile moves: [D,16] -> [D,17]
  A projectile moves: [D,15] -> [D,16]
  A projectile moves: [D,14] -> [D,15]
  A projectile moves: [D,12] -> [D,13]
  A projectile moves: [F,18] -> [F,19]
  A projectile moves: [F,17] -> [F,18]
  A projectile moves: [F,16] -> [F,17]
  A projectile moves: [F,15] -> [F,16]
  A projectile moves: [F,14] -> [F,15]
  The Starfighter fires a projectile at: [F,10]
      1  2  3  4  5  6  7  8  9 10 11 12 13 14 15 16 17 18 19 20 21 22 23 24 25 26
    A _  _  _  _  _  _  _  _  _  _  _  _  _  _  _  _  _  _  _  _  _  _  _  _  _  _
    B _  _  _  _  _  _  _  _  _  _  _  _  _  _  _  _  _  _  _  _  _  _  _  _  _  _
    C _  _  _  _  _  _  _  _  _  _  _  _  _  _  _  _  _  _  _  _  _  _  _  _  _  _
    D _  _  _  _  _  _  _  _  _  _  _  _  *  _  *  *  *  _  _  _  _  _  _  _  _  _
    E _  _  _  _  _  _  _  _  _  _  _  _  _  _  _  _  _  _  _  _  _  _  _  _  _  _
    F _  _  _  _  _  _  _  _  _  S  *  _  _  _  *  *  *  *  *  _  _  _  _  _  _  _
    G _  _  _  _  _  _  _  _  _  _  _  _  _  _  _  _  _  _  _  _  _  _  _  _  _  _
->pass
  state:18.0, ok
  A projectile moves: [D,17] -> [D,18]
  A projectile moves: [D,16] -> [D,17]
  A projectile moves: [D,15] -> [D,16]
  A projectile moves: [D,13] -> [D,14]
  A projectile moves: [F,19] -> [F,20]
  A projectile moves: [F,18] -> [F,19]
  A projectile moves: [F,17] -> [F,18]
  A projectile moves: [F,16] -> [F,17]
  A projectile moves: [F,15] -> [F,16]
  A projectile moves: [F,11] -> [F,12]
  The Starfighter stays at: [F,10]
      1  2  3  4  5  6  7  8  9 10 11 12 13 14 15 16 17 18 19 20 21 22 23 24 25 26
    A _  _  _  _  _  _  _  _  _  _  _  _  _  _  _  _  _  _  _  _  _  _  _  _  _  _
    B _  _  _  _  _  _  _  _  _  _  _  _  _  _  _  _  _  _  _  _  _  _  _  _  _  _
    C _  _  _  _  _  _  _  _  _  _  _  _  _  _  _  _  _  _  _  _  _  _  _  _  _  _
    D _  _  _  _  _  _  _  _  _  _  _  _  _  *  _  *  *  *  _  _  _  _  _  _  _  _
    E _  _  _  _  _  _  _  _  _  _  _  _  _  _  _  _  _  _  _  _  _  _  _  _  _  _
    F _  _  _  _  _  _  _  _  _  S  _  *  _  _  _  *  *  *  *  *  _  _  _  _  _  _
    G _  _  _  _  _  _  _  _  _  _  _  _  _  _  _  _  _  _  _  _  _  _  _  _  _  _
->move(E,22)
  state:19.0, ok
  A projectile moves: [D,18] -> [D,19]
  A projectile moves: [D,17] -> [D,18]
  A projectile moves: [D,16] -> [D,17]
  A projectile moves: [D,14] -> [D,15]
  A projectile moves: [F,20] -> [F,21]
  A projectile moves: [F,19] -> [F,20]
  A projectile moves: [F,18] -> [F,19]
  A projectile moves: [F,17] -> [F,18]
  A projectile moves: [F,16] -> [F,17]
  A projectile moves: [F,12] -> [F,13]
  The Starfighter moves: [F,10] -> [E,22]
      1  2  3  4  5  6  7  8  9 10 11 12 13 14 15 16 17 18 19 20 21 22 23 24 25 26
    A _  _  _  _  _  _  _  _  _  _  _  _  _  _  _  _  _  _  _  _  _  _  _  _  _  _
    B _  _  _  _  _  _  _  _  _  _  _  _  _  _  _  _  _  _  _  _  _  _  _  _  _  _
    C _  _  _  _  _  _  _  _  _  _  _  _  _  _  _  _  _  _  _  _  _  _  _  _  _  _
    D _  _  _  _  _  _  _  _  _  _  _  _  _  _  *  _  *  *  *  _  _  _  _  _  _  _
    E _  _  _  _  _  _  _  _  _  _  _  _  _  _  _  _  _  _  _  _  _  S  _  _  _  _
    F _  _  _  _  _  _  _  _  _  _  _  _  *  _  _  _  *  *  *  *  *  _  _  _  _  _
    G _  _  _  _  _  _  _  _  _  _  _  _  _  _  _  _  _  _  _  _  _  _  _  _  _  _
->move(G,22)
  state:20.0, ok
  A projectile moves: [D,19] -> [D,20]
  A projectile moves: [D,18] -> [D,19]
  A projectile moves: [D,17] -> [D,18]
  A projectile moves: [D,15] -> [D,16]
  A projectile moves: [F,21] -> [F,22]
  A projectile moves: [F,20] -> [F,21]
  A projectile moves: [F,19] -> [F,20]
  A projectile moves: [F,18] -> [F,19]
  A projectile moves: [F,17] -> [F,18]
  A projectile moves: [F,13] -> [F,14]
  The Starfighter moves and collides with a projectile: [E,22] -> [F,22]
      1  2  3  4  5  6  7  8  9 10 11 12 13 14 15 16 17 18 19 20 21 22 23 24 25 26
    A _  _  _  _  _  _  _  _  _  _  _  _  _  _  _  _  _  _  _  _  _  _  _  _  _  _
    B _  _  _  _  _  _  _  _  _  _  _  _  _  _  _  _  _  _  _  _  _  _  _  _  _  _
    C _  _  _  _  _  _  _  _  _  _  _  _  _  _  _  _  _  _  _  _  _  _  _  _  _  _
    D _  _  _  _  _  _  _  _  _  _  _  _  _  _  _  *  _  *  *  *  _  _  _  _  _  _
    E _  _  _  _  _  _  _  _  _  _  _  _  _  _  _  _  _  _  _  _  _  _  _  _  _  _
    F _  _  _  _  _  _  _  _  _  _  _  _  _  *  _  _  _  *  *  *  *  X  _  _  _  _
    G _  _  _  _  _  _  _  _  _  _  _  _  _  _  _  _  _  _  _  _  _  _  _  _  _  _
  The game is over. Better luck next time!
->pass
  state:20.1, error
  Not in game.
->pass
  state:20.2, error
  Not in game.
->pass
  state:20.3, error
  Not in game.
->pass
  state:20.4, error
  Not in game.
->pass
  state:20.5, error
  Not in game.
->fire
  state:20.6, error
  Not in game.
->fire
  state:20.7, error
  Not in game.
->fire
  state:20.8, error
  Not in game.
->move(E,17)
  state:20.9, error
  Not in game.
->pass
  state:20.10, error
  Not in game.
->redo
  state:20.11, error
  Not in game.
->fire
  state:20.12, error
  Not in game.
->undo
  state:20.13, error
  Not in game.
->redo
  state:20.14, error
  Not in game.
->move(D,11)
  state:20.15, error
  Not in game.
->pass
  state:20.16, error
  Not in game.
->fire
  state:20.17, error
  Not in game.
->undo
  state:20.18, error
  Not in game.
->fire
  state:20.19, error
  Not in game.
->undo
  state:20.20, error
  Not in game.
->move(B,18)
  state:20.21, error
  Not in game.
->undo
  state:20.22, error
  Not in game.
->move(F,15)
  state:20.23, error
  Not in game.
->pass
  state:20.24, error
  Not in game.
->pass
  state:20.25, error
  Not in game.
->fire
  state:20.26, error
  Not in game.
->redo
  state:20.27, error
  Not in game.
->abort
  state:20.28, error
  Not in game.
->undo
  state:20.29, error
  Not in game.
->fire
  state:20.30, error
  Not in game.
->pass
  state:20.31, error
  Not in game.
->pass
  state:20.32, error
  Not in game.
->move(C,3)
  state:20.33, error
  Not in game.
->undo
  state:20.34, error
  Not in game.
->pass
  state:20.35, error
  Not in game.
->fire
  state:20.36, error
  Not in game.
->pass
  state:20.37, error
  Not in game.
->fire
  state:20.38, error
  Not in game.
->move(F,7)
  state:20.39, error
  Not in game.
->undo
  state:20.40, error
  Not in game.
->fire
  state:20.41, error
  Not in game.
->fire
  state:20.42, error
  Not in game.
->fire
  state:20.43, error
  Not in game.
->undo
  state:20.44, error
  Not in game.
->fire
  state:20.45, error
  Not in game.
->move(E,4)
  state:20.46, error
  Not in game.
->move(G,22)
  state:20.47, error
  Not in game.
->fire
  state:20.48, error
  Not in game.
->fire
  state:20.49, error
  Not in game.
->move(C,7)
  state:20.50, error
  Not in game.
->pass
  state:20.51, error
  Not in game.
->pass
  state:20.52, error
  Not in game.
->undo
  state:20.53, error
  Not in game.
->undo
  state:20.54, error
  Not in game.
->move(B,21)
  state:20.55, error
  Not in game.
->fire
  state:20.56, error
  Not in game.
->pass
  state:20.57, error
  Not in game.
->abort
  state:20.58, error
  Not in game.
->pass
  state:20.59, error
  Not in game.
->pass
  state:20.60, error
  Not in game.
->fire
  state:20.61, error
  Not in game.
->fire
  state:20.62, error
  Not in game.
->fire
  state:20.63, error
  Not in game.
->pass
  state:20.64, error
  Not in game.
->move(B,9)
  state:20.65, error
  Not in game.
->move(F,16)
  state:20.66, error
  Not in game.
->undo
  state:20.67, error
  Not in game.
->undo
  state:20.68, error
  Not in game.
->redo
  state:20.69, error
  Not in game.
->undo
  state:20.70, error
  Not in game.
->move(C,7)
  state:20.71, error
  Not in game.
->pass
  state:20.72, error
  Not in game.
->fire
  state:20.73, error
  Not in game.
->fire
  state:20.74, error
  Not in game.
->move(F,8)
  state:20.75, error
  Not in game.
->move(G,6)
  state:20.76, error
  Not in game.
->fire
  state:20.77, error
  Not in game.
->redo
  state:20.78, error
  Not in game.
->pass
  state:20.79, error
  Not in game.
->undo
  state:20.80, error
  Not in game.
->move(A,11)
  state:20.81, error
  Not in game.
->fire
  state:20.82, error
  Not in game.
->undo
  state:20.83, error
  Not in game.
->move(A,12)
  state:20.84, error
  Not in game.
->pass
  state:20.85, error
  Not in game.
->fire
  state:20.86, error
  Not in game.
->fire
  state:20.87, error
  Not in game.
->fire
  state:20.88, error
  Not in game.
->undo
  state:20.89, error
  Not in game.
->fire
  state:20.90, error
  Not in game.
->move(B,24)
  state:20.91, error
  Not in game.
->move(G,10)
  state:20.92, error
  Not in game.
->fire
  state:20.93, error
  Not in game.
->undo
  state:20.94, error
  Not in game.
->pass
  state:20.95, error
  Not in game.
->pass
  state:20.96, error
  Not in game.
->fire
  state:20.97, error
  Not in game.
->pass
  state:20.98, error
  Not in game.
->undo
  state:20.99, error
  Not in game.
->move(A,1)
  state:20.100, error
  Not in game.
->pass
  state:20.101, error
  Not in game.
->move(E,19)
  state:20.102, error
  Not in game.
->fire
  state:20.103, error
  Not in game.
->move(D,23)
  state:20.104, error
  Not in game.
->pass
  state:20.105, error
  Not in game.
->pass
  state:20.106, error
  Not in game.
->abort
  state:20.107, error
  Not in game.
->pass
  state:20.108, error
  Not in game.
->undo
  state:20.109, error
  Not in game.
->abort
  state:20.110, error
  Not in game.
