  Welcome to Space Defender Version 1.
->play(5,22,39,4)
  state:0.1, error
  Starfighter movement should not exceed row - 1 + column - 1 size of the board.
->move(D,18)
  state:0.2, error
  Not in game.
->undo
  state:0.3, error
  Not in game.
->redo
  state:0.4, error
  Not in game.
->fire
  state:0.5, error
  Not in game.
->move(C,20)
  state:0.6, error
  Not in game.
->fire
  state:0.7, error
  Not in game.
->abort
  state:0.8, error
  Not in game.
->play(8,12,7,2)
  state:1.0, ok
      1  2  3  4  5  6  7  8  9 10 11 12
    A _  _  _  _  _  _  _  _  _  _  _  _
    B _  _  _  _  _  _  _  _  _  _  _  _
    C _  _  _  _  _  _  _  _  _  _  _  _
    D S  _  _  _  _  _  _  _  _  _  _  _
    E _  _  _  _  _  _  _  _  _  _  _  _
    F _  _  _  _  _  _  _  _  _  _  _  _
    G _  _  _  _  _  _  _  _  _  _  _  _
    H _  _  _  _  _  _  _  _  _  _  _  _
->pass
  state:2.0, ok
  The Starfighter stays at: [D,1]
      1  2  3  4  5  6  7  8  9 10 11 12
    A _  _  _  _  _  _  _  _  _  _  _  _
    B _  _  _  _  _  _  _  _  _  _  _  _
    C _  _  _  _  _  _  _  _  _  _  _  _
    D S  _  _  _  _  _  _  _  _  _  _  _
    E _  _  _  _  _  _  _  _  _  _  _  _
    F _  _  _  _  _  _  _  _  _  _  _  _
    G _  _  _  _  _  _  _  _  _  _  _  _
    H _  _  _  _  _  _  _  _  _  _  _  _
->abort
  state:3.0, ok
  Game has been exited.
->fire
  state:3.1, error
  Not in game.
->fire
  state:3.2, error
  Not in game.
->pass
  state:3.3, error
  Not in game.
->undo
  state:3.4, error
  Not in game.
->move(E,10)
  state:3.5, error
  Not in game.
->move(F,10)
  state:3.6, error
  Not in game.
->move(D,9)
  state:3.7, error
  Not in game.
->fire
  state:3.8, error
  Not in game.
->pass
  state:3.9, error
  Not in game.
->pass
  state:3.10, error
  Not in game.
->undo
  state:3.11, error
  Not in game.
->pass
  state:3.12, error
  Not in game.
->pass
  state:3.13, error
  Not in game.
->fire
  state:3.14, error
  Not in game.
->fire
  state:3.15, error
  Not in game.
->fire
  state:3.16, error
  Not in game.
->move(H,9)
  state:3.17, error
  Not in game.
->pass
  state:3.18, error
  Not in game.
->move(E,2)
  state:3.19, error
  Not in game.
->pass
  state:3.20, error
  Not in game.
->move(H,8)
  state:3.21, error
  Not in game.
->pass
  state:3.22, error
  Not in game.
->pass
  state:3.23, error
  Not in game.
->fire
  state:3.24, error
  Not in game.
->move(A,6)
  state:3.25, error
  Not in game.
->pass
  state:3.26, error
  Not in game.
->undo
  state:3.27, error
  Not in game.
->fire
  state:3.28, error
  Not in game.
->move(C,7)
  state:3.29, error
  Not in game.
->pass
  state:3.30, error
  Not in game.
->pass
  state:3.31, error
  Not in game.
->move(C,12)
  state:3.32, error
  Not in game.
->undo
  state:3.33, error
  Not in game.
->undo
  state:3.34, error
  Not in game.
->pass
  state:3.35, error
  Not in game.
->move(E,7)
  state:3.36, error
  Not in game.
->move(B,4)
  state:3.37, error
  Not in game.
->pass
  state:3.38, error
  Not in game.
->fire
  state:3.39, error
  Not in game.
->move(C,12)
  state:3.40, error
  Not in game.
->pass
  state:3.41, error
  Not in game.
->move(C,6)
  state:3.42, error
  Not in game.
->abort
  state:3.43, error
  Not in game.
