  Welcome to Space Defender Version 1.
->play(4,28,36,4)
  state:0.1, error
  Starfighter movement should not exceed row - 1 + column - 1 size of the board.
->pass
  state:0.2, error
  Not in game.
->move(D,8)
  state:0.3, error
  Not in game.
->fire
  state:0.4, error
  Not in game.
->undo
  state:0.5, error
  Not in game.
->undo
  state:0.6, error
  Not in game.
->pass
  state:0.7, error
  Not in game.
->move(C,18)
  state:0.8, error
  Not in game.
->undo
  state:0.9, error
  Not in game.
->pass
  state:0.10, error
  Not in game.
->move(B,5)
  state:0.11, error
  Not in game.
->move(B,25)
  state:0.12, error
  Not in game.
->pass
  state:0.13, error
  Not in game.
->fire
  state:0.14, error
  Not in game.
->move(A,7)
  state:0.15, error
  Not in game.
->move(B,20)
  state:0.16, error
  Not in game.
->pass
  state:0.17, error
  Not in game.
->undo
  state:0.18, error
  Not in game.
->move(C,10)
  state:0.19, error
  Not in game.
->pass
  state:0.20, error
  Not in game.
->fire
  state:0.21, error
  Not in game.
->fire
  state:0.22, error
  Not in game.
->pass
  state:0.23, error
  Not in game.
->fire
  state:0.24, error
  Not in game.
->fire
  state:0.25, error
  Not in game.
->undo
  state:0.26, error
  Not in game.
->redo
  state:0.27, error
  Not in game.
->undo
  state:0.28, error
  Not in game.
->move(C,25)
  state:0.29, error
  Not in game.
->undo
  state:0.30, error
  Not in game.
->redo
  state:0.31, error
  Not in game.
->undo
  state:0.32, error
  Not in game.
->fire
  state:0.33, error
  Not in game.
->pass
  state:0.34, error
  Not in game.
->fire
  state:0.35, error
  Not in game.
->move(D,9)
  state:0.36, error
  Not in game.
->fire
  state:0.37, error
  Not in game.
->fire
  state:0.38, error
  Not in game.
->pass
  state:0.39, error
  Not in game.
->move(C,8)
  state:0.40, error
  Not in game.
->undo
  state:0.41, error
  Not in game.
->pass
  state:0.42, error
  Not in game.
->fire
  state:0.43, error
  Not in game.
->fire
  state:0.44, error
  Not in game.
->undo
  state:0.45, error
  Not in game.
->redo
  state:0.46, error
  Not in game.
->pass
  state:0.47, error
  Not in game.
->pass
  state:0.48, error
  Not in game.
->move(A,9)
  state:0.49, error
  Not in game.
->pass
  state:0.50, error
  Not in game.
->pass
  state:0.51, error
  Not in game.
->abort
  state:0.52, error
  Not in game.
->play(3,20,4,2)
  state:1.0, ok
      1  2  3  4  5  6  7  8  9 10 11 12 13 14 15 16 17 18 19 20
    A _  _  _  _  _  _  _  _  _  _  _  _  _  _  _  _  _  _  _  _
    B S  _  _  _  _  _  _  _  _  _  _  _  _  _  _  _  _  _  _  _
    C _  _  _  _  _  _  _  _  _  _  _  _  _  _  _  _  _  _  _  _
->pass
  state:2.0, ok
  The Starfighter stays at: [B,1]
      1  2  3  4  5  6  7  8  9 10 11 12 13 14 15 16 17 18 19 20
    A _  _  _  _  _  _  _  _  _  _  _  _  _  _  _  _  _  _  _  _
    B S  _  _  _  _  _  _  _  _  _  _  _  _  _  _  _  _  _  _  _
    C _  _  _  _  _  _  _  _  _  _  _  _  _  _  _  _  _  _  _  _
->pass
  state:3.0, ok
  The Starfighter stays at: [B,1]
      1  2  3  4  5  6  7  8  9 10 11 12 13 14 15 16 17 18 19 20
    A _  _  _  _  _  _  _  _  _  _  _  _  _  _  _  _  _  _  _  _
    B S  _  _  _  _  _  _  _  _  _  _  _  _  _  _  _  _  _  _  _
    C _  _  _  _  _  _  _  _  _  _  _  _  _  _  _  _  _  _  _  _
->pass
  state:4.0, ok
  The Starfighter stays at: [B,1]
      1  2  3  4  5  6  7  8  9 10 11 12 13 14 15 16 17 18 19 20
    A _  _  _  _  _  _  _  _  _  _  _  _  _  _  _  _  _  _  _  _
    B S  _  _  _  _  _  _  _  _  _  _  _  _  _  _  _  _  _  _  _
    C _  _  _  _  _  _  _  _  _  _  _  _  _  _  _  _  _  _  _  _
->move(A,6)
  state:4.1, error
  The location to move to is out of the Starfighter's movement range.
->move(B,2)
  state:5.0, ok
  The Starfighter moves: [B,1] -> [B,2]
      1  2  3  4  5  6  7  8  9 10 11 12 13 14 15 16 17 18 19 20
    A _  _  _  _  _  _  _  _  _  _  _  _  _  _  _  _  _  _  _  _
    B _  S  _  _  _  _  _  _  _  _  _  _  _  _  _  _  _  _  _  _
    C _  _  _  _  _  _  _  _  _  _  _  _  _  _  _  _  _  _  _  _
->move(B,3)
  state:6.0, ok
  The Starfighter moves: [B,2] -> [B,3]
      1  2  3  4  5  6  7  8  9 10 11 12 13 14 15 16 17 18 19 20
    A _  _  _  _  _  _  _  _  _  _  _  _  _  _  _  _  _  _  _  _
    B _  _  S  _  _  _  _  _  _  _  _  _  _  _  _  _  _  _  _  _
    C _  _  _  _  _  _  _  _  _  _  _  _  _  _  _  _  _  _  _  _
->fire
  state:7.0, ok
  The Starfighter fires a projectile at: [B,3]
      1  2  3  4  5  6  7  8  9 10 11 12 13 14 15 16 17 18 19 20
    A _  _  _  _  _  _  _  _  _  _  _  _  _  _  _  _  _  _  _  _
    B _  _  S  *  _  _  _  _  _  _  _  _  _  _  _  _  _  _  _  _
    C _  _  _  _  _  _  _  _  _  _  _  _  _  _  _  _  _  _  _  _
->move(B,8)
  state:7.1, error
  The location to move to is out of the Starfighter's movement range.
->undo
  state:6.0, ok
  The Starfighter moves: [B,2] -> [B,3]
      1  2  3  4  5  6  7  8  9 10 11 12 13 14 15 16 17 18 19 20
    A _  _  _  _  _  _  _  _  _  _  _  _  _  _  _  _  _  _  _  _
    B _  _  S  _  _  _  _  _  _  _  _  _  _  _  _  _  _  _  _  _
    C _  _  _  _  _  _  _  _  _  _  _  _  _  _  _  _  _  _  _  _
->fire
  state:7.0, ok
  The Starfighter fires a projectile at: [B,3]
      1  2  3  4  5  6  7  8  9 10 11 12 13 14 15 16 17 18 19 20
    A _  _  _  _  _  _  _  _  _  _  _  _  _  _  _  _  _  _  _  _
    B _  _  S  *  _  _  _  _  _  _  _  _  _  _  _  _  _  _  _  _
    C _  _  _  _  _  _  _  _  _  _  _  _  _  _  _  _  _  _  _  _
->move(C,4)
  state:8.0, ok
  A projectile moves: [B,4] -> [B,6]
  The Starfighter moves: [B,3] -> [C,4]
      1  2  3  4  5  6  7  8  9 10 11 12 13 14 15 16 17 18 19 20
    A _  _  _  _  _  _  _  _  _  _  _  _  _  _  _  _  _  _  _  _
    B _  _  _  _  _  *  _  _  _  _  _  _  _  _  _  _  _  _  _  _
    C _  _  _  S  _  _  _  _  _  _  _  _  _  _  _  _  _  _  _  _
->fire
  state:9.0, ok
  A projectile moves: [B,6] -> [B,8]
  The Starfighter fires a projectile at: [C,4]
      1  2  3  4  5  6  7  8  9 10 11 12 13 14 15 16 17 18 19 20
    A _  _  _  _  _  _  _  _  _  _  _  _  _  _  _  _  _  _  _  _
    B _  _  _  _  _  _  _  *  _  _  _  _  _  _  _  _  _  _  _  _
    C _  _  _  S  *  _  _  _  _  _  _  _  _  _  _  _  _  _  _  _
->undo
  state:8.0, ok
  A projectile moves: [B,4] -> [B,6]
  The Starfighter moves: [B,3] -> [C,4]
      1  2  3  4  5  6  7  8  9 10 11 12 13 14 15 16 17 18 19 20
    A _  _  _  _  _  _  _  _  _  _  _  _  _  _  _  _  _  _  _  _
    B _  _  _  _  _  *  _  _  _  _  _  _  _  _  _  _  _  _  _  _
    C _  _  _  S  _  _  _  _  _  _  _  _  _  _  _  _  _  _  _  _
->pass
  state:9.0, ok
  A projectile moves: [B,6] -> [B,8]
  The Starfighter stays at: [C,4]
      1  2  3  4  5  6  7  8  9 10 11 12 13 14 15 16 17 18 19 20
    A _  _  _  _  _  _  _  _  _  _  _  _  _  _  _  _  _  _  _  _
    B _  _  _  _  _  _  _  *  _  _  _  _  _  _  _  _  _  _  _  _
    C _  _  _  S  _  _  _  _  _  _  _  _  _  _  _  _  _  _  _  _
->pass
  state:10.0, ok
  A projectile moves: [B,8] -> [B,10]
  The Starfighter stays at: [C,4]
      1  2  3  4  5  6  7  8  9 10 11 12 13 14 15 16 17 18 19 20
    A _  _  _  _  _  _  _  _  _  _  _  _  _  _  _  _  _  _  _  _
    B _  _  _  _  _  _  _  _  _  *  _  _  _  _  _  _  _  _  _  _
    C _  _  _  S  _  _  _  _  _  _  _  _  _  _  _  _  _  _  _  _
->fire
  state:11.0, ok
  A projectile moves: [B,10] -> [B,12]
  The Starfighter fires a projectile at: [C,4]
      1  2  3  4  5  6  7  8  9 10 11 12 13 14 15 16 17 18 19 20
    A _  _  _  _  _  _  _  _  _  _  _  _  _  _  _  _  _  _  _  _
    B _  _  _  _  _  _  _  _  _  _  _  *  _  _  _  _  _  _  _  _
    C _  _  _  S  *  _  _  _  _  _  _  _  _  _  _  _  _  _  _  _
->move(A,12)
  state:11.1, error
  The location to move to is out of the Starfighter's movement range.
->fire
  state:12.0, ok
  A projectile moves: [B,12] -> [B,14]
  A projectile moves: [C,5] -> [C,7]
  The Starfighter fires a projectile at: [C,4]
      1  2  3  4  5  6  7  8  9 10 11 12 13 14 15 16 17 18 19 20
    A _  _  _  _  _  _  _  _  _  _  _  _  _  _  _  _  _  _  _  _
    B _  _  _  _  _  _  _  _  _  _  _  _  _  *  _  _  _  _  _  _
    C _  _  _  S  *  _  *  _  _  _  _  _  _  _  _  _  _  _  _  _
->move(C,16)
  state:12.1, error
  The location to move to is out of the Starfighter's movement range.
->move(B,2)
  state:13.0, ok
  A projectile moves: [B,14] -> [B,16]
  A projectile moves: [C,7] -> [C,9]
  A projectile moves: [C,5] -> [C,7]
  The Starfighter moves: [C,4] -> [B,2]
      1  2  3  4  5  6  7  8  9 10 11 12 13 14 15 16 17 18 19 20
    A _  _  _  _  _  _  _  _  _  _  _  _  _  _  _  _  _  _  _  _
    B _  S  _  _  _  _  _  _  _  _  _  _  _  _  _  *  _  _  _  _
    C _  _  _  _  _  _  *  _  *  _  _  _  _  _  _  _  _  _  _  _
->fire
  state:14.0, ok
  A projectile moves: [B,16] -> [B,18]
  A projectile moves: [C,9] -> [C,11]
  A projectile moves: [C,7] -> [C,9]
  The Starfighter fires a projectile at: [B,2]
      1  2  3  4  5  6  7  8  9 10 11 12 13 14 15 16 17 18 19 20
    A _  _  _  _  _  _  _  _  _  _  _  _  _  _  _  _  _  _  _  _
    B _  S  *  _  _  _  _  _  _  _  _  _  _  _  _  _  _  *  _  _
    C _  _  _  _  _  _  _  _  *  _  *  _  _  _  _  _  _  _  _  _
->fire
  state:15.0, ok
  A projectile moves: [B,18] -> [B,20]
  A projectile moves: [C,11] -> [C,13]
  A projectile moves: [C,9] -> [C,11]
  A projectile moves: [B,3] -> [B,5]
  The Starfighter fires a projectile at: [B,2]
      1  2  3  4  5  6  7  8  9 10 11 12 13 14 15 16 17 18 19 20
    A _  _  _  _  _  _  _  _  _  _  _  _  _  _  _  _  _  _  _  _
    B _  S  *  _  *  _  _  _  _  _  _  _  _  _  _  _  _  _  _  *
    C _  _  _  _  _  _  _  _  _  _  *  _  *  _  _  _  _  _  _  _
->pass
  state:16.0, ok
  A projectile moves: [B,20] -> out of the board
  A projectile moves: [C,13] -> [C,15]
  A projectile moves: [C,11] -> [C,13]
  A projectile moves: [B,5] -> [B,7]
  A projectile moves: [B,3] -> [B,5]
  The Starfighter stays at: [B,2]
      1  2  3  4  5  6  7  8  9 10 11 12 13 14 15 16 17 18 19 20
    A _  _  _  _  _  _  _  _  _  _  _  _  _  _  _  _  _  _  _  _
    B _  S  _  _  *  _  *  _  _  _  _  _  _  _  _  _  _  _  _  _
    C _  _  _  _  _  _  _  _  _  _  _  _  *  _  *  _  _  _  _  _
->fire
  state:17.0, ok
  A projectile moves: [C,15] -> [C,17]
  A projectile moves: [C,13] -> [C,15]
  A projectile moves: [B,7] -> [B,9]
  A projectile moves: [B,5] -> [B,7]
  The Starfighter fires a projectile at: [B,2]
      1  2  3  4  5  6  7  8  9 10 11 12 13 14 15 16 17 18 19 20
    A _  _  _  _  _  _  _  _  _  _  _  _  _  _  _  _  _  _  _  _
    B _  S  *  _  _  _  *  _  *  _  _  _  _  _  _  _  _  _  _  _
    C _  _  _  _  _  _  _  _  _  _  _  _  _  _  *  _  *  _  _  _
->undo
  state:16.0, ok
  A projectile moves: [B,20] -> out of the board
  A projectile moves: [C,13] -> [C,15]
  A projectile moves: [C,11] -> [C,13]
  A projectile moves: [B,5] -> [B,7]
  A projectile moves: [B,3] -> [B,5]
  The Starfighter stays at: [B,2]
      1  2  3  4  5  6  7  8  9 10 11 12 13 14 15 16 17 18 19 20
    A _  _  _  _  _  _  _  _  _  _  _  _  _  _  _  _  _  _  _  _
    B _  S  _  _  *  _  *  _  _  _  _  _  _  _  _  _  _  _  _  _
    C _  _  _  _  _  _  _  _  _  _  _  _  *  _  *  _  _  _  _  _
->undo
  state:15.0, ok
  A projectile moves: [B,18] -> [B,20]
  A projectile moves: [C,11] -> [C,13]
  A projectile moves: [C,9] -> [C,11]
  A projectile moves: [B,3] -> [B,5]
  The Starfighter fires a projectile at: [B,2]
      1  2  3  4  5  6  7  8  9 10 11 12 13 14 15 16 17 18 19 20
    A _  _  _  _  _  _  _  _  _  _  _  _  _  _  _  _  _  _  _  _
    B _  S  *  _  *  _  _  _  _  _  _  _  _  _  _  _  _  _  _  *
    C _  _  _  _  _  _  _  _  _  _  *  _  *  _  _  _  _  _  _  _
->fire
  state:16.0, ok
  A projectile moves: [B,20] -> out of the board
  A projectile moves: [C,13] -> [C,15]
  A projectile moves: [C,11] -> [C,13]
  A projectile moves: [B,5] -> [B,7]
  A projectile moves: [B,3] -> [B,5]
  The Starfighter fires a projectile at: [B,2]
      1  2  3  4  5  6  7  8  9 10 11 12 13 14 15 16 17 18 19 20
    A _  _  _  _  _  _  _  _  _  _  _  _  _  _  _  _  _  _  _  _
    B _  S  *  _  *  _  *  _  _  _  _  _  _  _  _  _  _  _  _  _
    C _  _  _  _  _  _  _  _  _  _  _  _  *  _  *  _  _  _  _  _
->undo
  state:15.0, ok
  A projectile moves: [B,18] -> [B,20]
  A projectile moves: [C,11] -> [C,13]
  A projectile moves: [C,9] -> [C,11]
  A projectile moves: [B,3] -> [B,5]
  The Starfighter fires a projectile at: [B,2]
      1  2  3  4  5  6  7  8  9 10 11 12 13 14 15 16 17 18 19 20
    A _  _  _  _  _  _  _  _  _  _  _  _  _  _  _  _  _  _  _  _
    B _  S  *  _  *  _  _  _  _  _  _  _  _  _  _  _  _  _  _  *
    C _  _  _  _  _  _  _  _  _  _  *  _  *  _  _  _  _  _  _  _
->abort
  state:16.0, ok
  Game has been exited.
->undo
  state:16.1, error
  Not in game.
->undo
  state:16.2, error
  Not in game.
->redo
  state:16.3, error
  Not in game.
->undo
  state:16.4, error
  Not in game.
->move(B,5)
  state:16.5, error
  Not in game.
->undo
  state:16.6, error
  Not in game.
->move(B,9)
  state:16.7, error
  Not in game.
->fire
  state:16.8, error
  Not in game.
->pass
  state:16.9, error
  Not in game.
->move(B,7)
  state:16.10, error
  Not in game.
->fire
  state:16.11, error
  Not in game.
->undo
  state:16.12, error
  Not in game.
->fire
  state:16.13, error
  Not in game.
->fire
  state:16.14, error
  Not in game.
->pass
  state:16.15, error
  Not in game.
->pass
  state:16.16, error
  Not in game.
->fire
  state:16.17, error
  Not in game.
->pass
  state:16.18, error
  Not in game.
->fire
  state:16.19, error
  Not in game.
->abort
  state:16.20, error
  Not in game.
->fire
  state:16.21, error
  Not in game.
->fire
  state:16.22, error
  Not in game.
->fire
  state:16.23, error
  Not in game.
->fire
  state:16.24, error
  Not in game.
->move(B,12)
  state:16.25, error
  Not in game.
->fire
  state:16.26, error
  Not in game.
->undo
  state:16.27, error
  Not in game.
->fire
  state:16.28, error
  Not in game.
->pass
  state:16.29, error
  Not in game.
->pass
  state:16.30, error
  Not in game.
->move(C,1)
  state:16.31, error
  Not in game.
->move(A,4)
  state:16.32, error
  Not in game.
->pass
  state:16.33, error
  Not in game.
->fire
  state:16.34, error
  Not in game.
->move(A,6)
  state:16.35, error
  Not in game.
->pass
  state:16.36, error
  Not in game.
->fire
  state:16.37, error
  Not in game.
->abort
  state:16.38, error
  Not in game.
