  Welcome to Space Defender Version 1.
->play(3,9,35,1)
  state:0.1, error
  Starfighter movement should not exceed row - 1 + column - 1 size of the board.
->fire
  state:0.2, error
  Not in game.
->move(C,7)
  state:0.3, error
  Not in game.
->pass
  state:0.4, error
  Not in game.
->fire
  state:0.5, error
  Not in game.
->fire
  state:0.6, error
  Not in game.
->pass
  state:0.7, error
  Not in game.
->fire
  state:0.8, error
  Not in game.
->fire
  state:0.9, error
  Not in game.
->move(C,2)
  state:0.10, error
  Not in game.
->move(A,5)
  state:0.11, error
  Not in game.
->abort
  state:0.12, error
  Not in game.
->play(3,28,20,1)
  state:1.0, ok
      1  2  3  4  5  6  7  8  9 10 11 12 13 14 15 16 17 18 19 20 21 22 23 24 25 26 27 28
    A _  _  _  _  _  _  _  _  _  _  _  _  _  _  _  _  _  _  _  _  _  _  _  _  _  _  _  _
    B S  _  _  _  _  _  _  _  _  _  _  _  _  _  _  _  _  _  _  _  _  _  _  _  _  _  _  _
    C _  _  _  _  _  _  _  _  _  _  _  _  _  _  _  _  _  _  _  _  _  _  _  _  _  _  _  _
->pass
  state:2.0, ok
  The Starfighter stays at: [B,1]
      1  2  3  4  5  6  7  8  9 10 11 12 13 14 15 16 17 18 19 20 21 22 23 24 25 26 27 28
    A _  _  _  _  _  _  _  _  _  _  _  _  _  _  _  _  _  _  _  _  _  _  _  _  _  _  _  _
    B S  _  _  _  _  _  _  _  _  _  _  _  _  _  _  _  _  _  _  _  _  _  _  _  _  _  _  _
    C _  _  _  _  _  _  _  _  _  _  _  _  _  _  _  _  _  _  _  _  _  _  _  _  _  _  _  _
->undo
  state:1.0, ok
      1  2  3  4  5  6  7  8  9 10 11 12 13 14 15 16 17 18 19 20 21 22 23 24 25 26 27 28
    A _  _  _  _  _  _  _  _  _  _  _  _  _  _  _  _  _  _  _  _  _  _  _  _  _  _  _  _
    B S  _  _  _  _  _  _  _  _  _  _  _  _  _  _  _  _  _  _  _  _  _  _  _  _  _  _  _
    C _  _  _  _  _  _  _  _  _  _  _  _  _  _  _  _  _  _  _  _  _  _  _  _  _  _  _  _
->fire
  state:2.0, ok
  The Starfighter fires a projectile at: [B,1]
      1  2  3  4  5  6  7  8  9 10 11 12 13 14 15 16 17 18 19 20 21 22 23 24 25 26 27 28
    A _  _  _  _  _  _  _  _  _  _  _  _  _  _  _  _  _  _  _  _  _  _  _  _  _  _  _  _
    B S  *  _  _  _  _  _  _  _  _  _  _  _  _  _  _  _  _  _  _  _  _  _  _  _  _  _  _
    C _  _  _  _  _  _  _  _  _  _  _  _  _  _  _  _  _  _  _  _  _  _  _  _  _  _  _  _
->fire
  state:3.0, ok
  A projectile moves: [B,2] -> [B,3]
  The Starfighter fires a projectile at: [B,1]
      1  2  3  4  5  6  7  8  9 10 11 12 13 14 15 16 17 18 19 20 21 22 23 24 25 26 27 28
    A _  _  _  _  _  _  _  _  _  _  _  _  _  _  _  _  _  _  _  _  _  _  _  _  _  _  _  _
    B S  *  *  _  _  _  _  _  _  _  _  _  _  _  _  _  _  _  _  _  _  _  _  _  _  _  _  _
    C _  _  _  _  _  _  _  _  _  _  _  _  _  _  _  _  _  _  _  _  _  _  _  _  _  _  _  _
->move(B,3)
  state:4.0, ok
  A projectile moves: [B,3] -> [B,4]
  A projectile moves: [B,2] -> [B,3]
  The Starfighter moves and collides with a projectile: [B,1] -> [B,3]
      1  2  3  4  5  6  7  8  9 10 11 12 13 14 15 16 17 18 19 20 21 22 23 24 25 26 27 28
    A _  _  _  _  _  _  _  _  _  _  _  _  _  _  _  _  _  _  _  _  _  _  _  _  _  _  _  _
    B _  _  X  *  _  _  _  _  _  _  _  _  _  _  _  _  _  _  _  _  _  _  _  _  _  _  _  _
    C _  _  _  _  _  _  _  _  _  _  _  _  _  _  _  _  _  _  _  _  _  _  _  _  _  _  _  _
  The game is over. Better luck next time!
->pass
  state:4.1, error
  Not in game.
->undo
  state:4.2, error
  Not in game.
->move(B,13)
  state:4.3, error
  Not in game.
->pass
  state:4.4, error
  Not in game.
->move(C,12)
  state:4.5, error
  Not in game.
->undo
  state:4.6, error
  Not in game.
->pass
  state:4.7, error
  Not in game.
->fire
  state:4.8, error
  Not in game.
->move(B,28)
  state:4.9, error
  Not in game.
->fire
  state:4.10, error
  Not in game.
->pass
  state:4.11, error
  Not in game.
->fire
  state:4.12, error
  Not in game.
->fire
  state:4.13, error
  Not in game.
->fire
  state:4.14, error
  Not in game.
->fire
  state:4.15, error
  Not in game.
->move(B,3)
  state:4.16, error
  Not in game.
->move(C,18)
  state:4.17, error
  Not in game.
->pass
  state:4.18, error
  Not in game.
->move(C,9)
  state:4.19, error
  Not in game.
->move(B,16)
  state:4.20, error
  Not in game.
->move(B,8)
  state:4.21, error
  Not in game.
->fire
  state:4.22, error
  Not in game.
->fire
  state:4.23, error
  Not in game.
->fire
  state:4.24, error
  Not in game.
->undo
  state:4.25, error
  Not in game.
->undo
  state:4.26, error
  Not in game.
->pass
  state:4.27, error
  Not in game.
->undo
  state:4.28, error
  Not in game.
->fire
  state:4.29, error
  Not in game.
->move(B,6)
  state:4.30, error
  Not in game.
->pass
  state:4.31, error
  Not in game.
->fire
  state:4.32, error
  Not in game.
->fire
  state:4.33, error
  Not in game.
->move(A,8)
  state:4.34, error
  Not in game.
->move(A,6)
  state:4.35, error
  Not in game.
->pass
  state:4.36, error
  Not in game.
->pass
  state:4.37, error
  Not in game.
->fire
  state:4.38, error
  Not in game.
->undo
  state:4.39, error
  Not in game.
->pass
  state:4.40, error
  Not in game.
->fire
  state:4.41, error
  Not in game.
->fire
  state:4.42, error
  Not in game.
->fire
  state:4.43, error
  Not in game.
->undo
  state:4.44, error
  Not in game.
->move(A,22)
  state:4.45, error
  Not in game.
->fire
  state:4.46, error
  Not in game.
->move(A,28)
  state:4.47, error
  Not in game.
->fire
  state:4.48, error
  Not in game.
->move(A,26)
  state:4.49, error
  Not in game.
->move(C,7)
  state:4.50, error
  Not in game.
->move(C,22)
  state:4.51, error
  Not in game.
->move(C,12)
  state:4.52, error
  Not in game.
->fire
  state:4.53, error
  Not in game.
->undo
  state:4.54, error
  Not in game.
->pass
  state:4.55, error
  Not in game.
->abort
  state:4.56, error
  Not in game.
