  Welcome to Space Defender Version 1.
->play(9,10,11,4)
  state:1.0, ok
      1  2  3  4  5  6  7  8  9 10
    A _  _  _  _  _  _  _  _  _  _
    B _  _  _  _  _  _  _  _  _  _
    C _  _  _  _  _  _  _  _  _  _
    D _  _  _  _  _  _  _  _  _  _
    E S  _  _  _  _  _  _  _  _  _
    F _  _  _  _  _  _  _  _  _  _
    G _  _  _  _  _  _  _  _  _  _
    H _  _  _  _  _  _  _  _  _  _
    I _  _  _  _  _  _  _  _  _  _
->undo
  state:1.1, error
  Nothing left to undo.
->move(H,7)
  state:2.0, ok
  The Starfighter moves: [E,1] -> [H,7]
      1  2  3  4  5  6  7  8  9 10
    A _  _  _  _  _  _  _  _  _  _
    B _  _  _  _  _  _  _  _  _  _
    C _  _  _  _  _  _  _  _  _  _
    D _  _  _  _  _  _  _  _  _  _
    E _  _  _  _  _  _  _  _  _  _
    F _  _  _  _  _  _  _  _  _  _
    G _  _  _  _  _  _  _  _  _  _
    H _  _  _  _  _  _  S  _  _  _
    I _  _  _  _  _  _  _  _  _  _
->fire
  state:3.0, ok
  The Starfighter fires a projectile at: [H,7]
      1  2  3  4  5  6  7  8  9 10
    A _  _  _  _  _  _  _  _  _  _
    B _  _  _  _  _  _  _  _  _  _
    C _  _  _  _  _  _  _  _  _  _
    D _  _  _  _  _  _  _  _  _  _
    E _  _  _  _  _  _  _  _  _  _
    F _  _  _  _  _  _  _  _  _  _
    G _  _  _  _  _  _  _  _  _  _
    H _  _  _  _  _  _  S  *  _  _
    I _  _  _  _  _  _  _  _  _  _
->pass
  state:4.0, ok
  A projectile moves: [H,8] -> out of the board
  The Starfighter stays at: [H,7]
      1  2  3  4  5  6  7  8  9 10
    A _  _  _  _  _  _  _  _  _  _
    B _  _  _  _  _  _  _  _  _  _
    C _  _  _  _  _  _  _  _  _  _
    D _  _  _  _  _  _  _  _  _  _
    E _  _  _  _  _  _  _  _  _  _
    F _  _  _  _  _  _  _  _  _  _
    G _  _  _  _  _  _  _  _  _  _
    H _  _  _  _  _  _  S  _  _  _
    I _  _  _  _  _  _  _  _  _  _
->undo
  state:3.0, ok
  The Starfighter fires a projectile at: [H,7]
      1  2  3  4  5  6  7  8  9 10
    A _  _  _  _  _  _  _  _  _  _
    B _  _  _  _  _  _  _  _  _  _
    C _  _  _  _  _  _  _  _  _  _
    D _  _  _  _  _  _  _  _  _  _
    E _  _  _  _  _  _  _  _  _  _
    F _  _  _  _  _  _  _  _  _  _
    G _  _  _  _  _  _  _  _  _  _
    H _  _  _  _  _  _  S  *  _  _
    I _  _  _  _  _  _  _  _  _  _
->fire
  state:4.0, ok
  A projectile moves: [H,8] -> out of the board
  The Starfighter fires a projectile at: [H,7]
      1  2  3  4  5  6  7  8  9 10
    A _  _  _  _  _  _  _  _  _  _
    B _  _  _  _  _  _  _  _  _  _
    C _  _  _  _  _  _  _  _  _  _
    D _  _  _  _  _  _  _  _  _  _
    E _  _  _  _  _  _  _  _  _  _
    F _  _  _  _  _  _  _  _  _  _
    G _  _  _  _  _  _  _  _  _  _
    H _  _  _  _  _  _  S  *  _  _
    I _  _  _  _  _  _  _  _  _  _
->move(C,10)
  state:5.0, ok
  A projectile moves: [H,8] -> out of the board
  The Starfighter moves: [H,7] -> [C,10]
      1  2  3  4  5  6  7  8  9 10
    A _  _  _  _  _  _  _  _  _  _
    B _  _  _  _  _  _  _  _  _  _
    C _  _  _  _  _  _  _  _  _  S
    D _  _  _  _  _  _  _  _  _  _
    E _  _  _  _  _  _  _  _  _  _
    F _  _  _  _  _  _  _  _  _  _
    G _  _  _  _  _  _  _  _  _  _
    H _  _  _  _  _  _  _  _  _  _
    I _  _  _  _  _  _  _  _  _  _
->undo
  state:4.0, ok
  A projectile moves: [H,8] -> out of the board
  The Starfighter fires a projectile at: [H,7]
      1  2  3  4  5  6  7  8  9 10
    A _  _  _  _  _  _  _  _  _  _
    B _  _  _  _  _  _  _  _  _  _
    C _  _  _  _  _  _  _  _  _  _
    D _  _  _  _  _  _  _  _  _  _
    E _  _  _  _  _  _  _  _  _  _
    F _  _  _  _  _  _  _  _  _  _
    G _  _  _  _  _  _  _  _  _  _
    H _  _  _  _  _  _  S  *  _  _
    I _  _  _  _  _  _  _  _  _  _
->fire
  state:5.0, ok
  A projectile moves: [H,8] -> out of the board
  The Starfighter fires a projectile at: [H,7]
      1  2  3  4  5  6  7  8  9 10
    A _  _  _  _  _  _  _  _  _  _
    B _  _  _  _  _  _  _  _  _  _
    C _  _  _  _  _  _  _  _  _  _
    D _  _  _  _  _  _  _  _  _  _
    E _  _  _  _  _  _  _  _  _  _
    F _  _  _  _  _  _  _  _  _  _
    G _  _  _  _  _  _  _  _  _  _
    H _  _  _  _  _  _  S  *  _  _
    I _  _  _  _  _  _  _  _  _  _
->move(A,3)
  state:6.0, ok
  A projectile moves: [H,8] -> out of the board
  The Starfighter moves: [H,7] -> [A,3]
      1  2  3  4  5  6  7  8  9 10
    A _  _  S  _  _  _  _  _  _  _
    B _  _  _  _  _  _  _  _  _  _
    C _  _  _  _  _  _  _  _  _  _
    D _  _  _  _  _  _  _  _  _  _
    E _  _  _  _  _  _  _  _  _  _
    F _  _  _  _  _  _  _  _  _  _
    G _  _  _  _  _  _  _  _  _  _
    H _  _  _  _  _  _  _  _  _  _
    I _  _  _  _  _  _  _  _  _  _
->undo
  state:5.0, ok
  A projectile moves: [H,8] -> out of the board
  The Starfighter fires a projectile at: [H,7]
      1  2  3  4  5  6  7  8  9 10
    A _  _  _  _  _  _  _  _  _  _
    B _  _  _  _  _  _  _  _  _  _
    C _  _  _  _  _  _  _  _  _  _
    D _  _  _  _  _  _  _  _  _  _
    E _  _  _  _  _  _  _  _  _  _
    F _  _  _  _  _  _  _  _  _  _
    G _  _  _  _  _  _  _  _  _  _
    H _  _  _  _  _  _  S  *  _  _
    I _  _  _  _  _  _  _  _  _  _
->pass
  state:6.0, ok
  A projectile moves: [H,8] -> out of the board
  The Starfighter stays at: [H,7]
      1  2  3  4  5  6  7  8  9 10
    A _  _  _  _  _  _  _  _  _  _
    B _  _  _  _  _  _  _  _  _  _
    C _  _  _  _  _  _  _  _  _  _
    D _  _  _  _  _  _  _  _  _  _
    E _  _  _  _  _  _  _  _  _  _
    F _  _  _  _  _  _  _  _  _  _
    G _  _  _  _  _  _  _  _  _  _
    H _  _  _  _  _  _  S  _  _  _
    I _  _  _  _  _  _  _  _  _  _
->fire
  state:7.0, ok
  The Starfighter fires a projectile at: [H,7]
      1  2  3  4  5  6  7  8  9 10
    A _  _  _  _  _  _  _  _  _  _
    B _  _  _  _  _  _  _  _  _  _
    C _  _  _  _  _  _  _  _  _  _
    D _  _  _  _  _  _  _  _  _  _
    E _  _  _  _  _  _  _  _  _  _
    F _  _  _  _  _  _  _  _  _  _
    G _  _  _  _  _  _  _  _  _  _
    H _  _  _  _  _  _  S  *  _  _
    I _  _  _  _  _  _  _  _  _  _
->move(A,10)
  state:8.0, ok
  A projectile moves: [H,8] -> out of the board
  The Starfighter moves: [H,7] -> [A,10]
      1  2  3  4  5  6  7  8  9 10
    A _  _  _  _  _  _  _  _  _  S
    B _  _  _  _  _  _  _  _  _  _
    C _  _  _  _  _  _  _  _  _  _
    D _  _  _  _  _  _  _  _  _  _
    E _  _  _  _  _  _  _  _  _  _
    F _  _  _  _  _  _  _  _  _  _
    G _  _  _  _  _  _  _  _  _  _
    H _  _  _  _  _  _  _  _  _  _
    I _  _  _  _  _  _  _  _  _  _
->move(F,6)
  state:9.0, ok
  The Starfighter moves: [A,10] -> [F,6]
      1  2  3  4  5  6  7  8  9 10
    A _  _  _  _  _  _  _  _  _  _
    B _  _  _  _  _  _  _  _  _  _
    C _  _  _  _  _  _  _  _  _  _
    D _  _  _  _  _  _  _  _  _  _
    E _  _  _  _  _  _  _  _  _  _
    F _  _  _  _  _  S  _  _  _  _
    G _  _  _  _  _  _  _  _  _  _
    H _  _  _  _  _  _  _  _  _  _
    I _  _  _  _  _  _  _  _  _  _
->move(C,10)
  state:10.0, ok
  The Starfighter moves: [F,6] -> [C,10]
      1  2  3  4  5  6  7  8  9 10
    A _  _  _  _  _  _  _  _  _  _
    B _  _  _  _  _  _  _  _  _  _
    C _  _  _  _  _  _  _  _  _  S
    D _  _  _  _  _  _  _  _  _  _
    E _  _  _  _  _  _  _  _  _  _
    F _  _  _  _  _  _  _  _  _  _
    G _  _  _  _  _  _  _  _  _  _
    H _  _  _  _  _  _  _  _  _  _
    I _  _  _  _  _  _  _  _  _  _
->pass
  state:11.0, ok
  The Starfighter stays at: [C,10]
      1  2  3  4  5  6  7  8  9 10
    A _  _  _  _  _  _  _  _  _  _
    B _  _  _  _  _  _  _  _  _  _
    C _  _  _  _  _  _  _  _  _  S
    D _  _  _  _  _  _  _  _  _  _
    E _  _  _  _  _  _  _  _  _  _
    F _  _  _  _  _  _  _  _  _  _
    G _  _  _  _  _  _  _  _  _  _
    H _  _  _  _  _  _  _  _  _  _
    I _  _  _  _  _  _  _  _  _  _
->fire
  state:12.0, ok
  The Starfighter fires a projectile at: [C,10]
      1  2  3  4  5  6  7  8  9 10
    A _  _  _  _  _  _  _  _  _  _
    B _  _  _  _  _  _  _  _  _  _
    C _  _  _  _  _  _  _  _  _  S
    D _  _  _  _  _  _  _  _  _  _
    E _  _  _  _  _  _  _  _  _  _
    F _  _  _  _  _  _  _  _  _  _
    G _  _  _  _  _  _  _  _  _  _
    H _  _  _  _  _  _  _  _  _  _
    I _  _  _  _  _  _  _  _  _  _
->pass
  state:13.0, ok
  The Starfighter stays at: [C,10]
      1  2  3  4  5  6  7  8  9 10
    A _  _  _  _  _  _  _  _  _  _
    B _  _  _  _  _  _  _  _  _  _
    C _  _  _  _  _  _  _  _  _  S
    D _  _  _  _  _  _  _  _  _  _
    E _  _  _  _  _  _  _  _  _  _
    F _  _  _  _  _  _  _  _  _  _
    G _  _  _  _  _  _  _  _  _  _
    H _  _  _  _  _  _  _  _  _  _
    I _  _  _  _  _  _  _  _  _  _
->pass
  state:14.0, ok
  The Starfighter stays at: [C,10]
      1  2  3  4  5  6  7  8  9 10
    A _  _  _  _  _  _  _  _  _  _
    B _  _  _  _  _  _  _  _  _  _
    C _  _  _  _  _  _  _  _  _  S
    D _  _  _  _  _  _  _  _  _  _
    E _  _  _  _  _  _  _  _  _  _
    F _  _  _  _  _  _  _  _  _  _
    G _  _  _  _  _  _  _  _  _  _
    H _  _  _  _  _  _  _  _  _  _
    I _  _  _  _  _  _  _  _  _  _
->pass
  state:15.0, ok
  The Starfighter stays at: [C,10]
      1  2  3  4  5  6  7  8  9 10
    A _  _  _  _  _  _  _  _  _  _
    B _  _  _  _  _  _  _  _  _  _
    C _  _  _  _  _  _  _  _  _  S
    D _  _  _  _  _  _  _  _  _  _
    E _  _  _  _  _  _  _  _  _  _
    F _  _  _  _  _  _  _  _  _  _
    G _  _  _  _  _  _  _  _  _  _
    H _  _  _  _  _  _  _  _  _  _
    I _  _  _  _  _  _  _  _  _  _
->fire
  state:16.0, ok
  The Starfighter fires a projectile at: [C,10]
      1  2  3  4  5  6  7  8  9 10
    A _  _  _  _  _  _  _  _  _  _
    B _  _  _  _  _  _  _  _  _  _
    C _  _  _  _  _  _  _  _  _  S
    D _  _  _  _  _  _  _  _  _  _
    E _  _  _  _  _  _  _  _  _  _
    F _  _  _  _  _  _  _  _  _  _
    G _  _  _  _  _  _  _  _  _  _
    H _  _  _  _  _  _  _  _  _  _
    I _  _  _  _  _  _  _  _  _  _
->fire
  state:17.0, ok
  The Starfighter fires a projectile at: [C,10]
      1  2  3  4  5  6  7  8  9 10
    A _  _  _  _  _  _  _  _  _  _
    B _  _  _  _  _  _  _  _  _  _
    C _  _  _  _  _  _  _  _  _  S
    D _  _  _  _  _  _  _  _  _  _
    E _  _  _  _  _  _  _  _  _  _
    F _  _  _  _  _  _  _  _  _  _
    G _  _  _  _  _  _  _  _  _  _
    H _  _  _  _  _  _  _  _  _  _
    I _  _  _  _  _  _  _  _  _  _
->pass
  state:18.0, ok
  The Starfighter stays at: [C,10]
      1  2  3  4  5  6  7  8  9 10
    A _  _  _  _  _  _  _  _  _  _
    B _  _  _  _  _  _  _  _  _  _
    C _  _  _  _  _  _  _  _  _  S
    D _  _  _  _  _  _  _  _  _  _
    E _  _  _  _  _  _  _  _  _  _
    F _  _  _  _  _  _  _  _  _  _
    G _  _  _  _  _  _  _  _  _  _
    H _  _  _  _  _  _  _  _  _  _
    I _  _  _  _  _  _  _  _  _  _
->fire
  state:19.0, ok
  The Starfighter fires a projectile at: [C,10]
      1  2  3  4  5  6  7  8  9 10
    A _  _  _  _  _  _  _  _  _  _
    B _  _  _  _  _  _  _  _  _  _
    C _  _  _  _  _  _  _  _  _  S
    D _  _  _  _  _  _  _  _  _  _
    E _  _  _  _  _  _  _  _  _  _
    F _  _  _  _  _  _  _  _  _  _
    G _  _  _  _  _  _  _  _  _  _
    H _  _  _  _  _  _  _  _  _  _
    I _  _  _  _  _  _  _  _  _  _
->undo
  state:18.0, ok
  The Starfighter stays at: [C,10]
      1  2  3  4  5  6  7  8  9 10
    A _  _  _  _  _  _  _  _  _  _
    B _  _  _  _  _  _  _  _  _  _
    C _  _  _  _  _  _  _  _  _  S
    D _  _  _  _  _  _  _  _  _  _
    E _  _  _  _  _  _  _  _  _  _
    F _  _  _  _  _  _  _  _  _  _
    G _  _  _  _  _  _  _  _  _  _
    H _  _  _  _  _  _  _  _  _  _
    I _  _  _  _  _  _  _  _  _  _
->move(D,1)
  state:19.0, ok
  The Starfighter moves: [C,10] -> [D,1]
      1  2  3  4  5  6  7  8  9 10
    A _  _  _  _  _  _  _  _  _  _
    B _  _  _  _  _  _  _  _  _  _
    C _  _  _  _  _  _  _  _  _  _
    D S  _  _  _  _  _  _  _  _  _
    E _  _  _  _  _  _  _  _  _  _
    F _  _  _  _  _  _  _  _  _  _
    G _  _  _  _  _  _  _  _  _  _
    H _  _  _  _  _  _  _  _  _  _
    I _  _  _  _  _  _  _  _  _  _
->move(D,6)
  state:20.0, ok
  The Starfighter moves: [D,1] -> [D,6]
      1  2  3  4  5  6  7  8  9 10
    A _  _  _  _  _  _  _  _  _  _
    B _  _  _  _  _  _  _  _  _  _
    C _  _  _  _  _  _  _  _  _  _
    D _  _  _  _  _  S  _  _  _  _
    E _  _  _  _  _  _  _  _  _  _
    F _  _  _  _  _  _  _  _  _  _
    G _  _  _  _  _  _  _  _  _  _
    H _  _  _  _  _  _  _  _  _  _
    I _  _  _  _  _  _  _  _  _  _
->pass
  state:21.0, ok
  The Starfighter stays at: [D,6]
      1  2  3  4  5  6  7  8  9 10
    A _  _  _  _  _  _  _  _  _  _
    B _  _  _  _  _  _  _  _  _  _
    C _  _  _  _  _  _  _  _  _  _
    D _  _  _  _  _  S  _  _  _  _
    E _  _  _  _  _  _  _  _  _  _
    F _  _  _  _  _  _  _  _  _  _
    G _  _  _  _  _  _  _  _  _  _
    H _  _  _  _  _  _  _  _  _  _
    I _  _  _  _  _  _  _  _  _  _
->undo
  state:20.0, ok
  The Starfighter moves: [D,1] -> [D,6]
      1  2  3  4  5  6  7  8  9 10
    A _  _  _  _  _  _  _  _  _  _
    B _  _  _  _  _  _  _  _  _  _
    C _  _  _  _  _  _  _  _  _  _
    D _  _  _  _  _  S  _  _  _  _
    E _  _  _  _  _  _  _  _  _  _
    F _  _  _  _  _  _  _  _  _  _
    G _  _  _  _  _  _  _  _  _  _
    H _  _  _  _  _  _  _  _  _  _
    I _  _  _  _  _  _  _  _  _  _
->undo
  state:19.0, ok
  The Starfighter moves: [C,10] -> [D,1]
      1  2  3  4  5  6  7  8  9 10
    A _  _  _  _  _  _  _  _  _  _
    B _  _  _  _  _  _  _  _  _  _
    C _  _  _  _  _  _  _  _  _  _
    D S  _  _  _  _  _  _  _  _  _
    E _  _  _  _  _  _  _  _  _  _
    F _  _  _  _  _  _  _  _  _  _
    G _  _  _  _  _  _  _  _  _  _
    H _  _  _  _  _  _  _  _  _  _
    I _  _  _  _  _  _  _  _  _  _
->fire
  state:20.0, ok
  The Starfighter fires a projectile at: [D,1]
      1  2  3  4  5  6  7  8  9 10
    A _  _  _  _  _  _  _  _  _  _
    B _  _  _  _  _  _  _  _  _  _
    C _  _  _  _  _  _  _  _  _  _
    D S  *  _  _  _  _  _  _  _  _
    E _  _  _  _  _  _  _  _  _  _
    F _  _  _  _  _  _  _  _  _  _
    G _  _  _  _  _  _  _  _  _  _
    H _  _  _  _  _  _  _  _  _  _
    I _  _  _  _  _  _  _  _  _  _
->pass
  state:21.0, ok
  A projectile moves: [D,2] -> [D,6]
  The Starfighter stays at: [D,1]
      1  2  3  4  5  6  7  8  9 10
    A _  _  _  _  _  _  _  _  _  _
    B _  _  _  _  _  _  _  _  _  _
    C _  _  _  _  _  _  _  _  _  _
    D S  _  _  _  _  *  _  _  _  _
    E _  _  _  _  _  _  _  _  _  _
    F _  _  _  _  _  _  _  _  _  _
    G _  _  _  _  _  _  _  _  _  _
    H _  _  _  _  _  _  _  _  _  _
    I _  _  _  _  _  _  _  _  _  _
->move(A,3)
  state:22.0, ok
  A projectile moves: [D,6] -> [D,10]
  The Starfighter moves: [D,1] -> [A,3]
      1  2  3  4  5  6  7  8  9 10
    A _  _  S  _  _  _  _  _  _  _
    B _  _  _  _  _  _  _  _  _  _
    C _  _  _  _  _  _  _  _  _  _
    D _  _  _  _  _  _  _  _  _  *
    E _  _  _  _  _  _  _  _  _  _
    F _  _  _  _  _  _  _  _  _  _
    G _  _  _  _  _  _  _  _  _  _
    H _  _  _  _  _  _  _  _  _  _
    I _  _  _  _  _  _  _  _  _  _
->undo
  state:21.0, ok
  A projectile moves: [D,2] -> [D,6]
  The Starfighter stays at: [D,1]
      1  2  3  4  5  6  7  8  9 10
    A _  _  _  _  _  _  _  _  _  _
    B _  _  _  _  _  _  _  _  _  _
    C _  _  _  _  _  _  _  _  _  _
    D S  _  _  _  _  *  _  _  _  _
    E _  _  _  _  _  _  _  _  _  _
    F _  _  _  _  _  _  _  _  _  _
    G _  _  _  _  _  _  _  _  _  _
    H _  _  _  _  _  _  _  _  _  _
    I _  _  _  _  _  _  _  _  _  _
->fire
  state:22.0, ok
  A projectile moves: [D,6] -> [D,10]
  The Starfighter fires a projectile at: [D,1]
      1  2  3  4  5  6  7  8  9 10
    A _  _  _  _  _  _  _  _  _  _
    B _  _  _  _  _  _  _  _  _  _
    C _  _  _  _  _  _  _  _  _  _
    D S  *  _  _  _  _  _  _  _  *
    E _  _  _  _  _  _  _  _  _  _
    F _  _  _  _  _  _  _  _  _  _
    G _  _  _  _  _  _  _  _  _  _
    H _  _  _  _  _  _  _  _  _  _
    I _  _  _  _  _  _  _  _  _  _
->fire
  state:23.0, ok
  A projectile moves: [D,10] -> out of the board
  A projectile moves: [D,2] -> [D,6]
  The Starfighter fires a projectile at: [D,1]
      1  2  3  4  5  6  7  8  9 10
    A _  _  _  _  _  _  _  _  _  _
    B _  _  _  _  _  _  _  _  _  _
    C _  _  _  _  _  _  _  _  _  _
    D S  *  _  _  _  *  _  _  _  _
    E _  _  _  _  _  _  _  _  _  _
    F _  _  _  _  _  _  _  _  _  _
    G _  _  _  _  _  _  _  _  _  _
    H _  _  _  _  _  _  _  _  _  _
    I _  _  _  _  _  _  _  _  _  _
->move(F,2)
  state:24.0, ok
  A projectile moves: [D,6] -> [D,10]
  A projectile moves: [D,2] -> [D,6]
  The Starfighter moves: [D,1] -> [F,2]
      1  2  3  4  5  6  7  8  9 10
    A _  _  _  _  _  _  _  _  _  _
    B _  _  _  _  _  _  _  _  _  _
    C _  _  _  _  _  _  _  _  _  _
    D _  _  _  _  _  *  _  _  _  *
    E _  _  _  _  _  _  _  _  _  _
    F _  S  _  _  _  _  _  _  _  _
    G _  _  _  _  _  _  _  _  _  _
    H _  _  _  _  _  _  _  _  _  _
    I _  _  _  _  _  _  _  _  _  _
->fire
  state:25.0, ok
  A projectile moves: [D,10] -> out of the board
  A projectile moves: [D,6] -> [D,10]
  The Starfighter fires a projectile at: [F,2]
      1  2  3  4  5  6  7  8  9 10
    A _  _  _  _  _  _  _  _  _  _
    B _  _  _  _  _  _  _  _  _  _
    C _  _  _  _  _  _  _  _  _  _
    D _  _  _  _  _  _  _  _  _  *
    E _  _  _  _  _  _  _  _  _  _
    F _  S  *  _  _  _  _  _  _  _
    G _  _  _  _  _  _  _  _  _  _
    H _  _  _  _  _  _  _  _  _  _
    I _  _  _  _  _  _  _  _  _  _
->fire
  state:26.0, ok
  A projectile moves: [D,10] -> out of the board
  A projectile moves: [F,3] -> [F,7]
  The Starfighter fires a projectile at: [F,2]
      1  2  3  4  5  6  7  8  9 10
    A _  _  _  _  _  _  _  _  _  _
    B _  _  _  _  _  _  _  _  _  _
    C _  _  _  _  _  _  _  _  _  _
    D _  _  _  _  _  _  _  _  _  _
    E _  _  _  _  _  _  _  _  _  _
    F _  S  *  _  _  _  *  _  _  _
    G _  _  _  _  _  _  _  _  _  _
    H _  _  _  _  _  _  _  _  _  _
    I _  _  _  _  _  _  _  _  _  _
->pass
  state:27.0, ok
  A projectile moves: [F,7] -> out of the board
  A projectile moves: [F,3] -> [F,7]
  The Starfighter stays at: [F,2]
      1  2  3  4  5  6  7  8  9 10
    A _  _  _  _  _  _  _  _  _  _
    B _  _  _  _  _  _  _  _  _  _
    C _  _  _  _  _  _  _  _  _  _
    D _  _  _  _  _  _  _  _  _  _
    E _  _  _  _  _  _  _  _  _  _
    F _  S  _  _  _  _  *  _  _  _
    G _  _  _  _  _  _  _  _  _  _
    H _  _  _  _  _  _  _  _  _  _
    I _  _  _  _  _  _  _  _  _  _
->fire
  state:28.0, ok
  A projectile moves: [F,7] -> out of the board
  The Starfighter fires a projectile at: [F,2]
      1  2  3  4  5  6  7  8  9 10
    A _  _  _  _  _  _  _  _  _  _
    B _  _  _  _  _  _  _  _  _  _
    C _  _  _  _  _  _  _  _  _  _
    D _  _  _  _  _  _  _  _  _  _
    E _  _  _  _  _  _  _  _  _  _
    F _  S  *  _  _  _  _  _  _  _
    G _  _  _  _  _  _  _  _  _  _
    H _  _  _  _  _  _  _  _  _  _
    I _  _  _  _  _  _  _  _  _  _
->move(D,9)
  state:29.0, ok
  A projectile moves: [F,3] -> [F,7]
  The Starfighter moves: [F,2] -> [D,9]
      1  2  3  4  5  6  7  8  9 10
    A _  _  _  _  _  _  _  _  _  _
    B _  _  _  _  _  _  _  _  _  _
    C _  _  _  _  _  _  _  _  _  _
    D _  _  _  _  _  _  _  _  S  _
    E _  _  _  _  _  _  _  _  _  _
    F _  _  _  _  _  _  *  _  _  _
    G _  _  _  _  _  _  _  _  _  _
    H _  _  _  _  _  _  _  _  _  _
    I _  _  _  _  _  _  _  _  _  _
->pass
  state:30.0, ok
  A projectile moves: [F,7] -> out of the board
  The Starfighter stays at: [D,9]
      1  2  3  4  5  6  7  8  9 10
    A _  _  _  _  _  _  _  _  _  _
    B _  _  _  _  _  _  _  _  _  _
    C _  _  _  _  _  _  _  _  _  _
    D _  _  _  _  _  _  _  _  S  _
    E _  _  _  _  _  _  _  _  _  _
    F _  _  _  _  _  _  _  _  _  _
    G _  _  _  _  _  _  _  _  _  _
    H _  _  _  _  _  _  _  _  _  _
    I _  _  _  _  _  _  _  _  _  _
->move(C,3)
  state:31.0, ok
  The Starfighter moves: [D,9] -> [C,3]
      1  2  3  4  5  6  7  8  9 10
    A _  _  _  _  _  _  _  _  _  _
    B _  _  _  _  _  _  _  _  _  _
    C _  _  S  _  _  _  _  _  _  _
    D _  _  _  _  _  _  _  _  _  _
    E _  _  _  _  _  _  _  _  _  _
    F _  _  _  _  _  _  _  _  _  _
    G _  _  _  _  _  _  _  _  _  _
    H _  _  _  _  _  _  _  _  _  _
    I _  _  _  _  _  _  _  _  _  _
->undo
  state:30.0, ok
  A projectile moves: [F,7] -> out of the board
  The Starfighter stays at: [D,9]
      1  2  3  4  5  6  7  8  9 10
    A _  _  _  _  _  _  _  _  _  _
    B _  _  _  _  _  _  _  _  _  _
    C _  _  _  _  _  _  _  _  _  _
    D _  _  _  _  _  _  _  _  S  _
    E _  _  _  _  _  _  _  _  _  _
    F _  _  _  _  _  _  _  _  _  _
    G _  _  _  _  _  _  _  _  _  _
    H _  _  _  _  _  _  _  _  _  _
    I _  _  _  _  _  _  _  _  _  _
->move(D,5)
  state:31.0, ok
  The Starfighter moves: [D,9] -> [D,5]
      1  2  3  4  5  6  7  8  9 10
    A _  _  _  _  _  _  _  _  _  _
    B _  _  _  _  _  _  _  _  _  _
    C _  _  _  _  _  _  _  _  _  _
    D _  _  _  _  S  _  _  _  _  _
    E _  _  _  _  _  _  _  _  _  _
    F _  _  _  _  _  _  _  _  _  _
    G _  _  _  _  _  _  _  _  _  _
    H _  _  _  _  _  _  _  _  _  _
    I _  _  _  _  _  _  _  _  _  _
->fire
  state:32.0, ok
  The Starfighter fires a projectile at: [D,5]
      1  2  3  4  5  6  7  8  9 10
    A _  _  _  _  _  _  _  _  _  _
    B _  _  _  _  _  _  _  _  _  _
    C _  _  _  _  _  _  _  _  _  _
    D _  _  _  _  S  *  _  _  _  _
    E _  _  _  _  _  _  _  _  _  _
    F _  _  _  _  _  _  _  _  _  _
    G _  _  _  _  _  _  _  _  _  _
    H _  _  _  _  _  _  _  _  _  _
    I _  _  _  _  _  _  _  _  _  _
->move(D,2)
  state:33.0, ok
  A projectile moves: [D,6] -> [D,10]
  The Starfighter moves: [D,5] -> [D,2]
      1  2  3  4  5  6  7  8  9 10
    A _  _  _  _  _  _  _  _  _  _
    B _  _  _  _  _  _  _  _  _  _
    C _  _  _  _  _  _  _  _  _  _
    D _  S  _  _  _  _  _  _  _  *
    E _  _  _  _  _  _  _  _  _  _
    F _  _  _  _  _  _  _  _  _  _
    G _  _  _  _  _  _  _  _  _  _
    H _  _  _  _  _  _  _  _  _  _
    I _  _  _  _  _  _  _  _  _  _
->abort
  state:34.0, ok
  Game has been exited.
->fire
  state:34.1, error
  Not in game.
->fire
  state:34.2, error
  Not in game.
->undo
  state:34.3, error
  Not in game.
->pass
  state:34.4, error
  Not in game.
->move(G,2)
  state:34.5, error
  Not in game.
->pass
  state:34.6, error
  Not in game.
->fire
  state:34.7, error
  Not in game.
->fire
  state:34.8, error
  Not in game.
->pass
  state:34.9, error
  Not in game.
->pass
  state:34.10, error
  Not in game.
->fire
  state:34.11, error
  Not in game.
->pass
  state:34.12, error
  Not in game.
->pass
  state:34.13, error
  Not in game.
->fire
  state:34.14, error
  Not in game.
->fire
  state:34.15, error
  Not in game.
->pass
  state:34.16, error
  Not in game.
->fire
  state:34.17, error
  Not in game.
->pass
  state:34.18, error
  Not in game.
->undo
  state:34.19, error
  Not in game.
->fire
  state:34.20, error
  Not in game.
->fire
  state:34.21, error
  Not in game.
->undo
  state:34.22, error
  Not in game.
->fire
  state:34.23, error
  Not in game.
->pass
  state:34.24, error
  Not in game.
->redo
  state:34.25, error
  Not in game.
->move(G,10)
  state:34.26, error
  Not in game.
->fire
  state:34.27, error
  Not in game.
->pass
  state:34.28, error
  Not in game.
->redo
  state:34.29, error
  Not in game.
->undo
  state:34.30, error
  Not in game.
->move(A,3)
  state:34.31, error
  Not in game.
->pass
  state:34.32, error
  Not in game.
->pass
  state:34.33, error
  Not in game.
->pass
  state:34.34, error
  Not in game.
->fire
  state:34.35, error
  Not in game.
->pass
  state:34.36, error
  Not in game.
->pass
  state:34.37, error
  Not in game.
->fire
  state:34.38, error
  Not in game.
->undo
  state:34.39, error
  Not in game.
->move(C,9)
  state:34.40, error
  Not in game.
->move(E,1)
  state:34.41, error
  Not in game.
->pass
  state:34.42, error
  Not in game.
->fire
  state:34.43, error
  Not in game.
->fire
  state:34.44, error
  Not in game.
->fire
  state:34.45, error
  Not in game.
->undo
  state:34.46, error
  Not in game.
->undo
  state:34.47, error
  Not in game.
->redo
  state:34.48, error
  Not in game.
->move(D,2)
  state:34.49, error
  Not in game.
->undo
  state:34.50, error
  Not in game.
->fire
  state:34.51, error
  Not in game.
->move(A,9)
  state:34.52, error
  Not in game.
->redo
  state:34.53, error
  Not in game.
->fire
  state:34.54, error
  Not in game.
->pass
  state:34.55, error
  Not in game.
->pass
  state:34.56, error
  Not in game.
->move(D,3)
  state:34.57, error
  Not in game.
->pass
  state:34.58, error
  Not in game.
->move(G,6)
  state:34.59, error
  Not in game.
->pass
  state:34.60, error
  Not in game.
->move(E,9)
  state:34.61, error
  Not in game.
->undo
  state:34.62, error
  Not in game.
->undo
  state:34.63, error
  Not in game.
->move(B,10)
  state:34.64, error
  Not in game.
->undo
  state:34.65, error
  Not in game.
->pass
  state:34.66, error
  Not in game.
->move(B,1)
  state:34.67, error
  Not in game.
->fire
  state:34.68, error
  Not in game.
->pass
  state:34.69, error
  Not in game.
->fire
  state:34.70, error
  Not in game.
->move(A,9)
  state:34.71, error
  Not in game.
->fire
  state:34.72, error
  Not in game.
->fire
  state:34.73, error
  Not in game.
->fire
  state:34.74, error
  Not in game.
->fire
  state:34.75, error
  Not in game.
->pass
  state:34.76, error
  Not in game.
->abort
  state:34.77, error
  Not in game.
->move(A,9)
  state:34.78, error
  Not in game.
->fire
  state:34.79, error
  Not in game.
->fire
  state:34.80, error
  Not in game.
->fire
  state:34.81, error
  Not in game.
->pass
  state:34.82, error
  Not in game.
->move(I,4)
  state:34.83, error
  Not in game.
->move(D,1)
  state:34.84, error
  Not in game.
->fire
  state:34.85, error
  Not in game.
->pass
  state:34.86, error
  Not in game.
->fire
  state:34.87, error
  Not in game.
->undo
  state:34.88, error
  Not in game.
->pass
  state:34.89, error
  Not in game.
->undo
  state:34.90, error
  Not in game.
->redo
  state:34.91, error
  Not in game.
->undo
  state:34.92, error
  Not in game.
->undo
  state:34.93, error
  Not in game.
->pass
  state:34.94, error
  Not in game.
->fire
  state:34.95, error
  Not in game.
->fire
  state:34.96, error
  Not in game.
->undo
  state:34.97, error
  Not in game.
->fire
  state:34.98, error
  Not in game.
->abort
  state:34.99, error
  Not in game.
