  Welcome to Space Defender Version 1.
->play(3,19,3,2)
  state:1.0, ok
      1  2  3  4  5  6  7  8  9 10 11 12 13 14 15 16 17 18 19
    A _  _  _  _  _  _  _  _  _  _  _  _  _  _  _  _  _  _  _
    B S  _  _  _  _  _  _  _  _  _  _  _  _  _  _  _  _  _  _
    C _  _  _  _  _  _  _  _  _  _  _  _  _  _  _  _  _  _  _
->pass
  state:2.0, ok
  The Starfighter stays at: [B,1]
      1  2  3  4  5  6  7  8  9 10 11 12 13 14 15 16 17 18 19
    A _  _  _  _  _  _  _  _  _  _  _  _  _  _  _  _  _  _  _
    B S  _  _  _  _  _  _  _  _  _  _  _  _  _  _  _  _  _  _
    C _  _  _  _  _  _  _  _  _  _  _  _  _  _  _  _  _  _  _
->pass
  state:3.0, ok
  The Starfighter stays at: [B,1]
      1  2  3  4  5  6  7  8  9 10 11 12 13 14 15 16 17 18 19
    A _  _  _  _  _  _  _  _  _  _  _  _  _  _  _  _  _  _  _
    B S  _  _  _  _  _  _  _  _  _  _  _  _  _  _  _  _  _  _
    C _  _  _  _  _  _  _  _  _  _  _  _  _  _  _  _  _  _  _
->undo
  state:2.0, ok
  The Starfighter stays at: [B,1]
      1  2  3  4  5  6  7  8  9 10 11 12 13 14 15 16 17 18 19
    A _  _  _  _  _  _  _  _  _  _  _  _  _  _  _  _  _  _  _
    B S  _  _  _  _  _  _  _  _  _  _  _  _  _  _  _  _  _  _
    C _  _  _  _  _  _  _  _  _  _  _  _  _  _  _  _  _  _  _
->pass
  state:3.0, ok
  The Starfighter stays at: [B,1]
      1  2  3  4  5  6  7  8  9 10 11 12 13 14 15 16 17 18 19
    A _  _  _  _  _  _  _  _  _  _  _  _  _  _  _  _  _  _  _
    B S  _  _  _  _  _  _  _  _  _  _  _  _  _  _  _  _  _  _
    C _  _  _  _  _  _  _  _  _  _  _  _  _  _  _  _  _  _  _
->pass
  state:4.0, ok
  The Starfighter stays at: [B,1]
      1  2  3  4  5  6  7  8  9 10 11 12 13 14 15 16 17 18 19
    A _  _  _  _  _  _  _  _  _  _  _  _  _  _  _  _  _  _  _
    B S  _  _  _  _  _  _  _  _  _  _  _  _  _  _  _  _  _  _
    C _  _  _  _  _  _  _  _  _  _  _  _  _  _  _  _  _  _  _
->undo
  state:3.0, ok
  The Starfighter stays at: [B,1]
      1  2  3  4  5  6  7  8  9 10 11 12 13 14 15 16 17 18 19
    A _  _  _  _  _  _  _  _  _  _  _  _  _  _  _  _  _  _  _
    B S  _  _  _  _  _  _  _  _  _  _  _  _  _  _  _  _  _  _
    C _  _  _  _  _  _  _  _  _  _  _  _  _  _  _  _  _  _  _
->move(B,12)
  state:3.1, error
  The location to move to is out of the Starfighter's movement range.
->fire
  state:4.0, ok
  The Starfighter fires a projectile at: [B,1]
      1  2  3  4  5  6  7  8  9 10 11 12 13 14 15 16 17 18 19
    A _  _  _  _  _  _  _  _  _  _  _  _  _  _  _  _  _  _  _
    B S  *  _  _  _  _  _  _  _  _  _  _  _  _  _  _  _  _  _
    C _  _  _  _  _  _  _  _  _  _  _  _  _  _  _  _  _  _  _
->fire
  state:5.0, ok
  A projectile moves: [B,2] -> [B,4]
  The Starfighter fires a projectile at: [B,1]
      1  2  3  4  5  6  7  8  9 10 11 12 13 14 15 16 17 18 19
    A _  _  _  _  _  _  _  _  _  _  _  _  _  _  _  _  _  _  _
    B S  *  _  *  _  _  _  _  _  _  _  _  _  _  _  _  _  _  _
    C _  _  _  _  _  _  _  _  _  _  _  _  _  _  _  _  _  _  _
->move(A,4)
  state:5.1, error
  The location to move to is out of the Starfighter's movement range.
->fire
  state:6.0, ok
  A projectile moves: [B,4] -> [B,6]
  A projectile moves: [B,2] -> [B,4]
  The Starfighter fires a projectile at: [B,1]
      1  2  3  4  5  6  7  8  9 10 11 12 13 14 15 16 17 18 19
    A _  _  _  _  _  _  _  _  _  _  _  _  _  _  _  _  _  _  _
    B S  *  _  *  _  *  _  _  _  _  _  _  _  _  _  _  _  _  _
    C _  _  _  _  _  _  _  _  _  _  _  _  _  _  _  _  _  _  _
->fire
  state:7.0, ok
  A projectile moves: [B,6] -> [B,8]
  A projectile moves: [B,4] -> [B,6]
  A projectile moves: [B,2] -> [B,4]
  The Starfighter fires a projectile at: [B,1]
      1  2  3  4  5  6  7  8  9 10 11 12 13 14 15 16 17 18 19
    A _  _  _  _  _  _  _  _  _  _  _  _  _  _  _  _  _  _  _
    B S  *  _  *  _  *  _  *  _  _  _  _  _  _  _  _  _  _  _
    C _  _  _  _  _  _  _  _  _  _  _  _  _  _  _  _  _  _  _
->pass
  state:8.0, ok
  A projectile moves: [B,8] -> [B,10]
  A projectile moves: [B,6] -> [B,8]
  A projectile moves: [B,4] -> [B,6]
  A projectile moves: [B,2] -> [B,4]
  The Starfighter stays at: [B,1]
      1  2  3  4  5  6  7  8  9 10 11 12 13 14 15 16 17 18 19
    A _  _  _  _  _  _  _  _  _  _  _  _  _  _  _  _  _  _  _
    B S  _  _  *  _  *  _  *  _  *  _  _  _  _  _  _  _  _  _
    C _  _  _  _  _  _  _  _  _  _  _  _  _  _  _  _  _  _  _
->fire
  state:9.0, ok
  A projectile moves: [B,10] -> [B,12]
  A projectile moves: [B,8] -> [B,10]
  A projectile moves: [B,6] -> [B,8]
  A projectile moves: [B,4] -> [B,6]
  The Starfighter fires a projectile at: [B,1]
      1  2  3  4  5  6  7  8  9 10 11 12 13 14 15 16 17 18 19
    A _  _  _  _  _  _  _  _  _  _  _  _  _  _  _  _  _  _  _
    B S  *  _  _  _  *  _  *  _  *  _  *  _  _  _  _  _  _  _
    C _  _  _  _  _  _  _  _  _  _  _  _  _  _  _  _  _  _  _
->pass
  state:10.0, ok
  A projectile moves: [B,12] -> [B,14]
  A projectile moves: [B,10] -> [B,12]
  A projectile moves: [B,8] -> [B,10]
  A projectile moves: [B,6] -> [B,8]
  A projectile moves: [B,2] -> [B,4]
  The Starfighter stays at: [B,1]
      1  2  3  4  5  6  7  8  9 10 11 12 13 14 15 16 17 18 19
    A _  _  _  _  _  _  _  _  _  _  _  _  _  _  _  _  _  _  _
    B S  _  _  *  _  _  _  *  _  *  _  *  _  *  _  _  _  _  _
    C _  _  _  _  _  _  _  _  _  _  _  _  _  _  _  _  _  _  _
->move(C,6)
  state:10.1, error
  The location to move to is out of the Starfighter's movement range.
->move(B,3)
  state:11.0, ok
  A projectile moves: [B,14] -> [B,16]
  A projectile moves: [B,12] -> [B,14]
  A projectile moves: [B,10] -> [B,12]
  A projectile moves: [B,8] -> [B,10]
  A projectile moves: [B,4] -> [B,6]
  The Starfighter moves: [B,1] -> [B,3]
      1  2  3  4  5  6  7  8  9 10 11 12 13 14 15 16 17 18 19
    A _  _  _  _  _  _  _  _  _  _  _  _  _  _  _  _  _  _  _
    B _  _  S  _  _  *  _  _  _  *  _  *  _  *  _  *  _  _  _
    C _  _  _  _  _  _  _  _  _  _  _  _  _  _  _  _  _  _  _
->fire
  state:12.0, ok
  A projectile moves: [B,16] -> [B,18]
  A projectile moves: [B,14] -> [B,16]
  A projectile moves: [B,12] -> [B,14]
  A projectile moves: [B,10] -> [B,12]
  A projectile moves: [B,6] -> [B,8]
  The Starfighter fires a projectile at: [B,3]
      1  2  3  4  5  6  7  8  9 10 11 12 13 14 15 16 17 18 19
    A _  _  _  _  _  _  _  _  _  _  _  _  _  _  _  _  _  _  _
    B _  _  S  *  _  _  _  *  _  _  _  *  _  *  _  *  _  *  _
    C _  _  _  _  _  _  _  _  _  _  _  _  _  _  _  _  _  _  _
->fire
  state:13.0, ok
  A projectile moves: [B,18] -> out of the board
  A projectile moves: [B,16] -> [B,18]
  A projectile moves: [B,14] -> [B,16]
  A projectile moves: [B,12] -> [B,14]
  A projectile moves: [B,8] -> [B,10]
  A projectile moves: [B,4] -> [B,6]
  The Starfighter fires a projectile at: [B,3]
      1  2  3  4  5  6  7  8  9 10 11 12 13 14 15 16 17 18 19
    A _  _  _  _  _  _  _  _  _  _  _  _  _  _  _  _  _  _  _
    B _  _  S  *  _  *  _  _  _  *  _  _  _  *  _  *  _  *  _
    C _  _  _  _  _  _  _  _  _  _  _  _  _  _  _  _  _  _  _
->fire
  state:14.0, ok
  A projectile moves: [B,18] -> out of the board
  A projectile moves: [B,16] -> [B,18]
  A projectile moves: [B,14] -> [B,16]
  A projectile moves: [B,10] -> [B,12]
  A projectile moves: [B,6] -> [B,8]
  A projectile moves: [B,4] -> [B,6]
  The Starfighter fires a projectile at: [B,3]
      1  2  3  4  5  6  7  8  9 10 11 12 13 14 15 16 17 18 19
    A _  _  _  _  _  _  _  _  _  _  _  _  _  _  _  _  _  _  _
    B _  _  S  *  _  *  _  *  _  _  _  *  _  _  _  *  _  *  _
    C _  _  _  _  _  _  _  _  _  _  _  _  _  _  _  _  _  _  _
->pass
  state:15.0, ok
  A projectile moves: [B,18] -> out of the board
  A projectile moves: [B,16] -> [B,18]
  A projectile moves: [B,12] -> [B,14]
  A projectile moves: [B,8] -> [B,10]
  A projectile moves: [B,6] -> [B,8]
  A projectile moves: [B,4] -> [B,6]
  The Starfighter stays at: [B,3]
      1  2  3  4  5  6  7  8  9 10 11 12 13 14 15 16 17 18 19
    A _  _  _  _  _  _  _  _  _  _  _  _  _  _  _  _  _  _  _
    B _  _  S  _  _  *  _  *  _  *  _  _  _  *  _  _  _  *  _
    C _  _  _  _  _  _  _  _  _  _  _  _  _  _  _  _  _  _  _
->move(A,15)
  state:15.1, error
  The location to move to is out of the Starfighter's movement range.
->pass
  state:16.0, ok
  A projectile moves: [B,18] -> out of the board
  A projectile moves: [B,14] -> [B,16]
  A projectile moves: [B,10] -> [B,12]
  A projectile moves: [B,8] -> [B,10]
  A projectile moves: [B,6] -> [B,8]
  The Starfighter stays at: [B,3]
      1  2  3  4  5  6  7  8  9 10 11 12 13 14 15 16 17 18 19
    A _  _  _  _  _  _  _  _  _  _  _  _  _  _  _  _  _  _  _
    B _  _  S  _  _  _  _  *  _  *  _  *  _  _  _  *  _  _  _
    C _  _  _  _  _  _  _  _  _  _  _  _  _  _  _  _  _  _  _
->fire
  state:17.0, ok
  A projectile moves: [B,16] -> [B,18]
  A projectile moves: [B,12] -> [B,14]
  A projectile moves: [B,10] -> [B,12]
  A projectile moves: [B,8] -> [B,10]
  The Starfighter fires a projectile at: [B,3]
      1  2  3  4  5  6  7  8  9 10 11 12 13 14 15 16 17 18 19
    A _  _  _  _  _  _  _  _  _  _  _  _  _  _  _  _  _  _  _
    B _  _  S  *  _  _  _  _  _  *  _  *  _  *  _  _  _  *  _
    C _  _  _  _  _  _  _  _  _  _  _  _  _  _  _  _  _  _  _
->pass
  state:18.0, ok
  A projectile moves: [B,18] -> out of the board
  A projectile moves: [B,14] -> [B,16]
  A projectile moves: [B,12] -> [B,14]
  A projectile moves: [B,10] -> [B,12]
  A projectile moves: [B,4] -> [B,6]
  The Starfighter stays at: [B,3]
      1  2  3  4  5  6  7  8  9 10 11 12 13 14 15 16 17 18 19
    A _  _  _  _  _  _  _  _  _  _  _  _  _  _  _  _  _  _  _
    B _  _  S  _  _  *  _  _  _  _  _  *  _  *  _  *  _  _  _
    C _  _  _  _  _  _  _  _  _  _  _  _  _  _  _  _  _  _  _
->pass
  state:19.0, ok
  A projectile moves: [B,16] -> [B,18]
  A projectile moves: [B,14] -> [B,16]
  A projectile moves: [B,12] -> [B,14]
  A projectile moves: [B,6] -> [B,8]
  The Starfighter stays at: [B,3]
      1  2  3  4  5  6  7  8  9 10 11 12 13 14 15 16 17 18 19
    A _  _  _  _  _  _  _  _  _  _  _  _  _  _  _  _  _  _  _
    B _  _  S  _  _  _  _  *  _  _  _  _  _  *  _  *  _  *  _
    C _  _  _  _  _  _  _  _  _  _  _  _  _  _  _  _  _  _  _
->fire
  state:20.0, ok
  A projectile moves: [B,18] -> out of the board
  A projectile moves: [B,16] -> [B,18]
  A projectile moves: [B,14] -> [B,16]
  A projectile moves: [B,8] -> [B,10]
  The Starfighter fires a projectile at: [B,3]
      1  2  3  4  5  6  7  8  9 10 11 12 13 14 15 16 17 18 19
    A _  _  _  _  _  _  _  _  _  _  _  _  _  _  _  _  _  _  _
    B _  _  S  *  _  _  _  _  _  *  _  _  _  _  _  *  _  *  _
    C _  _  _  _  _  _  _  _  _  _  _  _  _  _  _  _  _  _  _
->fire
  state:21.0, ok
  A projectile moves: [B,18] -> out of the board
  A projectile moves: [B,16] -> [B,18]
  A projectile moves: [B,10] -> [B,12]
  A projectile moves: [B,4] -> [B,6]
  The Starfighter fires a projectile at: [B,3]
      1  2  3  4  5  6  7  8  9 10 11 12 13 14 15 16 17 18 19
    A _  _  _  _  _  _  _  _  _  _  _  _  _  _  _  _  _  _  _
    B _  _  S  *  _  *  _  _  _  _  _  *  _  _  _  _  _  *  _
    C _  _  _  _  _  _  _  _  _  _  _  _  _  _  _  _  _  _  _
->move(A,9)
  state:21.1, error
  The location to move to is out of the Starfighter's movement range.
->fire
  state:22.0, ok
  A projectile moves: [B,18] -> out of the board
  A projectile moves: [B,12] -> [B,14]
  A projectile moves: [B,6] -> [B,8]
  A projectile moves: [B,4] -> [B,6]
  The Starfighter fires a projectile at: [B,3]
      1  2  3  4  5  6  7  8  9 10 11 12 13 14 15 16 17 18 19
    A _  _  _  _  _  _  _  _  _  _  _  _  _  _  _  _  _  _  _
    B _  _  S  *  _  *  _  *  _  _  _  _  _  *  _  _  _  _  _
    C _  _  _  _  _  _  _  _  _  _  _  _  _  _  _  _  _  _  _
->undo
  state:21.0, ok
  A projectile moves: [B,18] -> out of the board
  A projectile moves: [B,16] -> [B,18]
  A projectile moves: [B,10] -> [B,12]
  A projectile moves: [B,4] -> [B,6]
  The Starfighter fires a projectile at: [B,3]
      1  2  3  4  5  6  7  8  9 10 11 12 13 14 15 16 17 18 19
    A _  _  _  _  _  _  _  _  _  _  _  _  _  _  _  _  _  _  _
    B _  _  S  *  _  *  _  _  _  _  _  *  _  _  _  _  _  *  _
    C _  _  _  _  _  _  _  _  _  _  _  _  _  _  _  _  _  _  _
->fire
  state:22.0, ok
  A projectile moves: [B,18] -> out of the board
  A projectile moves: [B,12] -> [B,14]
  A projectile moves: [B,6] -> [B,8]
  A projectile moves: [B,4] -> [B,6]
  The Starfighter fires a projectile at: [B,3]
      1  2  3  4  5  6  7  8  9 10 11 12 13 14 15 16 17 18 19
    A _  _  _  _  _  _  _  _  _  _  _  _  _  _  _  _  _  _  _
    B _  _  S  *  _  *  _  *  _  _  _  _  _  *  _  _  _  _  _
    C _  _  _  _  _  _  _  _  _  _  _  _  _  _  _  _  _  _  _
->fire
  state:23.0, ok
  A projectile moves: [B,14] -> [B,16]
  A projectile moves: [B,8] -> [B,10]
  A projectile moves: [B,6] -> [B,8]
  A projectile moves: [B,4] -> [B,6]
  The Starfighter fires a projectile at: [B,3]
      1  2  3  4  5  6  7  8  9 10 11 12 13 14 15 16 17 18 19
    A _  _  _  _  _  _  _  _  _  _  _  _  _  _  _  _  _  _  _
    B _  _  S  *  _  *  _  *  _  *  _  _  _  _  _  *  _  _  _
    C _  _  _  _  _  _  _  _  _  _  _  _  _  _  _  _  _  _  _
->fire
  state:24.0, ok
  A projectile moves: [B,16] -> [B,18]
  A projectile moves: [B,10] -> [B,12]
  A projectile moves: [B,8] -> [B,10]
  A projectile moves: [B,6] -> [B,8]
  A projectile moves: [B,4] -> [B,6]
  The Starfighter fires a projectile at: [B,3]
      1  2  3  4  5  6  7  8  9 10 11 12 13 14 15 16 17 18 19
    A _  _  _  _  _  _  _  _  _  _  _  _  _  _  _  _  _  _  _
    B _  _  S  *  _  *  _  *  _  *  _  *  _  _  _  _  _  *  _
    C _  _  _  _  _  _  _  _  _  _  _  _  _  _  _  _  _  _  _
->undo
  state:23.0, ok
  A projectile moves: [B,14] -> [B,16]
  A projectile moves: [B,8] -> [B,10]
  A projectile moves: [B,6] -> [B,8]
  A projectile moves: [B,4] -> [B,6]
  The Starfighter fires a projectile at: [B,3]
      1  2  3  4  5  6  7  8  9 10 11 12 13 14 15 16 17 18 19
    A _  _  _  _  _  _  _  _  _  _  _  _  _  _  _  _  _  _  _
    B _  _  S  *  _  *  _  *  _  *  _  _  _  _  _  *  _  _  _
    C _  _  _  _  _  _  _  _  _  _  _  _  _  _  _  _  _  _  _
->fire
  state:24.0, ok
  A projectile moves: [B,16] -> [B,18]
  A projectile moves: [B,10] -> [B,12]
  A projectile moves: [B,8] -> [B,10]
  A projectile moves: [B,6] -> [B,8]
  A projectile moves: [B,4] -> [B,6]
  The Starfighter fires a projectile at: [B,3]
      1  2  3  4  5  6  7  8  9 10 11 12 13 14 15 16 17 18 19
    A _  _  _  _  _  _  _  _  _  _  _  _  _  _  _  _  _  _  _
    B _  _  S  *  _  *  _  *  _  *  _  *  _  _  _  _  _  *  _
    C _  _  _  _  _  _  _  _  _  _  _  _  _  _  _  _  _  _  _
->move(B,16)
  state:24.1, error
  The location to move to is out of the Starfighter's movement range.
->pass
  state:25.0, ok
  A projectile moves: [B,18] -> out of the board
  A projectile moves: [B,12] -> [B,14]
  A projectile moves: [B,10] -> [B,12]
  A projectile moves: [B,8] -> [B,10]
  A projectile moves: [B,6] -> [B,8]
  A projectile moves: [B,4] -> [B,6]
  The Starfighter stays at: [B,3]
      1  2  3  4  5  6  7  8  9 10 11 12 13 14 15 16 17 18 19
    A _  _  _  _  _  _  _  _  _  _  _  _  _  _  _  _  _  _  _
    B _  _  S  _  _  *  _  *  _  *  _  *  _  *  _  _  _  _  _
    C _  _  _  _  _  _  _  _  _  _  _  _  _  _  _  _  _  _  _
->pass
  state:26.0, ok
  A projectile moves: [B,14] -> [B,16]
  A projectile moves: [B,12] -> [B,14]
  A projectile moves: [B,10] -> [B,12]
  A projectile moves: [B,8] -> [B,10]
  A projectile moves: [B,6] -> [B,8]
  The Starfighter stays at: [B,3]
      1  2  3  4  5  6  7  8  9 10 11 12 13 14 15 16 17 18 19
    A _  _  _  _  _  _  _  _  _  _  _  _  _  _  _  _  _  _  _
    B _  _  S  _  _  _  _  *  _  *  _  *  _  *  _  *  _  _  _
    C _  _  _  _  _  _  _  _  _  _  _  _  _  _  _  _  _  _  _
->undo
  state:25.0, ok
  A projectile moves: [B,18] -> out of the board
  A projectile moves: [B,12] -> [B,14]
  A projectile moves: [B,10] -> [B,12]
  A projectile moves: [B,8] -> [B,10]
  A projectile moves: [B,6] -> [B,8]
  A projectile moves: [B,4] -> [B,6]
  The Starfighter stays at: [B,3]
      1  2  3  4  5  6  7  8  9 10 11 12 13 14 15 16 17 18 19
    A _  _  _  _  _  _  _  _  _  _  _  _  _  _  _  _  _  _  _
    B _  _  S  _  _  *  _  *  _  *  _  *  _  *  _  _  _  _  _
    C _  _  _  _  _  _  _  _  _  _  _  _  _  _  _  _  _  _  _
->undo
  state:24.0, ok
  A projectile moves: [B,16] -> [B,18]
  A projectile moves: [B,10] -> [B,12]
  A projectile moves: [B,8] -> [B,10]
  A projectile moves: [B,6] -> [B,8]
  A projectile moves: [B,4] -> [B,6]
  The Starfighter fires a projectile at: [B,3]
      1  2  3  4  5  6  7  8  9 10 11 12 13 14 15 16 17 18 19
    A _  _  _  _  _  _  _  _  _  _  _  _  _  _  _  _  _  _  _
    B _  _  S  *  _  *  _  *  _  *  _  *  _  _  _  _  _  *  _
    C _  _  _  _  _  _  _  _  _  _  _  _  _  _  _  _  _  _  _
->move(B,7)
  state:24.1, error
  The location to move to is out of the Starfighter's movement range.
->undo
  state:23.0, ok
  A projectile moves: [B,14] -> [B,16]
  A projectile moves: [B,8] -> [B,10]
  A projectile moves: [B,6] -> [B,8]
  A projectile moves: [B,4] -> [B,6]
  The Starfighter fires a projectile at: [B,3]
      1  2  3  4  5  6  7  8  9 10 11 12 13 14 15 16 17 18 19
    A _  _  _  _  _  _  _  _  _  _  _  _  _  _  _  _  _  _  _
    B _  _  S  *  _  *  _  *  _  *  _  _  _  _  _  *  _  _  _
    C _  _  _  _  _  _  _  _  _  _  _  _  _  _  _  _  _  _  _
->pass
  state:24.0, ok
  A projectile moves: [B,16] -> [B,18]
  A projectile moves: [B,10] -> [B,12]
  A projectile moves: [B,8] -> [B,10]
  A projectile moves: [B,6] -> [B,8]
  A projectile moves: [B,4] -> [B,6]
  The Starfighter stays at: [B,3]
      1  2  3  4  5  6  7  8  9 10 11 12 13 14 15 16 17 18 19
    A _  _  _  _  _  _  _  _  _  _  _  _  _  _  _  _  _  _  _
    B _  _  S  _  _  *  _  *  _  *  _  *  _  _  _  _  _  *  _
    C _  _  _  _  _  _  _  _  _  _  _  _  _  _  _  _  _  _  _
->pass
  state:25.0, ok
  A projectile moves: [B,18] -> out of the board
  A projectile moves: [B,12] -> [B,14]
  A projectile moves: [B,10] -> [B,12]
  A projectile moves: [B,8] -> [B,10]
  A projectile moves: [B,6] -> [B,8]
  The Starfighter stays at: [B,3]
      1  2  3  4  5  6  7  8  9 10 11 12 13 14 15 16 17 18 19
    A _  _  _  _  _  _  _  _  _  _  _  _  _  _  _  _  _  _  _
    B _  _  S  _  _  _  _  *  _  *  _  *  _  *  _  _  _  _  _
    C _  _  _  _  _  _  _  _  _  _  _  _  _  _  _  _  _  _  _
->fire
  state:26.0, ok
  A projectile moves: [B,14] -> [B,16]
  A projectile moves: [B,12] -> [B,14]
  A projectile moves: [B,10] -> [B,12]
  A projectile moves: [B,8] -> [B,10]
  The Starfighter fires a projectile at: [B,3]
      1  2  3  4  5  6  7  8  9 10 11 12 13 14 15 16 17 18 19
    A _  _  _  _  _  _  _  _  _  _  _  _  _  _  _  _  _  _  _
    B _  _  S  *  _  _  _  _  _  *  _  *  _  *  _  *  _  _  _
    C _  _  _  _  _  _  _  _  _  _  _  _  _  _  _  _  _  _  _
->move(B,6)
  state:27.0, ok
  A projectile moves: [B,16] -> [B,18]
  A projectile moves: [B,14] -> [B,16]
  A projectile moves: [B,12] -> [B,14]
  A projectile moves: [B,10] -> [B,12]
  A projectile moves: [B,4] -> [B,6]
  The Starfighter moves and collides with a projectile: [B,3] -> [B,6]
      1  2  3  4  5  6  7  8  9 10 11 12 13 14 15 16 17 18 19
    A _  _  _  _  _  _  _  _  _  _  _  _  _  _  _  _  _  _  _
    B _  _  _  _  _  X  _  _  _  _  _  *  _  *  _  *  _  *  _
    C _  _  _  _  _  _  _  _  _  _  _  _  _  _  _  _  _  _  _
  The game is over. Better luck next time!
->move(B,15)
  state:27.1, error
  Not in game.
->move(C,14)
  state:27.2, error
  Not in game.
->pass
  state:27.3, error
  Not in game.
->fire
  state:27.4, error
  Not in game.
->undo
  state:27.5, error
  Not in game.
->fire
  state:27.6, error
  Not in game.
->move(B,14)
  state:27.7, error
  Not in game.
->fire
  state:27.8, error
  Not in game.
->fire
  state:27.9, error
  Not in game.
->pass
  state:27.10, error
  Not in game.
->fire
  state:27.11, error
  Not in game.
->pass
  state:27.12, error
  Not in game.
->abort
  state:27.13, error
  Not in game.
->fire
  state:27.14, error
  Not in game.
->move(C,13)
  state:27.15, error
  Not in game.
->pass
  state:27.16, error
  Not in game.
->move(A,1)
  state:27.17, error
  Not in game.
->move(C,9)
  state:27.18, error
  Not in game.
->pass
  state:27.19, error
  Not in game.
->fire
  state:27.20, error
  Not in game.
->move(C,17)
  state:27.21, error
  Not in game.
->fire
  state:27.22, error
  Not in game.
->move(A,10)
  state:27.23, error
  Not in game.
->fire
  state:27.24, error
  Not in game.
->undo
  state:27.25, error
  Not in game.
->abort
  state:27.26, error
  Not in game.
