  Welcome to Space Defender Version 1.
->play(6,27,18,1)
  state:1.0, ok
      1  2  3  4  5  6  7  8  9 10 11 12 13 14 15 16 17 18 19 20 21 22 23 24 25 26 27
    A _  _  _  _  _  _  _  _  _  _  _  _  _  _  _  _  _  _  _  _  _  _  _  _  _  _  _
    B _  _  _  _  _  _  _  _  _  _  _  _  _  _  _  _  _  _  _  _  _  _  _  _  _  _  _
    C S  _  _  _  _  _  _  _  _  _  _  _  _  _  _  _  _  _  _  _  _  _  _  _  _  _  _
    D _  _  _  _  _  _  _  _  _  _  _  _  _  _  _  _  _  _  _  _  _  _  _  _  _  _  _
    E _  _  _  _  _  _  _  _  _  _  _  _  _  _  _  _  _  _  _  _  _  _  _  _  _  _  _
    F _  _  _  _  _  _  _  _  _  _  _  _  _  _  _  _  _  _  _  _  _  _  _  _  _  _  _
->pass
  state:2.0, ok
  The Starfighter stays at: [C,1]
      1  2  3  4  5  6  7  8  9 10 11 12 13 14 15 16 17 18 19 20 21 22 23 24 25 26 27
    A _  _  _  _  _  _  _  _  _  _  _  _  _  _  _  _  _  _  _  _  _  _  _  _  _  _  _
    B _  _  _  _  _  _  _  _  _  _  _  _  _  _  _  _  _  _  _  _  _  _  _  _  _  _  _
    C S  _  _  _  _  _  _  _  _  _  _  _  _  _  _  _  _  _  _  _  _  _  _  _  _  _  _
    D _  _  _  _  _  _  _  _  _  _  _  _  _  _  _  _  _  _  _  _  _  _  _  _  _  _  _
    E _  _  _  _  _  _  _  _  _  _  _  _  _  _  _  _  _  _  _  _  _  _  _  _  _  _  _
    F _  _  _  _  _  _  _  _  _  _  _  _  _  _  _  _  _  _  _  _  _  _  _  _  _  _  _
->pass
  state:3.0, ok
  The Starfighter stays at: [C,1]
      1  2  3  4  5  6  7  8  9 10 11 12 13 14 15 16 17 18 19 20 21 22 23 24 25 26 27
    A _  _  _  _  _  _  _  _  _  _  _  _  _  _  _  _  _  _  _  _  _  _  _  _  _  _  _
    B _  _  _  _  _  _  _  _  _  _  _  _  _  _  _  _  _  _  _  _  _  _  _  _  _  _  _
    C S  _  _  _  _  _  _  _  _  _  _  _  _  _  _  _  _  _  _  _  _  _  _  _  _  _  _
    D _  _  _  _  _  _  _  _  _  _  _  _  _  _  _  _  _  _  _  _  _  _  _  _  _  _  _
    E _  _  _  _  _  _  _  _  _  _  _  _  _  _  _  _  _  _  _  _  _  _  _  _  _  _  _
    F _  _  _  _  _  _  _  _  _  _  _  _  _  _  _  _  _  _  _  _  _  _  _  _  _  _  _
->move(E,6)
  state:4.0, ok
  The Starfighter moves: [C,1] -> [E,6]
      1  2  3  4  5  6  7  8  9 10 11 12 13 14 15 16 17 18 19 20 21 22 23 24 25 26 27
    A _  _  _  _  _  _  _  _  _  _  _  _  _  _  _  _  _  _  _  _  _  _  _  _  _  _  _
    B _  _  _  _  _  _  _  _  _  _  _  _  _  _  _  _  _  _  _  _  _  _  _  _  _  _  _
    C _  _  _  _  _  _  _  _  _  _  _  _  _  _  _  _  _  _  _  _  _  _  _  _  _  _  _
    D _  _  _  _  _  _  _  _  _  _  _  _  _  _  _  _  _  _  _  _  _  _  _  _  _  _  _
    E _  _  _  _  _  S  _  _  _  _  _  _  _  _  _  _  _  _  _  _  _  _  _  _  _  _  _
    F _  _  _  _  _  _  _  _  _  _  _  _  _  _  _  _  _  _  _  _  _  _  _  _  _  _  _
->undo
  state:3.0, ok
  The Starfighter stays at: [C,1]
      1  2  3  4  5  6  7  8  9 10 11 12 13 14 15 16 17 18 19 20 21 22 23 24 25 26 27
    A _  _  _  _  _  _  _  _  _  _  _  _  _  _  _  _  _  _  _  _  _  _  _  _  _  _  _
    B _  _  _  _  _  _  _  _  _  _  _  _  _  _  _  _  _  _  _  _  _  _  _  _  _  _  _
    C S  _  _  _  _  _  _  _  _  _  _  _  _  _  _  _  _  _  _  _  _  _  _  _  _  _  _
    D _  _  _  _  _  _  _  _  _  _  _  _  _  _  _  _  _  _  _  _  _  _  _  _  _  _  _
    E _  _  _  _  _  _  _  _  _  _  _  _  _  _  _  _  _  _  _  _  _  _  _  _  _  _  _
    F _  _  _  _  _  _  _  _  _  _  _  _  _  _  _  _  _  _  _  _  _  _  _  _  _  _  _
->pass
  state:4.0, ok
  The Starfighter stays at: [C,1]
      1  2  3  4  5  6  7  8  9 10 11 12 13 14 15 16 17 18 19 20 21 22 23 24 25 26 27
    A _  _  _  _  _  _  _  _  _  _  _  _  _  _  _  _  _  _  _  _  _  _  _  _  _  _  _
    B _  _  _  _  _  _  _  _  _  _  _  _  _  _  _  _  _  _  _  _  _  _  _  _  _  _  _
    C S  _  _  _  _  _  _  _  _  _  _  _  _  _  _  _  _  _  _  _  _  _  _  _  _  _  _
    D _  _  _  _  _  _  _  _  _  _  _  _  _  _  _  _  _  _  _  _  _  _  _  _  _  _  _
    E _  _  _  _  _  _  _  _  _  _  _  _  _  _  _  _  _  _  _  _  _  _  _  _  _  _  _
    F _  _  _  _  _  _  _  _  _  _  _  _  _  _  _  _  _  _  _  _  _  _  _  _  _  _  _
->pass
  state:5.0, ok
  The Starfighter stays at: [C,1]
      1  2  3  4  5  6  7  8  9 10 11 12 13 14 15 16 17 18 19 20 21 22 23 24 25 26 27
    A _  _  _  _  _  _  _  _  _  _  _  _  _  _  _  _  _  _  _  _  _  _  _  _  _  _  _
    B _  _  _  _  _  _  _  _  _  _  _  _  _  _  _  _  _  _  _  _  _  _  _  _  _  _  _
    C S  _  _  _  _  _  _  _  _  _  _  _  _  _  _  _  _  _  _  _  _  _  _  _  _  _  _
    D _  _  _  _  _  _  _  _  _  _  _  _  _  _  _  _  _  _  _  _  _  _  _  _  _  _  _
    E _  _  _  _  _  _  _  _  _  _  _  _  _  _  _  _  _  _  _  _  _  _  _  _  _  _  _
    F _  _  _  _  _  _  _  _  _  _  _  _  _  _  _  _  _  _  _  _  _  _  _  _  _  _  _
->undo
  state:4.0, ok
  The Starfighter stays at: [C,1]
      1  2  3  4  5  6  7  8  9 10 11 12 13 14 15 16 17 18 19 20 21 22 23 24 25 26 27
    A _  _  _  _  _  _  _  _  _  _  _  _  _  _  _  _  _  _  _  _  _  _  _  _  _  _  _
    B _  _  _  _  _  _  _  _  _  _  _  _  _  _  _  _  _  _  _  _  _  _  _  _  _  _  _
    C S  _  _  _  _  _  _  _  _  _  _  _  _  _  _  _  _  _  _  _  _  _  _  _  _  _  _
    D _  _  _  _  _  _  _  _  _  _  _  _  _  _  _  _  _  _  _  _  _  _  _  _  _  _  _
    E _  _  _  _  _  _  _  _  _  _  _  _  _  _  _  _  _  _  _  _  _  _  _  _  _  _  _
    F _  _  _  _  _  _  _  _  _  _  _  _  _  _  _  _  _  _  _  _  _  _  _  _  _  _  _
->undo
  state:3.0, ok
  The Starfighter stays at: [C,1]
      1  2  3  4  5  6  7  8  9 10 11 12 13 14 15 16 17 18 19 20 21 22 23 24 25 26 27
    A _  _  _  _  _  _  _  _  _  _  _  _  _  _  _  _  _  _  _  _  _  _  _  _  _  _  _
    B _  _  _  _  _  _  _  _  _  _  _  _  _  _  _  _  _  _  _  _  _  _  _  _  _  _  _
    C S  _  _  _  _  _  _  _  _  _  _  _  _  _  _  _  _  _  _  _  _  _  _  _  _  _  _
    D _  _  _  _  _  _  _  _  _  _  _  _  _  _  _  _  _  _  _  _  _  _  _  _  _  _  _
    E _  _  _  _  _  _  _  _  _  _  _  _  _  _  _  _  _  _  _  _  _  _  _  _  _  _  _
    F _  _  _  _  _  _  _  _  _  _  _  _  _  _  _  _  _  _  _  _  _  _  _  _  _  _  _
->fire
  state:4.0, ok
  The Starfighter fires a projectile at: [C,1]
      1  2  3  4  5  6  7  8  9 10 11 12 13 14 15 16 17 18 19 20 21 22 23 24 25 26 27
    A _  _  _  _  _  _  _  _  _  _  _  _  _  _  _  _  _  _  _  _  _  _  _  _  _  _  _
    B _  _  _  _  _  _  _  _  _  _  _  _  _  _  _  _  _  _  _  _  _  _  _  _  _  _  _
    C S  *  _  _  _  _  _  _  _  _  _  _  _  _  _  _  _  _  _  _  _  _  _  _  _  _  _
    D _  _  _  _  _  _  _  _  _  _  _  _  _  _  _  _  _  _  _  _  _  _  _  _  _  _  _
    E _  _  _  _  _  _  _  _  _  _  _  _  _  _  _  _  _  _  _  _  _  _  _  _  _  _  _
    F _  _  _  _  _  _  _  _  _  _  _  _  _  _  _  _  _  _  _  _  _  _  _  _  _  _  _
->fire
  state:5.0, ok
  A projectile moves: [C,2] -> [C,3]
  The Starfighter fires a projectile at: [C,1]
      1  2  3  4  5  6  7  8  9 10 11 12 13 14 15 16 17 18 19 20 21 22 23 24 25 26 27
    A _  _  _  _  _  _  _  _  _  _  _  _  _  _  _  _  _  _  _  _  _  _  _  _  _  _  _
    B _  _  _  _  _  _  _  _  _  _  _  _  _  _  _  _  _  _  _  _  _  _  _  _  _  _  _
    C S  *  *  _  _  _  _  _  _  _  _  _  _  _  _  _  _  _  _  _  _  _  _  _  _  _  _
    D _  _  _  _  _  _  _  _  _  _  _  _  _  _  _  _  _  _  _  _  _  _  _  _  _  _  _
    E _  _  _  _  _  _  _  _  _  _  _  _  _  _  _  _  _  _  _  _  _  _  _  _  _  _  _
    F _  _  _  _  _  _  _  _  _  _  _  _  _  _  _  _  _  _  _  _  _  _  _  _  _  _  _
->move(E,22)
  state:5.1, error
  The location to move to is out of the Starfighter's movement range.
->pass
  state:6.0, ok
  A projectile moves: [C,3] -> [C,4]
  A projectile moves: [C,2] -> [C,3]
  The Starfighter stays at: [C,1]
      1  2  3  4  5  6  7  8  9 10 11 12 13 14 15 16 17 18 19 20 21 22 23 24 25 26 27
    A _  _  _  _  _  _  _  _  _  _  _  _  _  _  _  _  _  _  _  _  _  _  _  _  _  _  _
    B _  _  _  _  _  _  _  _  _  _  _  _  _  _  _  _  _  _  _  _  _  _  _  _  _  _  _
    C S  _  *  *  _  _  _  _  _  _  _  _  _  _  _  _  _  _  _  _  _  _  _  _  _  _  _
    D _  _  _  _  _  _  _  _  _  _  _  _  _  _  _  _  _  _  _  _  _  _  _  _  _  _  _
    E _  _  _  _  _  _  _  _  _  _  _  _  _  _  _  _  _  _  _  _  _  _  _  _  _  _  _
    F _  _  _  _  _  _  _  _  _  _  _  _  _  _  _  _  _  _  _  _  _  _  _  _  _  _  _
->fire
  state:7.0, ok
  A projectile moves: [C,4] -> [C,5]
  A projectile moves: [C,3] -> [C,4]
  The Starfighter fires a projectile at: [C,1]
      1  2  3  4  5  6  7  8  9 10 11 12 13 14 15 16 17 18 19 20 21 22 23 24 25 26 27
    A _  _  _  _  _  _  _  _  _  _  _  _  _  _  _  _  _  _  _  _  _  _  _  _  _  _  _
    B _  _  _  _  _  _  _  _  _  _  _  _  _  _  _  _  _  _  _  _  _  _  _  _  _  _  _
    C S  *  _  *  *  _  _  _  _  _  _  _  _  _  _  _  _  _  _  _  _  _  _  _  _  _  _
    D _  _  _  _  _  _  _  _  _  _  _  _  _  _  _  _  _  _  _  _  _  _  _  _  _  _  _
    E _  _  _  _  _  _  _  _  _  _  _  _  _  _  _  _  _  _  _  _  _  _  _  _  _  _  _
    F _  _  _  _  _  _  _  _  _  _  _  _  _  _  _  _  _  _  _  _  _  _  _  _  _  _  _
->pass
  state:8.0, ok
  A projectile moves: [C,5] -> [C,6]
  A projectile moves: [C,4] -> [C,5]
  A projectile moves: [C,2] -> [C,3]
  The Starfighter stays at: [C,1]
      1  2  3  4  5  6  7  8  9 10 11 12 13 14 15 16 17 18 19 20 21 22 23 24 25 26 27
    A _  _  _  _  _  _  _  _  _  _  _  _  _  _  _  _  _  _  _  _  _  _  _  _  _  _  _
    B _  _  _  _  _  _  _  _  _  _  _  _  _  _  _  _  _  _  _  _  _  _  _  _  _  _  _
    C S  _  *  _  *  *  _  _  _  _  _  _  _  _  _  _  _  _  _  _  _  _  _  _  _  _  _
    D _  _  _  _  _  _  _  _  _  _  _  _  _  _  _  _  _  _  _  _  _  _  _  _  _  _  _
    E _  _  _  _  _  _  _  _  _  _  _  _  _  _  _  _  _  _  _  _  _  _  _  _  _  _  _
    F _  _  _  _  _  _  _  _  _  _  _  _  _  _  _  _  _  _  _  _  _  _  _  _  _  _  _
->redo
  state:8.1, error
  Nothing left to redo.
->fire
  state:9.0, ok
  A projectile moves: [C,6] -> [C,7]
  A projectile moves: [C,5] -> [C,6]
  A projectile moves: [C,3] -> [C,4]
  The Starfighter fires a projectile at: [C,1]
      1  2  3  4  5  6  7  8  9 10 11 12 13 14 15 16 17 18 19 20 21 22 23 24 25 26 27
    A _  _  _  _  _  _  _  _  _  _  _  _  _  _  _  _  _  _  _  _  _  _  _  _  _  _  _
    B _  _  _  _  _  _  _  _  _  _  _  _  _  _  _  _  _  _  _  _  _  _  _  _  _  _  _
    C S  *  _  *  _  *  *  _  _  _  _  _  _  _  _  _  _  _  _  _  _  _  _  _  _  _  _
    D _  _  _  _  _  _  _  _  _  _  _  _  _  _  _  _  _  _  _  _  _  _  _  _  _  _  _
    E _  _  _  _  _  _  _  _  _  _  _  _  _  _  _  _  _  _  _  _  _  _  _  _  _  _  _
    F _  _  _  _  _  _  _  _  _  _  _  _  _  _  _  _  _  _  _  _  _  _  _  _  _  _  _
->undo
  state:8.0, ok
  A projectile moves: [C,5] -> [C,6]
  A projectile moves: [C,4] -> [C,5]
  A projectile moves: [C,2] -> [C,3]
  The Starfighter stays at: [C,1]
      1  2  3  4  5  6  7  8  9 10 11 12 13 14 15 16 17 18 19 20 21 22 23 24 25 26 27
    A _  _  _  _  _  _  _  _  _  _  _  _  _  _  _  _  _  _  _  _  _  _  _  _  _  _  _
    B _  _  _  _  _  _  _  _  _  _  _  _  _  _  _  _  _  _  _  _  _  _  _  _  _  _  _
    C S  _  *  _  *  *  _  _  _  _  _  _  _  _  _  _  _  _  _  _  _  _  _  _  _  _  _
    D _  _  _  _  _  _  _  _  _  _  _  _  _  _  _  _  _  _  _  _  _  _  _  _  _  _  _
    E _  _  _  _  _  _  _  _  _  _  _  _  _  _  _  _  _  _  _  _  _  _  _  _  _  _  _
    F _  _  _  _  _  _  _  _  _  _  _  _  _  _  _  _  _  _  _  _  _  _  _  _  _  _  _
->fire
  state:9.0, ok
  A projectile moves: [C,6] -> [C,7]
  A projectile moves: [C,5] -> [C,6]
  A projectile moves: [C,3] -> [C,4]
  The Starfighter fires a projectile at: [C,1]
      1  2  3  4  5  6  7  8  9 10 11 12 13 14 15 16 17 18 19 20 21 22 23 24 25 26 27
    A _  _  _  _  _  _  _  _  _  _  _  _  _  _  _  _  _  _  _  _  _  _  _  _  _  _  _
    B _  _  _  _  _  _  _  _  _  _  _  _  _  _  _  _  _  _  _  _  _  _  _  _  _  _  _
    C S  *  _  *  _  *  *  _  _  _  _  _  _  _  _  _  _  _  _  _  _  _  _  _  _  _  _
    D _  _  _  _  _  _  _  _  _  _  _  _  _  _  _  _  _  _  _  _  _  _  _  _  _  _  _
    E _  _  _  _  _  _  _  _  _  _  _  _  _  _  _  _  _  _  _  _  _  _  _  _  _  _  _
    F _  _  _  _  _  _  _  _  _  _  _  _  _  _  _  _  _  _  _  _  _  _  _  _  _  _  _
->move(E,18)
  state:9.1, error
  The location to move to is out of the Starfighter's movement range.
->fire
  state:10.0, ok
  A projectile moves: [C,7] -> [C,8]
  A projectile moves: [C,6] -> [C,7]
  A projectile moves: [C,4] -> [C,5]
  A projectile moves: [C,2] -> [C,3]
  The Starfighter fires a projectile at: [C,1]
      1  2  3  4  5  6  7  8  9 10 11 12 13 14 15 16 17 18 19 20 21 22 23 24 25 26 27
    A _  _  _  _  _  _  _  _  _  _  _  _  _  _  _  _  _  _  _  _  _  _  _  _  _  _  _
    B _  _  _  _  _  _  _  _  _  _  _  _  _  _  _  _  _  _  _  _  _  _  _  _  _  _  _
    C S  *  *  _  *  _  *  *  _  _  _  _  _  _  _  _  _  _  _  _  _  _  _  _  _  _  _
    D _  _  _  _  _  _  _  _  _  _  _  _  _  _  _  _  _  _  _  _  _  _  _  _  _  _  _
    E _  _  _  _  _  _  _  _  _  _  _  _  _  _  _  _  _  _  _  _  _  _  _  _  _  _  _
    F _  _  _  _  _  _  _  _  _  _  _  _  _  _  _  _  _  _  _  _  _  _  _  _  _  _  _
->fire
  state:11.0, ok
  A projectile moves: [C,8] -> [C,9]
  A projectile moves: [C,7] -> [C,8]
  A projectile moves: [C,5] -> [C,6]
  A projectile moves: [C,3] -> [C,4]
  A projectile moves: [C,2] -> [C,3]
  The Starfighter fires a projectile at: [C,1]
      1  2  3  4  5  6  7  8  9 10 11 12 13 14 15 16 17 18 19 20 21 22 23 24 25 26 27
    A _  _  _  _  _  _  _  _  _  _  _  _  _  _  _  _  _  _  _  _  _  _  _  _  _  _  _
    B _  _  _  _  _  _  _  _  _  _  _  _  _  _  _  _  _  _  _  _  _  _  _  _  _  _  _
    C S  *  *  *  _  *  _  *  *  _  _  _  _  _  _  _  _  _  _  _  _  _  _  _  _  _  _
    D _  _  _  _  _  _  _  _  _  _  _  _  _  _  _  _  _  _  _  _  _  _  _  _  _  _  _
    E _  _  _  _  _  _  _  _  _  _  _  _  _  _  _  _  _  _  _  _  _  _  _  _  _  _  _
    F _  _  _  _  _  _  _  _  _  _  _  _  _  _  _  _  _  _  _  _  _  _  _  _  _  _  _
->pass
  state:12.0, ok
  A projectile moves: [C,9] -> [C,10]
  A projectile moves: [C,8] -> [C,9]
  A projectile moves: [C,6] -> [C,7]
  A projectile moves: [C,4] -> [C,5]
  A projectile moves: [C,3] -> [C,4]
  A projectile moves: [C,2] -> [C,3]
  The Starfighter stays at: [C,1]
      1  2  3  4  5  6  7  8  9 10 11 12 13 14 15 16 17 18 19 20 21 22 23 24 25 26 27
    A _  _  _  _  _  _  _  _  _  _  _  _  _  _  _  _  _  _  _  _  _  _  _  _  _  _  _
    B _  _  _  _  _  _  _  _  _  _  _  _  _  _  _  _  _  _  _  _  _  _  _  _  _  _  _
    C S  _  *  *  *  _  *  _  *  *  _  _  _  _  _  _  _  _  _  _  _  _  _  _  _  _  _
    D _  _  _  _  _  _  _  _  _  _  _  _  _  _  _  _  _  _  _  _  _  _  _  _  _  _  _
    E _  _  _  _  _  _  _  _  _  _  _  _  _  _  _  _  _  _  _  _  _  _  _  _  _  _  _
    F _  _  _  _  _  _  _  _  _  _  _  _  _  _  _  _  _  _  _  _  _  _  _  _  _  _  _
->move(B,4)
  state:13.0, ok
  A projectile moves: [C,10] -> [C,11]
  A projectile moves: [C,9] -> [C,10]
  A projectile moves: [C,7] -> [C,8]
  A projectile moves: [C,5] -> [C,6]
  A projectile moves: [C,4] -> [C,5]
  A projectile moves: [C,3] -> [C,4]
  The Starfighter moves: [C,1] -> [B,4]
      1  2  3  4  5  6  7  8  9 10 11 12 13 14 15 16 17 18 19 20 21 22 23 24 25 26 27
    A _  _  _  _  _  _  _  _  _  _  _  _  _  _  _  _  _  _  _  _  _  _  _  _  _  _  _
    B _  _  _  S  _  _  _  _  _  _  _  _  _  _  _  _  _  _  _  _  _  _  _  _  _  _  _
    C _  _  _  *  *  *  _  *  _  *  *  _  _  _  _  _  _  _  _  _  _  _  _  _  _  _  _
    D _  _  _  _  _  _  _  _  _  _  _  _  _  _  _  _  _  _  _  _  _  _  _  _  _  _  _
    E _  _  _  _  _  _  _  _  _  _  _  _  _  _  _  _  _  _  _  _  _  _  _  _  _  _  _
    F _  _  _  _  _  _  _  _  _  _  _  _  _  _  _  _  _  _  _  _  _  _  _  _  _  _  _
->fire
  state:14.0, ok
  A projectile moves: [C,11] -> [C,12]
  A projectile moves: [C,10] -> [C,11]
  A projectile moves: [C,8] -> [C,9]
  A projectile moves: [C,6] -> [C,7]
  A projectile moves: [C,5] -> [C,6]
  A projectile moves: [C,4] -> [C,5]
  The Starfighter fires a projectile at: [B,4]
      1  2  3  4  5  6  7  8  9 10 11 12 13 14 15 16 17 18 19 20 21 22 23 24 25 26 27
    A _  _  _  _  _  _  _  _  _  _  _  _  _  _  _  _  _  _  _  _  _  _  _  _  _  _  _
    B _  _  _  S  *  _  _  _  _  _  _  _  _  _  _  _  _  _  _  _  _  _  _  _  _  _  _
    C _  _  _  _  *  *  *  _  *  _  *  *  _  _  _  _  _  _  _  _  _  _  _  _  _  _  _
    D _  _  _  _  _  _  _  _  _  _  _  _  _  _  _  _  _  _  _  _  _  _  _  _  _  _  _
    E _  _  _  _  _  _  _  _  _  _  _  _  _  _  _  _  _  _  _  _  _  _  _  _  _  _  _
    F _  _  _  _  _  _  _  _  _  _  _  _  _  _  _  _  _  _  _  _  _  _  _  _  _  _  _
->pass
  state:15.0, ok
  A projectile moves: [C,12] -> [C,13]
  A projectile moves: [C,11] -> [C,12]
  A projectile moves: [C,9] -> [C,10]
  A projectile moves: [C,7] -> [C,8]
  A projectile moves: [C,6] -> [C,7]
  A projectile moves: [C,5] -> [C,6]
  A projectile moves: [B,5] -> [B,6]
  The Starfighter stays at: [B,4]
      1  2  3  4  5  6  7  8  9 10 11 12 13 14 15 16 17 18 19 20 21 22 23 24 25 26 27
    A _  _  _  _  _  _  _  _  _  _  _  _  _  _  _  _  _  _  _  _  _  _  _  _  _  _  _
    B _  _  _  S  _  *  _  _  _  _  _  _  _  _  _  _  _  _  _  _  _  _  _  _  _  _  _
    C _  _  _  _  _  *  *  *  _  *  _  *  *  _  _  _  _  _  _  _  _  _  _  _  _  _  _
    D _  _  _  _  _  _  _  _  _  _  _  _  _  _  _  _  _  _  _  _  _  _  _  _  _  _  _
    E _  _  _  _  _  _  _  _  _  _  _  _  _  _  _  _  _  _  _  _  _  _  _  _  _  _  _
    F _  _  _  _  _  _  _  _  _  _  _  _  _  _  _  _  _  _  _  _  _  _  _  _  _  _  _
->fire
  state:16.0, ok
  A projectile moves: [C,13] -> [C,14]
  A projectile moves: [C,12] -> [C,13]
  A projectile moves: [C,10] -> [C,11]
  A projectile moves: [C,8] -> [C,9]
  A projectile moves: [C,7] -> [C,8]
  A projectile moves: [C,6] -> [C,7]
  A projectile moves: [B,6] -> [B,7]
  The Starfighter fires a projectile at: [B,4]
      1  2  3  4  5  6  7  8  9 10 11 12 13 14 15 16 17 18 19 20 21 22 23 24 25 26 27
    A _  _  _  _  _  _  _  _  _  _  _  _  _  _  _  _  _  _  _  _  _  _  _  _  _  _  _
    B _  _  _  S  *  _  *  _  _  _  _  _  _  _  _  _  _  _  _  _  _  _  _  _  _  _  _
    C _  _  _  _  _  _  *  *  *  _  *  _  *  *  _  _  _  _  _  _  _  _  _  _  _  _  _
    D _  _  _  _  _  _  _  _  _  _  _  _  _  _  _  _  _  _  _  _  _  _  _  _  _  _  _
    E _  _  _  _  _  _  _  _  _  _  _  _  _  _  _  _  _  _  _  _  _  _  _  _  _  _  _
    F _  _  _  _  _  _  _  _  _  _  _  _  _  _  _  _  _  _  _  _  _  _  _  _  _  _  _
->fire
  state:17.0, ok
  A projectile moves: [C,14] -> [C,15]
  A projectile moves: [C,13] -> [C,14]
  A projectile moves: [C,11] -> [C,12]
  A projectile moves: [C,9] -> [C,10]
  A projectile moves: [C,8] -> [C,9]
  A projectile moves: [C,7] -> [C,8]
  A projectile moves: [B,7] -> [B,8]
  A projectile moves: [B,5] -> [B,6]
  The Starfighter fires a projectile at: [B,4]
      1  2  3  4  5  6  7  8  9 10 11 12 13 14 15 16 17 18 19 20 21 22 23 24 25 26 27
    A _  _  _  _  _  _  _  _  _  _  _  _  _  _  _  _  _  _  _  _  _  _  _  _  _  _  _
    B _  _  _  S  *  *  _  *  _  _  _  _  _  _  _  _  _  _  _  _  _  _  _  _  _  _  _
    C _  _  _  _  _  _  _  *  *  *  _  *  _  *  *  _  _  _  _  _  _  _  _  _  _  _  _
    D _  _  _  _  _  _  _  _  _  _  _  _  _  _  _  _  _  _  _  _  _  _  _  _  _  _  _
    E _  _  _  _  _  _  _  _  _  _  _  _  _  _  _  _  _  _  _  _  _  _  _  _  _  _  _
    F _  _  _  _  _  _  _  _  _  _  _  _  _  _  _  _  _  _  _  _  _  _  _  _  _  _  _
->fire
  state:18.0, ok
  A projectile moves: [C,15] -> [C,16]
  A projectile moves: [C,14] -> [C,15]
  A projectile moves: [C,12] -> [C,13]
  A projectile moves: [C,10] -> [C,11]
  A projectile moves: [C,9] -> [C,10]
  A projectile moves: [C,8] -> [C,9]
  A projectile moves: [B,8] -> [B,9]
  A projectile moves: [B,6] -> [B,7]
  A projectile moves: [B,5] -> [B,6]
  The Starfighter fires a projectile at: [B,4]
      1  2  3  4  5  6  7  8  9 10 11 12 13 14 15 16 17 18 19 20 21 22 23 24 25 26 27
    A _  _  _  _  _  _  _  _  _  _  _  _  _  _  _  _  _  _  _  _  _  _  _  _  _  _  _
    B _  _  _  S  *  *  *  _  *  _  _  _  _  _  _  _  _  _  _  _  _  _  _  _  _  _  _
    C _  _  _  _  _  _  _  _  *  *  *  _  *  _  *  *  _  _  _  _  _  _  _  _  _  _  _
    D _  _  _  _  _  _  _  _  _  _  _  _  _  _  _  _  _  _  _  _  _  _  _  _  _  _  _
    E _  _  _  _  _  _  _  _  _  _  _  _  _  _  _  _  _  _  _  _  _  _  _  _  _  _  _
    F _  _  _  _  _  _  _  _  _  _  _  _  _  _  _  _  _  _  _  _  _  _  _  _  _  _  _
->fire
  state:19.0, ok
  A projectile moves: [C,16] -> [C,17]
  A projectile moves: [C,15] -> [C,16]
  A projectile moves: [C,13] -> [C,14]
  A projectile moves: [C,11] -> [C,12]
  A projectile moves: [C,10] -> [C,11]
  A projectile moves: [C,9] -> [C,10]
  A projectile moves: [B,9] -> [B,10]
  A projectile moves: [B,7] -> [B,8]
  A projectile moves: [B,6] -> [B,7]
  A projectile moves: [B,5] -> [B,6]
  The Starfighter fires a projectile at: [B,4]
      1  2  3  4  5  6  7  8  9 10 11 12 13 14 15 16 17 18 19 20 21 22 23 24 25 26 27
    A _  _  _  _  _  _  _  _  _  _  _  _  _  _  _  _  _  _  _  _  _  _  _  _  _  _  _
    B _  _  _  S  *  *  *  *  _  *  _  _  _  _  _  _  _  _  _  _  _  _  _  _  _  _  _
    C _  _  _  _  _  _  _  _  _  *  *  *  _  *  _  *  *  _  _  _  _  _  _  _  _  _  _
    D _  _  _  _  _  _  _  _  _  _  _  _  _  _  _  _  _  _  _  _  _  _  _  _  _  _  _
    E _  _  _  _  _  _  _  _  _  _  _  _  _  _  _  _  _  _  _  _  _  _  _  _  _  _  _
    F _  _  _  _  _  _  _  _  _  _  _  _  _  _  _  _  _  _  _  _  _  _  _  _  _  _  _
->move(A,16)
  state:20.0, ok
  A projectile moves: [C,17] -> [C,18]
  A projectile moves: [C,16] -> [C,17]
  A projectile moves: [C,14] -> [C,15]
  A projectile moves: [C,12] -> [C,13]
  A projectile moves: [C,11] -> [C,12]
  A projectile moves: [C,10] -> [C,11]
  A projectile moves: [B,10] -> [B,11]
  A projectile moves: [B,8] -> [B,9]
  A projectile moves: [B,7] -> [B,8]
  A projectile moves: [B,6] -> [B,7]
  A projectile moves: [B,5] -> [B,6]
  The Starfighter moves: [B,4] -> [A,16]
      1  2  3  4  5  6  7  8  9 10 11 12 13 14 15 16 17 18 19 20 21 22 23 24 25 26 27
    A _  _  _  _  _  _  _  _  _  _  _  _  _  _  _  S  _  _  _  _  _  _  _  _  _  _  _
    B _  _  _  _  _  *  *  *  *  _  *  _  _  _  _  _  _  _  _  _  _  _  _  _  _  _  _
    C _  _  _  _  _  _  _  _  _  _  *  *  *  _  *  _  *  *  _  _  _  _  _  _  _  _  _
    D _  _  _  _  _  _  _  _  _  _  _  _  _  _  _  _  _  _  _  _  _  _  _  _  _  _  _
    E _  _  _  _  _  _  _  _  _  _  _  _  _  _  _  _  _  _  _  _  _  _  _  _  _  _  _
    F _  _  _  _  _  _  _  _  _  _  _  _  _  _  _  _  _  _  _  _  _  _  _  _  _  _  _
->pass
  state:21.0, ok
  A projectile moves: [C,18] -> [C,19]
  A projectile moves: [C,17] -> [C,18]
  A projectile moves: [C,15] -> [C,16]
  A projectile moves: [C,13] -> [C,14]
  A projectile moves: [C,12] -> [C,13]
  A projectile moves: [C,11] -> [C,12]
  A projectile moves: [B,11] -> [B,12]
  A projectile moves: [B,9] -> [B,10]
  A projectile moves: [B,8] -> [B,9]
  A projectile moves: [B,7] -> [B,8]
  A projectile moves: [B,6] -> [B,7]
  The Starfighter stays at: [A,16]
      1  2  3  4  5  6  7  8  9 10 11 12 13 14 15 16 17 18 19 20 21 22 23 24 25 26 27
    A _  _  _  _  _  _  _  _  _  _  _  _  _  _  _  S  _  _  _  _  _  _  _  _  _  _  _
    B _  _  _  _  _  _  *  *  *  *  _  *  _  _  _  _  _  _  _  _  _  _  _  _  _  _  _
    C _  _  _  _  _  _  _  _  _  _  _  *  *  *  _  *  _  *  *  _  _  _  _  _  _  _  _
    D _  _  _  _  _  _  _  _  _  _  _  _  _  _  _  _  _  _  _  _  _  _  _  _  _  _  _
    E _  _  _  _  _  _  _  _  _  _  _  _  _  _  _  _  _  _  _  _  _  _  _  _  _  _  _
    F _  _  _  _  _  _  _  _  _  _  _  _  _  _  _  _  _  _  _  _  _  _  _  _  _  _  _
->undo
  state:20.0, ok
  A projectile moves: [C,17] -> [C,18]
  A projectile moves: [C,16] -> [C,17]
  A projectile moves: [C,14] -> [C,15]
  A projectile moves: [C,12] -> [C,13]
  A projectile moves: [C,11] -> [C,12]
  A projectile moves: [C,10] -> [C,11]
  A projectile moves: [B,10] -> [B,11]
  A projectile moves: [B,8] -> [B,9]
  A projectile moves: [B,7] -> [B,8]
  A projectile moves: [B,6] -> [B,7]
  A projectile moves: [B,5] -> [B,6]
  The Starfighter moves: [B,4] -> [A,16]
      1  2  3  4  5  6  7  8  9 10 11 12 13 14 15 16 17 18 19 20 21 22 23 24 25 26 27
    A _  _  _  _  _  _  _  _  _  _  _  _  _  _  _  S  _  _  _  _  _  _  _  _  _  _  _
    B _  _  _  _  _  *  *  *  *  _  *  _  _  _  _  _  _  _  _  _  _  _  _  _  _  _  _
    C _  _  _  _  _  _  _  _  _  _  *  *  *  _  *  _  *  *  _  _  _  _  _  _  _  _  _
    D _  _  _  _  _  _  _  _  _  _  _  _  _  _  _  _  _  _  _  _  _  _  _  _  _  _  _
    E _  _  _  _  _  _  _  _  _  _  _  _  _  _  _  _  _  _  _  _  _  _  _  _  _  _  _
    F _  _  _  _  _  _  _  _  _  _  _  _  _  _  _  _  _  _  _  _  _  _  _  _  _  _  _
->move(F,21)
  state:21.0, ok
  A projectile moves: [C,18] -> [C,19]
  A projectile moves: [C,17] -> [C,18]
  A projectile moves: [C,15] -> [C,16]
  A projectile moves: [C,13] -> [C,14]
  A projectile moves: [C,12] -> [C,13]
  A projectile moves: [C,11] -> [C,12]
  A projectile moves: [B,11] -> [B,12]
  A projectile moves: [B,9] -> [B,10]
  A projectile moves: [B,8] -> [B,9]
  A projectile moves: [B,7] -> [B,8]
  A projectile moves: [B,6] -> [B,7]
  The Starfighter moves and collides with a projectile: [A,16] -> [C,16]
      1  2  3  4  5  6  7  8  9 10 11 12 13 14 15 16 17 18 19 20 21 22 23 24 25 26 27
    A _  _  _  _  _  _  _  _  _  _  _  _  _  _  _  _  _  _  _  _  _  _  _  _  _  _  _
    B _  _  _  _  _  _  *  *  *  *  _  *  _  _  _  _  _  _  _  _  _  _  _  _  _  _  _
    C _  _  _  _  _  _  _  _  _  _  _  *  *  *  _  X  _  *  *  _  _  _  _  _  _  _  _
    D _  _  _  _  _  _  _  _  _  _  _  _  _  _  _  _  _  _  _  _  _  _  _  _  _  _  _
    E _  _  _  _  _  _  _  _  _  _  _  _  _  _  _  _  _  _  _  _  _  _  _  _  _  _  _
    F _  _  _  _  _  _  _  _  _  _  _  _  _  _  _  _  _  _  _  _  _  _  _  _  _  _  _
  The game is over. Better luck next time!
->undo
  state:21.1, error
  Not in game.
->fire
  state:21.2, error
  Not in game.
->fire
  state:21.3, error
  Not in game.
->move(A,15)
  state:21.4, error
  Not in game.
->fire
  state:21.5, error
  Not in game.
->undo
  state:21.6, error
  Not in game.
->pass
  state:21.7, error
  Not in game.
->fire
  state:21.8, error
  Not in game.
->move(E,19)
  state:21.9, error
  Not in game.
->pass
  state:21.10, error
  Not in game.
->undo
  state:21.11, error
  Not in game.
->pass
  state:21.12, error
  Not in game.
->move(E,2)
  state:21.13, error
  Not in game.
->pass
  state:21.14, error
  Not in game.
->pass
  state:21.15, error
  Not in game.
->move(D,25)
  state:21.16, error
  Not in game.
->fire
  state:21.17, error
  Not in game.
->undo
  state:21.18, error
  Not in game.
->fire
  state:21.19, error
  Not in game.
->move(B,19)
  state:21.20, error
  Not in game.
->move(A,21)
  state:21.21, error
  Not in game.
->fire
  state:21.22, error
  Not in game.
->undo
  state:21.23, error
  Not in game.
->pass
  state:21.24, error
  Not in game.
->pass
  state:21.25, error
  Not in game.
->move(A,3)
  state:21.26, error
  Not in game.
->undo
  state:21.27, error
  Not in game.
->fire
  state:21.28, error
  Not in game.
->fire
  state:21.29, error
  Not in game.
->pass
  state:21.30, error
  Not in game.
->pass
  state:21.31, error
  Not in game.
->redo
  state:21.32, error
  Not in game.
->pass
  state:21.33, error
  Not in game.
->move(A,20)
  state:21.34, error
  Not in game.
->move(E,13)
  state:21.35, error
  Not in game.
->fire
  state:21.36, error
  Not in game.
->move(A,1)
  state:21.37, error
  Not in game.
->pass
  state:21.38, error
  Not in game.
->fire
  state:21.39, error
  Not in game.
->fire
  state:21.40, error
  Not in game.
->pass
  state:21.41, error
  Not in game.
->move(C,27)
  state:21.42, error
  Not in game.
->move(B,2)
  state:21.43, error
  Not in game.
->move(C,25)
  state:21.44, error
  Not in game.
->move(C,18)
  state:21.45, error
  Not in game.
->pass
  state:21.46, error
  Not in game.
->pass
  state:21.47, error
  Not in game.
->pass
  state:21.48, error
  Not in game.
->pass
  state:21.49, error
  Not in game.
->move(B,27)
  state:21.50, error
  Not in game.
->pass
  state:21.51, error
  Not in game.
->fire
  state:21.52, error
  Not in game.
->pass
  state:21.53, error
  Not in game.
->fire
  state:21.54, error
  Not in game.
->fire
  state:21.55, error
  Not in game.
->pass
  state:21.56, error
  Not in game.
->fire
  state:21.57, error
  Not in game.
->move(E,20)
  state:21.58, error
  Not in game.
->move(A,20)
  state:21.59, error
  Not in game.
->undo
  state:21.60, error
  Not in game.
->move(C,16)
  state:21.61, error
  Not in game.
->undo
  state:21.62, error
  Not in game.
->fire
  state:21.63, error
  Not in game.
->fire
  state:21.64, error
  Not in game.
->move(D,8)
  state:21.65, error
  Not in game.
->fire
  state:21.66, error
  Not in game.
->pass
  state:21.67, error
  Not in game.
->move(E,18)
  state:21.68, error
  Not in game.
->move(A,27)
  state:21.69, error
  Not in game.
->pass
  state:21.70, error
  Not in game.
->pass
  state:21.71, error
  Not in game.
->undo
  state:21.72, error
  Not in game.
->fire
  state:21.73, error
  Not in game.
->move(D,7)
  state:21.74, error
  Not in game.
->pass
  state:21.75, error
  Not in game.
->fire
  state:21.76, error
  Not in game.
->fire
  state:21.77, error
  Not in game.
->move(C,12)
  state:21.78, error
  Not in game.
->fire
  state:21.79, error
  Not in game.
->abort
  state:21.80, error
  Not in game.
