  Welcome to Space Defender Version 1.
->play(7,21,36,2)
  state:0.1, error
  Starfighter movement should not exceed row - 1 + column - 1 size of the board.
->fire
  state:0.2, error
  Not in game.
->pass
  state:0.3, error
  Not in game.
->undo
  state:0.4, error
  Not in game.
->redo
  state:0.5, error
  Not in game.
->pass
  state:0.6, error
  Not in game.
->undo
  state:0.7, error
  Not in game.
->fire
  state:0.8, error
  Not in game.
->move(D,18)
  state:0.9, error
  Not in game.
->undo
  state:0.10, error
  Not in game.
->undo
  state:0.11, error
  Not in game.
->undo
  state:0.12, error
  Not in game.
->fire
  state:0.13, error
  Not in game.
->fire
  state:0.14, error
  Not in game.
->fire
  state:0.15, error
  Not in game.
->pass
  state:0.16, error
  Not in game.
->fire
  state:0.17, error
  Not in game.
->move(A,9)
  state:0.18, error
  Not in game.
->fire
  state:0.19, error
  Not in game.
->fire
  state:0.20, error
  Not in game.
->move(D,12)
  state:0.21, error
  Not in game.
->pass
  state:0.22, error
  Not in game.
->move(F,4)
  state:0.23, error
  Not in game.
->fire
  state:0.24, error
  Not in game.
->abort
  state:0.25, error
  Not in game.
->play(7,15,13,4)
  state:1.0, ok
      1  2  3  4  5  6  7  8  9 10 11 12 13 14 15
    A _  _  _  _  _  _  _  _  _  _  _  _  _  _  _
    B _  _  _  _  _  _  _  _  _  _  _  _  _  _  _
    C _  _  _  _  _  _  _  _  _  _  _  _  _  _  _
    D S  _  _  _  _  _  _  _  _  _  _  _  _  _  _
    E _  _  _  _  _  _  _  _  _  _  _  _  _  _  _
    F _  _  _  _  _  _  _  _  _  _  _  _  _  _  _
    G _  _  _  _  _  _  _  _  _  _  _  _  _  _  _
->pass
  state:2.0, ok
  The Starfighter stays at: [D,1]
      1  2  3  4  5  6  7  8  9 10 11 12 13 14 15
    A _  _  _  _  _  _  _  _  _  _  _  _  _  _  _
    B _  _  _  _  _  _  _  _  _  _  _  _  _  _  _
    C _  _  _  _  _  _  _  _  _  _  _  _  _  _  _
    D S  _  _  _  _  _  _  _  _  _  _  _  _  _  _
    E _  _  _  _  _  _  _  _  _  _  _  _  _  _  _
    F _  _  _  _  _  _  _  _  _  _  _  _  _  _  _
    G _  _  _  _  _  _  _  _  _  _  _  _  _  _  _
->pass
  state:3.0, ok
  The Starfighter stays at: [D,1]
      1  2  3  4  5  6  7  8  9 10 11 12 13 14 15
    A _  _  _  _  _  _  _  _  _  _  _  _  _  _  _
    B _  _  _  _  _  _  _  _  _  _  _  _  _  _  _
    C _  _  _  _  _  _  _  _  _  _  _  _  _  _  _
    D S  _  _  _  _  _  _  _  _  _  _  _  _  _  _
    E _  _  _  _  _  _  _  _  _  _  _  _  _  _  _
    F _  _  _  _  _  _  _  _  _  _  _  _  _  _  _
    G _  _  _  _  _  _  _  _  _  _  _  _  _  _  _
->fire
  state:4.0, ok
  The Starfighter fires a projectile at: [D,1]
      1  2  3  4  5  6  7  8  9 10 11 12 13 14 15
    A _  _  _  _  _  _  _  _  _  _  _  _  _  _  _
    B _  _  _  _  _  _  _  _  _  _  _  _  _  _  _
    C _  _  _  _  _  _  _  _  _  _  _  _  _  _  _
    D S  *  _  _  _  _  _  _  _  _  _  _  _  _  _
    E _  _  _  _  _  _  _  _  _  _  _  _  _  _  _
    F _  _  _  _  _  _  _  _  _  _  _  _  _  _  _
    G _  _  _  _  _  _  _  _  _  _  _  _  _  _  _
->fire
  state:5.0, ok
  A projectile moves: [D,2] -> [D,6]
  The Starfighter fires a projectile at: [D,1]
      1  2  3  4  5  6  7  8  9 10 11 12 13 14 15
    A _  _  _  _  _  _  _  _  _  _  _  _  _  _  _
    B _  _  _  _  _  _  _  _  _  _  _  _  _  _  _
    C _  _  _  _  _  _  _  _  _  _  _  _  _  _  _
    D S  *  _  _  _  *  _  _  _  _  _  _  _  _  _
    E _  _  _  _  _  _  _  _  _  _  _  _  _  _  _
    F _  _  _  _  _  _  _  _  _  _  _  _  _  _  _
    G _  _  _  _  _  _  _  _  _  _  _  _  _  _  _
->undo
  state:4.0, ok
  The Starfighter fires a projectile at: [D,1]
      1  2  3  4  5  6  7  8  9 10 11 12 13 14 15
    A _  _  _  _  _  _  _  _  _  _  _  _  _  _  _
    B _  _  _  _  _  _  _  _  _  _  _  _  _  _  _
    C _  _  _  _  _  _  _  _  _  _  _  _  _  _  _
    D S  *  _  _  _  _  _  _  _  _  _  _  _  _  _
    E _  _  _  _  _  _  _  _  _  _  _  _  _  _  _
    F _  _  _  _  _  _  _  _  _  _  _  _  _  _  _
    G _  _  _  _  _  _  _  _  _  _  _  _  _  _  _
->fire
  state:5.0, ok
  A projectile moves: [D,2] -> [D,6]
  The Starfighter fires a projectile at: [D,1]
      1  2  3  4  5  6  7  8  9 10 11 12 13 14 15
    A _  _  _  _  _  _  _  _  _  _  _  _  _  _  _
    B _  _  _  _  _  _  _  _  _  _  _  _  _  _  _
    C _  _  _  _  _  _  _  _  _  _  _  _  _  _  _
    D S  *  _  _  _  *  _  _  _  _  _  _  _  _  _
    E _  _  _  _  _  _  _  _  _  _  _  _  _  _  _
    F _  _  _  _  _  _  _  _  _  _  _  _  _  _  _
    G _  _  _  _  _  _  _  _  _  _  _  _  _  _  _
->pass
  state:6.0, ok
  A projectile moves: [D,6] -> [D,10]
  A projectile moves: [D,2] -> [D,6]
  The Starfighter stays at: [D,1]
      1  2  3  4  5  6  7  8  9 10 11 12 13 14 15
    A _  _  _  _  _  _  _  _  _  _  _  _  _  _  _
    B _  _  _  _  _  _  _  _  _  _  _  _  _  _  _
    C _  _  _  _  _  _  _  _  _  _  _  _  _  _  _
    D S  _  _  _  _  *  _  _  _  *  _  _  _  _  _
    E _  _  _  _  _  _  _  _  _  _  _  _  _  _  _
    F _  _  _  _  _  _  _  _  _  _  _  _  _  _  _
    G _  _  _  _  _  _  _  _  _  _  _  _  _  _  _
->fire
  state:7.0, ok
  A projectile moves: [D,10] -> [D,14]
  A projectile moves: [D,6] -> [D,10]
  The Starfighter fires a projectile at: [D,1]
      1  2  3  4  5  6  7  8  9 10 11 12 13 14 15
    A _  _  _  _  _  _  _  _  _  _  _  _  _  _  _
    B _  _  _  _  _  _  _  _  _  _  _  _  _  _  _
    C _  _  _  _  _  _  _  _  _  _  _  _  _  _  _
    D S  *  _  _  _  _  _  _  _  *  _  _  _  *  _
    E _  _  _  _  _  _  _  _  _  _  _  _  _  _  _
    F _  _  _  _  _  _  _  _  _  _  _  _  _  _  _
    G _  _  _  _  _  _  _  _  _  _  _  _  _  _  _
->move(C,14)
  state:7.1, error
  The location to move to is out of the Starfighter's movement range.
->fire
  state:8.0, ok
  A projectile moves: [D,14] -> out of the board
  A projectile moves: [D,10] -> [D,14]
  A projectile moves: [D,2] -> [D,6]
  The Starfighter fires a projectile at: [D,1]
      1  2  3  4  5  6  7  8  9 10 11 12 13 14 15
    A _  _  _  _  _  _  _  _  _  _  _  _  _  _  _
    B _  _  _  _  _  _  _  _  _  _  _  _  _  _  _
    C _  _  _  _  _  _  _  _  _  _  _  _  _  _  _
    D S  *  _  _  _  *  _  _  _  _  _  _  _  *  _
    E _  _  _  _  _  _  _  _  _  _  _  _  _  _  _
    F _  _  _  _  _  _  _  _  _  _  _  _  _  _  _
    G _  _  _  _  _  _  _  _  _  _  _  _  _  _  _
->move(F,10)
  state:9.0, ok
  A projectile moves: [D,14] -> out of the board
  A projectile moves: [D,6] -> [D,10]
  A projectile moves: [D,2] -> [D,6]
  The Starfighter moves: [D,1] -> [F,10]
      1  2  3  4  5  6  7  8  9 10 11 12 13 14 15
    A _  _  _  _  _  _  _  _  _  _  _  _  _  _  _
    B _  _  _  _  _  _  _  _  _  _  _  _  _  _  _
    C _  _  _  _  _  _  _  _  _  _  _  _  _  _  _
    D _  _  _  _  _  *  _  _  _  *  _  _  _  _  _
    E _  _  _  _  _  _  _  _  _  _  _  _  _  _  _
    F _  _  _  _  _  _  _  _  _  S  _  _  _  _  _
    G _  _  _  _  _  _  _  _  _  _  _  _  _  _  _
->move(A,3)
  state:10.0, ok
  A projectile moves: [D,10] -> [D,14]
  A projectile moves: [D,6] -> [D,10]
  The Starfighter moves and collides with a projectile: [F,10] -> [D,10]
      1  2  3  4  5  6  7  8  9 10 11 12 13 14 15
    A _  _  _  _  _  _  _  _  _  _  _  _  _  _  _
    B _  _  _  _  _  _  _  _  _  _  _  _  _  _  _
    C _  _  _  _  _  _  _  _  _  _  _  _  _  _  _
    D _  _  _  _  _  _  _  _  _  X  _  _  _  *  _
    E _  _  _  _  _  _  _  _  _  _  _  _  _  _  _
    F _  _  _  _  _  _  _  _  _  _  _  _  _  _  _
    G _  _  _  _  _  _  _  _  _  _  _  _  _  _  _
  The game is over. Better luck next time!
->undo
  state:10.1, error
  Not in game.
->undo
  state:10.2, error
  Not in game.
->undo
  state:10.3, error
  Not in game.
->fire
  state:10.4, error
  Not in game.
->fire
  state:10.5, error
  Not in game.
->fire
  state:10.6, error
  Not in game.
->move(G,2)
  state:10.7, error
  Not in game.
->fire
  state:10.8, error
  Not in game.
->move(F,14)
  state:10.9, error
  Not in game.
->fire
  state:10.10, error
  Not in game.
->fire
  state:10.11, error
  Not in game.
->pass
  state:10.12, error
  Not in game.
->fire
  state:10.13, error
  Not in game.
->pass
  state:10.14, error
  Not in game.
->fire
  state:10.15, error
  Not in game.
->pass
  state:10.16, error
  Not in game.
->pass
  state:10.17, error
  Not in game.
->fire
  state:10.18, error
  Not in game.
->abort
  state:10.19, error
  Not in game.
->undo
  state:10.20, error
  Not in game.
->move(G,1)
  state:10.21, error
  Not in game.
->move(G,15)
  state:10.22, error
  Not in game.
->fire
  state:10.23, error
  Not in game.
->undo
  state:10.24, error
  Not in game.
->pass
  state:10.25, error
  Not in game.
->fire
  state:10.26, error
  Not in game.
->move(D,4)
  state:10.27, error
  Not in game.
->fire
  state:10.28, error
  Not in game.
->move(C,6)
  state:10.29, error
  Not in game.
->move(D,14)
  state:10.30, error
  Not in game.
->fire
  state:10.31, error
  Not in game.
->undo
  state:10.32, error
  Not in game.
->move(C,3)
  state:10.33, error
  Not in game.
->fire
  state:10.34, error
  Not in game.
->pass
  state:10.35, error
  Not in game.
->move(D,10)
  state:10.36, error
  Not in game.
->move(C,5)
  state:10.37, error
  Not in game.
->pass
  state:10.38, error
  Not in game.
->fire
  state:10.39, error
  Not in game.
->fire
  state:10.40, error
  Not in game.
->fire
  state:10.41, error
  Not in game.
->pass
  state:10.42, error
  Not in game.
->move(E,3)
  state:10.43, error
  Not in game.
->undo
  state:10.44, error
  Not in game.
->fire
  state:10.45, error
  Not in game.
->fire
  state:10.46, error
  Not in game.
->pass
  state:10.47, error
  Not in game.
->fire
  state:10.48, error
  Not in game.
->move(E,13)
  state:10.49, error
  Not in game.
->pass
  state:10.50, error
  Not in game.
->pass
  state:10.51, error
  Not in game.
->undo
  state:10.52, error
  Not in game.
->undo
  state:10.53, error
  Not in game.
->undo
  state:10.54, error
  Not in game.
->fire
  state:10.55, error
  Not in game.
->move(F,9)
  state:10.56, error
  Not in game.
->pass
  state:10.57, error
  Not in game.
->fire
  state:10.58, error
  Not in game.
->pass
  state:10.59, error
  Not in game.
->fire
  state:10.60, error
  Not in game.
->fire
  state:10.61, error
  Not in game.
->pass
  state:10.62, error
  Not in game.
->abort
  state:10.63, error
  Not in game.
->play(10,6,6,5)
  state:11.0, ok
      1  2  3  4  5  6
    A _  _  _  _  _  _
    B _  _  _  _  _  _
    C _  _  _  _  _  _
    D _  _  _  _  _  _
    E S  _  _  _  _  _
    F _  _  _  _  _  _
    G _  _  _  _  _  _
    H _  _  _  _  _  _
    I _  _  _  _  _  _
    J _  _  _  _  _  _
->pass
  state:12.0, ok
  The Starfighter stays at: [E,1]
      1  2  3  4  5  6
    A _  _  _  _  _  _
    B _  _  _  _  _  _
    C _  _  _  _  _  _
    D _  _  _  _  _  _
    E S  _  _  _  _  _
    F _  _  _  _  _  _
    G _  _  _  _  _  _
    H _  _  _  _  _  _
    I _  _  _  _  _  _
    J _  _  _  _  _  _
->pass
  state:13.0, ok
  The Starfighter stays at: [E,1]
      1  2  3  4  5  6
    A _  _  _  _  _  _
    B _  _  _  _  _  _
    C _  _  _  _  _  _
    D _  _  _  _  _  _
    E S  _  _  _  _  _
    F _  _  _  _  _  _
    G _  _  _  _  _  _
    H _  _  _  _  _  _
    I _  _  _  _  _  _
    J _  _  _  _  _  _
->move(I,5)
  state:13.1, error
  The location to move to is out of the Starfighter's movement range.
->undo
  state:12.0, ok
  The Starfighter stays at: [E,1]
      1  2  3  4  5  6
    A _  _  _  _  _  _
    B _  _  _  _  _  _
    C _  _  _  _  _  _
    D _  _  _  _  _  _
    E S  _  _  _  _  _
    F _  _  _  _  _  _
    G _  _  _  _  _  _
    H _  _  _  _  _  _
    I _  _  _  _  _  _
    J _  _  _  _  _  _
->pass
  state:13.0, ok
  The Starfighter stays at: [E,1]
      1  2  3  4  5  6
    A _  _  _  _  _  _
    B _  _  _  _  _  _
    C _  _  _  _  _  _
    D _  _  _  _  _  _
    E S  _  _  _  _  _
    F _  _  _  _  _  _
    G _  _  _  _  _  _
    H _  _  _  _  _  _
    I _  _  _  _  _  _
    J _  _  _  _  _  _
->fire
  state:14.0, ok
  The Starfighter fires a projectile at: [E,1]
      1  2  3  4  5  6
    A _  _  _  _  _  _
    B _  _  _  _  _  _
    C _  _  _  _  _  _
    D _  _  _  _  _  _
    E S  *  _  _  _  _
    F _  _  _  _  _  _
    G _  _  _  _  _  _
    H _  _  _  _  _  _
    I _  _  _  _  _  _
    J _  _  _  _  _  _
->fire
  state:15.0, ok
  A projectile moves: [E,2] -> out of the board
  The Starfighter fires a projectile at: [E,1]
      1  2  3  4  5  6
    A _  _  _  _  _  _
    B _  _  _  _  _  _
    C _  _  _  _  _  _
    D _  _  _  _  _  _
    E S  *  _  _  _  _
    F _  _  _  _  _  _
    G _  _  _  _  _  _
    H _  _  _  _  _  _
    I _  _  _  _  _  _
    J _  _  _  _  _  _
->fire
  state:16.0, ok
  A projectile moves: [E,2] -> out of the board
  The Starfighter fires a projectile at: [E,1]
      1  2  3  4  5  6
    A _  _  _  _  _  _
    B _  _  _  _  _  _
    C _  _  _  _  _  _
    D _  _  _  _  _  _
    E S  *  _  _  _  _
    F _  _  _  _  _  _
    G _  _  _  _  _  _
    H _  _  _  _  _  _
    I _  _  _  _  _  _
    J _  _  _  _  _  _
->pass
  state:17.0, ok
  A projectile moves: [E,2] -> out of the board
  The Starfighter stays at: [E,1]
      1  2  3  4  5  6
    A _  _  _  _  _  _
    B _  _  _  _  _  _
    C _  _  _  _  _  _
    D _  _  _  _  _  _
    E S  _  _  _  _  _
    F _  _  _  _  _  _
    G _  _  _  _  _  _
    H _  _  _  _  _  _
    I _  _  _  _  _  _
    J _  _  _  _  _  _
->move(I,4)
  state:17.1, error
  The location to move to is out of the Starfighter's movement range.
->pass
  state:18.0, ok
  The Starfighter stays at: [E,1]
      1  2  3  4  5  6
    A _  _  _  _  _  _
    B _  _  _  _  _  _
    C _  _  _  _  _  _
    D _  _  _  _  _  _
    E S  _  _  _  _  _
    F _  _  _  _  _  _
    G _  _  _  _  _  _
    H _  _  _  _  _  _
    I _  _  _  _  _  _
    J _  _  _  _  _  _
->move(F,3)
  state:19.0, ok
  The Starfighter moves: [E,1] -> [F,3]
      1  2  3  4  5  6
    A _  _  _  _  _  _
    B _  _  _  _  _  _
    C _  _  _  _  _  _
    D _  _  _  _  _  _
    E _  _  _  _  _  _
    F _  _  S  _  _  _
    G _  _  _  _  _  _
    H _  _  _  _  _  _
    I _  _  _  _  _  _
    J _  _  _  _  _  _
->pass
  state:20.0, ok
  The Starfighter stays at: [F,3]
      1  2  3  4  5  6
    A _  _  _  _  _  _
    B _  _  _  _  _  _
    C _  _  _  _  _  _
    D _  _  _  _  _  _
    E _  _  _  _  _  _
    F _  _  S  _  _  _
    G _  _  _  _  _  _
    H _  _  _  _  _  _
    I _  _  _  _  _  _
    J _  _  _  _  _  _
->move(B,4)
  state:21.0, ok
  The Starfighter moves: [F,3] -> [B,4]
      1  2  3  4  5  6
    A _  _  _  _  _  _
    B _  _  _  S  _  _
    C _  _  _  _  _  _
    D _  _  _  _  _  _
    E _  _  _  _  _  _
    F _  _  _  _  _  _
    G _  _  _  _  _  _
    H _  _  _  _  _  _
    I _  _  _  _  _  _
    J _  _  _  _  _  _
->pass
  state:22.0, ok
  The Starfighter stays at: [B,4]
      1  2  3  4  5  6
    A _  _  _  _  _  _
    B _  _  _  S  _  _
    C _  _  _  _  _  _
    D _  _  _  _  _  _
    E _  _  _  _  _  _
    F _  _  _  _  _  _
    G _  _  _  _  _  _
    H _  _  _  _  _  _
    I _  _  _  _  _  _
    J _  _  _  _  _  _
->redo
  state:22.1, error
  Nothing left to redo.
->undo
  state:21.0, ok
  The Starfighter moves: [F,3] -> [B,4]
      1  2  3  4  5  6
    A _  _  _  _  _  _
    B _  _  _  S  _  _
    C _  _  _  _  _  _
    D _  _  _  _  _  _
    E _  _  _  _  _  _
    F _  _  _  _  _  _
    G _  _  _  _  _  _
    H _  _  _  _  _  _
    I _  _  _  _  _  _
    J _  _  _  _  _  _
->move(B,1)
  state:22.0, ok
  The Starfighter moves: [B,4] -> [B,1]
      1  2  3  4  5  6
    A _  _  _  _  _  _
    B S  _  _  _  _  _
    C _  _  _  _  _  _
    D _  _  _  _  _  _
    E _  _  _  _  _  _
    F _  _  _  _  _  _
    G _  _  _  _  _  _
    H _  _  _  _  _  _
    I _  _  _  _  _  _
    J _  _  _  _  _  _
->pass
  state:23.0, ok
  The Starfighter stays at: [B,1]
      1  2  3  4  5  6
    A _  _  _  _  _  _
    B S  _  _  _  _  _
    C _  _  _  _  _  _
    D _  _  _  _  _  _
    E _  _  _  _  _  _
    F _  _  _  _  _  _
    G _  _  _  _  _  _
    H _  _  _  _  _  _
    I _  _  _  _  _  _
    J _  _  _  _  _  _
->move(E,2)
  state:24.0, ok
  The Starfighter moves: [B,1] -> [E,2]
      1  2  3  4  5  6
    A _  _  _  _  _  _
    B _  _  _  _  _  _
    C _  _  _  _  _  _
    D _  _  _  _  _  _
    E _  S  _  _  _  _
    F _  _  _  _  _  _
    G _  _  _  _  _  _
    H _  _  _  _  _  _
    I _  _  _  _  _  _
    J _  _  _  _  _  _
->undo
  state:23.0, ok
  The Starfighter stays at: [B,1]
      1  2  3  4  5  6
    A _  _  _  _  _  _
    B S  _  _  _  _  _
    C _  _  _  _  _  _
    D _  _  _  _  _  _
    E _  _  _  _  _  _
    F _  _  _  _  _  _
    G _  _  _  _  _  _
    H _  _  _  _  _  _
    I _  _  _  _  _  _
    J _  _  _  _  _  _
->fire
  state:24.0, ok
  The Starfighter fires a projectile at: [B,1]
      1  2  3  4  5  6
    A _  _  _  _  _  _
    B S  *  _  _  _  _
    C _  _  _  _  _  _
    D _  _  _  _  _  _
    E _  _  _  _  _  _
    F _  _  _  _  _  _
    G _  _  _  _  _  _
    H _  _  _  _  _  _
    I _  _  _  _  _  _
    J _  _  _  _  _  _
->undo
  state:23.0, ok
  The Starfighter stays at: [B,1]
      1  2  3  4  5  6
    A _  _  _  _  _  _
    B S  _  _  _  _  _
    C _  _  _  _  _  _
    D _  _  _  _  _  _
    E _  _  _  _  _  _
    F _  _  _  _  _  _
    G _  _  _  _  _  _
    H _  _  _  _  _  _
    I _  _  _  _  _  _
    J _  _  _  _  _  _
->pass
  state:24.0, ok
  The Starfighter stays at: [B,1]
      1  2  3  4  5  6
    A _  _  _  _  _  _
    B S  _  _  _  _  _
    C _  _  _  _  _  _
    D _  _  _  _  _  _
    E _  _  _  _  _  _
    F _  _  _  _  _  _
    G _  _  _  _  _  _
    H _  _  _  _  _  _
    I _  _  _  _  _  _
    J _  _  _  _  _  _
->move(H,1)
  state:25.0, ok
  The Starfighter moves: [B,1] -> [H,1]
      1  2  3  4  5  6
    A _  _  _  _  _  _
    B _  _  _  _  _  _
    C _  _  _  _  _  _
    D _  _  _  _  _  _
    E _  _  _  _  _  _
    F _  _  _  _  _  _
    G _  _  _  _  _  _
    H S  _  _  _  _  _
    I _  _  _  _  _  _
    J _  _  _  _  _  _
->fire
  state:26.0, ok
  The Starfighter fires a projectile at: [H,1]
      1  2  3  4  5  6
    A _  _  _  _  _  _
    B _  _  _  _  _  _
    C _  _  _  _  _  _
    D _  _  _  _  _  _
    E _  _  _  _  _  _
    F _  _  _  _  _  _
    G _  _  _  _  _  _
    H S  *  _  _  _  _
    I _  _  _  _  _  _
    J _  _  _  _  _  _
->move(I,5)
  state:27.0, ok
  A projectile moves: [H,2] -> out of the board
  The Starfighter moves: [H,1] -> [I,5]
      1  2  3  4  5  6
    A _  _  _  _  _  _
    B _  _  _  _  _  _
    C _  _  _  _  _  _
    D _  _  _  _  _  _
    E _  _  _  _  _  _
    F _  _  _  _  _  _
    G _  _  _  _  _  _
    H _  _  _  _  _  _
    I _  _  _  _  S  _
    J _  _  _  _  _  _
->pass
  state:28.0, ok
  The Starfighter stays at: [I,5]
      1  2  3  4  5  6
    A _  _  _  _  _  _
    B _  _  _  _  _  _
    C _  _  _  _  _  _
    D _  _  _  _  _  _
    E _  _  _  _  _  _
    F _  _  _  _  _  _
    G _  _  _  _  _  _
    H _  _  _  _  _  _
    I _  _  _  _  S  _
    J _  _  _  _  _  _
->pass
  state:29.0, ok
  The Starfighter stays at: [I,5]
      1  2  3  4  5  6
    A _  _  _  _  _  _
    B _  _  _  _  _  _
    C _  _  _  _  _  _
    D _  _  _  _  _  _
    E _  _  _  _  _  _
    F _  _  _  _  _  _
    G _  _  _  _  _  _
    H _  _  _  _  _  _
    I _  _  _  _  S  _
    J _  _  _  _  _  _
->pass
  state:30.0, ok
  The Starfighter stays at: [I,5]
      1  2  3  4  5  6
    A _  _  _  _  _  _
    B _  _  _  _  _  _
    C _  _  _  _  _  _
    D _  _  _  _  _  _
    E _  _  _  _  _  _
    F _  _  _  _  _  _
    G _  _  _  _  _  _
    H _  _  _  _  _  _
    I _  _  _  _  S  _
    J _  _  _  _  _  _
->fire
  state:31.0, ok
  The Starfighter fires a projectile at: [I,5]
      1  2  3  4  5  6
    A _  _  _  _  _  _
    B _  _  _  _  _  _
    C _  _  _  _  _  _
    D _  _  _  _  _  _
    E _  _  _  _  _  _
    F _  _  _  _  _  _
    G _  _  _  _  _  _
    H _  _  _  _  _  _
    I _  _  _  _  S  *
    J _  _  _  _  _  _
->move(G,5)
  state:32.0, ok
  A projectile moves: [I,6] -> out of the board
  The Starfighter moves: [I,5] -> [G,5]
      1  2  3  4  5  6
    A _  _  _  _  _  _
    B _  _  _  _  _  _
    C _  _  _  _  _  _
    D _  _  _  _  _  _
    E _  _  _  _  _  _
    F _  _  _  _  _  _
    G _  _  _  _  S  _
    H _  _  _  _  _  _
    I _  _  _  _  _  _
    J _  _  _  _  _  _
->undo
  state:31.0, ok
  The Starfighter fires a projectile at: [I,5]
      1  2  3  4  5  6
    A _  _  _  _  _  _
    B _  _  _  _  _  _
    C _  _  _  _  _  _
    D _  _  _  _  _  _
    E _  _  _  _  _  _
    F _  _  _  _  _  _
    G _  _  _  _  _  _
    H _  _  _  _  _  _
    I _  _  _  _  S  *
    J _  _  _  _  _  _
->undo
  state:30.0, ok
  The Starfighter stays at: [I,5]
      1  2  3  4  5  6
    A _  _  _  _  _  _
    B _  _  _  _  _  _
    C _  _  _  _  _  _
    D _  _  _  _  _  _
    E _  _  _  _  _  _
    F _  _  _  _  _  _
    G _  _  _  _  _  _
    H _  _  _  _  _  _
    I _  _  _  _  S  _
    J _  _  _  _  _  _
->pass
  state:31.0, ok
  The Starfighter stays at: [I,5]
      1  2  3  4  5  6
    A _  _  _  _  _  _
    B _  _  _  _  _  _
    C _  _  _  _  _  _
    D _  _  _  _  _  _
    E _  _  _  _  _  _
    F _  _  _  _  _  _
    G _  _  _  _  _  _
    H _  _  _  _  _  _
    I _  _  _  _  S  _
    J _  _  _  _  _  _
->fire
  state:32.0, ok
  The Starfighter fires a projectile at: [I,5]
      1  2  3  4  5  6
    A _  _  _  _  _  _
    B _  _  _  _  _  _
    C _  _  _  _  _  _
    D _  _  _  _  _  _
    E _  _  _  _  _  _
    F _  _  _  _  _  _
    G _  _  _  _  _  _
    H _  _  _  _  _  _
    I _  _  _  _  S  *
    J _  _  _  _  _  _
->undo
  state:31.0, ok
  The Starfighter stays at: [I,5]
      1  2  3  4  5  6
    A _  _  _  _  _  _
    B _  _  _  _  _  _
    C _  _  _  _  _  _
    D _  _  _  _  _  _
    E _  _  _  _  _  _
    F _  _  _  _  _  _
    G _  _  _  _  _  _
    H _  _  _  _  _  _
    I _  _  _  _  S  _
    J _  _  _  _  _  _
->abort
  state:32.0, ok
  Game has been exited.
