  Welcome to Space Defender Version 1.
->play(9,10,35,4)
  state:0.1, error
  Starfighter movement should not exceed row - 1 + column - 1 size of the board.
->move(G,1)
  state:0.2, error
  Not in game.
->move(H,8)
  state:0.3, error
  Not in game.
->fire
  state:0.4, error
  Not in game.
->fire
  state:0.5, error
  Not in game.
->undo
  state:0.6, error
  Not in game.
->fire
  state:0.7, error
  Not in game.
->undo
  state:0.8, error
  Not in game.
->redo
  state:0.9, error
  Not in game.
->fire
  state:0.10, error
  Not in game.
->pass
  state:0.11, error
  Not in game.
->fire
  state:0.12, error
  Not in game.
->pass
  state:0.13, error
  Not in game.
->pass
  state:0.14, error
  Not in game.
->fire
  state:0.15, error
  Not in game.
->move(G,4)
  state:0.16, error
  Not in game.
->move(F,4)
  state:0.17, error
  Not in game.
->abort
  state:0.18, error
  Not in game.
->play(8,7,12,2)
  state:1.0, ok
      1  2  3  4  5  6  7
    A _  _  _  _  _  _  _
    B _  _  _  _  _  _  _
    C _  _  _  _  _  _  _
    D S  _  _  _  _  _  _
    E _  _  _  _  _  _  _
    F _  _  _  _  _  _  _
    G _  _  _  _  _  _  _
    H _  _  _  _  _  _  _
->fire
  state:2.0, ok
  The Starfighter fires a projectile at: [D,1]
      1  2  3  4  5  6  7
    A _  _  _  _  _  _  _
    B _  _  _  _  _  _  _
    C _  _  _  _  _  _  _
    D S  *  _  _  _  _  _
    E _  _  _  _  _  _  _
    F _  _  _  _  _  _  _
    G _  _  _  _  _  _  _
    H _  _  _  _  _  _  _
->fire
  state:3.0, ok
  A projectile moves: [D,2] -> [D,4]
  The Starfighter fires a projectile at: [D,1]
      1  2  3  4  5  6  7
    A _  _  _  _  _  _  _
    B _  _  _  _  _  _  _
    C _  _  _  _  _  _  _
    D S  *  _  *  _  _  _
    E _  _  _  _  _  _  _
    F _  _  _  _  _  _  _
    G _  _  _  _  _  _  _
    H _  _  _  _  _  _  _
->move(H,7)
  state:4.0, ok
  A projectile moves: [D,4] -> [D,6]
  A projectile moves: [D,2] -> [D,4]
  The Starfighter moves: [D,1] -> [H,7]
      1  2  3  4  5  6  7
    A _  _  _  _  _  _  _
    B _  _  _  _  _  _  _
    C _  _  _  _  _  _  _
    D _  _  _  *  _  *  _
    E _  _  _  _  _  _  _
    F _  _  _  _  _  _  _
    G _  _  _  _  _  _  _
    H _  _  _  _  _  _  S
->pass
  state:5.0, ok
  A projectile moves: [D,6] -> out of the board
  A projectile moves: [D,4] -> [D,6]
  The Starfighter stays at: [H,7]
      1  2  3  4  5  6  7
    A _  _  _  _  _  _  _
    B _  _  _  _  _  _  _
    C _  _  _  _  _  _  _
    D _  _  _  _  _  *  _
    E _  _  _  _  _  _  _
    F _  _  _  _  _  _  _
    G _  _  _  _  _  _  _
    H _  _  _  _  _  _  S
->move(G,6)
  state:6.0, ok
  A projectile moves: [D,6] -> out of the board
  The Starfighter moves: [H,7] -> [G,6]
      1  2  3  4  5  6  7
    A _  _  _  _  _  _  _
    B _  _  _  _  _  _  _
    C _  _  _  _  _  _  _
    D _  _  _  _  _  _  _
    E _  _  _  _  _  _  _
    F _  _  _  _  _  _  _
    G _  _  _  _  _  S  _
    H _  _  _  _  _  _  _
->move(B,4)
  state:7.0, ok
  The Starfighter moves: [G,6] -> [B,4]
      1  2  3  4  5  6  7
    A _  _  _  _  _  _  _
    B _  _  _  S  _  _  _
    C _  _  _  _  _  _  _
    D _  _  _  _  _  _  _
    E _  _  _  _  _  _  _
    F _  _  _  _  _  _  _
    G _  _  _  _  _  _  _
    H _  _  _  _  _  _  _
->fire
  state:8.0, ok
  The Starfighter fires a projectile at: [B,4]
      1  2  3  4  5  6  7
    A _  _  _  _  _  _  _
    B _  _  _  S  *  _  _
    C _  _  _  _  _  _  _
    D _  _  _  _  _  _  _
    E _  _  _  _  _  _  _
    F _  _  _  _  _  _  _
    G _  _  _  _  _  _  _
    H _  _  _  _  _  _  _
->abort
  state:9.0, ok
  Game has been exited.
