  Welcome to Space Defender Version 1.
->play(8,5,3,2)
  state:1.0, ok
      1  2  3  4  5
    A _  _  _  _  _
    B _  _  _  _  _
    C _  _  _  _  _
    D S  _  _  _  _
    E _  _  _  _  _
    F _  _  _  _  _
    G _  _  _  _  _
    H _  _  _  _  _
->fire
  state:2.0, ok
  The Starfighter fires a projectile at: [D,1]
      1  2  3  4  5
    A _  _  _  _  _
    B _  _  _  _  _
    C _  _  _  _  _
    D S  *  _  _  _
    E _  _  _  _  _
    F _  _  _  _  _
    G _  _  _  _  _
    H _  _  _  _  _
->fire
  state:3.0, ok
  A projectile moves: [D,2] -> [D,4]
  The Starfighter fires a projectile at: [D,1]
      1  2  3  4  5
    A _  _  _  _  _
    B _  _  _  _  _
    C _  _  _  _  _
    D S  *  _  *  _
    E _  _  _  _  _
    F _  _  _  _  _
    G _  _  _  _  _
    H _  _  _  _  _
->undo
  state:2.0, ok
  The Starfighter fires a projectile at: [D,1]
      1  2  3  4  5
    A _  _  _  _  _
    B _  _  _  _  _
    C _  _  _  _  _
    D S  *  _  _  _
    E _  _  _  _  _
    F _  _  _  _  _
    G _  _  _  _  _
    H _  _  _  _  _
->undo
  state:1.0, ok
      1  2  3  4  5
    A _  _  _  _  _
    B _  _  _  _  _
    C _  _  _  _  _
    D S  _  _  _  _
    E _  _  _  _  _
    F _  _  _  _  _
    G _  _  _  _  _
    H _  _  _  _  _
->undo
  state:1.1, error
  Nothing left to undo.
->redo
  state:2.0, ok
  The Starfighter fires a projectile at: [D,1]
      1  2  3  4  5
    A _  _  _  _  _
    B _  _  _  _  _
    C _  _  _  _  _
    D S  *  _  _  _
    E _  _  _  _  _
    F _  _  _  _  _
    G _  _  _  _  _
    H _  _  _  _  _
->fire
  state:3.0, ok
  A projectile moves: [D,2] -> [D,4]
  The Starfighter fires a projectile at: [D,1]
      1  2  3  4  5
    A _  _  _  _  _
    B _  _  _  _  _
    C _  _  _  _  _
    D S  *  _  *  _
    E _  _  _  _  _
    F _  _  _  _  _
    G _  _  _  _  _
    H _  _  _  _  _
->fire
  state:4.0, ok
  A projectile moves: [D,4] -> out of the board
  A projectile moves: [D,2] -> [D,4]
  The Starfighter fires a projectile at: [D,1]
      1  2  3  4  5
    A _  _  _  _  _
    B _  _  _  _  _
    C _  _  _  _  _
    D S  *  _  *  _
    E _  _  _  _  _
    F _  _  _  _  _
    G _  _  _  _  _
    H _  _  _  _  _
->move(B,5)
  state:4.1, error
  The location to move to is out of the Starfighter's movement range.
->fire
  state:5.0, ok
  A projectile moves: [D,4] -> out of the board
  A projectile moves: [D,2] -> [D,4]
  The Starfighter fires a projectile at: [D,1]
      1  2  3  4  5
    A _  _  _  _  _
    B _  _  _  _  _
    C _  _  _  _  _
    D S  *  _  *  _
    E _  _  _  _  _
    F _  _  _  _  _
    G _  _  _  _  _
    H _  _  _  _  _
->undo
  state:4.0, ok
  A projectile moves: [D,4] -> out of the board
  A projectile moves: [D,2] -> [D,4]
  The Starfighter fires a projectile at: [D,1]
      1  2  3  4  5
    A _  _  _  _  _
    B _  _  _  _  _
    C _  _  _  _  _
    D S  *  _  *  _
    E _  _  _  _  _
    F _  _  _  _  _
    G _  _  _  _  _
    H _  _  _  _  _
->fire
  state:5.0, ok
  A projectile moves: [D,4] -> out of the board
  A projectile moves: [D,2] -> [D,4]
  The Starfighter fires a projectile at: [D,1]
      1  2  3  4  5
    A _  _  _  _  _
    B _  _  _  _  _
    C _  _  _  _  _
    D S  *  _  *  _
    E _  _  _  _  _
    F _  _  _  _  _
    G _  _  _  _  _
    H _  _  _  _  _
->pass
  state:6.0, ok
  A projectile moves: [D,4] -> out of the board
  A projectile moves: [D,2] -> [D,4]
  The Starfighter stays at: [D,1]
      1  2  3  4  5
    A _  _  _  _  _
    B _  _  _  _  _
    C _  _  _  _  _
    D S  _  _  *  _
    E _  _  _  _  _
    F _  _  _  _  _
    G _  _  _  _  _
    H _  _  _  _  _
->fire
  state:7.0, ok
  A projectile moves: [D,4] -> out of the board
  The Starfighter fires a projectile at: [D,1]
      1  2  3  4  5
    A _  _  _  _  _
    B _  _  _  _  _
    C _  _  _  _  _
    D S  *  _  _  _
    E _  _  _  _  _
    F _  _  _  _  _
    G _  _  _  _  _
    H _  _  _  _  _
->fire
  state:8.0, ok
  A projectile moves: [D,2] -> [D,4]
  The Starfighter fires a projectile at: [D,1]
      1  2  3  4  5
    A _  _  _  _  _
    B _  _  _  _  _
    C _  _  _  _  _
    D S  *  _  *  _
    E _  _  _  _  _
    F _  _  _  _  _
    G _  _  _  _  _
    H _  _  _  _  _
->move(F,3)
  state:8.1, error
  The location to move to is out of the Starfighter's movement range.
->fire
  state:9.0, ok
  A projectile moves: [D,4] -> out of the board
  A projectile moves: [D,2] -> [D,4]
  The Starfighter fires a projectile at: [D,1]
      1  2  3  4  5
    A _  _  _  _  _
    B _  _  _  _  _
    C _  _  _  _  _
    D S  *  _  *  _
    E _  _  _  _  _
    F _  _  _  _  _
    G _  _  _  _  _
    H _  _  _  _  _
->move(B,1)
  state:10.0, ok
  A projectile moves: [D,4] -> out of the board
  A projectile moves: [D,2] -> [D,4]
  The Starfighter moves: [D,1] -> [B,1]
      1  2  3  4  5
    A _  _  _  _  _
    B S  _  _  _  _
    C _  _  _  _  _
    D _  _  _  *  _
    E _  _  _  _  _
    F _  _  _  _  _
    G _  _  _  _  _
    H _  _  _  _  _
->move(D,5)
  state:10.1, error
  The location to move to is out of the Starfighter's movement range.
->undo
  state:9.0, ok
  A projectile moves: [D,4] -> out of the board
  A projectile moves: [D,2] -> [D,4]
  The Starfighter fires a projectile at: [D,1]
      1  2  3  4  5
    A _  _  _  _  _
    B _  _  _  _  _
    C _  _  _  _  _
    D S  *  _  *  _
    E _  _  _  _  _
    F _  _  _  _  _
    G _  _  _  _  _
    H _  _  _  _  _
->pass
  state:10.0, ok
  A projectile moves: [D,4] -> out of the board
  A projectile moves: [D,2] -> [D,4]
  The Starfighter stays at: [D,1]
      1  2  3  4  5
    A _  _  _  _  _
    B _  _  _  _  _
    C _  _  _  _  _
    D S  _  _  *  _
    E _  _  _  _  _
    F _  _  _  _  _
    G _  _  _  _  _
    H _  _  _  _  _
->fire
  state:11.0, ok
  A projectile moves: [D,4] -> out of the board
  The Starfighter fires a projectile at: [D,1]
      1  2  3  4  5
    A _  _  _  _  _
    B _  _  _  _  _
    C _  _  _  _  _
    D S  *  _  _  _
    E _  _  _  _  _
    F _  _  _  _  _
    G _  _  _  _  _
    H _  _  _  _  _
->fire
  state:12.0, ok
  A projectile moves: [D,2] -> [D,4]
  The Starfighter fires a projectile at: [D,1]
      1  2  3  4  5
    A _  _  _  _  _
    B _  _  _  _  _
    C _  _  _  _  _
    D S  *  _  *  _
    E _  _  _  _  _
    F _  _  _  _  _
    G _  _  _  _  _
    H _  _  _  _  _
->move(D,1)
  state:12.1, error
  The Starfighter is already at that location.
->move(H,4)
  state:12.2, error
  The location to move to is out of the Starfighter's movement range.
->fire
  state:13.0, ok
  A projectile moves: [D,4] -> out of the board
  A projectile moves: [D,2] -> [D,4]
  The Starfighter fires a projectile at: [D,1]
      1  2  3  4  5
    A _  _  _  _  _
    B _  _  _  _  _
    C _  _  _  _  _
    D S  *  _  *  _
    E _  _  _  _  _
    F _  _  _  _  _
    G _  _  _  _  _
    H _  _  _  _  _
->fire
  state:14.0, ok
  A projectile moves: [D,4] -> out of the board
  A projectile moves: [D,2] -> [D,4]
  The Starfighter fires a projectile at: [D,1]
      1  2  3  4  5
    A _  _  _  _  _
    B _  _  _  _  _
    C _  _  _  _  _
    D S  *  _  *  _
    E _  _  _  _  _
    F _  _  _  _  _
    G _  _  _  _  _
    H _  _  _  _  _
->redo
  state:14.1, error
  Nothing left to redo.
->fire
  state:15.0, ok
  A projectile moves: [D,4] -> out of the board
  A projectile moves: [D,2] -> [D,4]
  The Starfighter fires a projectile at: [D,1]
      1  2  3  4  5
    A _  _  _  _  _
    B _  _  _  _  _
    C _  _  _  _  _
    D S  *  _  *  _
    E _  _  _  _  _
    F _  _  _  _  _
    G _  _  _  _  _
    H _  _  _  _  _
->move(A,4)
  state:15.1, error
  The location to move to is out of the Starfighter's movement range.
->fire
  state:16.0, ok
  A projectile moves: [D,4] -> out of the board
  A projectile moves: [D,2] -> [D,4]
  The Starfighter fires a projectile at: [D,1]
      1  2  3  4  5
    A _  _  _  _  _
    B _  _  _  _  _
    C _  _  _  _  _
    D S  *  _  *  _
    E _  _  _  _  _
    F _  _  _  _  _
    G _  _  _  _  _
    H _  _  _  _  _
->fire
  state:17.0, ok
  A projectile moves: [D,4] -> out of the board
  A projectile moves: [D,2] -> [D,4]
  The Starfighter fires a projectile at: [D,1]
      1  2  3  4  5
    A _  _  _  _  _
    B _  _  _  _  _
    C _  _  _  _  _
    D S  *  _  *  _
    E _  _  _  _  _
    F _  _  _  _  _
    G _  _  _  _  _
    H _  _  _  _  _
->fire
  state:18.0, ok
  A projectile moves: [D,4] -> out of the board
  A projectile moves: [D,2] -> [D,4]
  The Starfighter fires a projectile at: [D,1]
      1  2  3  4  5
    A _  _  _  _  _
    B _  _  _  _  _
    C _  _  _  _  _
    D S  *  _  *  _
    E _  _  _  _  _
    F _  _  _  _  _
    G _  _  _  _  _
    H _  _  _  _  _
->redo
  state:18.1, error
  Nothing left to redo.
->move(C,3)
  state:19.0, ok
  A projectile moves: [D,4] -> out of the board
  A projectile moves: [D,2] -> [D,4]
  The Starfighter moves: [D,1] -> [C,3]
      1  2  3  4  5
    A _  _  _  _  _
    B _  _  _  _  _
    C _  _  S  _  _
    D _  _  _  *  _
    E _  _  _  _  _
    F _  _  _  _  _
    G _  _  _  _  _
    H _  _  _  _  _
->pass
  state:20.0, ok
  A projectile moves: [D,4] -> out of the board
  The Starfighter stays at: [C,3]
      1  2  3  4  5
    A _  _  _  _  _
    B _  _  _  _  _
    C _  _  S  _  _
    D _  _  _  _  _
    E _  _  _  _  _
    F _  _  _  _  _
    G _  _  _  _  _
    H _  _  _  _  _
->fire
  state:21.0, ok
  The Starfighter fires a projectile at: [C,3]
      1  2  3  4  5
    A _  _  _  _  _
    B _  _  _  _  _
    C _  _  S  *  _
    D _  _  _  _  _
    E _  _  _  _  _
    F _  _  _  _  _
    G _  _  _  _  _
    H _  _  _  _  _
->fire
  state:22.0, ok
  A projectile moves: [C,4] -> out of the board
  The Starfighter fires a projectile at: [C,3]
      1  2  3  4  5
    A _  _  _  _  _
    B _  _  _  _  _
    C _  _  S  *  _
    D _  _  _  _  _
    E _  _  _  _  _
    F _  _  _  _  _
    G _  _  _  _  _
    H _  _  _  _  _
->move(A,5)
  state:22.1, error
  The location to move to is out of the Starfighter's movement range.
->fire
  state:23.0, ok
  A projectile moves: [C,4] -> out of the board
  The Starfighter fires a projectile at: [C,3]
      1  2  3  4  5
    A _  _  _  _  _
    B _  _  _  _  _
    C _  _  S  *  _
    D _  _  _  _  _
    E _  _  _  _  _
    F _  _  _  _  _
    G _  _  _  _  _
    H _  _  _  _  _
->move(A,1)
  state:23.1, error
  The location to move to is out of the Starfighter's movement range.
->pass
  state:24.0, ok
  A projectile moves: [C,4] -> out of the board
  The Starfighter stays at: [C,3]
      1  2  3  4  5
    A _  _  _  _  _
    B _  _  _  _  _
    C _  _  S  _  _
    D _  _  _  _  _
    E _  _  _  _  _
    F _  _  _  _  _
    G _  _  _  _  _
    H _  _  _  _  _
->pass
  state:25.0, ok
  The Starfighter stays at: [C,3]
      1  2  3  4  5
    A _  _  _  _  _
    B _  _  _  _  _
    C _  _  S  _  _
    D _  _  _  _  _
    E _  _  _  _  _
    F _  _  _  _  _
    G _  _  _  _  _
    H _  _  _  _  _
->fire
  state:26.0, ok
  The Starfighter fires a projectile at: [C,3]
      1  2  3  4  5
    A _  _  _  _  _
    B _  _  _  _  _
    C _  _  S  *  _
    D _  _  _  _  _
    E _  _  _  _  _
    F _  _  _  _  _
    G _  _  _  _  _
    H _  _  _  _  _
->fire
  state:27.0, ok
  A projectile moves: [C,4] -> out of the board
  The Starfighter fires a projectile at: [C,3]
      1  2  3  4  5
    A _  _  _  _  _
    B _  _  _  _  _
    C _  _  S  *  _
    D _  _  _  _  _
    E _  _  _  _  _
    F _  _  _  _  _
    G _  _  _  _  _
    H _  _  _  _  _
->pass
  state:28.0, ok
  A projectile moves: [C,4] -> out of the board
  The Starfighter stays at: [C,3]
      1  2  3  4  5
    A _  _  _  _  _
    B _  _  _  _  _
    C _  _  S  _  _
    D _  _  _  _  _
    E _  _  _  _  _
    F _  _  _  _  _
    G _  _  _  _  _
    H _  _  _  _  _
->fire
  state:29.0, ok
  The Starfighter fires a projectile at: [C,3]
      1  2  3  4  5
    A _  _  _  _  _
    B _  _  _  _  _
    C _  _  S  *  _
    D _  _  _  _  _
    E _  _  _  _  _
    F _  _  _  _  _
    G _  _  _  _  _
    H _  _  _  _  _
->abort
  state:30.0, ok
  Game has been exited.
->pass
  state:30.1, error
  Not in game.
->pass
  state:30.2, error
  Not in game.
->pass
  state:30.3, error
  Not in game.
->fire
  state:30.4, error
  Not in game.
->fire
  state:30.5, error
  Not in game.
->pass
  state:30.6, error
  Not in game.
->fire
  state:30.7, error
  Not in game.
->undo
  state:30.8, error
  Not in game.
->move(G,5)
  state:30.9, error
  Not in game.
->undo
  state:30.10, error
  Not in game.
->pass
  state:30.11, error
  Not in game.
->fire
  state:30.12, error
  Not in game.
->pass
  state:30.13, error
  Not in game.
->pass
  state:30.14, error
  Not in game.
->pass
  state:30.15, error
  Not in game.
->move(F,3)
  state:30.16, error
  Not in game.
->undo
  state:30.17, error
  Not in game.
->undo
  state:30.18, error
  Not in game.
->redo
  state:30.19, error
  Not in game.
->undo
  state:30.20, error
  Not in game.
->fire
  state:30.21, error
  Not in game.
->pass
  state:30.22, error
  Not in game.
->move(C,2)
  state:30.23, error
  Not in game.
->move(C,4)
  state:30.24, error
  Not in game.
->pass
  state:30.25, error
  Not in game.
->pass
  state:30.26, error
  Not in game.
->pass
  state:30.27, error
  Not in game.
->fire
  state:30.28, error
  Not in game.
->fire
  state:30.29, error
  Not in game.
->move(F,2)
  state:30.30, error
  Not in game.
->undo
  state:30.31, error
  Not in game.
->undo
  state:30.32, error
  Not in game.
->abort
  state:30.33, error
  Not in game.
