  Welcome to Space Defender Version 1.
->play(5,27,3,1)
  state:1.0, ok
      1  2  3  4  5  6  7  8  9 10 11 12 13 14 15 16 17 18 19 20 21 22 23 24 25 26 27
    A _  _  _  _  _  _  _  _  _  _  _  _  _  _  _  _  _  _  _  _  _  _  _  _  _  _  _
    B _  _  _  _  _  _  _  _  _  _  _  _  _  _  _  _  _  _  _  _  _  _  _  _  _  _  _
    C S  _  _  _  _  _  _  _  _  _  _  _  _  _  _  _  _  _  _  _  _  _  _  _  _  _  _
    D _  _  _  _  _  _  _  _  _  _  _  _  _  _  _  _  _  _  _  _  _  _  _  _  _  _  _
    E _  _  _  _  _  _  _  _  _  _  _  _  _  _  _  _  _  _  _  _  _  _  _  _  _  _  _
->fire
  state:2.0, ok
  The Starfighter fires a projectile at: [C,1]
      1  2  3  4  5  6  7  8  9 10 11 12 13 14 15 16 17 18 19 20 21 22 23 24 25 26 27
    A _  _  _  _  _  _  _  _  _  _  _  _  _  _  _  _  _  _  _  _  _  _  _  _  _  _  _
    B _  _  _  _  _  _  _  _  _  _  _  _  _  _  _  _  _  _  _  _  _  _  _  _  _  _  _
    C S  *  _  _  _  _  _  _  _  _  _  _  _  _  _  _  _  _  _  _  _  _  _  _  _  _  _
    D _  _  _  _  _  _  _  _  _  _  _  _  _  _  _  _  _  _  _  _  _  _  _  _  _  _  _
    E _  _  _  _  _  _  _  _  _  _  _  _  _  _  _  _  _  _  _  _  _  _  _  _  _  _  _
->pass
  state:3.0, ok
  A projectile moves: [C,2] -> [C,3]
  The Starfighter stays at: [C,1]
      1  2  3  4  5  6  7  8  9 10 11 12 13 14 15 16 17 18 19 20 21 22 23 24 25 26 27
    A _  _  _  _  _  _  _  _  _  _  _  _  _  _  _  _  _  _  _  _  _  _  _  _  _  _  _
    B _  _  _  _  _  _  _  _  _  _  _  _  _  _  _  _  _  _  _  _  _  _  _  _  _  _  _
    C S  _  *  _  _  _  _  _  _  _  _  _  _  _  _  _  _  _  _  _  _  _  _  _  _  _  _
    D _  _  _  _  _  _  _  _  _  _  _  _  _  _  _  _  _  _  _  _  _  _  _  _  _  _  _
    E _  _  _  _  _  _  _  _  _  _  _  _  _  _  _  _  _  _  _  _  _  _  _  _  _  _  _
->fire
  state:4.0, ok
  A projectile moves: [C,3] -> [C,4]
  The Starfighter fires a projectile at: [C,1]
      1  2  3  4  5  6  7  8  9 10 11 12 13 14 15 16 17 18 19 20 21 22 23 24 25 26 27
    A _  _  _  _  _  _  _  _  _  _  _  _  _  _  _  _  _  _  _  _  _  _  _  _  _  _  _
    B _  _  _  _  _  _  _  _  _  _  _  _  _  _  _  _  _  _  _  _  _  _  _  _  _  _  _
    C S  *  _  *  _  _  _  _  _  _  _  _  _  _  _  _  _  _  _  _  _  _  _  _  _  _  _
    D _  _  _  _  _  _  _  _  _  _  _  _  _  _  _  _  _  _  _  _  _  _  _  _  _  _  _
    E _  _  _  _  _  _  _  _  _  _  _  _  _  _  _  _  _  _  _  _  _  _  _  _  _  _  _
->fire
  state:5.0, ok
  A projectile moves: [C,4] -> [C,5]
  A projectile moves: [C,2] -> [C,3]
  The Starfighter fires a projectile at: [C,1]
      1  2  3  4  5  6  7  8  9 10 11 12 13 14 15 16 17 18 19 20 21 22 23 24 25 26 27
    A _  _  _  _  _  _  _  _  _  _  _  _  _  _  _  _  _  _  _  _  _  _  _  _  _  _  _
    B _  _  _  _  _  _  _  _  _  _  _  _  _  _  _  _  _  _  _  _  _  _  _  _  _  _  _
    C S  *  *  _  *  _  _  _  _  _  _  _  _  _  _  _  _  _  _  _  _  _  _  _  _  _  _
    D _  _  _  _  _  _  _  _  _  _  _  _  _  _  _  _  _  _  _  _  _  _  _  _  _  _  _
    E _  _  _  _  _  _  _  _  _  _  _  _  _  _  _  _  _  _  _  _  _  _  _  _  _  _  _
->pass
  state:6.0, ok
  A projectile moves: [C,5] -> [C,6]
  A projectile moves: [C,3] -> [C,4]
  A projectile moves: [C,2] -> [C,3]
  The Starfighter stays at: [C,1]
      1  2  3  4  5  6  7  8  9 10 11 12 13 14 15 16 17 18 19 20 21 22 23 24 25 26 27
    A _  _  _  _  _  _  _  _  _  _  _  _  _  _  _  _  _  _  _  _  _  _  _  _  _  _  _
    B _  _  _  _  _  _  _  _  _  _  _  _  _  _  _  _  _  _  _  _  _  _  _  _  _  _  _
    C S  _  *  *  _  *  _  _  _  _  _  _  _  _  _  _  _  _  _  _  _  _  _  _  _  _  _
    D _  _  _  _  _  _  _  _  _  _  _  _  _  _  _  _  _  _  _  _  _  _  _  _  _  _  _
    E _  _  _  _  _  _  _  _  _  _  _  _  _  _  _  _  _  _  _  _  _  _  _  _  _  _  _
->pass
  state:7.0, ok
  A projectile moves: [C,6] -> [C,7]
  A projectile moves: [C,4] -> [C,5]
  A projectile moves: [C,3] -> [C,4]
  The Starfighter stays at: [C,1]
      1  2  3  4  5  6  7  8  9 10 11 12 13 14 15 16 17 18 19 20 21 22 23 24 25 26 27
    A _  _  _  _  _  _  _  _  _  _  _  _  _  _  _  _  _  _  _  _  _  _  _  _  _  _  _
    B _  _  _  _  _  _  _  _  _  _  _  _  _  _  _  _  _  _  _  _  _  _  _  _  _  _  _
    C S  _  _  *  *  _  *  _  _  _  _  _  _  _  _  _  _  _  _  _  _  _  _  _  _  _  _
    D _  _  _  _  _  _  _  _  _  _  _  _  _  _  _  _  _  _  _  _  _  _  _  _  _  _  _
    E _  _  _  _  _  _  _  _  _  _  _  _  _  _  _  _  _  _  _  _  _  _  _  _  _  _  _
->fire
  state:8.0, ok
  A projectile moves: [C,7] -> [C,8]
  A projectile moves: [C,5] -> [C,6]
  A projectile moves: [C,4] -> [C,5]
  The Starfighter fires a projectile at: [C,1]
      1  2  3  4  5  6  7  8  9 10 11 12 13 14 15 16 17 18 19 20 21 22 23 24 25 26 27
    A _  _  _  _  _  _  _  _  _  _  _  _  _  _  _  _  _  _  _  _  _  _  _  _  _  _  _
    B _  _  _  _  _  _  _  _  _  _  _  _  _  _  _  _  _  _  _  _  _  _  _  _  _  _  _
    C S  *  _  _  *  *  _  *  _  _  _  _  _  _  _  _  _  _  _  _  _  _  _  _  _  _  _
    D _  _  _  _  _  _  _  _  _  _  _  _  _  _  _  _  _  _  _  _  _  _  _  _  _  _  _
    E _  _  _  _  _  _  _  _  _  _  _  _  _  _  _  _  _  _  _  _  _  _  _  _  _  _  _
->pass
  state:9.0, ok
  A projectile moves: [C,8] -> [C,9]
  A projectile moves: [C,6] -> [C,7]
  A projectile moves: [C,5] -> [C,6]
  A projectile moves: [C,2] -> [C,3]
  The Starfighter stays at: [C,1]
      1  2  3  4  5  6  7  8  9 10 11 12 13 14 15 16 17 18 19 20 21 22 23 24 25 26 27
    A _  _  _  _  _  _  _  _  _  _  _  _  _  _  _  _  _  _  _  _  _  _  _  _  _  _  _
    B _  _  _  _  _  _  _  _  _  _  _  _  _  _  _  _  _  _  _  _  _  _  _  _  _  _  _
    C S  _  *  _  _  *  *  _  *  _  _  _  _  _  _  _  _  _  _  _  _  _  _  _  _  _  _
    D _  _  _  _  _  _  _  _  _  _  _  _  _  _  _  _  _  _  _  _  _  _  _  _  _  _  _
    E _  _  _  _  _  _  _  _  _  _  _  _  _  _  _  _  _  _  _  _  _  _  _  _  _  _  _
->fire
  state:10.0, ok
  A projectile moves: [C,9] -> [C,10]
  A projectile moves: [C,7] -> [C,8]
  A projectile moves: [C,6] -> [C,7]
  A projectile moves: [C,3] -> [C,4]
  The Starfighter fires a projectile at: [C,1]
      1  2  3  4  5  6  7  8  9 10 11 12 13 14 15 16 17 18 19 20 21 22 23 24 25 26 27
    A _  _  _  _  _  _  _  _  _  _  _  _  _  _  _  _  _  _  _  _  _  _  _  _  _  _  _
    B _  _  _  _  _  _  _  _  _  _  _  _  _  _  _  _  _  _  _  _  _  _  _  _  _  _  _
    C S  *  _  *  _  _  *  *  _  *  _  _  _  _  _  _  _  _  _  _  _  _  _  _  _  _  _
    D _  _  _  _  _  _  _  _  _  _  _  _  _  _  _  _  _  _  _  _  _  _  _  _  _  _  _
    E _  _  _  _  _  _  _  _  _  _  _  _  _  _  _  _  _  _  _  _  _  _  _  _  _  _  _
->move(A,27)
  state:10.1, error
  The location to move to is out of the Starfighter's movement range.
->move(A,8)
  state:10.2, error
  The location to move to is out of the Starfighter's movement range.
->undo
  state:9.0, ok
  A projectile moves: [C,8] -> [C,9]
  A projectile moves: [C,6] -> [C,7]
  A projectile moves: [C,5] -> [C,6]
  A projectile moves: [C,2] -> [C,3]
  The Starfighter stays at: [C,1]
      1  2  3  4  5  6  7  8  9 10 11 12 13 14 15 16 17 18 19 20 21 22 23 24 25 26 27
    A _  _  _  _  _  _  _  _  _  _  _  _  _  _  _  _  _  _  _  _  _  _  _  _  _  _  _
    B _  _  _  _  _  _  _  _  _  _  _  _  _  _  _  _  _  _  _  _  _  _  _  _  _  _  _
    C S  _  *  _  _  *  *  _  *  _  _  _  _  _  _  _  _  _  _  _  _  _  _  _  _  _  _
    D _  _  _  _  _  _  _  _  _  _  _  _  _  _  _  _  _  _  _  _  _  _  _  _  _  _  _
    E _  _  _  _  _  _  _  _  _  _  _  _  _  _  _  _  _  _  _  _  _  _  _  _  _  _  _
->move(A,22)
  state:9.1, error
  The location to move to is out of the Starfighter's movement range.
->move(B,6)
  state:9.2, error
  The location to move to is out of the Starfighter's movement range.
->undo
  state:8.0, ok
  A projectile moves: [C,7] -> [C,8]
  A projectile moves: [C,5] -> [C,6]
  A projectile moves: [C,4] -> [C,5]
  The Starfighter fires a projectile at: [C,1]
      1  2  3  4  5  6  7  8  9 10 11 12 13 14 15 16 17 18 19 20 21 22 23 24 25 26 27
    A _  _  _  _  _  _  _  _  _  _  _  _  _  _  _  _  _  _  _  _  _  _  _  _  _  _  _
    B _  _  _  _  _  _  _  _  _  _  _  _  _  _  _  _  _  _  _  _  _  _  _  _  _  _  _
    C S  *  _  _  *  *  _  *  _  _  _  _  _  _  _  _  _  _  _  _  _  _  _  _  _  _  _
    D _  _  _  _  _  _  _  _  _  _  _  _  _  _  _  _  _  _  _  _  _  _  _  _  _  _  _
    E _  _  _  _  _  _  _  _  _  _  _  _  _  _  _  _  _  _  _  _  _  _  _  _  _  _  _
->move(C,16)
  state:8.1, error
  The location to move to is out of the Starfighter's movement range.
->fire
  state:9.0, ok
  A projectile moves: [C,8] -> [C,9]
  A projectile moves: [C,6] -> [C,7]
  A projectile moves: [C,5] -> [C,6]
  A projectile moves: [C,2] -> [C,3]
  The Starfighter fires a projectile at: [C,1]
      1  2  3  4  5  6  7  8  9 10 11 12 13 14 15 16 17 18 19 20 21 22 23 24 25 26 27
    A _  _  _  _  _  _  _  _  _  _  _  _  _  _  _  _  _  _  _  _  _  _  _  _  _  _  _
    B _  _  _  _  _  _  _  _  _  _  _  _  _  _  _  _  _  _  _  _  _  _  _  _  _  _  _
    C S  *  *  _  _  *  *  _  *  _  _  _  _  _  _  _  _  _  _  _  _  _  _  _  _  _  _
    D _  _  _  _  _  _  _  _  _  _  _  _  _  _  _  _  _  _  _  _  _  _  _  _  _  _  _
    E _  _  _  _  _  _  _  _  _  _  _  _  _  _  _  _  _  _  _  _  _  _  _  _  _  _  _
->abort
  state:10.0, ok
  Game has been exited.
->play(5,16,30,3)
  state:10.1, error
  Starfighter movement should not exceed row - 1 + column - 1 size of the board.
->fire
  state:10.2, error
  Not in game.
->move(A,8)
  state:10.3, error
  Not in game.
->fire
  state:10.4, error
  Not in game.
->move(B,14)
  state:10.5, error
  Not in game.
->undo
  state:10.6, error
  Not in game.
->fire
  state:10.7, error
  Not in game.
->fire
  state:10.8, error
  Not in game.
->undo
  state:10.9, error
  Not in game.
->pass
  state:10.10, error
  Not in game.
->redo
  state:10.11, error
  Not in game.
->pass
  state:10.12, error
  Not in game.
->undo
  state:10.13, error
  Not in game.
->fire
  state:10.14, error
  Not in game.
->pass
  state:10.15, error
  Not in game.
->move(C,1)
  state:10.16, error
  Not in game.
->fire
  state:10.17, error
  Not in game.
->move(B,2)
  state:10.18, error
  Not in game.
->undo
  state:10.19, error
  Not in game.
->redo
  state:10.20, error
  Not in game.
->undo
  state:10.21, error
  Not in game.
->undo
  state:10.22, error
  Not in game.
->move(C,4)
  state:10.23, error
  Not in game.
->fire
  state:10.24, error
  Not in game.
->pass
  state:10.25, error
  Not in game.
->undo
  state:10.26, error
  Not in game.
->move(E,1)
  state:10.27, error
  Not in game.
->pass
  state:10.28, error
  Not in game.
->pass
  state:10.29, error
  Not in game.
->undo
  state:10.30, error
  Not in game.
->pass
  state:10.31, error
  Not in game.
->pass
  state:10.32, error
  Not in game.
->undo
  state:10.33, error
  Not in game.
->fire
  state:10.34, error
  Not in game.
->fire
  state:10.35, error
  Not in game.
->pass
  state:10.36, error
  Not in game.
->move(E,5)
  state:10.37, error
  Not in game.
->fire
  state:10.38, error
  Not in game.
->fire
  state:10.39, error
  Not in game.
->fire
  state:10.40, error
  Not in game.
->move(B,9)
  state:10.41, error
  Not in game.
->pass
  state:10.42, error
  Not in game.
->fire
  state:10.43, error
  Not in game.
->fire
  state:10.44, error
  Not in game.
->undo
  state:10.45, error
  Not in game.
->move(C,13)
  state:10.46, error
  Not in game.
->fire
  state:10.47, error
  Not in game.
->move(D,2)
  state:10.48, error
  Not in game.
->pass
  state:10.49, error
  Not in game.
->undo
  state:10.50, error
  Not in game.
->undo
  state:10.51, error
  Not in game.
->abort
  state:10.52, error
  Not in game.
