  Welcome to Space Defender Version 1.
->play(3,30,18,2)
  state:1.0, ok
      1  2  3  4  5  6  7  8  9 10 11 12 13 14 15 16 17 18 19 20 21 22 23 24 25 26 27 28 29 30
    A _  _  _  _  _  _  _  _  _  _  _  _  _  _  _  _  _  _  _  _  _  _  _  _  _  _  _  _  _  _
    B S  _  _  _  _  _  _  _  _  _  _  _  _  _  _  _  _  _  _  _  _  _  _  _  _  _  _  _  _  _
    C _  _  _  _  _  _  _  _  _  _  _  _  _  _  _  _  _  _  _  _  _  _  _  _  _  _  _  _  _  _
->undo
  state:1.1, error
  Nothing left to undo.
->undo
  state:1.2, error
  Nothing left to undo.
->fire
  state:2.0, ok
  The Starfighter fires a projectile at: [B,1]
      1  2  3  4  5  6  7  8  9 10 11 12 13 14 15 16 17 18 19 20 21 22 23 24 25 26 27 28 29 30
    A _  _  _  _  _  _  _  _  _  _  _  _  _  _  _  _  _  _  _  _  _  _  _  _  _  _  _  _  _  _
    B S  *  _  _  _  _  _  _  _  _  _  _  _  _  _  _  _  _  _  _  _  _  _  _  _  _  _  _  _  _
    C _  _  _  _  _  _  _  _  _  _  _  _  _  _  _  _  _  _  _  _  _  _  _  _  _  _  _  _  _  _
->fire
  state:3.0, ok
  A projectile moves: [B,2] -> [B,4]
  The Starfighter fires a projectile at: [B,1]
      1  2  3  4  5  6  7  8  9 10 11 12 13 14 15 16 17 18 19 20 21 22 23 24 25 26 27 28 29 30
    A _  _  _  _  _  _  _  _  _  _  _  _  _  _  _  _  _  _  _  _  _  _  _  _  _  _  _  _  _  _
    B S  *  _  *  _  _  _  _  _  _  _  _  _  _  _  _  _  _  _  _  _  _  _  _  _  _  _  _  _  _
    C _  _  _  _  _  _  _  _  _  _  _  _  _  _  _  _  _  _  _  _  _  _  _  _  _  _  _  _  _  _
->fire
  state:4.0, ok
  A projectile moves: [B,4] -> [B,6]
  A projectile moves: [B,2] -> [B,4]
  The Starfighter fires a projectile at: [B,1]
      1  2  3  4  5  6  7  8  9 10 11 12 13 14 15 16 17 18 19 20 21 22 23 24 25 26 27 28 29 30
    A _  _  _  _  _  _  _  _  _  _  _  _  _  _  _  _  _  _  _  _  _  _  _  _  _  _  _  _  _  _
    B S  *  _  *  _  *  _  _  _  _  _  _  _  _  _  _  _  _  _  _  _  _  _  _  _  _  _  _  _  _
    C _  _  _  _  _  _  _  _  _  _  _  _  _  _  _  _  _  _  _  _  _  _  _  _  _  _  _  _  _  _
->fire
  state:5.0, ok
  A projectile moves: [B,6] -> [B,8]
  A projectile moves: [B,4] -> [B,6]
  A projectile moves: [B,2] -> [B,4]
  The Starfighter fires a projectile at: [B,1]
      1  2  3  4  5  6  7  8  9 10 11 12 13 14 15 16 17 18 19 20 21 22 23 24 25 26 27 28 29 30
    A _  _  _  _  _  _  _  _  _  _  _  _  _  _  _  _  _  _  _  _  _  _  _  _  _  _  _  _  _  _
    B S  *  _  *  _  *  _  *  _  _  _  _  _  _  _  _  _  _  _  _  _  _  _  _  _  _  _  _  _  _
    C _  _  _  _  _  _  _  _  _  _  _  _  _  _  _  _  _  _  _  _  _  _  _  _  _  _  _  _  _  _
->pass
  state:6.0, ok
  A projectile moves: [B,8] -> [B,10]
  A projectile moves: [B,6] -> [B,8]
  A projectile moves: [B,4] -> [B,6]
  A projectile moves: [B,2] -> [B,4]
  The Starfighter stays at: [B,1]
      1  2  3  4  5  6  7  8  9 10 11 12 13 14 15 16 17 18 19 20 21 22 23 24 25 26 27 28 29 30
    A _  _  _  _  _  _  _  _  _  _  _  _  _  _  _  _  _  _  _  _  _  _  _  _  _  _  _  _  _  _
    B S  _  _  *  _  *  _  *  _  *  _  _  _  _  _  _  _  _  _  _  _  _  _  _  _  _  _  _  _  _
    C _  _  _  _  _  _  _  _  _  _  _  _  _  _  _  _  _  _  _  _  _  _  _  _  _  _  _  _  _  _
->pass
  state:7.0, ok
  A projectile moves: [B,10] -> [B,12]
  A projectile moves: [B,8] -> [B,10]
  A projectile moves: [B,6] -> [B,8]
  A projectile moves: [B,4] -> [B,6]
  The Starfighter stays at: [B,1]
      1  2  3  4  5  6  7  8  9 10 11 12 13 14 15 16 17 18 19 20 21 22 23 24 25 26 27 28 29 30
    A _  _  _  _  _  _  _  _  _  _  _  _  _  _  _  _  _  _  _  _  _  _  _  _  _  _  _  _  _  _
    B S  _  _  _  _  *  _  *  _  *  _  *  _  _  _  _  _  _  _  _  _  _  _  _  _  _  _  _  _  _
    C _  _  _  _  _  _  _  _  _  _  _  _  _  _  _  _  _  _  _  _  _  _  _  _  _  _  _  _  _  _
->pass
  state:8.0, ok
  A projectile moves: [B,12] -> [B,14]
  A projectile moves: [B,10] -> [B,12]
  A projectile moves: [B,8] -> [B,10]
  A projectile moves: [B,6] -> [B,8]
  The Starfighter stays at: [B,1]
      1  2  3  4  5  6  7  8  9 10 11 12 13 14 15 16 17 18 19 20 21 22 23 24 25 26 27 28 29 30
    A _  _  _  _  _  _  _  _  _  _  _  _  _  _  _  _  _  _  _  _  _  _  _  _  _  _  _  _  _  _
    B S  _  _  _  _  _  _  *  _  *  _  *  _  *  _  _  _  _  _  _  _  _  _  _  _  _  _  _  _  _
    C _  _  _  _  _  _  _  _  _  _  _  _  _  _  _  _  _  _  _  _  _  _  _  _  _  _  _  _  _  _
->move(B,8)
  state:9.0, ok
  A projectile moves: [B,14] -> [B,16]
  A projectile moves: [B,12] -> [B,14]
  A projectile moves: [B,10] -> [B,12]
  A projectile moves: [B,8] -> [B,10]
  The Starfighter moves: [B,1] -> [B,8]
      1  2  3  4  5  6  7  8  9 10 11 12 13 14 15 16 17 18 19 20 21 22 23 24 25 26 27 28 29 30
    A _  _  _  _  _  _  _  _  _  _  _  _  _  _  _  _  _  _  _  _  _  _  _  _  _  _  _  _  _  _
    B _  _  _  _  _  _  _  S  _  *  _  *  _  *  _  *  _  _  _  _  _  _  _  _  _  _  _  _  _  _
    C _  _  _  _  _  _  _  _  _  _  _  _  _  _  _  _  _  _  _  _  _  _  _  _  _  _  _  _  _  _
->undo
  state:8.0, ok
  A projectile moves: [B,12] -> [B,14]
  A projectile moves: [B,10] -> [B,12]
  A projectile moves: [B,8] -> [B,10]
  A projectile moves: [B,6] -> [B,8]
  The Starfighter stays at: [B,1]
      1  2  3  4  5  6  7  8  9 10 11 12 13 14 15 16 17 18 19 20 21 22 23 24 25 26 27 28 29 30
    A _  _  _  _  _  _  _  _  _  _  _  _  _  _  _  _  _  _  _  _  _  _  _  _  _  _  _  _  _  _
    B S  _  _  _  _  _  _  *  _  *  _  *  _  *  _  _  _  _  _  _  _  _  _  _  _  _  _  _  _  _
    C _  _  _  _  _  _  _  _  _  _  _  _  _  _  _  _  _  _  _  _  _  _  _  _  _  _  _  _  _  _
->fire
  state:9.0, ok
  A projectile moves: [B,14] -> [B,16]
  A projectile moves: [B,12] -> [B,14]
  A projectile moves: [B,10] -> [B,12]
  A projectile moves: [B,8] -> [B,10]
  The Starfighter fires a projectile at: [B,1]
      1  2  3  4  5  6  7  8  9 10 11 12 13 14 15 16 17 18 19 20 21 22 23 24 25 26 27 28 29 30
    A _  _  _  _  _  _  _  _  _  _  _  _  _  _  _  _  _  _  _  _  _  _  _  _  _  _  _  _  _  _
    B S  *  _  _  _  _  _  _  _  *  _  *  _  *  _  *  _  _  _  _  _  _  _  _  _  _  _  _  _  _
    C _  _  _  _  _  _  _  _  _  _  _  _  _  _  _  _  _  _  _  _  _  _  _  _  _  _  _  _  _  _
->move(B,18)
  state:10.0, ok
  A projectile moves: [B,16] -> [B,18]
  A projectile moves: [B,14] -> [B,16]
  A projectile moves: [B,12] -> [B,14]
  A projectile moves: [B,10] -> [B,12]
  A projectile moves: [B,2] -> [B,4]
  The Starfighter moves and collides with a projectile: [B,1] -> [B,4]
      1  2  3  4  5  6  7  8  9 10 11 12 13 14 15 16 17 18 19 20 21 22 23 24 25 26 27 28 29 30
    A _  _  _  _  _  _  _  _  _  _  _  _  _  _  _  _  _  _  _  _  _  _  _  _  _  _  _  _  _  _
    B _  _  _  X  _  _  _  _  _  _  _  *  _  *  _  *  _  *  _  _  _  _  _  _  _  _  _  _  _  _
    C _  _  _  _  _  _  _  _  _  _  _  _  _  _  _  _  _  _  _  _  _  _  _  _  _  _  _  _  _  _
  The game is over. Better luck next time!
->move(B,17)
  state:10.1, error
  Not in game.
->fire
  state:10.2, error
  Not in game.
->fire
  state:10.3, error
  Not in game.
->move(A,16)
  state:10.4, error
  Not in game.
->fire
  state:10.5, error
  Not in game.
->pass
  state:10.6, error
  Not in game.
->pass
  state:10.7, error
  Not in game.
->fire
  state:10.8, error
  Not in game.
->fire
  state:10.9, error
  Not in game.
->fire
  state:10.10, error
  Not in game.
->fire
  state:10.11, error
  Not in game.
->move(C,3)
  state:10.12, error
  Not in game.
->fire
  state:10.13, error
  Not in game.
->fire
  state:10.14, error
  Not in game.
->move(A,2)
  state:10.15, error
  Not in game.
->move(A,26)
  state:10.16, error
  Not in game.
->undo
  state:10.17, error
  Not in game.
->abort
  state:10.18, error
  Not in game.
