  Welcome to Space Defender Version 1.
->play(9,27,1,4)
  state:1.0, ok
      1  2  3  4  5  6  7  8  9 10 11 12 13 14 15 16 17 18 19 20 21 22 23 24 25 26 27
    A _  _  _  _  _  _  _  _  _  _  _  _  _  _  _  _  _  _  _  _  _  _  _  _  _  _  _
    B _  _  _  _  _  _  _  _  _  _  _  _  _  _  _  _  _  _  _  _  _  _  _  _  _  _  _
    C _  _  _  _  _  _  _  _  _  _  _  _  _  _  _  _  _  _  _  _  _  _  _  _  _  _  _
    D _  _  _  _  _  _  _  _  _  _  _  _  _  _  _  _  _  _  _  _  _  _  _  _  _  _  _
    E S  _  _  _  _  _  _  _  _  _  _  _  _  _  _  _  _  _  _  _  _  _  _  _  _  _  _
    F _  _  _  _  _  _  _  _  _  _  _  _  _  _  _  _  _  _  _  _  _  _  _  _  _  _  _
    G _  _  _  _  _  _  _  _  _  _  _  _  _  _  _  _  _  _  _  _  _  _  _  _  _  _  _
    H _  _  _  _  _  _  _  _  _  _  _  _  _  _  _  _  _  _  _  _  _  _  _  _  _  _  _
    I _  _  _  _  _  _  _  _  _  _  _  _  _  _  _  _  _  _  _  _  _  _  _  _  _  _  _
->move(E,19)
  state:1.1, error
  The location to move to is out of the Starfighter's movement range.
->undo
  state:1.2, error
  Nothing left to undo.
->fire
  state:2.0, ok
  The Starfighter fires a projectile at: [E,1]
      1  2  3  4  5  6  7  8  9 10 11 12 13 14 15 16 17 18 19 20 21 22 23 24 25 26 27
    A _  _  _  _  _  _  _  _  _  _  _  _  _  _  _  _  _  _  _  _  _  _  _  _  _  _  _
    B _  _  _  _  _  _  _  _  _  _  _  _  _  _  _  _  _  _  _  _  _  _  _  _  _  _  _
    C _  _  _  _  _  _  _  _  _  _  _  _  _  _  _  _  _  _  _  _  _  _  _  _  _  _  _
    D _  _  _  _  _  _  _  _  _  _  _  _  _  _  _  _  _  _  _  _  _  _  _  _  _  _  _
    E S  *  _  _  _  _  _  _  _  _  _  _  _  _  _  _  _  _  _  _  _  _  _  _  _  _  _
    F _  _  _  _  _  _  _  _  _  _  _  _  _  _  _  _  _  _  _  _  _  _  _  _  _  _  _
    G _  _  _  _  _  _  _  _  _  _  _  _  _  _  _  _  _  _  _  _  _  _  _  _  _  _  _
    H _  _  _  _  _  _  _  _  _  _  _  _  _  _  _  _  _  _  _  _  _  _  _  _  _  _  _
    I _  _  _  _  _  _  _  _  _  _  _  _  _  _  _  _  _  _  _  _  _  _  _  _  _  _  _
->move(B,15)
  state:2.1, error
  The location to move to is out of the Starfighter's movement range.
->move(D,11)
  state:2.2, error
  The location to move to is out of the Starfighter's movement range.
->pass
  state:3.0, ok
  A projectile moves: [E,2] -> [E,6]
  The Starfighter stays at: [E,1]
      1  2  3  4  5  6  7  8  9 10 11 12 13 14 15 16 17 18 19 20 21 22 23 24 25 26 27
    A _  _  _  _  _  _  _  _  _  _  _  _  _  _  _  _  _  _  _  _  _  _  _  _  _  _  _
    B _  _  _  _  _  _  _  _  _  _  _  _  _  _  _  _  _  _  _  _  _  _  _  _  _  _  _
    C _  _  _  _  _  _  _  _  _  _  _  _  _  _  _  _  _  _  _  _  _  _  _  _  _  _  _
    D _  _  _  _  _  _  _  _  _  _  _  _  _  _  _  _  _  _  _  _  _  _  _  _  _  _  _
    E S  _  _  _  _  *  _  _  _  _  _  _  _  _  _  _  _  _  _  _  _  _  _  _  _  _  _
    F _  _  _  _  _  _  _  _  _  _  _  _  _  _  _  _  _  _  _  _  _  _  _  _  _  _  _
    G _  _  _  _  _  _  _  _  _  _  _  _  _  _  _  _  _  _  _  _  _  _  _  _  _  _  _
    H _  _  _  _  _  _  _  _  _  _  _  _  _  _  _  _  _  _  _  _  _  _  _  _  _  _  _
    I _  _  _  _  _  _  _  _  _  _  _  _  _  _  _  _  _  _  _  _  _  _  _  _  _  _  _
->pass
  state:4.0, ok
  A projectile moves: [E,6] -> [E,10]
  The Starfighter stays at: [E,1]
      1  2  3  4  5  6  7  8  9 10 11 12 13 14 15 16 17 18 19 20 21 22 23 24 25 26 27
    A _  _  _  _  _  _  _  _  _  _  _  _  _  _  _  _  _  _  _  _  _  _  _  _  _  _  _
    B _  _  _  _  _  _  _  _  _  _  _  _  _  _  _  _  _  _  _  _  _  _  _  _  _  _  _
    C _  _  _  _  _  _  _  _  _  _  _  _  _  _  _  _  _  _  _  _  _  _  _  _  _  _  _
    D _  _  _  _  _  _  _  _  _  _  _  _  _  _  _  _  _  _  _  _  _  _  _  _  _  _  _
    E S  _  _  _  _  _  _  _  _  *  _  _  _  _  _  _  _  _  _  _  _  _  _  _  _  _  _
    F _  _  _  _  _  _  _  _  _  _  _  _  _  _  _  _  _  _  _  _  _  _  _  _  _  _  _
    G _  _  _  _  _  _  _  _  _  _  _  _  _  _  _  _  _  _  _  _  _  _  _  _  _  _  _
    H _  _  _  _  _  _  _  _  _  _  _  _  _  _  _  _  _  _  _  _  _  _  _  _  _  _  _
    I _  _  _  _  _  _  _  _  _  _  _  _  _  _  _  _  _  _  _  _  _  _  _  _  _  _  _
->move(B,19)
  state:4.1, error
  The location to move to is out of the Starfighter's movement range.
->undo
  state:3.0, ok
  A projectile moves: [E,2] -> [E,6]
  The Starfighter stays at: [E,1]
      1  2  3  4  5  6  7  8  9 10 11 12 13 14 15 16 17 18 19 20 21 22 23 24 25 26 27
    A _  _  _  _  _  _  _  _  _  _  _  _  _  _  _  _  _  _  _  _  _  _  _  _  _  _  _
    B _  _  _  _  _  _  _  _  _  _  _  _  _  _  _  _  _  _  _  _  _  _  _  _  _  _  _
    C _  _  _  _  _  _  _  _  _  _  _  _  _  _  _  _  _  _  _  _  _  _  _  _  _  _  _
    D _  _  _  _  _  _  _  _  _  _  _  _  _  _  _  _  _  _  _  _  _  _  _  _  _  _  _
    E S  _  _  _  _  *  _  _  _  _  _  _  _  _  _  _  _  _  _  _  _  _  _  _  _  _  _
    F _  _  _  _  _  _  _  _  _  _  _  _  _  _  _  _  _  _  _  _  _  _  _  _  _  _  _
    G _  _  _  _  _  _  _  _  _  _  _  _  _  _  _  _  _  _  _  _  _  _  _  _  _  _  _
    H _  _  _  _  _  _  _  _  _  _  _  _  _  _  _  _  _  _  _  _  _  _  _  _  _  _  _
    I _  _  _  _  _  _  _  _  _  _  _  _  _  _  _  _  _  _  _  _  _  _  _  _  _  _  _
->move(H,11)
  state:3.1, error
  The location to move to is out of the Starfighter's movement range.
->fire
  state:4.0, ok
  A projectile moves: [E,6] -> [E,10]
  The Starfighter fires a projectile at: [E,1]
      1  2  3  4  5  6  7  8  9 10 11 12 13 14 15 16 17 18 19 20 21 22 23 24 25 26 27
    A _  _  _  _  _  _  _  _  _  _  _  _  _  _  _  _  _  _  _  _  _  _  _  _  _  _  _
    B _  _  _  _  _  _  _  _  _  _  _  _  _  _  _  _  _  _  _  _  _  _  _  _  _  _  _
    C _  _  _  _  _  _  _  _  _  _  _  _  _  _  _  _  _  _  _  _  _  _  _  _  _  _  _
    D _  _  _  _  _  _  _  _  _  _  _  _  _  _  _  _  _  _  _  _  _  _  _  _  _  _  _
    E S  *  _  _  _  _  _  _  _  *  _  _  _  _  _  _  _  _  _  _  _  _  _  _  _  _  _
    F _  _  _  _  _  _  _  _  _  _  _  _  _  _  _  _  _  _  _  _  _  _  _  _  _  _  _
    G _  _  _  _  _  _  _  _  _  _  _  _  _  _  _  _  _  _  _  _  _  _  _  _  _  _  _
    H _  _  _  _  _  _  _  _  _  _  _  _  _  _  _  _  _  _  _  _  _  _  _  _  _  _  _
    I _  _  _  _  _  _  _  _  _  _  _  _  _  _  _  _  _  _  _  _  _  _  _  _  _  _  _
->pass
  state:5.0, ok
  A projectile moves: [E,10] -> [E,14]
  A projectile moves: [E,2] -> [E,6]
  The Starfighter stays at: [E,1]
      1  2  3  4  5  6  7  8  9 10 11 12 13 14 15 16 17 18 19 20 21 22 23 24 25 26 27
    A _  _  _  _  _  _  _  _  _  _  _  _  _  _  _  _  _  _  _  _  _  _  _  _  _  _  _
    B _  _  _  _  _  _  _  _  _  _  _  _  _  _  _  _  _  _  _  _  _  _  _  _  _  _  _
    C _  _  _  _  _  _  _  _  _  _  _  _  _  _  _  _  _  _  _  _  _  _  _  _  _  _  _
    D _  _  _  _  _  _  _  _  _  _  _  _  _  _  _  _  _  _  _  _  _  _  _  _  _  _  _
    E S  _  _  _  _  *  _  _  _  _  _  _  _  *  _  _  _  _  _  _  _  _  _  _  _  _  _
    F _  _  _  _  _  _  _  _  _  _  _  _  _  _  _  _  _  _  _  _  _  _  _  _  _  _  _
    G _  _  _  _  _  _  _  _  _  _  _  _  _  _  _  _  _  _  _  _  _  _  _  _  _  _  _
    H _  _  _  _  _  _  _  _  _  _  _  _  _  _  _  _  _  _  _  _  _  _  _  _  _  _  _
    I _  _  _  _  _  _  _  _  _  _  _  _  _  _  _  _  _  _  _  _  _  _  _  _  _  _  _
->move(B,2)
  state:5.1, error
  The location to move to is out of the Starfighter's movement range.
->undo
  state:4.0, ok
  A projectile moves: [E,6] -> [E,10]
  The Starfighter fires a projectile at: [E,1]
      1  2  3  4  5  6  7  8  9 10 11 12 13 14 15 16 17 18 19 20 21 22 23 24 25 26 27
    A _  _  _  _  _  _  _  _  _  _  _  _  _  _  _  _  _  _  _  _  _  _  _  _  _  _  _
    B _  _  _  _  _  _  _  _  _  _  _  _  _  _  _  _  _  _  _  _  _  _  _  _  _  _  _
    C _  _  _  _  _  _  _  _  _  _  _  _  _  _  _  _  _  _  _  _  _  _  _  _  _  _  _
    D _  _  _  _  _  _  _  _  _  _  _  _  _  _  _  _  _  _  _  _  _  _  _  _  _  _  _
    E S  *  _  _  _  _  _  _  _  *  _  _  _  _  _  _  _  _  _  _  _  _  _  _  _  _  _
    F _  _  _  _  _  _  _  _  _  _  _  _  _  _  _  _  _  _  _  _  _  _  _  _  _  _  _
    G _  _  _  _  _  _  _  _  _  _  _  _  _  _  _  _  _  _  _  _  _  _  _  _  _  _  _
    H _  _  _  _  _  _  _  _  _  _  _  _  _  _  _  _  _  _  _  _  _  _  _  _  _  _  _
    I _  _  _  _  _  _  _  _  _  _  _  _  _  _  _  _  _  _  _  _  _  _  _  _  _  _  _
->move(F,15)
  state:4.1, error
  The location to move to is out of the Starfighter's movement range.
->move(D,12)
  state:4.2, error
  The location to move to is out of the Starfighter's movement range.
->pass
  state:5.0, ok
  A projectile moves: [E,10] -> [E,14]
  A projectile moves: [E,2] -> [E,6]
  The Starfighter stays at: [E,1]
      1  2  3  4  5  6  7  8  9 10 11 12 13 14 15 16 17 18 19 20 21 22 23 24 25 26 27
    A _  _  _  _  _  _  _  _  _  _  _  _  _  _  _  _  _  _  _  _  _  _  _  _  _  _  _
    B _  _  _  _  _  _  _  _  _  _  _  _  _  _  _  _  _  _  _  _  _  _  _  _  _  _  _
    C _  _  _  _  _  _  _  _  _  _  _  _  _  _  _  _  _  _  _  _  _  _  _  _  _  _  _
    D _  _  _  _  _  _  _  _  _  _  _  _  _  _  _  _  _  _  _  _  _  _  _  _  _  _  _
    E S  _  _  _  _  *  _  _  _  _  _  _  _  *  _  _  _  _  _  _  _  _  _  _  _  _  _
    F _  _  _  _  _  _  _  _  _  _  _  _  _  _  _  _  _  _  _  _  _  _  _  _  _  _  _
    G _  _  _  _  _  _  _  _  _  _  _  _  _  _  _  _  _  _  _  _  _  _  _  _  _  _  _
    H _  _  _  _  _  _  _  _  _  _  _  _  _  _  _  _  _  _  _  _  _  _  _  _  _  _  _
    I _  _  _  _  _  _  _  _  _  _  _  _  _  _  _  _  _  _  _  _  _  _  _  _  _  _  _
->move(G,20)
  state:5.1, error
  The location to move to is out of the Starfighter's movement range.
->move(D,27)
  state:5.2, error
  The location to move to is out of the Starfighter's movement range.
->move(G,12)
  state:5.3, error
  The location to move to is out of the Starfighter's movement range.
->pass
  state:6.0, ok
  A projectile moves: [E,14] -> [E,18]
  A projectile moves: [E,6] -> [E,10]
  The Starfighter stays at: [E,1]
      1  2  3  4  5  6  7  8  9 10 11 12 13 14 15 16 17 18 19 20 21 22 23 24 25 26 27
    A _  _  _  _  _  _  _  _  _  _  _  _  _  _  _  _  _  _  _  _  _  _  _  _  _  _  _
    B _  _  _  _  _  _  _  _  _  _  _  _  _  _  _  _  _  _  _  _  _  _  _  _  _  _  _
    C _  _  _  _  _  _  _  _  _  _  _  _  _  _  _  _  _  _  _  _  _  _  _  _  _  _  _
    D _  _  _  _  _  _  _  _  _  _  _  _  _  _  _  _  _  _  _  _  _  _  _  _  _  _  _
    E S  _  _  _  _  _  _  _  _  *  _  _  _  _  _  _  _  *  _  _  _  _  _  _  _  _  _
    F _  _  _  _  _  _  _  _  _  _  _  _  _  _  _  _  _  _  _  _  _  _  _  _  _  _  _
    G _  _  _  _  _  _  _  _  _  _  _  _  _  _  _  _  _  _  _  _  _  _  _  _  _  _  _
    H _  _  _  _  _  _  _  _  _  _  _  _  _  _  _  _  _  _  _  _  _  _  _  _  _  _  _
    I _  _  _  _  _  _  _  _  _  _  _  _  _  _  _  _  _  _  _  _  _  _  _  _  _  _  _
->fire
  state:7.0, ok
  A projectile moves: [E,18] -> [E,22]
  A projectile moves: [E,10] -> [E,14]
  The Starfighter fires a projectile at: [E,1]
      1  2  3  4  5  6  7  8  9 10 11 12 13 14 15 16 17 18 19 20 21 22 23 24 25 26 27
    A _  _  _  _  _  _  _  _  _  _  _  _  _  _  _  _  _  _  _  _  _  _  _  _  _  _  _
    B _  _  _  _  _  _  _  _  _  _  _  _  _  _  _  _  _  _  _  _  _  _  _  _  _  _  _
    C _  _  _  _  _  _  _  _  _  _  _  _  _  _  _  _  _  _  _  _  _  _  _  _  _  _  _
    D _  _  _  _  _  _  _  _  _  _  _  _  _  _  _  _  _  _  _  _  _  _  _  _  _  _  _
    E S  *  _  _  _  _  _  _  _  _  _  _  _  *  _  _  _  _  _  _  _  *  _  _  _  _  _
    F _  _  _  _  _  _  _  _  _  _  _  _  _  _  _  _  _  _  _  _  _  _  _  _  _  _  _
    G _  _  _  _  _  _  _  _  _  _  _  _  _  _  _  _  _  _  _  _  _  _  _  _  _  _  _
    H _  _  _  _  _  _  _  _  _  _  _  _  _  _  _  _  _  _  _  _  _  _  _  _  _  _  _
    I _  _  _  _  _  _  _  _  _  _  _  _  _  _  _  _  _  _  _  _  _  _  _  _  _  _  _
->pass
  state:8.0, ok
  A projectile moves: [E,22] -> [E,26]
  A projectile moves: [E,14] -> [E,18]
  A projectile moves: [E,2] -> [E,6]
  The Starfighter stays at: [E,1]
      1  2  3  4  5  6  7  8  9 10 11 12 13 14 15 16 17 18 19 20 21 22 23 24 25 26 27
    A _  _  _  _  _  _  _  _  _  _  _  _  _  _  _  _  _  _  _  _  _  _  _  _  _  _  _
    B _  _  _  _  _  _  _  _  _  _  _  _  _  _  _  _  _  _  _  _  _  _  _  _  _  _  _
    C _  _  _  _  _  _  _  _  _  _  _  _  _  _  _  _  _  _  _  _  _  _  _  _  _  _  _
    D _  _  _  _  _  _  _  _  _  _  _  _  _  _  _  _  _  _  _  _  _  _  _  _  _  _  _
    E S  _  _  _  _  *  _  _  _  _  _  _  _  _  _  _  _  *  _  _  _  _  _  _  _  *  _
    F _  _  _  _  _  _  _  _  _  _  _  _  _  _  _  _  _  _  _  _  _  _  _  _  _  _  _
    G _  _  _  _  _  _  _  _  _  _  _  _  _  _  _  _  _  _  _  _  _  _  _  _  _  _  _
    H _  _  _  _  _  _  _  _  _  _  _  _  _  _  _  _  _  _  _  _  _  _  _  _  _  _  _
    I _  _  _  _  _  _  _  _  _  _  _  _  _  _  _  _  _  _  _  _  _  _  _  _  _  _  _
->fire
  state:9.0, ok
  A projectile moves: [E,26] -> out of the board
  A projectile moves: [E,18] -> [E,22]
  A projectile moves: [E,6] -> [E,10]
  The Starfighter fires a projectile at: [E,1]
      1  2  3  4  5  6  7  8  9 10 11 12 13 14 15 16 17 18 19 20 21 22 23 24 25 26 27
    A _  _  _  _  _  _  _  _  _  _  _  _  _  _  _  _  _  _  _  _  _  _  _  _  _  _  _
    B _  _  _  _  _  _  _  _  _  _  _  _  _  _  _  _  _  _  _  _  _  _  _  _  _  _  _
    C _  _  _  _  _  _  _  _  _  _  _  _  _  _  _  _  _  _  _  _  _  _  _  _  _  _  _
    D _  _  _  _  _  _  _  _  _  _  _  _  _  _  _  _  _  _  _  _  _  _  _  _  _  _  _
    E S  *  _  _  _  _  _  _  _  *  _  _  _  _  _  _  _  _  _  _  _  *  _  _  _  _  _
    F _  _  _  _  _  _  _  _  _  _  _  _  _  _  _  _  _  _  _  _  _  _  _  _  _  _  _
    G _  _  _  _  _  _  _  _  _  _  _  _  _  _  _  _  _  _  _  _  _  _  _  _  _  _  _
    H _  _  _  _  _  _  _  _  _  _  _  _  _  _  _  _  _  _  _  _  _  _  _  _  _  _  _
    I _  _  _  _  _  _  _  _  _  _  _  _  _  _  _  _  _  _  _  _  _  _  _  _  _  _  _
->move(I,3)
  state:9.1, error
  The location to move to is out of the Starfighter's movement range.
->fire
  state:10.0, ok
  A projectile moves: [E,22] -> [E,26]
  A projectile moves: [E,10] -> [E,14]
  A projectile moves: [E,2] -> [E,6]
  The Starfighter fires a projectile at: [E,1]
      1  2  3  4  5  6  7  8  9 10 11 12 13 14 15 16 17 18 19 20 21 22 23 24 25 26 27
    A _  _  _  _  _  _  _  _  _  _  _  _  _  _  _  _  _  _  _  _  _  _  _  _  _  _  _
    B _  _  _  _  _  _  _  _  _  _  _  _  _  _  _  _  _  _  _  _  _  _  _  _  _  _  _
    C _  _  _  _  _  _  _  _  _  _  _  _  _  _  _  _  _  _  _  _  _  _  _  _  _  _  _
    D _  _  _  _  _  _  _  _  _  _  _  _  _  _  _  _  _  _  _  _  _  _  _  _  _  _  _
    E S  *  _  _  _  *  _  _  _  _  _  _  _  *  _  _  _  _  _  _  _  _  _  _  _  *  _
    F _  _  _  _  _  _  _  _  _  _  _  _  _  _  _  _  _  _  _  _  _  _  _  _  _  _  _
    G _  _  _  _  _  _  _  _  _  _  _  _  _  _  _  _  _  _  _  _  _  _  _  _  _  _  _
    H _  _  _  _  _  _  _  _  _  _  _  _  _  _  _  _  _  _  _  _  _  _  _  _  _  _  _
    I _  _  _  _  _  _  _  _  _  _  _  _  _  _  _  _  _  _  _  _  _  _  _  _  _  _  _
->pass
  state:11.0, ok
  A projectile moves: [E,26] -> out of the board
  A projectile moves: [E,14] -> [E,18]
  A projectile moves: [E,6] -> [E,10]
  A projectile moves: [E,2] -> [E,6]
  The Starfighter stays at: [E,1]
      1  2  3  4  5  6  7  8  9 10 11 12 13 14 15 16 17 18 19 20 21 22 23 24 25 26 27
    A _  _  _  _  _  _  _  _  _  _  _  _  _  _  _  _  _  _  _  _  _  _  _  _  _  _  _
    B _  _  _  _  _  _  _  _  _  _  _  _  _  _  _  _  _  _  _  _  _  _  _  _  _  _  _
    C _  _  _  _  _  _  _  _  _  _  _  _  _  _  _  _  _  _  _  _  _  _  _  _  _  _  _
    D _  _  _  _  _  _  _  _  _  _  _  _  _  _  _  _  _  _  _  _  _  _  _  _  _  _  _
    E S  _  _  _  _  *  _  _  _  *  _  _  _  _  _  _  _  *  _  _  _  _  _  _  _  _  _
    F _  _  _  _  _  _  _  _  _  _  _  _  _  _  _  _  _  _  _  _  _  _  _  _  _  _  _
    G _  _  _  _  _  _  _  _  _  _  _  _  _  _  _  _  _  _  _  _  _  _  _  _  _  _  _
    H _  _  _  _  _  _  _  _  _  _  _  _  _  _  _  _  _  _  _  _  _  _  _  _  _  _  _
    I _  _  _  _  _  _  _  _  _  _  _  _  _  _  _  _  _  _  _  _  _  _  _  _  _  _  _
->undo
  state:10.0, ok
  A projectile moves: [E,22] -> [E,26]
  A projectile moves: [E,10] -> [E,14]
  A projectile moves: [E,2] -> [E,6]
  The Starfighter fires a projectile at: [E,1]
      1  2  3  4  5  6  7  8  9 10 11 12 13 14 15 16 17 18 19 20 21 22 23 24 25 26 27
    A _  _  _  _  _  _  _  _  _  _  _  _  _  _  _  _  _  _  _  _  _  _  _  _  _  _  _
    B _  _  _  _  _  _  _  _  _  _  _  _  _  _  _  _  _  _  _  _  _  _  _  _  _  _  _
    C _  _  _  _  _  _  _  _  _  _  _  _  _  _  _  _  _  _  _  _  _  _  _  _  _  _  _
    D _  _  _  _  _  _  _  _  _  _  _  _  _  _  _  _  _  _  _  _  _  _  _  _  _  _  _
    E S  *  _  _  _  *  _  _  _  _  _  _  _  *  _  _  _  _  _  _  _  _  _  _  _  *  _
    F _  _  _  _  _  _  _  _  _  _  _  _  _  _  _  _  _  _  _  _  _  _  _  _  _  _  _
    G _  _  _  _  _  _  _  _  _  _  _  _  _  _  _  _  _  _  _  _  _  _  _  _  _  _  _
    H _  _  _  _  _  _  _  _  _  _  _  _  _  _  _  _  _  _  _  _  _  _  _  _  _  _  _
    I _  _  _  _  _  _  _  _  _  _  _  _  _  _  _  _  _  _  _  _  _  _  _  _  _  _  _
->move(A,8)
  state:10.1, error
  The location to move to is out of the Starfighter's movement range.
->move(D,20)
  state:10.2, error
  The location to move to is out of the Starfighter's movement range.
->pass
  state:11.0, ok
  A projectile moves: [E,26] -> out of the board
  A projectile moves: [E,14] -> [E,18]
  A projectile moves: [E,6] -> [E,10]
  A projectile moves: [E,2] -> [E,6]
  The Starfighter stays at: [E,1]
      1  2  3  4  5  6  7  8  9 10 11 12 13 14 15 16 17 18 19 20 21 22 23 24 25 26 27
    A _  _  _  _  _  _  _  _  _  _  _  _  _  _  _  _  _  _  _  _  _  _  _  _  _  _  _
    B _  _  _  _  _  _  _  _  _  _  _  _  _  _  _  _  _  _  _  _  _  _  _  _  _  _  _
    C _  _  _  _  _  _  _  _  _  _  _  _  _  _  _  _  _  _  _  _  _  _  _  _  _  _  _
    D _  _  _  _  _  _  _  _  _  _  _  _  _  _  _  _  _  _  _  _  _  _  _  _  _  _  _
    E S  _  _  _  _  *  _  _  _  *  _  _  _  _  _  _  _  *  _  _  _  _  _  _  _  _  _
    F _  _  _  _  _  _  _  _  _  _  _  _  _  _  _  _  _  _  _  _  _  _  _  _  _  _  _
    G _  _  _  _  _  _  _  _  _  _  _  _  _  _  _  _  _  _  _  _  _  _  _  _  _  _  _
    H _  _  _  _  _  _  _  _  _  _  _  _  _  _  _  _  _  _  _  _  _  _  _  _  _  _  _
    I _  _  _  _  _  _  _  _  _  _  _  _  _  _  _  _  _  _  _  _  _  _  _  _  _  _  _
->move(G,11)
  state:11.1, error
  The location to move to is out of the Starfighter's movement range.
->undo
  state:10.0, ok
  A projectile moves: [E,22] -> [E,26]
  A projectile moves: [E,10] -> [E,14]
  A projectile moves: [E,2] -> [E,6]
  The Starfighter fires a projectile at: [E,1]
      1  2  3  4  5  6  7  8  9 10 11 12 13 14 15 16 17 18 19 20 21 22 23 24 25 26 27
    A _  _  _  _  _  _  _  _  _  _  _  _  _  _  _  _  _  _  _  _  _  _  _  _  _  _  _
    B _  _  _  _  _  _  _  _  _  _  _  _  _  _  _  _  _  _  _  _  _  _  _  _  _  _  _
    C _  _  _  _  _  _  _  _  _  _  _  _  _  _  _  _  _  _  _  _  _  _  _  _  _  _  _
    D _  _  _  _  _  _  _  _  _  _  _  _  _  _  _  _  _  _  _  _  _  _  _  _  _  _  _
    E S  *  _  _  _  *  _  _  _  _  _  _  _  *  _  _  _  _  _  _  _  _  _  _  _  *  _
    F _  _  _  _  _  _  _  _  _  _  _  _  _  _  _  _  _  _  _  _  _  _  _  _  _  _  _
    G _  _  _  _  _  _  _  _  _  _  _  _  _  _  _  _  _  _  _  _  _  _  _  _  _  _  _
    H _  _  _  _  _  _  _  _  _  _  _  _  _  _  _  _  _  _  _  _  _  _  _  _  _  _  _
    I _  _  _  _  _  _  _  _  _  _  _  _  _  _  _  _  _  _  _  _  _  _  _  _  _  _  _
->move(C,11)
  state:10.1, error
  The location to move to is out of the Starfighter's movement range.
->pass
  state:11.0, ok
  A projectile moves: [E,26] -> out of the board
  A projectile moves: [E,14] -> [E,18]
  A projectile moves: [E,6] -> [E,10]
  A projectile moves: [E,2] -> [E,6]
  The Starfighter stays at: [E,1]
      1  2  3  4  5  6  7  8  9 10 11 12 13 14 15 16 17 18 19 20 21 22 23 24 25 26 27
    A _  _  _  _  _  _  _  _  _  _  _  _  _  _  _  _  _  _  _  _  _  _  _  _  _  _  _
    B _  _  _  _  _  _  _  _  _  _  _  _  _  _  _  _  _  _  _  _  _  _  _  _  _  _  _
    C _  _  _  _  _  _  _  _  _  _  _  _  _  _  _  _  _  _  _  _  _  _  _  _  _  _  _
    D _  _  _  _  _  _  _  _  _  _  _  _  _  _  _  _  _  _  _  _  _  _  _  _  _  _  _
    E S  _  _  _  _  *  _  _  _  *  _  _  _  _  _  _  _  *  _  _  _  _  _  _  _  _  _
    F _  _  _  _  _  _  _  _  _  _  _  _  _  _  _  _  _  _  _  _  _  _  _  _  _  _  _
    G _  _  _  _  _  _  _  _  _  _  _  _  _  _  _  _  _  _  _  _  _  _  _  _  _  _  _
    H _  _  _  _  _  _  _  _  _  _  _  _  _  _  _  _  _  _  _  _  _  _  _  _  _  _  _
    I _  _  _  _  _  _  _  _  _  _  _  _  _  _  _  _  _  _  _  _  _  _  _  _  _  _  _
->undo
  state:10.0, ok
  A projectile moves: [E,22] -> [E,26]
  A projectile moves: [E,10] -> [E,14]
  A projectile moves: [E,2] -> [E,6]
  The Starfighter fires a projectile at: [E,1]
      1  2  3  4  5  6  7  8  9 10 11 12 13 14 15 16 17 18 19 20 21 22 23 24 25 26 27
    A _  _  _  _  _  _  _  _  _  _  _  _  _  _  _  _  _  _  _  _  _  _  _  _  _  _  _
    B _  _  _  _  _  _  _  _  _  _  _  _  _  _  _  _  _  _  _  _  _  _  _  _  _  _  _
    C _  _  _  _  _  _  _  _  _  _  _  _  _  _  _  _  _  _  _  _  _  _  _  _  _  _  _
    D _  _  _  _  _  _  _  _  _  _  _  _  _  _  _  _  _  _  _  _  _  _  _  _  _  _  _
    E S  *  _  _  _  *  _  _  _  _  _  _  _  *  _  _  _  _  _  _  _  _  _  _  _  *  _
    F _  _  _  _  _  _  _  _  _  _  _  _  _  _  _  _  _  _  _  _  _  _  _  _  _  _  _
    G _  _  _  _  _  _  _  _  _  _  _  _  _  _  _  _  _  _  _  _  _  _  _  _  _  _  _
    H _  _  _  _  _  _  _  _  _  _  _  _  _  _  _  _  _  _  _  _  _  _  _  _  _  _  _
    I _  _  _  _  _  _  _  _  _  _  _  _  _  _  _  _  _  _  _  _  _  _  _  _  _  _  _
->abort
  state:11.0, ok
  Game has been exited.
->play(9,6,5,2)
  state:12.0, ok
      1  2  3  4  5  6
    A _  _  _  _  _  _
    B _  _  _  _  _  _
    C _  _  _  _  _  _
    D _  _  _  _  _  _
    E S  _  _  _  _  _
    F _  _  _  _  _  _
    G _  _  _  _  _  _
    H _  _  _  _  _  _
    I _  _  _  _  _  _
->pass
  state:13.0, ok
  The Starfighter stays at: [E,1]
      1  2  3  4  5  6
    A _  _  _  _  _  _
    B _  _  _  _  _  _
    C _  _  _  _  _  _
    D _  _  _  _  _  _
    E S  _  _  _  _  _
    F _  _  _  _  _  _
    G _  _  _  _  _  _
    H _  _  _  _  _  _
    I _  _  _  _  _  _
->undo
  state:12.0, ok
      1  2  3  4  5  6
    A _  _  _  _  _  _
    B _  _  _  _  _  _
    C _  _  _  _  _  _
    D _  _  _  _  _  _
    E S  _  _  _  _  _
    F _  _  _  _  _  _
    G _  _  _  _  _  _
    H _  _  _  _  _  _
    I _  _  _  _  _  _
->undo
  state:12.1, error
  Nothing left to undo.
->pass
  state:13.0, ok
  The Starfighter stays at: [E,1]
      1  2  3  4  5  6
    A _  _  _  _  _  _
    B _  _  _  _  _  _
    C _  _  _  _  _  _
    D _  _  _  _  _  _
    E S  _  _  _  _  _
    F _  _  _  _  _  _
    G _  _  _  _  _  _
    H _  _  _  _  _  _
    I _  _  _  _  _  _
->move(H,6)
  state:13.1, error
  The location to move to is out of the Starfighter's movement range.
->undo
  state:12.0, ok
      1  2  3  4  5  6
    A _  _  _  _  _  _
    B _  _  _  _  _  _
    C _  _  _  _  _  _
    D _  _  _  _  _  _
    E S  _  _  _  _  _
    F _  _  _  _  _  _
    G _  _  _  _  _  _
    H _  _  _  _  _  _
    I _  _  _  _  _  _
->move(G,3)
  state:13.0, ok
  The Starfighter moves: [E,1] -> [G,3]
      1  2  3  4  5  6
    A _  _  _  _  _  _
    B _  _  _  _  _  _
    C _  _  _  _  _  _
    D _  _  _  _  _  _
    E _  _  _  _  _  _
    F _  _  _  _  _  _
    G _  _  S  _  _  _
    H _  _  _  _  _  _
    I _  _  _  _  _  _
->pass
  state:14.0, ok
  The Starfighter stays at: [G,3]
      1  2  3  4  5  6
    A _  _  _  _  _  _
    B _  _  _  _  _  _
    C _  _  _  _  _  _
    D _  _  _  _  _  _
    E _  _  _  _  _  _
    F _  _  _  _  _  _
    G _  _  S  _  _  _
    H _  _  _  _  _  _
    I _  _  _  _  _  _
->fire
  state:15.0, ok
  The Starfighter fires a projectile at: [G,3]
      1  2  3  4  5  6
    A _  _  _  _  _  _
    B _  _  _  _  _  _
    C _  _  _  _  _  _
    D _  _  _  _  _  _
    E _  _  _  _  _  _
    F _  _  _  _  _  _
    G _  _  S  *  _  _
    H _  _  _  _  _  _
    I _  _  _  _  _  _
->undo
  state:14.0, ok
  The Starfighter stays at: [G,3]
      1  2  3  4  5  6
    A _  _  _  _  _  _
    B _  _  _  _  _  _
    C _  _  _  _  _  _
    D _  _  _  _  _  _
    E _  _  _  _  _  _
    F _  _  _  _  _  _
    G _  _  S  _  _  _
    H _  _  _  _  _  _
    I _  _  _  _  _  _
->undo
  state:13.0, ok
  The Starfighter moves: [E,1] -> [G,3]
      1  2  3  4  5  6
    A _  _  _  _  _  _
    B _  _  _  _  _  _
    C _  _  _  _  _  _
    D _  _  _  _  _  _
    E _  _  _  _  _  _
    F _  _  _  _  _  _
    G _  _  S  _  _  _
    H _  _  _  _  _  _
    I _  _  _  _  _  _
->pass
  state:14.0, ok
  The Starfighter stays at: [G,3]
      1  2  3  4  5  6
    A _  _  _  _  _  _
    B _  _  _  _  _  _
    C _  _  _  _  _  _
    D _  _  _  _  _  _
    E _  _  _  _  _  _
    F _  _  _  _  _  _
    G _  _  S  _  _  _
    H _  _  _  _  _  _
    I _  _  _  _  _  _
->pass
  state:15.0, ok
  The Starfighter stays at: [G,3]
      1  2  3  4  5  6
    A _  _  _  _  _  _
    B _  _  _  _  _  _
    C _  _  _  _  _  _
    D _  _  _  _  _  _
    E _  _  _  _  _  _
    F _  _  _  _  _  _
    G _  _  S  _  _  _
    H _  _  _  _  _  _
    I _  _  _  _  _  _
->move(A,1)
  state:15.1, error
  The location to move to is out of the Starfighter's movement range.
->move(G,4)
  state:16.0, ok
  The Starfighter moves: [G,3] -> [G,4]
      1  2  3  4  5  6
    A _  _  _  _  _  _
    B _  _  _  _  _  _
    C _  _  _  _  _  _
    D _  _  _  _  _  _
    E _  _  _  _  _  _
    F _  _  _  _  _  _
    G _  _  _  S  _  _
    H _  _  _  _  _  _
    I _  _  _  _  _  _
->fire
  state:17.0, ok
  The Starfighter fires a projectile at: [G,4]
      1  2  3  4  5  6
    A _  _  _  _  _  _
    B _  _  _  _  _  _
    C _  _  _  _  _  _
    D _  _  _  _  _  _
    E _  _  _  _  _  _
    F _  _  _  _  _  _
    G _  _  _  S  *  _
    H _  _  _  _  _  _
    I _  _  _  _  _  _
->pass
  state:18.0, ok
  A projectile moves: [G,5] -> out of the board
  The Starfighter stays at: [G,4]
      1  2  3  4  5  6
    A _  _  _  _  _  _
    B _  _  _  _  _  _
    C _  _  _  _  _  _
    D _  _  _  _  _  _
    E _  _  _  _  _  _
    F _  _  _  _  _  _
    G _  _  _  S  _  _
    H _  _  _  _  _  _
    I _  _  _  _  _  _
->abort
  state:19.0, ok
  Game has been exited.
->play(9,26,39,5)
  state:19.1, error
  Starfighter movement should not exceed row - 1 + column - 1 size of the board.
->undo
  state:19.2, error
  Not in game.
->move(A,16)
  state:19.3, error
  Not in game.
->fire
  state:19.4, error
  Not in game.
->fire
  state:19.5, error
  Not in game.
->move(I,24)
  state:19.6, error
  Not in game.
->undo
  state:19.7, error
  Not in game.
->fire
  state:19.8, error
  Not in game.
->pass
  state:19.9, error
  Not in game.
->fire
  state:19.10, error
  Not in game.
->abort
  state:19.11, error
  Not in game.
->pass
  state:19.12, error
  Not in game.
->move(H,9)
  state:19.13, error
  Not in game.
->move(I,3)
  state:19.14, error
  Not in game.
->pass
  state:19.15, error
  Not in game.
->fire
  state:19.16, error
  Not in game.
->pass
  state:19.17, error
  Not in game.
->fire
  state:19.18, error
  Not in game.
->fire
  state:19.19, error
  Not in game.
->move(A,10)
  state:19.20, error
  Not in game.
->move(D,1)
  state:19.21, error
  Not in game.
->pass
  state:19.22, error
  Not in game.
->move(F,16)
  state:19.23, error
  Not in game.
->fire
  state:19.24, error
  Not in game.
->fire
  state:19.25, error
  Not in game.
->fire
  state:19.26, error
  Not in game.
->fire
  state:19.27, error
  Not in game.
->pass
  state:19.28, error
  Not in game.
->move(F,24)
  state:19.29, error
  Not in game.
->move(C,10)
  state:19.30, error
  Not in game.
->fire
  state:19.31, error
  Not in game.
->undo
  state:19.32, error
  Not in game.
->move(D,8)
  state:19.33, error
  Not in game.
->move(C,12)
  state:19.34, error
  Not in game.
->undo
  state:19.35, error
  Not in game.
->pass
  state:19.36, error
  Not in game.
->undo
  state:19.37, error
  Not in game.
->redo
  state:19.38, error
  Not in game.
->move(D,6)
  state:19.39, error
  Not in game.
->fire
  state:19.40, error
  Not in game.
->fire
  state:19.41, error
  Not in game.
->pass
  state:19.42, error
  Not in game.
->pass
  state:19.43, error
  Not in game.
->pass
  state:19.44, error
  Not in game.
->pass
  state:19.45, error
  Not in game.
->move(F,16)
  state:19.46, error
  Not in game.
->pass
  state:19.47, error
  Not in game.
->undo
  state:19.48, error
  Not in game.
->fire
  state:19.49, error
  Not in game.
->fire
  state:19.50, error
  Not in game.
->fire
  state:19.51, error
  Not in game.
->move(D,18)
  state:19.52, error
  Not in game.
->fire
  state:19.53, error
  Not in game.
->fire
  state:19.54, error
  Not in game.
->fire
  state:19.55, error
  Not in game.
->abort
  state:19.56, error
  Not in game.
->play(4,30,37,2)
  state:19.57, error
  Starfighter movement should not exceed row - 1 + column - 1 size of the board.
->fire
  state:19.58, error
  Not in game.
->pass
  state:19.59, error
  Not in game.
->pass
  state:19.60, error
  Not in game.
->fire
  state:19.61, error
  Not in game.
->undo
  state:19.62, error
  Not in game.
->abort
  state:19.63, error
  Not in game.
